// Validating benchmarks:
// ***** BenchmarkRunner: Start   *****
// ***** Found 10 benchmark(s) in total *****
// ***** Building 1 exe(s) in Parallel: Start   *****
// start dotnet  restore --nodeReuse:false /p:UseSharedCompilation=false /p:Deterministic=true /p:Optimize=true /p:ArtifactsPath="/home/test/json-energy-bench/JsonBench/bin/Release/net10.0/JsonBench-Energy-1/" /p:OutDir="/home/test/json-energy-bench/JsonBench/bin/Release/net10.0/JsonBench-Energy-1/bin/Release/net10.0/" /p:OutputPath="/home/test/json-energy-bench/JsonBench/bin/Release/net10.0/JsonBench-Energy-1/bin/Release/net10.0/" /p:PublishDir="/home/test/json-energy-bench/JsonBench/bin/Release/net10.0/JsonBench-Energy-1/publish/" in /home/test/json-energy-bench/JsonBench/bin/Release/net10.0/JsonBench-Energy-1
// command took 1.61 sec and exited with 0
// start dotnet  build -c Release --no-restore --nodeReuse:false /p:UseSharedCompilation=false /p:Deterministic=true /p:Optimize=true /p:ArtifactsPath="/home/test/json-energy-bench/JsonBench/bin/Release/net10.0/JsonBench-Energy-1/" /p:OutDir="/home/test/json-energy-bench/JsonBench/bin/Release/net10.0/JsonBench-Energy-1/bin/Release/net10.0/" /p:OutputPath="/home/test/json-energy-bench/JsonBench/bin/Release/net10.0/JsonBench-Energy-1/bin/Release/net10.0/" /p:PublishDir="/home/test/json-energy-bench/JsonBench/bin/Release/net10.0/JsonBench-Energy-1/publish/" --output "/home/test/json-energy-bench/JsonBench/bin/Release/net10.0/JsonBench-Energy-1/bin/Release/net10.0/" in /home/test/json-energy-bench/JsonBench/bin/Release/net10.0/JsonBench-Energy-1
// command took 5.29 sec and exited with 0
// ***** Done, took 00:00:06 (6.98 sec)   *****
// Found 10 benchmarks:
//   SmokeBenchByte.STJRefGen_Deser: Energy(OutlierMode=DontRemove, Affinity=00000100, IterationTime=1s)
//   SmokeBenchByte.STJSrcGen_Deser: Energy(OutlierMode=DontRemove, Affinity=00000100, IterationTime=1s)
//   SmokeBenchByte.Newtonsoft_Deser: Energy(OutlierMode=DontRemove, Affinity=00000100, IterationTime=1s)
//   SmokeBenchByte.SpanJson_Deser: Energy(OutlierMode=DontRemove, Affinity=00000100, IterationTime=1s)
//   SmokeBenchByte.Utf8Json_Deser: Energy(OutlierMode=DontRemove, Affinity=00000100, IterationTime=1s)
//   SmokeBenchByte.STJRefGen_Ser: Energy(OutlierMode=DontRemove, Affinity=00000100, IterationTime=1s)
//   SmokeBenchByte.STJSrcGen_Ser: Energy(OutlierMode=DontRemove, Affinity=00000100, IterationTime=1s)
//   SmokeBenchByte.Newtonsoft_Ser: Energy(OutlierMode=DontRemove, Affinity=00000100, IterationTime=1s)
//   SmokeBenchByte.SpanJson_Ser: Energy(OutlierMode=DontRemove, Affinity=00000100, IterationTime=1s)
//   SmokeBenchByte.Utf8Json_Ser: Energy(OutlierMode=DontRemove, Affinity=00000100, IterationTime=1s)

// **************************
// Benchmark: SmokeBenchByte.STJRefGen_Deser: Energy(OutlierMode=DontRemove, Affinity=00000100, IterationTime=1s)
// *** Execute ***
// Launch: 1 / 1
// Execute: dotnet JsonBench-Energy-1.dll --anonymousPipes 160 161 --benchmarkName JsonBench.Benchmarks.SmokeBenchByte.STJRefGen_Deser --job Energy --benchmarkId 0 in /home/test/json-energy-bench/JsonBench/bin/Release/net10.0/JsonBench-Energy-1/bin/Release/net10.0
// BeforeAnythingElse

// Benchmark Process Environment Information:
// BenchmarkDotNet v0.15.5-develop (2026-05-26)
// Runtime=.NET 10.0.8 (10.0.8, 10.0.826.23019), X64 RyuJIT x86-64-v3
// GC=Concurrent Workstation
// HardwareIntrinsics=AVX2+BMI1+BMI2+F16C+FMA+LZCNT+MOVBE,AVX,SSE3+SSSE3+SSE4.1+SSE4.2+POPCNT,X86Base+SSE+SSE2,AES+PCLMUL VectorSize=256
// Job: Energy(OutlierMode=DontRemove, Affinity=100, IterationTime=1s)

OverheadJitting  1: 1 op, 245359.00 ns, 245.3590 us/op
WorkloadJitting  1: 1 op, 327032.00 ns, 327.0320 us/op

OverheadJitting  2: 16 op, 638538.00 ns, 39.9086 us/op
WorkloadJitting  2: 16 op, 1088342.00 ns, 68.0214 us/op

WorkloadPilot    1: 16 op, 375384.00 ns, 23.4615 us/op
WorkloadPilot    2: 42624 op, 961693705.00 ns, 22.5623 us/op
WorkloadPilot    3: 44336 op, 1079104873.00 ns, 24.3392 us/op
WorkloadPilot    4: 41088 op, 1255958854.00 ns, 30.5675 us/op
WorkloadPilot    5: 32720 op, 916801976.00 ns, 28.0196 us/op
WorkloadPilot    6: 35696 op, 379322776.00 ns, 10.6265 us/op
WorkloadPilot    7: 94112 op, 959232272.00 ns, 10.1925 us/op
WorkloadPilot    8: 98112 op, 995035652.00 ns, 10.1418 us/op
WorkloadPilot    9: 98608 op, 995955628.00 ns, 10.1002 us/op
WorkloadPilot   10: 99008 op, 998992465.00 ns, 10.0900 us/op
WorkloadPilot   11: 99120 op, 1003699376.00 ns, 10.1261 us/op

OverheadWarmup   1: 99120 op, 447097.00 ns, 4.5107 ns/op
OverheadWarmup   2: 99120 op, 444387.00 ns, 4.4833 ns/op
OverheadWarmup   3: 99120 op, 441896.00 ns, 4.4582 ns/op
OverheadWarmup   4: 99120 op, 442310.00 ns, 4.4624 ns/op
OverheadWarmup   5: 99120 op, 442514.00 ns, 4.4644 ns/op
OverheadWarmup   6: 99120 op, 445400.00 ns, 4.4935 ns/op
OverheadWarmup   7: 99120 op, 442330.00 ns, 4.4626 ns/op
OverheadWarmup   8: 99120 op, 442469.00 ns, 4.4640 ns/op
OverheadWarmup   9: 99120 op, 445871.00 ns, 4.4983 ns/op
OverheadWarmup  10: 99120 op, 441891.00 ns, 4.4581 ns/op

OverheadActual   1: 99120 op, 443069.00 ns, 4.4700 ns/op
OverheadActual   2: 99120 op, 450089.00 ns, 4.5408 ns/op
OverheadActual   3: 99120 op, 443888.00 ns, 4.4783 ns/op
OverheadActual   4: 99120 op, 441868.00 ns, 4.4579 ns/op
OverheadActual   5: 99120 op, 443164.00 ns, 4.4710 ns/op
OverheadActual   6: 99120 op, 446234.00 ns, 4.5020 ns/op
OverheadActual   7: 99120 op, 442553.00 ns, 4.4648 ns/op
OverheadActual   8: 99120 op, 448174.00 ns, 4.5215 ns/op
OverheadActual   9: 99120 op, 446597.00 ns, 4.5056 ns/op
OverheadActual  10: 99120 op, 442763.00 ns, 4.4669 ns/op
OverheadActual  11: 99120 op, 445913.00 ns, 4.4987 ns/op
OverheadActual  12: 99120 op, 442735.00 ns, 4.4667 ns/op
OverheadActual  13: 99120 op, 445847.00 ns, 4.4981 ns/op
OverheadActual  14: 99120 op, 445374.00 ns, 4.4933 ns/op
OverheadActual  15: 99120 op, 440771.00 ns, 4.4468 ns/op

WorkloadWarmup   1: 99120 op, 1001373988.00 ns, 10.1026 us/op
WorkloadWarmup   2: 99120 op, 1074093354.00 ns, 10.8363 us/op
WorkloadWarmup   3: 99120 op, 1027005578.00 ns, 10.3612 us/op
WorkloadWarmup   4: 99120 op, 997036160.00 ns, 10.0589 us/op
WorkloadWarmup   5: 99120 op, 996809350.00 ns, 10.0566 us/op
WorkloadWarmup   6: 99120 op, 996972975.00 ns, 10.0582 us/op
WorkloadWarmup   7: 99120 op, 1015896020.00 ns, 10.2492 us/op
WorkloadWarmup   8: 99120 op, 997025472.00 ns, 10.0588 us/op

// BeforeActualRun
WorkloadActual   1: 99120 op, 998465953.00 ns, 10.0733 us/op
WorkloadActual   2: 99120 op, 1006508512.00 ns, 10.1544 us/op
WorkloadActual   3: 99120 op, 999670434.00 ns, 10.0855 us/op
WorkloadActual   4: 99120 op, 1017396672.00 ns, 10.2643 us/op
WorkloadActual   5: 99120 op, 1005211971.00 ns, 10.1414 us/op
WorkloadActual   6: 99120 op, 1000727618.00 ns, 10.0961 us/op
WorkloadActual   7: 99120 op, 999653457.00 ns, 10.0853 us/op
WorkloadActual   8: 99120 op, 1003762915.00 ns, 10.1267 us/op
WorkloadActual   9: 99120 op, 1040199868.00 ns, 10.4943 us/op
WorkloadActual  10: 99120 op, 1017965995.00 ns, 10.2700 us/op
WorkloadActual  11: 99120 op, 999724748.00 ns, 10.0860 us/op
WorkloadActual  12: 99120 op, 999658471.00 ns, 10.0853 us/op
WorkloadActual  13: 99120 op, 1000007139.00 ns, 10.0889 us/op
WorkloadActual  14: 99120 op, 1004098592.00 ns, 10.1301 us/op
WorkloadActual  15: 99120 op, 1017512832.00 ns, 10.2655 us/op

// AfterActualRun
WorkloadResult   1: 99120 op, 998022065.00 ns, 10.0688 us/op
WorkloadResult   2: 99120 op, 1006064624.00 ns, 10.1500 us/op
WorkloadResult   3: 99120 op, 999226546.00 ns, 10.0810 us/op
WorkloadResult   4: 99120 op, 1016952784.00 ns, 10.2598 us/op
WorkloadResult   5: 99120 op, 1004768083.00 ns, 10.1369 us/op
WorkloadResult   6: 99120 op, 1000283730.00 ns, 10.0916 us/op
WorkloadResult   7: 99120 op, 999209569.00 ns, 10.0808 us/op
WorkloadResult   8: 99120 op, 1003319027.00 ns, 10.1223 us/op
WorkloadResult   9: 99120 op, 1039755980.00 ns, 10.4899 us/op
WorkloadResult  10: 99120 op, 1017522107.00 ns, 10.2656 us/op
WorkloadResult  11: 99120 op, 999280860.00 ns, 10.0815 us/op
WorkloadResult  12: 99120 op, 999214583.00 ns, 10.0809 us/op
WorkloadResult  13: 99120 op, 999563251.00 ns, 10.0844 us/op
WorkloadResult  14: 99120 op, 1003654704.00 ns, 10.1257 us/op
WorkloadResult  15: 99120 op, 1017068944.00 ns, 10.2610 us/op

// AfterAll
// Benchmark Process 1021666 has exited with code 0.

Mean = 10.159 μs, StdErr = 0.030 μs (0.29%), N = 15, StdDev = 0.116 μs
Min = 10.069 μs, Q1 = 10.081 μs, Median = 10.122 μs, Q3 = 10.205 μs, Max = 10.490 μs
IQR = 0.124 μs, LowerFence = 9.896 μs, UpperFence = 10.390 μs
ConfidenceInterval = [10.035 μs; 10.282 μs] (CI 99.9%), Margin = 0.124 μs (1.22% of Mean)
Skewness = 1.57, Kurtosis = 4.73, MValue = 2

// ** Remained 9 (90.0 %) benchmark(s) to run. Estimated finish 2026-05-26 18:54 (0h 6m from now) **
// **************************
// Benchmark: SmokeBenchByte.STJSrcGen_Deser: Energy(OutlierMode=DontRemove, Affinity=00000100, IterationTime=1s)
// *** Execute ***
// Launch: 1 / 1
// Execute: dotnet JsonBench-Energy-1.dll --anonymousPipes 125 126 --benchmarkName JsonBench.Benchmarks.SmokeBenchByte.STJSrcGen_Deser --job Energy --benchmarkId 1 in /home/test/json-energy-bench/JsonBench/bin/Release/net10.0/JsonBench-Energy-1/bin/Release/net10.0
// BeforeAnythingElse

// Benchmark Process Environment Information:
// BenchmarkDotNet v0.15.5-develop (2026-05-26)
// Runtime=.NET 10.0.8 (10.0.8, 10.0.826.23019), X64 RyuJIT x86-64-v3
// GC=Concurrent Workstation
// HardwareIntrinsics=AVX2+BMI1+BMI2+F16C+FMA+LZCNT+MOVBE,AVX,SSE3+SSSE3+SSE4.1+SSE4.2+POPCNT,X86Base+SSE+SSE2,AES+PCLMUL VectorSize=256
// Job: Energy(OutlierMode=DontRemove, Affinity=100, IterationTime=1s)

OverheadJitting  1: 1 op, 239860.00 ns, 239.8600 us/op
WorkloadJitting  1: 1 op, 11043926.00 ns, 11.0439 ms/op

OverheadJitting  2: 16 op, 647187.00 ns, 40.4492 us/op
WorkloadJitting  2: 16 op, 1108256.00 ns, 69.2660 us/op

WorkloadPilot    1: 16 op, 456206.00 ns, 28.5129 us/op
WorkloadPilot    2: 35072 op, 803869732.00 ns, 22.9206 us/op
WorkloadPilot    3: 43632 op, 1003283666.00 ns, 22.9942 us/op
WorkloadPilot    4: 43504 op, 1441104141.00 ns, 33.1258 us/op
WorkloadPilot    5: 30192 op, 927712894.00 ns, 30.7271 us/op
WorkloadPilot    6: 32560 op, 333962745.00 ns, 10.2568 us/op
WorkloadPilot    7: 97504 op, 953865731.00 ns, 9.7828 us/op
WorkloadPilot    8: 102224 op, 998488997.00 ns, 9.7677 us/op
WorkloadPilot    9: 102384 op, 995516468.00 ns, 9.7234 us/op
WorkloadPilot   10: 102848 op, 1000358685.00 ns, 9.7266 us/op

OverheadWarmup   1: 102848 op, 456714.00 ns, 4.4407 ns/op
OverheadWarmup   2: 102848 op, 454899.00 ns, 4.4230 ns/op
OverheadWarmup   3: 102848 op, 454687.00 ns, 4.4210 ns/op
OverheadWarmup   4: 102848 op, 451408.00 ns, 4.3891 ns/op
OverheadWarmup   5: 102848 op, 455446.00 ns, 4.4283 ns/op
OverheadWarmup   6: 102848 op, 451571.00 ns, 4.3907 ns/op
OverheadWarmup   7: 102848 op, 456830.00 ns, 4.4418 ns/op
OverheadWarmup   8: 102848 op, 451515.00 ns, 4.3901 ns/op

OverheadActual   1: 102848 op, 451646.00 ns, 4.3914 ns/op
OverheadActual   2: 102848 op, 459499.00 ns, 4.4677 ns/op
OverheadActual   3: 102848 op, 454762.00 ns, 4.4217 ns/op
OverheadActual   4: 102848 op, 451383.00 ns, 4.3888 ns/op
OverheadActual   5: 102848 op, 455503.00 ns, 4.4289 ns/op
OverheadActual   6: 102848 op, 451360.00 ns, 4.3886 ns/op
OverheadActual   7: 102848 op, 454617.00 ns, 4.4203 ns/op
OverheadActual   8: 102848 op, 451549.00 ns, 4.3904 ns/op
OverheadActual   9: 102848 op, 454475.00 ns, 4.4189 ns/op
OverheadActual  10: 102848 op, 451490.00 ns, 4.3899 ns/op
OverheadActual  11: 102848 op, 457992.00 ns, 4.4531 ns/op
OverheadActual  12: 102848 op, 451479.00 ns, 4.3898 ns/op
OverheadActual  13: 102848 op, 455071.00 ns, 4.4247 ns/op
OverheadActual  14: 102848 op, 451531.00 ns, 4.3903 ns/op
OverheadActual  15: 102848 op, 455791.00 ns, 4.4317 ns/op

WorkloadWarmup   1: 102848 op, 1001955363.00 ns, 9.7421 us/op
WorkloadWarmup   2: 102848 op, 1029752134.00 ns, 10.0124 us/op
WorkloadWarmup   3: 102848 op, 1057835701.00 ns, 10.2854 us/op
WorkloadWarmup   4: 102848 op, 999067063.00 ns, 9.7140 us/op
WorkloadWarmup   5: 102848 op, 998510826.00 ns, 9.7086 us/op
WorkloadWarmup   6: 102848 op, 998182879.00 ns, 9.7054 us/op
WorkloadWarmup   7: 102848 op, 999418974.00 ns, 9.7174 us/op
WorkloadWarmup   8: 102848 op, 1016688464.00 ns, 9.8853 us/op
WorkloadWarmup   9: 102848 op, 997468953.00 ns, 9.6985 us/op

// BeforeActualRun
WorkloadActual   1: 102848 op, 999234411.00 ns, 9.7156 us/op
WorkloadActual   2: 102848 op, 1010018076.00 ns, 9.8205 us/op
WorkloadActual   3: 102848 op, 1000627616.00 ns, 9.7292 us/op
WorkloadActual   4: 102848 op, 1012308067.00 ns, 9.8428 us/op
WorkloadActual   5: 102848 op, 1012836983.00 ns, 9.8479 us/op
WorkloadActual   6: 102848 op, 1000856945.00 ns, 9.7314 us/op
WorkloadActual   7: 102848 op, 1000253316.00 ns, 9.7255 us/op
WorkloadActual   8: 102848 op, 1028427025.00 ns, 9.9995 us/op
WorkloadActual   9: 102848 op, 1007410917.00 ns, 9.7951 us/op
WorkloadActual  10: 102848 op, 1013601937.00 ns, 9.8553 us/op
WorkloadActual  11: 102848 op, 1000159676.00 ns, 9.7246 us/op
WorkloadActual  12: 102848 op, 997490837.00 ns, 9.6987 us/op
WorkloadActual  13: 102848 op, 1001032424.00 ns, 9.7331 us/op
WorkloadActual  14: 102848 op, 998816328.00 ns, 9.7116 us/op
WorkloadActual  15: 102848 op, 1024443517.00 ns, 9.9608 us/op

// AfterActualRun
WorkloadResult   1: 102848 op, 998779936.00 ns, 9.7112 us/op
WorkloadResult   2: 102848 op, 1009563601.00 ns, 9.8161 us/op
WorkloadResult   3: 102848 op, 1000173141.00 ns, 9.7248 us/op
WorkloadResult   4: 102848 op, 1011853592.00 ns, 9.8383 us/op
WorkloadResult   5: 102848 op, 1012382508.00 ns, 9.8435 us/op
WorkloadResult   6: 102848 op, 1000402470.00 ns, 9.7270 us/op
WorkloadResult   7: 102848 op, 999798841.00 ns, 9.7211 us/op
WorkloadResult   8: 102848 op, 1027972550.00 ns, 9.9951 us/op
WorkloadResult   9: 102848 op, 1006956442.00 ns, 9.7907 us/op
WorkloadResult  10: 102848 op, 1013147462.00 ns, 9.8509 us/op
WorkloadResult  11: 102848 op, 999705201.00 ns, 9.7202 us/op
WorkloadResult  12: 102848 op, 997036362.00 ns, 9.6943 us/op
WorkloadResult  13: 102848 op, 1000577949.00 ns, 9.7287 us/op
WorkloadResult  14: 102848 op, 998361853.00 ns, 9.7072 us/op
WorkloadResult  15: 102848 op, 1023989042.00 ns, 9.9563 us/op

// AfterAll
// Benchmark Process 1022026 has exited with code 0.

Mean = 9.788 μs, StdErr = 0.024 μs (0.25%), N = 15, StdDev = 0.094 μs
Min = 9.694 μs, Q1 = 9.721 μs, Median = 9.729 μs, Q3 = 9.841 μs, Max = 9.995 μs
IQR = 0.120 μs, LowerFence = 9.540 μs, UpperFence = 10.021 μs
ConfidenceInterval = [9.688 μs; 9.889 μs] (CI 99.9%), Margin = 0.100 μs (1.02% of Mean)
Skewness = 0.89, Kurtosis = 2.5, MValue = 2

// ** Remained 8 (80.0 %) benchmark(s) to run. Estimated finish 2026-05-26 18:54 (0h 6m from now) **
// **************************
// Benchmark: SmokeBenchByte.Newtonsoft_Deser: Energy(OutlierMode=DontRemove, Affinity=00000100, IterationTime=1s)
// *** Execute ***
// Launch: 1 / 1
// Execute: dotnet JsonBench-Energy-1.dll --anonymousPipes 125 126 --benchmarkName JsonBench.Benchmarks.SmokeBenchByte.Newtonsoft_Deser --job Energy --benchmarkId 2 in /home/test/json-energy-bench/JsonBench/bin/Release/net10.0/JsonBench-Energy-1/bin/Release/net10.0
// BeforeAnythingElse

// Benchmark Process Environment Information:
// BenchmarkDotNet v0.15.5-develop (2026-05-26)
// Runtime=.NET 10.0.8 (10.0.8, 10.0.826.23019), X64 RyuJIT x86-64-v3
// GC=Concurrent Workstation
// HardwareIntrinsics=AVX2+BMI1+BMI2+F16C+FMA+LZCNT+MOVBE,AVX,SSE3+SSSE3+SSE4.1+SSE4.2+POPCNT,X86Base+SSE+SSE2,AES+PCLMUL VectorSize=256
// Job: Energy(OutlierMode=DontRemove, Affinity=100, IterationTime=1s)

OverheadJitting  1: 1 op, 237317.00 ns, 237.3170 us/op
WorkloadJitting  1: 1 op, 62068523.00 ns, 62.0685 ms/op

OverheadJitting  2: 16 op, 650695.00 ns, 40.6684 us/op
WorkloadJitting  2: 16 op, 2436660.00 ns, 152.2913 us/op

WorkloadPilot    1: 16 op, 1694995.00 ns, 105.9372 us/op
WorkloadPilot    2: 9440 op, 848696783.00 ns, 89.9043 us/op
WorkloadPilot    3: 11136 op, 1066158189.00 ns, 95.7398 us/op
WorkloadPilot    4: 10448 op, 1419536657.00 ns, 135.8668 us/op
WorkloadPilot    5: 7360 op, 758494721.00 ns, 103.0563 us/op
WorkloadPilot    6: 9712 op, 259922908.00 ns, 26.7631 us/op
WorkloadPilot    7: 37376 op, 760731617.00 ns, 20.3535 us/op
WorkloadPilot    8: 49136 op, 988787567.00 ns, 20.1235 us/op
WorkloadPilot    9: 49696 op, 1000972522.00 ns, 20.1419 us/op

OverheadWarmup   1: 49696 op, 218394.00 ns, 4.3946 ns/op
OverheadWarmup   2: 49696 op, 218529.00 ns, 4.3973 ns/op
OverheadWarmup   3: 49696 op, 218709.00 ns, 4.4009 ns/op
OverheadWarmup   4: 49696 op, 222263.00 ns, 4.4725 ns/op
OverheadWarmup   5: 49696 op, 218036.00 ns, 4.3874 ns/op
OverheadWarmup   6: 49696 op, 218599.00 ns, 4.3987 ns/op
OverheadWarmup   7: 49696 op, 224709.00 ns, 4.5217 ns/op
OverheadWarmup   8: 49696 op, 218502.00 ns, 4.3968 ns/op

OverheadActual   1: 49696 op, 218062.00 ns, 4.3879 ns/op
OverheadActual   2: 49696 op, 218782.00 ns, 4.4024 ns/op
OverheadActual   3: 49696 op, 217819.00 ns, 4.3830 ns/op
OverheadActual   4: 49696 op, 226696.00 ns, 4.5617 ns/op
OverheadActual   5: 49696 op, 218099.00 ns, 4.3887 ns/op
OverheadActual   6: 49696 op, 218711.00 ns, 4.4010 ns/op
OverheadActual   7: 49696 op, 225237.00 ns, 4.5323 ns/op
OverheadActual   8: 49696 op, 218629.00 ns, 4.3993 ns/op
OverheadActual   9: 49696 op, 218063.00 ns, 4.3879 ns/op
OverheadActual  10: 49696 op, 224997.00 ns, 4.5275 ns/op
OverheadActual  11: 49696 op, 217758.00 ns, 4.3818 ns/op
OverheadActual  12: 49696 op, 218656.00 ns, 4.3999 ns/op
OverheadActual  13: 49696 op, 224335.00 ns, 4.5141 ns/op
OverheadActual  14: 49696 op, 218625.00 ns, 4.3992 ns/op
OverheadActual  15: 49696 op, 221641.00 ns, 4.4599 ns/op

WorkloadWarmup   1: 49696 op, 1000071063.00 ns, 20.1238 us/op
WorkloadWarmup   2: 49696 op, 1021610793.00 ns, 20.5572 us/op
WorkloadWarmup   3: 49696 op, 1040969489.00 ns, 20.9467 us/op
WorkloadWarmup   4: 49696 op, 1011964942.00 ns, 20.3631 us/op
WorkloadWarmup   5: 49696 op, 1005570149.00 ns, 20.2344 us/op
WorkloadWarmup   6: 49696 op, 996243651.00 ns, 20.0468 us/op
WorkloadWarmup   7: 49696 op, 996077102.00 ns, 20.0434 us/op
WorkloadWarmup   8: 49696 op, 995885174.00 ns, 20.0395 us/op
WorkloadWarmup   9: 49696 op, 996367584.00 ns, 20.0493 us/op
WorkloadWarmup  10: 49696 op, 1025671408.00 ns, 20.6389 us/op
WorkloadWarmup  11: 49696 op, 996394911.00 ns, 20.0498 us/op

// BeforeActualRun
WorkloadActual   1: 49696 op, 998288587.00 ns, 20.0879 us/op
WorkloadActual   2: 49696 op, 1003129027.00 ns, 20.1853 us/op
WorkloadActual   3: 49696 op, 1002746483.00 ns, 20.1776 us/op
WorkloadActual   4: 49696 op, 1023803662.00 ns, 20.6013 us/op
WorkloadActual   5: 49696 op, 999518017.00 ns, 20.1126 us/op
WorkloadActual   6: 49696 op, 1027879496.00 ns, 20.6833 us/op
WorkloadActual   7: 49696 op, 1015531968.00 ns, 20.4349 us/op
WorkloadActual   8: 49696 op, 1000635553.00 ns, 20.1351 us/op
WorkloadActual   9: 49696 op, 1019433724.00 ns, 20.5134 us/op
WorkloadActual  10: 49696 op, 999747876.00 ns, 20.1173 us/op
WorkloadActual  11: 49696 op, 999563626.00 ns, 20.1136 us/op
WorkloadActual  12: 49696 op, 999693390.00 ns, 20.1162 us/op
WorkloadActual  13: 49696 op, 1005451420.00 ns, 20.2320 us/op
WorkloadActual  14: 49696 op, 1017638122.00 ns, 20.4773 us/op
WorkloadActual  15: 49696 op, 999251177.00 ns, 20.1073 us/op

// AfterActualRun
WorkloadResult   1: 49696 op, 998069931.00 ns, 20.0835 us/op
WorkloadResult   2: 49696 op, 1002910371.00 ns, 20.1809 us/op
WorkloadResult   3: 49696 op, 1002527827.00 ns, 20.1732 us/op
WorkloadResult   4: 49696 op, 1023585006.00 ns, 20.5969 us/op
WorkloadResult   5: 49696 op, 999299361.00 ns, 20.1082 us/op
WorkloadResult   6: 49696 op, 1027660840.00 ns, 20.6789 us/op
WorkloadResult   7: 49696 op, 1015313312.00 ns, 20.4305 us/op
WorkloadResult   8: 49696 op, 1000416897.00 ns, 20.1307 us/op
WorkloadResult   9: 49696 op, 1019215068.00 ns, 20.5090 us/op
WorkloadResult  10: 49696 op, 999529220.00 ns, 20.1129 us/op
WorkloadResult  11: 49696 op, 999344970.00 ns, 20.1092 us/op
WorkloadResult  12: 49696 op, 999474734.00 ns, 20.1118 us/op
WorkloadResult  13: 49696 op, 1005232764.00 ns, 20.2276 us/op
WorkloadResult  14: 49696 op, 1017419466.00 ns, 20.4729 us/op
WorkloadResult  15: 49696 op, 999032521.00 ns, 20.1029 us/op

// AfterAll
// Benchmark Process 1022408 has exited with code 0.

Mean = 20.269 μs, StdErr = 0.054 μs (0.26%), N = 15, StdDev = 0.207 μs
Min = 20.084 μs, Q1 = 20.110 μs, Median = 20.173 μs, Q3 = 20.452 μs, Max = 20.679 μs
IQR = 0.341 μs, LowerFence = 19.599 μs, UpperFence = 20.963 μs
ConfidenceInterval = [20.047 μs; 20.490 μs] (CI 99.9%), Margin = 0.222 μs (1.09% of Mean)
Skewness = 0.75, Kurtosis = 1.83, MValue = 2

// ** Remained 7 (70.0 %) benchmark(s) to run. Estimated finish 2026-05-26 18:54 (0h 5m from now) **
// **************************
// Benchmark: SmokeBenchByte.SpanJson_Deser: Energy(OutlierMode=DontRemove, Affinity=00000100, IterationTime=1s)
// *** Execute ***
// Launch: 1 / 1
// Execute: dotnet JsonBench-Energy-1.dll --anonymousPipes 127 128 --benchmarkName JsonBench.Benchmarks.SmokeBenchByte.SpanJson_Deser --job Energy --benchmarkId 3 in /home/test/json-energy-bench/JsonBench/bin/Release/net10.0/JsonBench-Energy-1/bin/Release/net10.0
// BeforeAnythingElse

// Benchmark Process Environment Information:
// BenchmarkDotNet v0.15.5-develop (2026-05-26)
// Runtime=.NET 10.0.8 (10.0.8, 10.0.826.23019), X64 RyuJIT x86-64-v3
// GC=Concurrent Workstation
// HardwareIntrinsics=AVX2+BMI1+BMI2+F16C+FMA+LZCNT+MOVBE,AVX,SSE3+SSSE3+SSE4.1+SSE4.2+POPCNT,X86Base+SSE+SSE2,AES+PCLMUL VectorSize=256
// Job: Energy(OutlierMode=DontRemove, Affinity=100, IterationTime=1s)

OverheadJitting  1: 1 op, 251047.00 ns, 251.0470 us/op
WorkloadJitting  1: 1 op, 77571836.00 ns, 77.5718 ms/op

WorkloadPilot    1: 4 op, 113171.00 ns, 28.2928 us/op
WorkloadPilot    2: 35345 op, 663066737.00 ns, 18.7598 us/op
WorkloadPilot    3: 53305 op, 998317218.00 ns, 18.7284 us/op
WorkloadPilot    4: 53395 op, 1202149927.00 ns, 22.5143 us/op
WorkloadPilot    5: 44416 op, 1006537256.00 ns, 22.6616 us/op
WorkloadPilot    6: 44128 op, 332863527.00 ns, 7.5431 us/op
WorkloadPilot    7: 132571 op, 989225527.00 ns, 7.4619 us/op
WorkloadPilot    8: 134015 op, 974290168.00 ns, 7.2700 us/op
WorkloadPilot    9: 137551 op, 998562819.00 ns, 7.2596 us/op
WorkloadPilot   10: 137749 op, 1002808887.00 ns, 7.2800 us/op

WorkloadWarmup   1: 137749 op, 998120153.00 ns, 7.2459 us/op
WorkloadWarmup   2: 137749 op, 1002121266.00 ns, 7.2750 us/op
WorkloadWarmup   3: 137749 op, 1020644266.00 ns, 7.4094 us/op
WorkloadWarmup   4: 137749 op, 1014108995.00 ns, 7.3620 us/op
WorkloadWarmup   5: 137749 op, 999041861.00 ns, 7.2526 us/op
WorkloadWarmup   6: 137749 op, 998898004.00 ns, 7.2516 us/op
WorkloadWarmup   7: 137749 op, 998047305.00 ns, 7.2454 us/op
WorkloadWarmup   8: 137749 op, 997932171.00 ns, 7.2446 us/op
WorkloadWarmup   9: 137749 op, 1048922168.00 ns, 7.6147 us/op
WorkloadWarmup  10: 137749 op, 999013029.00 ns, 7.2524 us/op

// BeforeActualRun
WorkloadActual   1: 137749 op, 1000414227.00 ns, 7.2626 us/op
WorkloadActual   2: 137749 op, 1001786839.00 ns, 7.2726 us/op
WorkloadActual   3: 137749 op, 1006410311.00 ns, 7.3061 us/op
WorkloadActual   4: 137749 op, 1029635210.00 ns, 7.4747 us/op
WorkloadActual   5: 137749 op, 1002724977.00 ns, 7.2794 us/op
WorkloadActual   6: 137749 op, 1002256452.00 ns, 7.2760 us/op
WorkloadActual   7: 137749 op, 1002388033.00 ns, 7.2769 us/op
WorkloadActual   8: 137749 op, 1001593305.00 ns, 7.2711 us/op
WorkloadActual   9: 137749 op, 1021405660.00 ns, 7.4150 us/op
WorkloadActual  10: 137749 op, 1003537559.00 ns, 7.2853 us/op
WorkloadActual  11: 137749 op, 1011251396.00 ns, 7.3413 us/op
WorkloadActual  12: 137749 op, 998477259.00 ns, 7.2485 us/op
WorkloadActual  13: 137749 op, 1001798608.00 ns, 7.2726 us/op
WorkloadActual  14: 137749 op, 1075973086.00 ns, 7.8111 us/op
WorkloadActual  15: 137749 op, 998606054.00 ns, 7.2495 us/op
WorkloadActual  16: 137749 op, 998015587.00 ns, 7.2452 us/op

// AfterActualRun
WorkloadResult   1: 137749 op, 1000414227.00 ns, 7.2626 us/op
WorkloadResult   2: 137749 op, 1001786839.00 ns, 7.2726 us/op
WorkloadResult   3: 137749 op, 1006410311.00 ns, 7.3061 us/op
WorkloadResult   4: 137749 op, 1029635210.00 ns, 7.4747 us/op
WorkloadResult   5: 137749 op, 1002724977.00 ns, 7.2794 us/op
WorkloadResult   6: 137749 op, 1002256452.00 ns, 7.2760 us/op
WorkloadResult   7: 137749 op, 1002388033.00 ns, 7.2769 us/op
WorkloadResult   8: 137749 op, 1001593305.00 ns, 7.2711 us/op
WorkloadResult   9: 137749 op, 1021405660.00 ns, 7.4150 us/op
WorkloadResult  10: 137749 op, 1003537559.00 ns, 7.2853 us/op
WorkloadResult  11: 137749 op, 1011251396.00 ns, 7.3413 us/op
WorkloadResult  12: 137749 op, 998477259.00 ns, 7.2485 us/op
WorkloadResult  13: 137749 op, 1001798608.00 ns, 7.2726 us/op
WorkloadResult  14: 137749 op, 1075973086.00 ns, 7.8111 us/op
WorkloadResult  15: 137749 op, 998606054.00 ns, 7.2495 us/op
WorkloadResult  16: 137749 op, 998015587.00 ns, 7.2452 us/op

// AfterAll
// Benchmark Process 1022793 has exited with code 0.

Mean = 7.330 μs, StdErr = 0.036 μs (0.49%), N = 16, StdDev = 0.143 μs
Min = 7.245 μs, Q1 = 7.269 μs, Median = 7.276 μs, Q3 = 7.315 μs, Max = 7.811 μs
IQR = 0.046 μs, LowerFence = 7.200 μs, UpperFence = 7.384 μs
ConfidenceInterval = [7.185 μs; 7.476 μs] (CI 99.9%), Margin = 0.145 μs (1.98% of Mean)
Skewness = 2.4, Kurtosis = 8.14, MValue = 2

// ** Remained 6 (60.0 %) benchmark(s) to run. Estimated finish 2026-05-26 18:54 (0h 4m from now) **
// **************************
// Benchmark: SmokeBenchByte.Utf8Json_Deser: Energy(OutlierMode=DontRemove, Affinity=00000100, IterationTime=1s)
// *** Execute ***
// Launch: 1 / 1
// Execute: dotnet JsonBench-Energy-1.dll --anonymousPipes 127 128 --benchmarkName JsonBench.Benchmarks.SmokeBenchByte.Utf8Json_Deser --job Energy --benchmarkId 4 in /home/test/json-energy-bench/JsonBench/bin/Release/net10.0/JsonBench-Energy-1/bin/Release/net10.0
// BeforeAnythingElse

// Benchmark Process Environment Information:
// BenchmarkDotNet v0.15.5-develop (2026-05-26)
// Runtime=.NET 10.0.8 (10.0.8, 10.0.826.23019), X64 RyuJIT x86-64-v3
// GC=Concurrent Workstation
// HardwareIntrinsics=AVX2+BMI1+BMI2+F16C+FMA+LZCNT+MOVBE,AVX,SSE3+SSSE3+SSE4.1+SSE4.2+POPCNT,X86Base+SSE+SSE2,AES+PCLMUL VectorSize=256
// Job: Energy(OutlierMode=DontRemove, Affinity=100, IterationTime=1s)

OverheadJitting  1: 1 op, 238417.00 ns, 238.4170 us/op
WorkloadJitting  1: 1 op, 86817545.00 ns, 86.8175 ms/op

WorkloadPilot    1: 4 op, 286568.00 ns, 71.6420 us/op
WorkloadPilot    2: 13958 op, 696658867.00 ns, 49.9111 us/op
WorkloadPilot    3: 20036 op, 989459956.00 ns, 49.3841 us/op
WorkloadPilot    4: 20249 op, 1281648767.00 ns, 63.2944 us/op
WorkloadPilot    5: 15799 op, 948926325.00 ns, 60.0624 us/op
WorkloadPilot    6: 16649 op, 216117092.00 ns, 12.9808 us/op
WorkloadPilot    7: 77037 op, 968761520.00 ns, 12.5753 us/op
WorkloadPilot    8: 79521 op, 981156563.00 ns, 12.3383 us/op
WorkloadPilot    9: 81048 op, 997568397.00 ns, 12.3084 us/op
WorkloadPilot   10: 81246 op, 1001450374.00 ns, 12.3261 us/op
WorkloadPilot   11: 81128 op, 999677644.00 ns, 12.3222 us/op
WorkloadPilot   12: 81154 op, 1004510265.00 ns, 12.3778 us/op

WorkloadWarmup   1: 81154 op, 1003878082.00 ns, 12.3700 us/op
WorkloadWarmup   2: 81154 op, 1014256819.00 ns, 12.4979 us/op
WorkloadWarmup   3: 81154 op, 1000329325.00 ns, 12.3263 us/op
WorkloadWarmup   4: 81154 op, 1000450946.00 ns, 12.3278 us/op
WorkloadWarmup   5: 81154 op, 1000058085.00 ns, 12.3230 us/op
WorkloadWarmup   6: 81154 op, 999850414.00 ns, 12.3204 us/op

// BeforeActualRun
WorkloadActual   1: 81154 op, 1012595243.00 ns, 12.4775 us/op
WorkloadActual   2: 81154 op, 1000099884.00 ns, 12.3235 us/op
WorkloadActual   3: 81154 op, 999830800.00 ns, 12.3202 us/op
WorkloadActual   4: 81154 op, 1011105977.00 ns, 12.4591 us/op
WorkloadActual   5: 81154 op, 1029866984.00 ns, 12.6903 us/op
WorkloadActual   6: 81154 op, 1018043424.00 ns, 12.5446 us/op
WorkloadActual   7: 81154 op, 1000275419.00 ns, 12.3256 us/op
WorkloadActual   8: 81154 op, 999807464.00 ns, 12.3199 us/op
WorkloadActual   9: 81154 op, 1000221100.00 ns, 12.3250 us/op
WorkloadActual  10: 81154 op, 1001029066.00 ns, 12.3349 us/op
WorkloadActual  11: 81154 op, 1014699252.00 ns, 12.5034 us/op
WorkloadActual  12: 81154 op, 1000798121.00 ns, 12.3321 us/op
WorkloadActual  13: 81154 op, 1009013732.00 ns, 12.4333 us/op
WorkloadActual  14: 81154 op, 997203715.00 ns, 12.2878 us/op
WorkloadActual  15: 81154 op, 1000279938.00 ns, 12.3257 us/op

// AfterActualRun
WorkloadResult   1: 81154 op, 1012595243.00 ns, 12.4775 us/op
WorkloadResult   2: 81154 op, 1000099884.00 ns, 12.3235 us/op
WorkloadResult   3: 81154 op, 999830800.00 ns, 12.3202 us/op
WorkloadResult   4: 81154 op, 1011105977.00 ns, 12.4591 us/op
WorkloadResult   5: 81154 op, 1029866984.00 ns, 12.6903 us/op
WorkloadResult   6: 81154 op, 1018043424.00 ns, 12.5446 us/op
WorkloadResult   7: 81154 op, 1000275419.00 ns, 12.3256 us/op
WorkloadResult   8: 81154 op, 999807464.00 ns, 12.3199 us/op
WorkloadResult   9: 81154 op, 1000221100.00 ns, 12.3250 us/op
WorkloadResult  10: 81154 op, 1001029066.00 ns, 12.3349 us/op
WorkloadResult  11: 81154 op, 1014699252.00 ns, 12.5034 us/op
WorkloadResult  12: 81154 op, 1000798121.00 ns, 12.3321 us/op
WorkloadResult  13: 81154 op, 1009013732.00 ns, 12.4333 us/op
WorkloadResult  14: 81154 op, 997203715.00 ns, 12.2878 us/op
WorkloadResult  15: 81154 op, 1000279938.00 ns, 12.3257 us/op

// AfterAll
// Benchmark Process 1023176 has exited with code 0.

Mean = 12.400 μs, StdErr = 0.030 μs (0.24%), N = 15, StdDev = 0.114 μs
Min = 12.288 μs, Q1 = 12.324 μs, Median = 12.332 μs, Q3 = 12.468 μs, Max = 12.690 μs
IQR = 0.144 μs, LowerFence = 12.108 μs, UpperFence = 12.684 μs
ConfidenceInterval = [12.278 μs; 12.522 μs] (CI 99.9%), Margin = 0.122 μs (0.99% of Mean)
Skewness = 1.09, Kurtosis = 3.15, MValue = 2

// ** Remained 5 (50.0 %) benchmark(s) to run. Estimated finish 2026-05-26 18:54 (0h 3m from now) **
// **************************
// Benchmark: SmokeBenchByte.STJRefGen_Ser: Energy(OutlierMode=DontRemove, Affinity=00000100, IterationTime=1s)
// *** Execute ***
// Launch: 1 / 1
// Execute: dotnet JsonBench-Energy-1.dll --anonymousPipes 127 128 --benchmarkName JsonBench.Benchmarks.SmokeBenchByte.STJRefGen_Ser --job Energy --benchmarkId 5 in /home/test/json-energy-bench/JsonBench/bin/Release/net10.0/JsonBench-Energy-1/bin/Release/net10.0
// BeforeAnythingElse

// Benchmark Process Environment Information:
// BenchmarkDotNet v0.15.5-develop (2026-05-26)
// Runtime=.NET 10.0.8 (10.0.8, 10.0.826.23019), X64 RyuJIT x86-64-v3
// GC=Concurrent Workstation
// HardwareIntrinsics=AVX2+BMI1+BMI2+F16C+FMA+LZCNT+MOVBE,AVX,SSE3+SSSE3+SSE4.1+SSE4.2+POPCNT,X86Base+SSE+SSE2,AES+PCLMUL VectorSize=256
// Job: Energy(OutlierMode=DontRemove, Affinity=100, IterationTime=1s)

OverheadJitting  1: 1 op, 235747.00 ns, 235.7470 us/op
WorkloadJitting  1: 1 op, 3745221.00 ns, 3.7452 ms/op

OverheadJitting  2: 16 op, 624354.00 ns, 39.0221 us/op
WorkloadJitting  2: 16 op, 977516.00 ns, 61.0948 us/op

WorkloadPilot    1: 16 op, 290954.00 ns, 18.1846 us/op
WorkloadPilot    2: 54992 op, 831459737.00 ns, 15.1196 us/op
WorkloadPilot    3: 66144 op, 1045170361.00 ns, 15.8014 us/op
WorkloadPilot    4: 63296 op, 1617405806.00 ns, 25.5530 us/op
WorkloadPilot    5: 39136 op, 685914818.00 ns, 17.5264 us/op
WorkloadPilot    6: 57072 op, 291619137.00 ns, 5.1097 us/op
WorkloadPilot    7: 195712 op, 948629971.00 ns, 4.8471 us/op
WorkloadPilot    8: 206320 op, 993107269.00 ns, 4.8134 us/op
WorkloadPilot    9: 207760 op, 1000688926.00 ns, 4.8166 us/op

OverheadWarmup   1: 207760 op, 915265.00 ns, 4.4054 ns/op
OverheadWarmup   2: 207760 op, 913477.00 ns, 4.3968 ns/op
OverheadWarmup   3: 207760 op, 914354.00 ns, 4.4010 ns/op
OverheadWarmup   4: 207760 op, 914995.00 ns, 4.4041 ns/op
OverheadWarmup   5: 207760 op, 914382.00 ns, 4.4011 ns/op
OverheadWarmup   6: 207760 op, 915089.00 ns, 4.4045 ns/op
OverheadWarmup   7: 207760 op, 914661.00 ns, 4.4025 ns/op

OverheadActual   1: 207760 op, 915209.00 ns, 4.4051 ns/op
OverheadActual   2: 207760 op, 918805.00 ns, 4.4224 ns/op
OverheadActual   3: 207760 op, 914917.00 ns, 4.4037 ns/op
OverheadActual   4: 207760 op, 913066.00 ns, 4.3948 ns/op
OverheadActual   5: 207760 op, 911340.00 ns, 4.3865 ns/op
OverheadActual   6: 207760 op, 914768.00 ns, 4.4030 ns/op
OverheadActual   7: 207760 op, 917621.00 ns, 4.4167 ns/op
OverheadActual   8: 207760 op, 914360.00 ns, 4.4010 ns/op
OverheadActual   9: 207760 op, 917765.00 ns, 4.4174 ns/op
OverheadActual  10: 207760 op, 911491.00 ns, 4.3872 ns/op
OverheadActual  11: 207760 op, 914903.00 ns, 4.4037 ns/op
OverheadActual  12: 207760 op, 917791.00 ns, 4.4176 ns/op
OverheadActual  13: 207760 op, 914358.00 ns, 4.4010 ns/op
OverheadActual  14: 207760 op, 914370.00 ns, 4.4011 ns/op
OverheadActual  15: 207760 op, 915460.00 ns, 4.4063 ns/op

WorkloadWarmup   1: 207760 op, 1000274493.00 ns, 4.8146 us/op
WorkloadWarmup   2: 207760 op, 1024232375.00 ns, 4.9299 us/op
WorkloadWarmup   3: 207760 op, 1032202233.00 ns, 4.9682 us/op
WorkloadWarmup   4: 207760 op, 1023928782.00 ns, 4.9284 us/op
WorkloadWarmup   5: 207760 op, 1001015725.00 ns, 4.8181 us/op
WorkloadWarmup   6: 207760 op, 996191882.00 ns, 4.7949 us/op
WorkloadWarmup   7: 207760 op, 996210933.00 ns, 4.7950 us/op
WorkloadWarmup   8: 207760 op, 996582122.00 ns, 4.7968 us/op
WorkloadWarmup   9: 207760 op, 1015264045.00 ns, 4.8867 us/op
WorkloadWarmup  10: 207760 op, 1005084879.00 ns, 4.8377 us/op

// BeforeActualRun
WorkloadActual   1: 207760 op, 998072795.00 ns, 4.8040 us/op
WorkloadActual   2: 207760 op, 1001873395.00 ns, 4.8223 us/op
WorkloadActual   3: 207760 op, 999207213.00 ns, 4.8094 us/op
WorkloadActual   4: 207760 op, 1005308510.00 ns, 4.8388 us/op
WorkloadActual   5: 207760 op, 1015469862.00 ns, 4.8877 us/op
WorkloadActual   6: 207760 op, 999991251.00 ns, 4.8132 us/op
WorkloadActual   7: 207760 op, 1028010071.00 ns, 4.9481 us/op
WorkloadActual   8: 207760 op, 1009691413.00 ns, 4.8599 us/op
WorkloadActual   9: 207760 op, 999377150.00 ns, 4.8102 us/op
WorkloadActual  10: 207760 op, 1017466152.00 ns, 4.8973 us/op
WorkloadActual  11: 207760 op, 999130321.00 ns, 4.8091 us/op
WorkloadActual  12: 207760 op, 999505360.00 ns, 4.8109 us/op
WorkloadActual  13: 207760 op, 999567828.00 ns, 4.8112 us/op
WorkloadActual  14: 207760 op, 1003250188.00 ns, 4.8289 us/op
WorkloadActual  15: 207760 op, 1016985945.00 ns, 4.8950 us/op

// AfterActualRun
WorkloadResult   1: 207760 op, 997157892.00 ns, 4.7996 us/op
WorkloadResult   2: 207760 op, 1000958492.00 ns, 4.8179 us/op
WorkloadResult   3: 207760 op, 998292310.00 ns, 4.8050 us/op
WorkloadResult   4: 207760 op, 1004393607.00 ns, 4.8344 us/op
WorkloadResult   5: 207760 op, 1014554959.00 ns, 4.8833 us/op
WorkloadResult   6: 207760 op, 999076348.00 ns, 4.8088 us/op
WorkloadResult   7: 207760 op, 1027095168.00 ns, 4.9437 us/op
WorkloadResult   8: 207760 op, 1008776510.00 ns, 4.8555 us/op
WorkloadResult   9: 207760 op, 998462247.00 ns, 4.8058 us/op
WorkloadResult  10: 207760 op, 1016551249.00 ns, 4.8929 us/op
WorkloadResult  11: 207760 op, 998215418.00 ns, 4.8047 us/op
WorkloadResult  12: 207760 op, 998590457.00 ns, 4.8065 us/op
WorkloadResult  13: 207760 op, 998652925.00 ns, 4.8068 us/op
WorkloadResult  14: 207760 op, 1002335285.00 ns, 4.8245 us/op
WorkloadResult  15: 207760 op, 1016071042.00 ns, 4.8906 us/op

// AfterAll
// Benchmark Process 1023557 has exited with code 0.

Mean = 4.839 μs, StdErr = 0.011 μs (0.24%), N = 15, StdDev = 0.044 μs
Min = 4.800 μs, Q1 = 4.806 μs, Median = 4.818 μs, Q3 = 4.869 μs, Max = 4.944 μs
IQR = 0.063 μs, LowerFence = 4.711 μs, UpperFence = 4.964 μs
ConfidenceInterval = [4.791 μs; 4.886 μs] (CI 99.9%), Margin = 0.047 μs (0.98% of Mean)
Skewness = 0.98, Kurtosis = 2.62, MValue = 2

// ** Remained 4 (40.0 %) benchmark(s) to run. Estimated finish 2026-05-26 18:54 (0h 3m from now) **
// **************************
// Benchmark: SmokeBenchByte.STJSrcGen_Ser: Energy(OutlierMode=DontRemove, Affinity=00000100, IterationTime=1s)
// *** Execute ***
// Launch: 1 / 1
// Execute: dotnet JsonBench-Energy-1.dll --anonymousPipes 127 128 --benchmarkName JsonBench.Benchmarks.SmokeBenchByte.STJSrcGen_Ser --job Energy --benchmarkId 6 in /home/test/json-energy-bench/JsonBench/bin/Release/net10.0/JsonBench-Energy-1/bin/Release/net10.0
// BeforeAnythingElse

// Benchmark Process Environment Information:
// BenchmarkDotNet v0.15.5-develop (2026-05-26)
// Runtime=.NET 10.0.8 (10.0.8, 10.0.826.23019), X64 RyuJIT x86-64-v3
// GC=Concurrent Workstation
// HardwareIntrinsics=AVX2+BMI1+BMI2+F16C+FMA+LZCNT+MOVBE,AVX,SSE3+SSSE3+SSE4.1+SSE4.2+POPCNT,X86Base+SSE+SSE2,AES+PCLMUL VectorSize=256
// Job: Energy(OutlierMode=DontRemove, Affinity=100, IterationTime=1s)

OverheadJitting  1: 1 op, 240331.00 ns, 240.3310 us/op
WorkloadJitting  1: 1 op, 11731160.00 ns, 11.7312 ms/op

OverheadJitting  2: 16 op, 635476.00 ns, 39.7173 us/op
WorkloadJitting  2: 16 op, 901939.00 ns, 56.3712 us/op

WorkloadPilot    1: 16 op, 224307.00 ns, 14.0192 us/op
WorkloadPilot    2: 71344 op, 798152040.00 ns, 11.1874 us/op
WorkloadPilot    3: 89392 op, 986057503.00 ns, 11.0307 us/op
WorkloadPilot    4: 90656 op, 1308053398.00 ns, 14.4288 us/op
WorkloadPilot    5: 69312 op, 267358193.00 ns, 3.8573 us/op
WorkloadPilot    6: 259248 op, 969053623.00 ns, 3.7379 us/op
WorkloadPilot    7: 267536 op, 989174475.00 ns, 3.6974 us/op
WorkloadPilot    8: 270464 op, 982135806.00 ns, 3.6313 us/op
WorkloadPilot    9: 275392 op, 998049739.00 ns, 3.6241 us/op
WorkloadPilot   10: 275936 op, 1000022071.00 ns, 3.6241 us/op

OverheadWarmup   1: 275936 op, 1245503.00 ns, 4.5137 ns/op
OverheadWarmup   2: 275936 op, 1235928.00 ns, 4.4790 ns/op
OverheadWarmup   3: 275936 op, 1243552.00 ns, 4.5067 ns/op
OverheadWarmup   4: 275936 op, 1241215.00 ns, 4.4982 ns/op
OverheadWarmup   5: 275936 op, 1233768.00 ns, 4.4712 ns/op
OverheadWarmup   6: 275936 op, 1235359.00 ns, 4.4770 ns/op
OverheadWarmup   7: 275936 op, 1244834.00 ns, 4.5113 ns/op
OverheadWarmup   8: 275936 op, 1240770.00 ns, 4.4966 ns/op

OverheadActual   1: 275936 op, 1243768.00 ns, 4.5075 ns/op
OverheadActual   2: 275936 op, 1245686.00 ns, 4.5144 ns/op
OverheadActual   3: 275936 op, 1241919.00 ns, 4.5008 ns/op
OverheadActual   4: 275936 op, 1239618.00 ns, 4.4924 ns/op
OverheadActual   5: 275936 op, 1249956.00 ns, 4.5299 ns/op
OverheadActual   6: 275936 op, 1235042.00 ns, 4.4758 ns/op
OverheadActual   7: 275936 op, 1243036.00 ns, 4.5048 ns/op
OverheadActual   8: 275936 op, 1244193.00 ns, 4.5090 ns/op
OverheadActual   9: 275936 op, 1237287.00 ns, 4.4840 ns/op
OverheadActual  10: 275936 op, 1240684.00 ns, 4.4963 ns/op
OverheadActual  11: 275936 op, 1238583.00 ns, 4.4887 ns/op
OverheadActual  12: 275936 op, 1235983.00 ns, 4.4792 ns/op
OverheadActual  13: 275936 op, 1236574.00 ns, 4.4814 ns/op
OverheadActual  14: 275936 op, 1246025.00 ns, 4.5156 ns/op
OverheadActual  15: 275936 op, 1244411.00 ns, 4.5098 ns/op

WorkloadWarmup   1: 275936 op, 1002661001.00 ns, 3.6337 us/op
WorkloadWarmup   2: 275936 op, 1043345419.00 ns, 3.7811 us/op
WorkloadWarmup   3: 275936 op, 1042367694.00 ns, 3.7776 us/op
WorkloadWarmup   4: 275936 op, 1005756322.00 ns, 3.6449 us/op
WorkloadWarmup   5: 275936 op, 998739366.00 ns, 3.6195 us/op
WorkloadWarmup   6: 275936 op, 999125460.00 ns, 3.6209 us/op
WorkloadWarmup   7: 275936 op, 999070317.00 ns, 3.6207 us/op

// BeforeActualRun
WorkloadActual   1: 275936 op, 1016652061.00 ns, 3.6844 us/op
WorkloadActual   2: 275936 op, 1008583531.00 ns, 3.6551 us/op
WorkloadActual   3: 275936 op, 1011500733.00 ns, 3.6657 us/op
WorkloadActual   4: 275936 op, 1002858110.00 ns, 3.6344 us/op
WorkloadActual   5: 275936 op, 1004601303.00 ns, 3.6407 us/op
WorkloadActual   6: 275936 op, 1007427509.00 ns, 3.6509 us/op
WorkloadActual   7: 275936 op, 1023417860.00 ns, 3.7089 us/op
WorkloadActual   8: 275936 op, 1003402559.00 ns, 3.6364 us/op
WorkloadActual   9: 275936 op, 1004468214.00 ns, 3.6402 us/op
WorkloadActual  10: 275936 op, 1042476342.00 ns, 3.7780 us/op
WorkloadActual  11: 275936 op, 1003655786.00 ns, 3.6373 us/op
WorkloadActual  12: 275936 op, 1021736032.00 ns, 3.7028 us/op
WorkloadActual  13: 275936 op, 1003488604.00 ns, 3.6367 us/op
WorkloadActual  14: 275936 op, 1002736662.00 ns, 3.6339 us/op
WorkloadActual  15: 275936 op, 1002520297.00 ns, 3.6332 us/op

// AfterActualRun
WorkloadResult   1: 275936 op, 1015410142.00 ns, 3.6799 us/op
WorkloadResult   2: 275936 op, 1007341612.00 ns, 3.6506 us/op
WorkloadResult   3: 275936 op, 1010258814.00 ns, 3.6612 us/op
WorkloadResult   4: 275936 op, 1001616191.00 ns, 3.6299 us/op
WorkloadResult   5: 275936 op, 1003359384.00 ns, 3.6362 us/op
WorkloadResult   6: 275936 op, 1006185590.00 ns, 3.6464 us/op
WorkloadResult   7: 275936 op, 1022175941.00 ns, 3.7044 us/op
WorkloadResult   8: 275936 op, 1002160640.00 ns, 3.6319 us/op
WorkloadResult   9: 275936 op, 1003226295.00 ns, 3.6357 us/op
WorkloadResult  10: 275936 op, 1041234423.00 ns, 3.7735 us/op
WorkloadResult  11: 275936 op, 1002413867.00 ns, 3.6328 us/op
WorkloadResult  12: 275936 op, 1020494113.00 ns, 3.6983 us/op
WorkloadResult  13: 275936 op, 1002246685.00 ns, 3.6322 us/op
WorkloadResult  14: 275936 op, 1001494743.00 ns, 3.6294 us/op
WorkloadResult  15: 275936 op, 1001278378.00 ns, 3.6287 us/op

// AfterAll
// Benchmark Process 1023937 has exited with code 0.

Mean = 3.658 μs, StdErr = 0.011 μs (0.29%), N = 15, StdDev = 0.041 μs
Min = 3.629 μs, Q1 = 3.632 μs, Median = 3.636 μs, Q3 = 3.671 μs, Max = 3.773 μs
IQR = 0.039 μs, LowerFence = 3.574 μs, UpperFence = 3.728 μs
ConfidenceInterval = [3.615 μs; 3.702 μs] (CI 99.9%), Margin = 0.044 μs (1.19% of Mean)
Skewness = 1.55, Kurtosis = 4.58, MValue = 2

// ** Remained 3 (30.0 %) benchmark(s) to run. Estimated finish 2026-05-26 18:54 (0h 2m from now) **
// **************************
// Benchmark: SmokeBenchByte.Newtonsoft_Ser: Energy(OutlierMode=DontRemove, Affinity=00000100, IterationTime=1s)
// *** Execute ***
// Launch: 1 / 1
// Execute: dotnet JsonBench-Energy-1.dll --anonymousPipes 127 128 --benchmarkName JsonBench.Benchmarks.SmokeBenchByte.Newtonsoft_Ser --job Energy --benchmarkId 7 in /home/test/json-energy-bench/JsonBench/bin/Release/net10.0/JsonBench-Energy-1/bin/Release/net10.0
// BeforeAnythingElse

// Benchmark Process Environment Information:
// BenchmarkDotNet v0.15.5-develop (2026-05-26)
// Runtime=.NET 10.0.8 (10.0.8, 10.0.826.23019), X64 RyuJIT x86-64-v3
// GC=Concurrent Workstation
// HardwareIntrinsics=AVX2+BMI1+BMI2+F16C+FMA+LZCNT+MOVBE,AVX,SSE3+SSSE3+SSE4.1+SSE4.2+POPCNT,X86Base+SSE+SSE2,AES+PCLMUL VectorSize=256
// Job: Energy(OutlierMode=DontRemove, Affinity=100, IterationTime=1s)

OverheadJitting  1: 1 op, 235964.00 ns, 235.9640 us/op
WorkloadJitting  1: 1 op, 59358844.00 ns, 59.3588 ms/op

OverheadJitting  2: 16 op, 627664.00 ns, 39.2290 us/op
WorkloadJitting  2: 16 op, 1835323.00 ns, 114.7077 us/op

WorkloadPilot    1: 16 op, 1047151.00 ns, 65.4469 us/op
WorkloadPilot    2: 15280 op, 852405283.00 ns, 55.7857 us/op
WorkloadPilot    3: 17936 op, 1002902645.00 ns, 55.9156 us/op
WorkloadPilot    4: 17888 op, 1090235405.00 ns, 60.9479 us/op
WorkloadPilot    5: 16416 op, 1576828380.00 ns, 96.0544 us/op

OverheadWarmup   1: 16416 op, 74041.00 ns, 4.5103 ns/op
OverheadWarmup   2: 16416 op, 73401.00 ns, 4.4713 ns/op
OverheadWarmup   3: 16416 op, 72922.00 ns, 4.4421 ns/op
OverheadWarmup   4: 16416 op, 73666.00 ns, 4.4875 ns/op
OverheadWarmup   5: 16416 op, 72854.00 ns, 4.4380 ns/op
OverheadWarmup   6: 16416 op, 72875.00 ns, 4.4393 ns/op
OverheadWarmup   7: 16416 op, 72886.00 ns, 4.4399 ns/op
OverheadWarmup   8: 16416 op, 77006.00 ns, 4.6909 ns/op
OverheadWarmup   9: 16416 op, 72898.00 ns, 4.4407 ns/op

OverheadActual   1: 16416 op, 73070.00 ns, 4.4511 ns/op
OverheadActual   2: 16416 op, 73020.00 ns, 4.4481 ns/op
OverheadActual   3: 16416 op, 73870.00 ns, 4.4999 ns/op
OverheadActual   4: 16416 op, 72984.00 ns, 4.4459 ns/op
OverheadActual   5: 16416 op, 72903.00 ns, 4.4410 ns/op
OverheadActual   6: 16416 op, 72905.00 ns, 4.4411 ns/op
OverheadActual   7: 16416 op, 73535.00 ns, 4.4795 ns/op
OverheadActual   8: 16416 op, 72876.00 ns, 4.4393 ns/op
OverheadActual   9: 16416 op, 72893.00 ns, 4.4404 ns/op
OverheadActual  10: 16416 op, 72900.00 ns, 4.4408 ns/op
OverheadActual  11: 16416 op, 73507.00 ns, 4.4778 ns/op
OverheadActual  12: 16416 op, 72975.00 ns, 4.4454 ns/op
OverheadActual  13: 16416 op, 72916.00 ns, 4.4418 ns/op
OverheadActual  14: 16416 op, 76454.00 ns, 4.6573 ns/op
OverheadActual  15: 16416 op, 73726.00 ns, 4.4911 ns/op

WorkloadWarmup   1: 16416 op, 1428769597.00 ns, 87.0352 us/op
WorkloadWarmup   2: 16416 op, 298318316.00 ns, 18.1724 us/op
WorkloadWarmup   3: 16416 op, 195992320.00 ns, 11.9391 us/op
WorkloadWarmup   4: 16416 op, 193664833.00 ns, 11.7973 us/op
WorkloadWarmup   5: 16416 op, 214592501.00 ns, 13.0722 us/op
WorkloadWarmup   6: 16416 op, 193742821.00 ns, 11.8021 us/op
WorkloadWarmup   7: 16416 op, 194382953.00 ns, 11.8411 us/op
WorkloadWarmup   8: 16416 op, 193969226.00 ns, 11.8159 us/op

// BeforeActualRun
WorkloadActual   1: 16416 op, 195870020.00 ns, 11.9317 us/op
WorkloadActual   2: 16416 op, 195072229.00 ns, 11.8831 us/op
WorkloadActual   3: 16416 op, 194623887.00 ns, 11.8557 us/op
WorkloadActual   4: 16416 op, 194676332.00 ns, 11.8589 us/op
WorkloadActual   5: 16416 op, 194853371.00 ns, 11.8697 us/op
WorkloadActual   6: 16416 op, 211346155.00 ns, 12.8744 us/op
WorkloadActual   7: 16416 op, 195122686.00 ns, 11.8861 us/op
WorkloadActual   8: 16416 op, 195585383.00 ns, 11.9143 us/op
WorkloadActual   9: 16416 op, 235554717.00 ns, 14.3491 us/op
WorkloadActual  10: 16416 op, 194674006.00 ns, 11.8588 us/op
WorkloadActual  11: 16416 op, 194836210.00 ns, 11.8687 us/op
WorkloadActual  12: 16416 op, 195259498.00 ns, 11.8945 us/op
WorkloadActual  13: 16416 op, 195305901.00 ns, 11.8973 us/op
WorkloadActual  14: 16416 op, 194830218.00 ns, 11.8683 us/op
WorkloadActual  15: 16416 op, 194989760.00 ns, 11.8780 us/op
WorkloadActual  16: 16416 op, 194901926.00 ns, 11.8727 us/op
WorkloadActual  17: 16416 op, 195099559.00 ns, 11.8847 us/op
WorkloadActual  18: 16416 op, 200424209.00 ns, 12.2091 us/op
WorkloadActual  19: 16416 op, 214530918.00 ns, 13.0684 us/op
WorkloadActual  20: 16416 op, 198898562.00 ns, 12.1161 us/op
WorkloadActual  21: 16416 op, 201602742.00 ns, 12.2809 us/op
WorkloadActual  22: 16416 op, 193688791.00 ns, 11.7988 us/op
WorkloadActual  23: 16416 op, 193733861.00 ns, 11.8015 us/op
WorkloadActual  24: 16416 op, 193737349.00 ns, 11.8017 us/op
WorkloadActual  25: 16416 op, 193796067.00 ns, 11.8053 us/op
WorkloadActual  26: 16416 op, 193750047.00 ns, 11.8025 us/op
WorkloadActual  27: 16416 op, 193878614.00 ns, 11.8103 us/op
WorkloadActual  28: 16416 op, 193793533.00 ns, 11.8052 us/op
WorkloadActual  29: 16416 op, 193800036.00 ns, 11.8056 us/op
WorkloadActual  30: 16416 op, 193749913.00 ns, 11.8025 us/op
WorkloadActual  31: 16416 op, 193749275.00 ns, 11.8025 us/op
WorkloadActual  32: 16416 op, 267322705.00 ns, 16.2843 us/op
WorkloadActual  33: 16416 op, 193650938.00 ns, 11.7965 us/op
WorkloadActual  34: 16416 op, 193651056.00 ns, 11.7965 us/op
WorkloadActual  35: 16416 op, 195715951.00 ns, 11.9223 us/op
WorkloadActual  36: 16416 op, 193715708.00 ns, 11.8004 us/op
WorkloadActual  37: 16416 op, 193794547.00 ns, 11.8052 us/op
WorkloadActual  38: 16416 op, 193778492.00 ns, 11.8042 us/op
WorkloadActual  39: 16416 op, 193774600.00 ns, 11.8040 us/op
WorkloadActual  40: 16416 op, 193750111.00 ns, 11.8025 us/op
WorkloadActual  41: 16416 op, 193604757.00 ns, 11.7937 us/op
WorkloadActual  42: 16416 op, 193660411.00 ns, 11.7971 us/op
WorkloadActual  43: 16416 op, 193730833.00 ns, 11.8013 us/op
WorkloadActual  44: 16416 op, 193587852.00 ns, 11.7926 us/op
WorkloadActual  45: 16416 op, 224026410.00 ns, 13.6468 us/op
WorkloadActual  46: 16416 op, 193932882.00 ns, 11.8137 us/op
WorkloadActual  47: 16416 op, 193681357.00 ns, 11.7983 us/op
WorkloadActual  48: 16416 op, 193688131.00 ns, 11.7987 us/op
WorkloadActual  49: 16416 op, 193661217.00 ns, 11.7971 us/op
WorkloadActual  50: 16416 op, 193692553.00 ns, 11.7990 us/op
WorkloadActual  51: 16416 op, 193850403.00 ns, 11.8086 us/op
WorkloadActual  52: 16416 op, 193703936.00 ns, 11.7997 us/op
WorkloadActual  53: 16416 op, 193667264.00 ns, 11.7975 us/op
WorkloadActual  54: 16416 op, 193614506.00 ns, 11.7943 us/op
WorkloadActual  55: 16416 op, 193690302.00 ns, 11.7989 us/op
WorkloadActual  56: 16416 op, 193674099.00 ns, 11.7979 us/op
WorkloadActual  57: 16416 op, 193688147.00 ns, 11.7987 us/op
WorkloadActual  58: 16416 op, 193691856.00 ns, 11.7990 us/op
WorkloadActual  59: 16416 op, 193703601.00 ns, 11.7997 us/op
WorkloadActual  60: 16416 op, 193786675.00 ns, 11.8047 us/op
WorkloadActual  61: 16416 op, 193712600.00 ns, 11.8002 us/op
WorkloadActual  62: 16416 op, 206436209.00 ns, 12.5753 us/op
WorkloadActual  63: 16416 op, 193719821.00 ns, 11.8007 us/op
WorkloadActual  64: 16416 op, 193737798.00 ns, 11.8018 us/op
WorkloadActual  65: 16416 op, 193925851.00 ns, 11.8132 us/op
WorkloadActual  66: 16416 op, 193731163.00 ns, 11.8014 us/op
WorkloadActual  67: 16416 op, 193713529.00 ns, 11.8003 us/op
WorkloadActual  68: 16416 op, 193643091.00 ns, 11.7960 us/op
WorkloadActual  69: 16416 op, 194185277.00 ns, 11.8290 us/op
WorkloadActual  70: 16416 op, 198918177.00 ns, 12.1173 us/op
WorkloadActual  71: 16416 op, 208461091.00 ns, 12.6987 us/op
WorkloadActual  72: 16416 op, 209400743.00 ns, 12.7559 us/op
WorkloadActual  73: 16416 op, 193496211.00 ns, 11.7870 us/op
WorkloadActual  74: 16416 op, 193683851.00 ns, 11.7985 us/op
WorkloadActual  75: 16416 op, 193695829.00 ns, 11.7992 us/op
WorkloadActual  76: 16416 op, 193671223.00 ns, 11.7977 us/op
WorkloadActual  77: 16416 op, 202991353.00 ns, 12.3655 us/op
WorkloadActual  78: 16416 op, 193734479.00 ns, 11.8016 us/op
WorkloadActual  79: 16416 op, 193763378.00 ns, 11.8033 us/op
WorkloadActual  80: 16416 op, 193692703.00 ns, 11.7990 us/op
WorkloadActual  81: 16416 op, 193761076.00 ns, 11.8032 us/op
WorkloadActual  82: 16416 op, 193661372.00 ns, 11.7971 us/op

// AfterActualRun
WorkloadResult   1: 16416 op, 195797036.00 ns, 11.9272 us/op
WorkloadResult   2: 16416 op, 194999245.00 ns, 11.8786 us/op
WorkloadResult   3: 16416 op, 194550903.00 ns, 11.8513 us/op
WorkloadResult   4: 16416 op, 194603348.00 ns, 11.8545 us/op
WorkloadResult   5: 16416 op, 194780387.00 ns, 11.8653 us/op
WorkloadResult   6: 16416 op, 211273171.00 ns, 12.8700 us/op
WorkloadResult   7: 16416 op, 195049702.00 ns, 11.8817 us/op
WorkloadResult   8: 16416 op, 195512399.00 ns, 11.9099 us/op
WorkloadResult   9: 16416 op, 235481733.00 ns, 14.3446 us/op
WorkloadResult  10: 16416 op, 194601022.00 ns, 11.8544 us/op
WorkloadResult  11: 16416 op, 194763226.00 ns, 11.8642 us/op
WorkloadResult  12: 16416 op, 195186514.00 ns, 11.8900 us/op
WorkloadResult  13: 16416 op, 195232917.00 ns, 11.8928 us/op
WorkloadResult  14: 16416 op, 194757234.00 ns, 11.8639 us/op
WorkloadResult  15: 16416 op, 194916776.00 ns, 11.8736 us/op
WorkloadResult  16: 16416 op, 194828942.00 ns, 11.8682 us/op
WorkloadResult  17: 16416 op, 195026575.00 ns, 11.8803 us/op
WorkloadResult  18: 16416 op, 200351225.00 ns, 12.2046 us/op
WorkloadResult  19: 16416 op, 214457934.00 ns, 13.0640 us/op
WorkloadResult  20: 16416 op, 198825578.00 ns, 12.1117 us/op
WorkloadResult  21: 16416 op, 201529758.00 ns, 12.2764 us/op
WorkloadResult  22: 16416 op, 193615807.00 ns, 11.7943 us/op
WorkloadResult  23: 16416 op, 193660877.00 ns, 11.7971 us/op
WorkloadResult  24: 16416 op, 193664365.00 ns, 11.7973 us/op
WorkloadResult  25: 16416 op, 193723083.00 ns, 11.8009 us/op
WorkloadResult  26: 16416 op, 193677063.00 ns, 11.7981 us/op
WorkloadResult  27: 16416 op, 193805630.00 ns, 11.8059 us/op
WorkloadResult  28: 16416 op, 193720549.00 ns, 11.8007 us/op
WorkloadResult  29: 16416 op, 193727052.00 ns, 11.8011 us/op
WorkloadResult  30: 16416 op, 193676929.00 ns, 11.7981 us/op
WorkloadResult  31: 16416 op, 193676291.00 ns, 11.7980 us/op
WorkloadResult  32: 16416 op, 267249721.00 ns, 16.2798 us/op
WorkloadResult  33: 16416 op, 193577954.00 ns, 11.7920 us/op
WorkloadResult  34: 16416 op, 193578072.00 ns, 11.7920 us/op
WorkloadResult  35: 16416 op, 195642967.00 ns, 11.9178 us/op
WorkloadResult  36: 16416 op, 193642724.00 ns, 11.7960 us/op
WorkloadResult  37: 16416 op, 193721563.00 ns, 11.8008 us/op
WorkloadResult  38: 16416 op, 193705508.00 ns, 11.7998 us/op
WorkloadResult  39: 16416 op, 193701616.00 ns, 11.7996 us/op
WorkloadResult  40: 16416 op, 193677127.00 ns, 11.7981 us/op
WorkloadResult  41: 16416 op, 193531773.00 ns, 11.7892 us/op
WorkloadResult  42: 16416 op, 193587427.00 ns, 11.7926 us/op
WorkloadResult  43: 16416 op, 193657849.00 ns, 11.7969 us/op
WorkloadResult  44: 16416 op, 193514868.00 ns, 11.7882 us/op
WorkloadResult  45: 16416 op, 223953426.00 ns, 13.6424 us/op
WorkloadResult  46: 16416 op, 193859898.00 ns, 11.8092 us/op
WorkloadResult  47: 16416 op, 193608373.00 ns, 11.7939 us/op
WorkloadResult  48: 16416 op, 193615147.00 ns, 11.7943 us/op
WorkloadResult  49: 16416 op, 193588233.00 ns, 11.7927 us/op
WorkloadResult  50: 16416 op, 193619569.00 ns, 11.7946 us/op
WorkloadResult  51: 16416 op, 193777419.00 ns, 11.8042 us/op
WorkloadResult  52: 16416 op, 193630952.00 ns, 11.7953 us/op
WorkloadResult  53: 16416 op, 193594280.00 ns, 11.7930 us/op
WorkloadResult  54: 16416 op, 193541522.00 ns, 11.7898 us/op
WorkloadResult  55: 16416 op, 193617318.00 ns, 11.7944 us/op
WorkloadResult  56: 16416 op, 193601115.00 ns, 11.7934 us/op
WorkloadResult  57: 16416 op, 193615163.00 ns, 11.7943 us/op
WorkloadResult  58: 16416 op, 193618872.00 ns, 11.7945 us/op
WorkloadResult  59: 16416 op, 193630617.00 ns, 11.7952 us/op
WorkloadResult  60: 16416 op, 193713691.00 ns, 11.8003 us/op
WorkloadResult  61: 16416 op, 193639616.00 ns, 11.7958 us/op
WorkloadResult  62: 16416 op, 206363225.00 ns, 12.5709 us/op
WorkloadResult  63: 16416 op, 193646837.00 ns, 11.7962 us/op
WorkloadResult  64: 16416 op, 193664814.00 ns, 11.7973 us/op
WorkloadResult  65: 16416 op, 193852867.00 ns, 11.8088 us/op
WorkloadResult  66: 16416 op, 193658179.00 ns, 11.7969 us/op
WorkloadResult  67: 16416 op, 193640545.00 ns, 11.7958 us/op
WorkloadResult  68: 16416 op, 193570107.00 ns, 11.7916 us/op
WorkloadResult  69: 16416 op, 194112293.00 ns, 11.8246 us/op
WorkloadResult  70: 16416 op, 198845193.00 ns, 12.1129 us/op
WorkloadResult  71: 16416 op, 208388107.00 ns, 12.6942 us/op
WorkloadResult  72: 16416 op, 209327759.00 ns, 12.7514 us/op
WorkloadResult  73: 16416 op, 193423227.00 ns, 11.7826 us/op
WorkloadResult  74: 16416 op, 193610867.00 ns, 11.7940 us/op
WorkloadResult  75: 16416 op, 193622845.00 ns, 11.7948 us/op
WorkloadResult  76: 16416 op, 193598239.00 ns, 11.7933 us/op
WorkloadResult  77: 16416 op, 202918369.00 ns, 12.3610 us/op
WorkloadResult  78: 16416 op, 193661495.00 ns, 11.7971 us/op
WorkloadResult  79: 16416 op, 193690394.00 ns, 11.7989 us/op
WorkloadResult  80: 16416 op, 193619719.00 ns, 11.7946 us/op
WorkloadResult  81: 16416 op, 193688092.00 ns, 11.7987 us/op
WorkloadResult  82: 16416 op, 193588388.00 ns, 11.7927 us/op

// AfterAll
// Benchmark Process 1024320 has exited with code 0.

Mean = 12.007 μs, StdErr = 0.070 μs (0.58%), N = 82, StdDev = 0.633 μs
Min = 11.783 μs, Q1 = 11.795 μs, Median = 11.799 μs, Q3 = 11.877 μs, Max = 16.280 μs
IQR = 0.083 μs, LowerFence = 11.670 μs, UpperFence = 12.002 μs
ConfidenceInterval = [11.768 μs; 12.246 μs] (CI 99.9%), Margin = 0.239 μs (1.99% of Mean)
Skewness = 4.68, Kurtosis = 28.29, MValue = 2

// ** Remained 2 (20.0 %) benchmark(s) to run. Estimated finish 2026-05-26 18:54 (0h 1m from now) **
// **************************
// Benchmark: SmokeBenchByte.SpanJson_Ser: Energy(OutlierMode=DontRemove, Affinity=00000100, IterationTime=1s)
// *** Execute ***
// Launch: 1 / 1
// Execute: dotnet JsonBench-Energy-1.dll --anonymousPipes 127 128 --benchmarkName JsonBench.Benchmarks.SmokeBenchByte.SpanJson_Ser --job Energy --benchmarkId 8 in /home/test/json-energy-bench/JsonBench/bin/Release/net10.0/JsonBench-Energy-1/bin/Release/net10.0
// BeforeAnythingElse

// Benchmark Process Environment Information:
// BenchmarkDotNet v0.15.5-develop (2026-05-26)
// Runtime=.NET 10.0.8 (10.0.8, 10.0.826.23019), X64 RyuJIT x86-64-v3
// GC=Concurrent Workstation
// HardwareIntrinsics=AVX2+BMI1+BMI2+F16C+FMA+LZCNT+MOVBE,AVX,SSE3+SSSE3+SSE4.1+SSE4.2+POPCNT,X86Base+SSE+SSE2,AES+PCLMUL VectorSize=256
// Job: Energy(OutlierMode=DontRemove, Affinity=100, IterationTime=1s)

OverheadJitting  1: 1 op, 236107.00 ns, 236.1070 us/op
WorkloadJitting  1: 1 op, 77856655.00 ns, 77.8567 ms/op

WorkloadPilot    1: 4 op, 210119.00 ns, 52.5298 us/op
WorkloadPilot    2: 19037 op, 544790567.00 ns, 28.6175 us/op
WorkloadPilot    3: 34944 op, 999456073.00 ns, 28.6017 us/op
WorkloadPilot    4: 34963 op, 474358416.00 ns, 13.5674 us/op
WorkloadPilot    5: 73706 op, 529330355.00 ns, 7.1816 us/op
WorkloadPilot    6: 139244 op, 1010950134.00 ns, 7.2603 us/op
WorkloadPilot    7: 137736 op, 1005192405.00 ns, 7.2980 us/op
WorkloadPilot    8: 137025 op, 976454116.00 ns, 7.1261 us/op
WorkloadPilot    9: 140329 op, 999928166.00 ns, 7.1256 us/op
WorkloadPilot   10: 140339 op, 995085483.00 ns, 7.0906 us/op
WorkloadPilot   11: 141032 op, 988870391.00 ns, 7.0117 us/op
WorkloadPilot   12: 142619 op, 1002515379.00 ns, 7.0293 us/op

WorkloadWarmup   1: 142619 op, 1004329324.00 ns, 7.0420 us/op
WorkloadWarmup   2: 142619 op, 1035609900.00 ns, 7.2614 us/op
WorkloadWarmup   3: 142619 op, 1005810358.00 ns, 7.0524 us/op
WorkloadWarmup   4: 142619 op, 1003942242.00 ns, 7.0393 us/op
WorkloadWarmup   5: 142619 op, 1008548293.00 ns, 7.0716 us/op
WorkloadWarmup   6: 142619 op, 1001985756.00 ns, 7.0256 us/op

// BeforeActualRun
WorkloadActual   1: 142619 op, 1024367478.00 ns, 7.1825 us/op
WorkloadActual   2: 142619 op, 1016118346.00 ns, 7.1247 us/op
WorkloadActual   3: 142619 op, 1010138385.00 ns, 7.0828 us/op
WorkloadActual   4: 142619 op, 1068182613.00 ns, 7.4898 us/op
WorkloadActual   5: 142619 op, 1016280100.00 ns, 7.1258 us/op
WorkloadActual   6: 142619 op, 1027105383.00 ns, 7.2017 us/op
WorkloadActual   7: 142619 op, 1017002112.00 ns, 7.1309 us/op
WorkloadActual   8: 142619 op, 1013836254.00 ns, 7.1087 us/op
WorkloadActual   9: 142619 op, 1014570239.00 ns, 7.1139 us/op
WorkloadActual  10: 142619 op, 1021270188.00 ns, 7.1608 us/op
WorkloadActual  11: 142619 op, 1015255495.00 ns, 7.1187 us/op
WorkloadActual  12: 142619 op, 1012712901.00 ns, 7.1008 us/op
WorkloadActual  13: 142619 op, 1011590577.00 ns, 7.0930 us/op
WorkloadActual  14: 142619 op, 1009767219.00 ns, 7.0802 us/op
WorkloadActual  15: 142619 op, 1015196074.00 ns, 7.1182 us/op

// AfterActualRun
WorkloadResult   1: 142619 op, 1024367478.00 ns, 7.1825 us/op
WorkloadResult   2: 142619 op, 1016118346.00 ns, 7.1247 us/op
WorkloadResult   3: 142619 op, 1010138385.00 ns, 7.0828 us/op
WorkloadResult   4: 142619 op, 1068182613.00 ns, 7.4898 us/op
WorkloadResult   5: 142619 op, 1016280100.00 ns, 7.1258 us/op
WorkloadResult   6: 142619 op, 1027105383.00 ns, 7.2017 us/op
WorkloadResult   7: 142619 op, 1017002112.00 ns, 7.1309 us/op
WorkloadResult   8: 142619 op, 1013836254.00 ns, 7.1087 us/op
WorkloadResult   9: 142619 op, 1014570239.00 ns, 7.1139 us/op
WorkloadResult  10: 142619 op, 1021270188.00 ns, 7.1608 us/op
WorkloadResult  11: 142619 op, 1015255495.00 ns, 7.1187 us/op
WorkloadResult  12: 142619 op, 1012712901.00 ns, 7.1008 us/op
WorkloadResult  13: 142619 op, 1011590577.00 ns, 7.0930 us/op
WorkloadResult  14: 142619 op, 1009767219.00 ns, 7.0802 us/op
WorkloadResult  15: 142619 op, 1015196074.00 ns, 7.1182 us/op

// AfterAll
// Benchmark Process 1024674 has exited with code 0.

Mean = 7.149 μs, StdErr = 0.026 μs (0.36%), N = 15, StdDev = 0.100 μs
Min = 7.080 μs, Q1 = 7.105 μs, Median = 7.119 μs, Q3 = 7.146 μs, Max = 7.490 μs
IQR = 0.041 μs, LowerFence = 7.043 μs, UpperFence = 7.208 μs
ConfidenceInterval = [7.042 μs; 7.256 μs] (CI 99.9%), Margin = 0.107 μs (1.50% of Mean)
Skewness = 2.56, Kurtosis = 8.94, MValue = 2

// ** Remained 1 (10.0 %) benchmark(s) to run. Estimated finish 2026-05-26 18:54 (0h 0m from now) **
// **************************
// Benchmark: SmokeBenchByte.Utf8Json_Ser: Energy(OutlierMode=DontRemove, Affinity=00000100, IterationTime=1s)
// *** Execute ***
// Launch: 1 / 1
// Execute: dotnet JsonBench-Energy-1.dll --anonymousPipes 127 128 --benchmarkName JsonBench.Benchmarks.SmokeBenchByte.Utf8Json_Ser --job Energy --benchmarkId 9 in /home/test/json-energy-bench/JsonBench/bin/Release/net10.0/JsonBench-Energy-1/bin/Release/net10.0
// BeforeAnythingElse

// Benchmark Process Environment Information:
// BenchmarkDotNet v0.15.5-develop (2026-05-26)
// Runtime=.NET 10.0.8 (10.0.8, 10.0.826.23019), X64 RyuJIT x86-64-v3
// GC=Concurrent Workstation
// HardwareIntrinsics=AVX2+BMI1+BMI2+F16C+FMA+LZCNT+MOVBE,AVX,SSE3+SSSE3+SSE4.1+SSE4.2+POPCNT,X86Base+SSE+SSE2,AES+PCLMUL VectorSize=256
// Job: Energy(OutlierMode=DontRemove, Affinity=100, IterationTime=1s)

OverheadJitting  1: 1 op, 238416.00 ns, 238.4160 us/op
WorkloadJitting  1: 1 op, 85491970.00 ns, 85.4920 ms/op

WorkloadPilot    1: 4 op, 165455.00 ns, 41.3638 us/op
WorkloadPilot    2: 24176 op, 823496100.00 ns, 34.0625 us/op
WorkloadPilot    3: 29358 op, 998814078.00 ns, 34.0219 us/op
WorkloadPilot    4: 29393 op, 221280780.00 ns, 7.5283 us/op
WorkloadPilot    5: 132831 op, 895838605.00 ns, 6.7442 us/op
WorkloadPilot    6: 148276 op, 1006535236.00 ns, 6.7883 us/op
WorkloadPilot    7: 147313 op, 998267620.00 ns, 6.7765 us/op
WorkloadPilot    8: 147569 op, 997876356.00 ns, 6.7621 us/op
WorkloadPilot    9: 147883 op, 990386990.00 ns, 6.6971 us/op
WorkloadPilot   10: 149318 op, 1001224012.00 ns, 6.7053 us/op
WorkloadPilot   11: 149135 op, 1009983939.00 ns, 6.7723 us/op

WorkloadWarmup   1: 149135 op, 998718914.00 ns, 6.6967 us/op
WorkloadWarmup   2: 149135 op, 999252853.00 ns, 6.7003 us/op
WorkloadWarmup   3: 149135 op, 1011200964.00 ns, 6.7804 us/op
WorkloadWarmup   4: 149135 op, 995512240.00 ns, 6.6752 us/op
WorkloadWarmup   5: 149135 op, 997015366.00 ns, 6.6853 us/op
WorkloadWarmup   6: 149135 op, 1001216357.00 ns, 6.7135 us/op
WorkloadWarmup   7: 149135 op, 992753020.00 ns, 6.6567 us/op

// BeforeActualRun
WorkloadActual   1: 149135 op, 1001945342.00 ns, 6.7184 us/op
WorkloadActual   2: 149135 op, 991928539.00 ns, 6.6512 us/op
WorkloadActual   3: 149135 op, 996199976.00 ns, 6.6799 us/op
WorkloadActual   4: 149135 op, 1044638725.00 ns, 7.0047 us/op
WorkloadActual   5: 149135 op, 988338677.00 ns, 6.6271 us/op
WorkloadActual   6: 149135 op, 1012377946.00 ns, 6.7883 us/op
WorkloadActual   7: 149135 op, 987837549.00 ns, 6.6238 us/op
WorkloadActual   8: 149135 op, 990978892.00 ns, 6.6448 us/op
WorkloadActual   9: 149135 op, 996383329.00 ns, 6.6811 us/op
WorkloadActual  10: 149135 op, 989475966.00 ns, 6.6348 us/op
WorkloadActual  11: 149135 op, 1008360904.00 ns, 6.7614 us/op
WorkloadActual  12: 149135 op, 996580875.00 ns, 6.6824 us/op
WorkloadActual  13: 149135 op, 1003702325.00 ns, 6.7302 us/op
WorkloadActual  14: 149135 op, 996908868.00 ns, 6.6846 us/op
WorkloadActual  15: 149135 op, 1020104397.00 ns, 6.8401 us/op

// AfterActualRun
WorkloadResult   1: 149135 op, 1001945342.00 ns, 6.7184 us/op
WorkloadResult   2: 149135 op, 991928539.00 ns, 6.6512 us/op
WorkloadResult   3: 149135 op, 996199976.00 ns, 6.6799 us/op
WorkloadResult   4: 149135 op, 1044638725.00 ns, 7.0047 us/op
WorkloadResult   5: 149135 op, 988338677.00 ns, 6.6271 us/op
WorkloadResult   6: 149135 op, 1012377946.00 ns, 6.7883 us/op
WorkloadResult   7: 149135 op, 987837549.00 ns, 6.6238 us/op
WorkloadResult   8: 149135 op, 990978892.00 ns, 6.6448 us/op
WorkloadResult   9: 149135 op, 996383329.00 ns, 6.6811 us/op
WorkloadResult  10: 149135 op, 989475966.00 ns, 6.6348 us/op
WorkloadResult  11: 149135 op, 1008360904.00 ns, 6.7614 us/op
WorkloadResult  12: 149135 op, 996580875.00 ns, 6.6824 us/op
WorkloadResult  13: 149135 op, 1003702325.00 ns, 6.7302 us/op
WorkloadResult  14: 149135 op, 996908868.00 ns, 6.6846 us/op
WorkloadResult  15: 149135 op, 1020104397.00 ns, 6.8401 us/op

// AfterAll
// Benchmark Process 1025056 has exited with code 0.

Mean = 6.717 μs, StdErr = 0.026 μs (0.39%), N = 15, StdDev = 0.101 μs
Min = 6.624 μs, Q1 = 6.648 μs, Median = 6.682 μs, Q3 = 6.746 μs, Max = 7.005 μs
IQR = 0.098 μs, LowerFence = 6.501 μs, UpperFence = 6.892 μs
ConfidenceInterval = [6.609 μs; 6.825 μs] (CI 99.9%), Margin = 0.108 μs (1.61% of Mean)
Skewness = 1.5, Kurtosis = 4.69, MValue = 2

// ** Remained 0 (0.0 %) benchmark(s) to run. Estimated finish 2026-05-26 18:54 (0h 0m from now) **
// ***** BenchmarkRunner: Finish  *****

// * Export *
  BenchmarkArtifacts/results/JsonBench.Benchmarks.SmokeBenchByte-report.csv
  BenchmarkArtifacts/results/JsonBench.Benchmarks.SmokeBenchByte-report-github.md
  BenchmarkArtifacts/results/JsonBench.Benchmarks.SmokeBenchByte-report.html
  BenchmarkArtifacts/results/JsonBench.Benchmarks.SmokeBenchByte-measurements.csv

// * Detailed results *
SmokeBenchByte.SpanJson_Deser: Energy(OutlierMode=DontRemove, Affinity=00000100, IterationTime=1s)
Runtime = .NET 10.0.8 (10.0.8, 10.0.826.23019), X64 RyuJIT x86-64-v3; GC = Concurrent Workstation
Mean = 7.330 μs, StdErr = 0.036 μs (0.49%), N = 16, StdDev = 0.143 μs
Min = 7.245 μs, Q1 = 7.269 μs, Median = 7.276 μs, Q3 = 7.315 μs, Max = 7.811 μs
IQR = 0.046 μs, LowerFence = 7.200 μs, UpperFence = 7.384 μs
ConfidenceInterval = [7.185 μs; 7.476 μs] (CI 99.9%), Margin = 0.145 μs (1.98% of Mean)
Skewness = 2.4, Kurtosis = 8.14, MValue = 2
-------------------- Histogram --------------------
[7.219 μs ; 7.368 μs) | @@@@@@@@@@@@@
[7.368 μs ; 7.519 μs) | @@
[7.519 μs ; 7.885 μs) | @
---------------------------------------------------

SmokeBenchByte.STJSrcGen_Deser: Energy(OutlierMode=DontRemove, Affinity=00000100, IterationTime=1s)
Runtime = .NET 10.0.8 (10.0.8, 10.0.826.23019), X64 RyuJIT x86-64-v3; GC = Concurrent Workstation
Mean = 9.788 μs, StdErr = 0.024 μs (0.25%), N = 15, StdDev = 0.094 μs
Min = 9.694 μs, Q1 = 9.721 μs, Median = 9.729 μs, Q3 = 9.841 μs, Max = 9.995 μs
IQR = 0.120 μs, LowerFence = 9.540 μs, UpperFence = 10.021 μs
ConfidenceInterval = [9.688 μs; 9.889 μs] (CI 99.9%), Margin = 0.100 μs (1.02% of Mean)
Skewness = 0.89, Kurtosis = 2.5, MValue = 2
-------------------- Histogram --------------------
[9.644 μs ; 10.045 μs) | @@@@@@@@@@@@@@@
---------------------------------------------------

SmokeBenchByte.STJRefGen_Deser: Energy(OutlierMode=DontRemove, Affinity=00000100, IterationTime=1s)
Runtime = .NET 10.0.8 (10.0.8, 10.0.826.23019), X64 RyuJIT x86-64-v3; GC = Concurrent Workstation
Mean = 10.159 μs, StdErr = 0.030 μs (0.29%), N = 15, StdDev = 0.116 μs
Min = 10.069 μs, Q1 = 10.081 μs, Median = 10.122 μs, Q3 = 10.205 μs, Max = 10.490 μs
IQR = 0.124 μs, LowerFence = 9.896 μs, UpperFence = 10.390 μs
ConfidenceInterval = [10.035 μs; 10.282 μs] (CI 99.9%), Margin = 0.124 μs (1.22% of Mean)
Skewness = 1.57, Kurtosis = 4.73, MValue = 2
-------------------- Histogram --------------------
[10.007 μs ; 10.210 μs) | @@@@@@@@@@@
[10.210 μs ; 10.551 μs) | @@@@
---------------------------------------------------

SmokeBenchByte.Utf8Json_Deser: Energy(OutlierMode=DontRemove, Affinity=00000100, IterationTime=1s)
Runtime = .NET 10.0.8 (10.0.8, 10.0.826.23019), X64 RyuJIT x86-64-v3; GC = Concurrent Workstation
Mean = 12.400 μs, StdErr = 0.030 μs (0.24%), N = 15, StdDev = 0.114 μs
Min = 12.288 μs, Q1 = 12.324 μs, Median = 12.332 μs, Q3 = 12.468 μs, Max = 12.690 μs
IQR = 0.144 μs, LowerFence = 12.108 μs, UpperFence = 12.684 μs
ConfidenceInterval = [12.278 μs; 12.522 μs] (CI 99.9%), Margin = 0.122 μs (0.99% of Mean)
Skewness = 1.09, Kurtosis = 3.15, MValue = 2
-------------------- Histogram --------------------
[12.227 μs ; 12.751 μs) | @@@@@@@@@@@@@@@
---------------------------------------------------

SmokeBenchByte.Newtonsoft_Deser: Energy(OutlierMode=DontRemove, Affinity=00000100, IterationTime=1s)
Runtime = .NET 10.0.8 (10.0.8, 10.0.826.23019), X64 RyuJIT x86-64-v3; GC = Concurrent Workstation
Mean = 20.269 μs, StdErr = 0.054 μs (0.26%), N = 15, StdDev = 0.207 μs
Min = 20.084 μs, Q1 = 20.110 μs, Median = 20.173 μs, Q3 = 20.452 μs, Max = 20.679 μs
IQR = 0.341 μs, LowerFence = 19.599 μs, UpperFence = 20.963 μs
ConfidenceInterval = [20.047 μs; 20.490 μs] (CI 99.9%), Margin = 0.222 μs (1.09% of Mean)
Skewness = 0.75, Kurtosis = 1.83, MValue = 2
-------------------- Histogram --------------------
[19.973 μs ; 20.719 μs) | @@@@@@@@@@@@@@@
---------------------------------------------------

SmokeBenchByte.STJSrcGen_Ser: Energy(OutlierMode=DontRemove, Affinity=00000100, IterationTime=1s)
Runtime = .NET 10.0.8 (10.0.8, 10.0.826.23019), X64 RyuJIT x86-64-v3; GC = Concurrent Workstation
Mean = 3.658 μs, StdErr = 0.011 μs (0.29%), N = 15, StdDev = 0.041 μs
Min = 3.629 μs, Q1 = 3.632 μs, Median = 3.636 μs, Q3 = 3.671 μs, Max = 3.773 μs
IQR = 0.039 μs, LowerFence = 3.574 μs, UpperFence = 3.728 μs
ConfidenceInterval = [3.615 μs; 3.702 μs] (CI 99.9%), Margin = 0.044 μs (1.19% of Mean)
Skewness = 1.55, Kurtosis = 4.58, MValue = 2
-------------------- Histogram --------------------
[3.607 μs ; 3.681 μs) | @@@@@@@@@@@@
[3.681 μs ; 3.795 μs) | @@@
---------------------------------------------------

SmokeBenchByte.STJRefGen_Ser: Energy(OutlierMode=DontRemove, Affinity=00000100, IterationTime=1s)
Runtime = .NET 10.0.8 (10.0.8, 10.0.826.23019), X64 RyuJIT x86-64-v3; GC = Concurrent Workstation
Mean = 4.839 μs, StdErr = 0.011 μs (0.24%), N = 15, StdDev = 0.044 μs
Min = 4.800 μs, Q1 = 4.806 μs, Median = 4.818 μs, Q3 = 4.869 μs, Max = 4.944 μs
IQR = 0.063 μs, LowerFence = 4.711 μs, UpperFence = 4.964 μs
ConfidenceInterval = [4.791 μs; 4.886 μs] (CI 99.9%), Margin = 0.047 μs (0.98% of Mean)
Skewness = 0.98, Kurtosis = 2.62, MValue = 2
-------------------- Histogram --------------------
[4.776 μs ; 4.967 μs) | @@@@@@@@@@@@@@@
---------------------------------------------------

SmokeBenchByte.Utf8Json_Ser: Energy(OutlierMode=DontRemove, Affinity=00000100, IterationTime=1s)
Runtime = .NET 10.0.8 (10.0.8, 10.0.826.23019), X64 RyuJIT x86-64-v3; GC = Concurrent Workstation
Mean = 6.717 μs, StdErr = 0.026 μs (0.39%), N = 15, StdDev = 0.101 μs
Min = 6.624 μs, Q1 = 6.648 μs, Median = 6.682 μs, Q3 = 6.746 μs, Max = 7.005 μs
IQR = 0.098 μs, LowerFence = 6.501 μs, UpperFence = 6.892 μs
ConfidenceInterval = [6.609 μs; 6.825 μs] (CI 99.9%), Margin = 0.108 μs (1.61% of Mean)
Skewness = 1.5, Kurtosis = 4.69, MValue = 2
-------------------- Histogram --------------------
[6.610 μs ; 6.869 μs) | @@@@@@@@@@@@@@
[6.869 μs ; 7.058 μs) | @
---------------------------------------------------

SmokeBenchByte.SpanJson_Ser: Energy(OutlierMode=DontRemove, Affinity=00000100, IterationTime=1s)
Runtime = .NET 10.0.8 (10.0.8, 10.0.826.23019), X64 RyuJIT x86-64-v3; GC = Concurrent Workstation
Mean = 7.149 μs, StdErr = 0.026 μs (0.36%), N = 15, StdDev = 0.100 μs
Min = 7.080 μs, Q1 = 7.105 μs, Median = 7.119 μs, Q3 = 7.146 μs, Max = 7.490 μs
IQR = 0.041 μs, LowerFence = 7.043 μs, UpperFence = 7.208 μs
ConfidenceInterval = [7.042 μs; 7.256 μs] (CI 99.9%), Margin = 0.107 μs (1.50% of Mean)
Skewness = 2.56, Kurtosis = 8.94, MValue = 2
-------------------- Histogram --------------------
[7.060 μs ; 7.309 μs) | @@@@@@@@@@@@@@
[7.309 μs ; 7.543 μs) | @
---------------------------------------------------

SmokeBenchByte.Newtonsoft_Ser: Energy(OutlierMode=DontRemove, Affinity=00000100, IterationTime=1s)
Runtime = .NET 10.0.8 (10.0.8, 10.0.826.23019), X64 RyuJIT x86-64-v3; GC = Concurrent Workstation
Mean = 12.007 μs, StdErr = 0.070 μs (0.58%), N = 82, StdDev = 0.633 μs
Min = 11.783 μs, Q1 = 11.795 μs, Median = 11.799 μs, Q3 = 11.877 μs, Max = 16.280 μs
IQR = 0.083 μs, LowerFence = 11.670 μs, UpperFence = 12.002 μs
ConfidenceInterval = [11.768 μs; 12.246 μs] (CI 99.9%), Margin = 0.239 μs (1.99% of Mean)
Skewness = 4.68, Kurtosis = 28.29, MValue = 2
-------------------- Histogram --------------------
[11.756 μs ; 12.139 μs) | @@@@@@@@@@@@@@@@@@@@@@@@@@@@@@@@@@@@@@@@@@@@@@@@@@@@@@@@@@@@@@@@@@@@@@@
[12.139 μs ; 12.529 μs) | @@@
[12.529 μs ; 12.912 μs) | @@@@
[12.912 μs ; 13.451 μs) | @
[13.451 μs ; 13.834 μs) | @
[13.834 μs ; 14.153 μs) | 
[14.153 μs ; 14.536 μs) | @
[14.536 μs ; 14.919 μs) | 
[14.919 μs ; 15.301 μs) | 
[15.301 μs ; 15.684 μs) | 
[15.684 μs ; 16.089 μs) | 
[16.089 μs ; 16.471 μs) | @
---------------------------------------------------

// * Summary *

BenchmarkDotNet v0.15.5-develop (2026-05-26), Linux Ubuntu 24.04.4 LTS (Noble Numbat)
Intel Core i9-9900K CPU 3.60GHz (Coffee Lake), 1 CPU, 8 logical and 8 physical cores
.NET SDK 10.0.108
  [Host] : .NET 10.0.8 (10.0.8, 10.0.826.23019), X64 RyuJIT x86-64-v3
  Energy : .NET 10.0.8 (10.0.8, 10.0.826.23019), X64 RyuJIT x86-64-v3

Job=Energy  OutlierMode=DontRemove  Affinity=00000100  
IterationTime=1s  

| Method           | Mean      | Error     | StdDev    | Operations | Median    | Iterations | Metrion CPU Energy (uJ/op) | Metrion CPU Energy (uJ/iter) |
|----------------- |----------:|----------:|----------:|-----------:|----------:|-----------:|---------------------------:|-----------------------------:|
| SpanJson_Deser   |  7.330 μs | 0.1453 μs | 0.1427 μs |    137,749 |  7.276 μs |      16.00 |                      93.80 |                  12921084.93 |
| STJSrcGen_Deser  |  9.788 μs | 0.1002 μs | 0.0938 μs |    102,848 |  9.729 μs |      15.00 |                     111.11 |                  11427952.98 |
| STJRefGen_Deser  | 10.159 μs | 0.1235 μs | 0.1156 μs |     99,120 | 10.122 μs |      15.00 |                      87.80 |                   8702750.56 |
| Utf8Json_Deser   | 12.400 μs | 0.1223 μs | 0.1144 μs |     81,154 | 12.332 μs |      15.00 |                     112.25 |                   9109254.72 |
| Newtonsoft_Deser | 20.269 μs | 0.2215 μs | 0.2072 μs |     49,696 | 20.173 μs |      15.00 |                     261.90 |                  13015369.49 |
|                  |           |           |           |            |           |            |                            |                              |
| STJSrcGen_Ser    |  3.658 μs | 0.0435 μs | 0.0407 μs |    275,936 |  3.636 μs |      15.00 |                      37.14 |                  10247407.05 |
| STJRefGen_Ser    |  4.839 μs | 0.0473 μs | 0.0443 μs |    207,760 |  4.818 μs |      15.00 |                      59.70 |                  12403812.40 |
| Utf8Json_Ser     |  6.717 μs | 0.1081 μs | 0.1011 μs |    149,135 |  6.682 μs |      15.00 |                      53.57 |                   7989513.70 |
| SpanJson_Ser     |  7.149 μs | 0.1073 μs | 0.1003 μs |    142,619 |  7.119 μs |      15.00 |                      79.09 |                  11279250.26 |
| Newtonsoft_Ser   | 12.007 μs | 0.2388 μs | 0.6332 μs |     16,416 | 11.799 μs |      82.00 |                     195.76 |                   3213545.42 |

// * Hints *
Outliers
  SmokeBenchByte.SpanJson_Deser: Energy  -> 3 outliers were detected (7.41 μs..7.81 μs)
  SmokeBenchByte.STJRefGen_Deser: Energy -> 1 outlier  was  detected (10.49 μs)
  SmokeBenchByte.Utf8Json_Deser: Energy  -> 1 outlier  was  detected (12.69 μs)
  SmokeBenchByte.STJSrcGen_Ser: Energy   -> 1 outlier  was  detected (3.78 μs)
  SmokeBenchByte.Utf8Json_Ser: Energy    -> 1 outlier  was  detected (7.00 μs)
  SmokeBenchByte.SpanJson_Ser: Energy    -> 1 outlier  was  detected (7.49 μs)
  SmokeBenchByte.Newtonsoft_Ser: Energy  -> 13 outliers were detected (12.12 μs..16.28 μs)

// * Legends *
  Mean                         : Arithmetic mean of all measurements
  Error                        : Half of 99.9% confidence interval
  StdDev                       : Standard deviation of all measurements
  Operations                   : Actual invocations per measured iteration (from measurements)
  Median                       : Value separating the higher half of all measurements (50th percentile)
  Iterations                   : Number of target iterations
  Metrion CPU Energy (uJ/op)   : Average CPU core energy consumed per benchmark operation (uJ), captured with Metrion.
  Metrion CPU Energy (uJ/iter) : Average CPU core energy consumed per benchmark iteration (uJ), captured with Metrion.
  1 μs                         : 1 Microsecond (0.000001 sec)

// * Diagnostic Output - MetrionEnergyProfiler *
Metrion measured the energy for a total of 10 benchmarks.
The measurements details of Actual Stage for each benchmark:
BenchmarkMethod - StartTimestamp - EndTimestamp - TotalEnergyFromSummary - TotalEnergyFromRawMeasurements
STJRefGen_Deser: 2026-05-26T18:47:11.911353 - 2026-05-26T18:47:27.040082 - 133.43475562093323 - 130.54125846058417
STJSrcGen_Deser: 2026-05-26T18:47:55.966191 - 2026-05-26T18:48:11.099868 - 177.8783628517312 - 171.4192946490989
Newtonsoft_Deser: 2026-05-26T18:48:45.257536 - 2026-05-26T18:49:00.396348 - 184.01333490627002 - 195.23054228018074
SpanJson_Deser: 2026-05-26T18:49:32.339655 - 2026-05-26T18:49:48.535639 - 196.03033867149085 - 206.7373588368231
Utf8Json_Deser: 2026-05-26T18:50:16.762574 - 2026-05-26T18:50:31.895066 - 134.47186227987405 - 136.6388207525955
STJRefGen_Ser: 2026-05-26T18:51:04.171213 - 2026-05-26T18:51:19.282748 - 179.68709075813135 - 186.057185968602
STJSrcGen_Ser: 2026-05-26T18:51:48.991964 - 2026-05-26T18:52:04.174004 - 157.11558466560578 - 153.7111057702422
Newtonsoft_Ser: 2026-05-26T18:52:27.966550 - 2026-05-26T18:52:44.252511 - 273.58722547276216 - 263.51072480377627
SpanJson_Ser: 2026-05-26T18:53:10.827588 - 2026-05-26T18:53:26.150002 - 169.19457007278282 - 169.18875387218765
Utf8Json_Ser: 2026-05-26T18:53:56.783752 - 2026-05-26T18:54:11.840216 - 119.66728542278481 - 119.84270554039117


// ***** BenchmarkRunner: End *****
Run time: 00:07:32 (452.37 sec), executed benchmarks: 10

Global total time: 00:07:39 (459.54 sec), executed benchmarks: 10
// * Artifacts cleanup *
Artifacts cleanup is finished
