// Validating benchmarks:
// ***** BenchmarkRunner: Start   *****
// ***** Found 10 benchmark(s) in total *****
// ***** Building 1 exe(s) in Parallel: Start   *****
// start dotnet  restore --nodeReuse:false /p:UseSharedCompilation=false /p:Deterministic=true /p:Optimize=true /p:ArtifactsPath="/home/test/json-energy-bench/JsonBench/bin/Release/net10.0/JsonBench-Energy-1/" /p:OutDir="/home/test/json-energy-bench/JsonBench/bin/Release/net10.0/JsonBench-Energy-1/bin/Release/net10.0/" /p:OutputPath="/home/test/json-energy-bench/JsonBench/bin/Release/net10.0/JsonBench-Energy-1/bin/Release/net10.0/" /p:PublishDir="/home/test/json-energy-bench/JsonBench/bin/Release/net10.0/JsonBench-Energy-1/publish/" in /home/test/json-energy-bench/JsonBench/bin/Release/net10.0/JsonBench-Energy-1
// command took 1.61 sec and exited with 0
// start dotnet  build -c Release --no-restore --nodeReuse:false /p:UseSharedCompilation=false /p:Deterministic=true /p:Optimize=true /p:ArtifactsPath="/home/test/json-energy-bench/JsonBench/bin/Release/net10.0/JsonBench-Energy-1/" /p:OutDir="/home/test/json-energy-bench/JsonBench/bin/Release/net10.0/JsonBench-Energy-1/bin/Release/net10.0/" /p:OutputPath="/home/test/json-energy-bench/JsonBench/bin/Release/net10.0/JsonBench-Energy-1/bin/Release/net10.0/" /p:PublishDir="/home/test/json-energy-bench/JsonBench/bin/Release/net10.0/JsonBench-Energy-1/publish/" --output "/home/test/json-energy-bench/JsonBench/bin/Release/net10.0/JsonBench-Energy-1/bin/Release/net10.0/" in /home/test/json-energy-bench/JsonBench/bin/Release/net10.0/JsonBench-Energy-1
// command took 5.32 sec and exited with 0
// ***** Done, took 00:00:07 (7 sec)   *****
// Found 10 benchmarks:
//   SmokeBenchByte.STJRefGen_Deser: Energy(OutlierMode=DontRemove, Affinity=00000100, IterationTime=1s)
//   SmokeBenchByte.STJSrcGen_Deser: Energy(OutlierMode=DontRemove, Affinity=00000100, IterationTime=1s)
//   SmokeBenchByte.Newtonsoft_Deser: Energy(OutlierMode=DontRemove, Affinity=00000100, IterationTime=1s)
//   SmokeBenchByte.SpanJson_Deser: Energy(OutlierMode=DontRemove, Affinity=00000100, IterationTime=1s)
//   SmokeBenchByte.Utf8Json_Deser: Energy(OutlierMode=DontRemove, Affinity=00000100, IterationTime=1s)
//   SmokeBenchByte.STJRefGen_Ser: Energy(OutlierMode=DontRemove, Affinity=00000100, IterationTime=1s)
//   SmokeBenchByte.STJSrcGen_Ser: Energy(OutlierMode=DontRemove, Affinity=00000100, IterationTime=1s)
//   SmokeBenchByte.Newtonsoft_Ser: Energy(OutlierMode=DontRemove, Affinity=00000100, IterationTime=1s)
//   SmokeBenchByte.SpanJson_Ser: Energy(OutlierMode=DontRemove, Affinity=00000100, IterationTime=1s)
//   SmokeBenchByte.Utf8Json_Ser: Energy(OutlierMode=DontRemove, Affinity=00000100, IterationTime=1s)

// **************************
// Benchmark: SmokeBenchByte.STJRefGen_Deser: Energy(OutlierMode=DontRemove, Affinity=00000100, IterationTime=1s)
// *** Execute ***
// Launch: 1 / 1
// Execute: dotnet JsonBench-Energy-1.dll --anonymousPipes 160 161 --benchmarkName JsonBench.Benchmarks.SmokeBenchByte.STJRefGen_Deser --job Energy --benchmarkId 0 in /home/test/json-energy-bench/JsonBench/bin/Release/net10.0/JsonBench-Energy-1/bin/Release/net10.0
// BeforeAnythingElse

// Benchmark Process Environment Information:
// BenchmarkDotNet v0.15.5-develop (2026-05-26)
// Runtime=.NET 10.0.8 (10.0.8, 10.0.826.23019), X64 RyuJIT x86-64-v3
// GC=Concurrent Workstation
// HardwareIntrinsics=AVX2+BMI1+BMI2+F16C+FMA+LZCNT+MOVBE,AVX,SSE3+SSSE3+SSE4.1+SSE4.2+POPCNT,X86Base+SSE+SSE2,AES+PCLMUL VectorSize=256
// Job: Energy(OutlierMode=DontRemove, Affinity=100, IterationTime=1s)

OverheadJitting  1: 1 op, 247769.00 ns, 247.7690 us/op
WorkloadJitting  1: 1 op, 330037.00 ns, 330.0370 us/op

OverheadJitting  2: 16 op, 636320.00 ns, 39.7700 us/op
WorkloadJitting  2: 16 op, 1089605.00 ns, 68.1003 us/op

WorkloadPilot    1: 16 op, 378256.00 ns, 23.6410 us/op
WorkloadPilot    2: 42304 op, 962873659.00 ns, 22.7608 us/op
WorkloadPilot    3: 43936 op, 1078791366.00 ns, 24.5537 us/op
WorkloadPilot    4: 40736 op, 1310226882.00 ns, 32.1639 us/op
WorkloadPilot    5: 31104 op, 866403678.00 ns, 27.8551 us/op
WorkloadPilot    6: 35904 op, 368382820.00 ns, 10.2602 us/op
WorkloadPilot    7: 97472 op, 963793594.00 ns, 9.8879 us/op
WorkloadPilot    8: 101136 op, 990707105.00 ns, 9.7958 us/op
WorkloadPilot    9: 102096 op, 997765408.00 ns, 9.7728 us/op
WorkloadPilot   10: 102336 op, 997829912.00 ns, 9.7505 us/op
WorkloadPilot   11: 102560 op, 1007147964.00 ns, 9.8201 us/op

OverheadWarmup   1: 102560 op, 462464.00 ns, 4.5092 ns/op
OverheadWarmup   2: 102560 op, 461757.00 ns, 4.5023 ns/op
OverheadWarmup   3: 102560 op, 457798.00 ns, 4.4637 ns/op
OverheadWarmup   4: 102560 op, 461092.00 ns, 4.4958 ns/op
OverheadWarmup   5: 102560 op, 456933.00 ns, 4.4553 ns/op
OverheadWarmup   6: 102560 op, 462115.00 ns, 4.5058 ns/op
OverheadWarmup   7: 102560 op, 463427.00 ns, 4.5186 ns/op
OverheadWarmup   8: 102560 op, 457867.00 ns, 4.4644 ns/op

OverheadActual   1: 102560 op, 457183.00 ns, 4.4577 ns/op
OverheadActual   2: 102560 op, 460830.00 ns, 4.4933 ns/op
OverheadActual   3: 102560 op, 458322.00 ns, 4.4688 ns/op
OverheadActual   4: 102560 op, 458144.00 ns, 4.4671 ns/op
OverheadActual   5: 102560 op, 460346.00 ns, 4.4886 ns/op
OverheadActual   6: 102560 op, 465351.00 ns, 4.5374 ns/op
OverheadActual   7: 102560 op, 457204.00 ns, 4.4579 ns/op
OverheadActual   8: 102560 op, 459300.00 ns, 4.4784 ns/op
OverheadActual   9: 102560 op, 457592.00 ns, 4.4617 ns/op
OverheadActual  10: 102560 op, 461590.00 ns, 4.5007 ns/op
OverheadActual  11: 102560 op, 457864.00 ns, 4.4644 ns/op
OverheadActual  12: 102560 op, 457365.00 ns, 4.4595 ns/op
OverheadActual  13: 102560 op, 463730.00 ns, 4.5215 ns/op
OverheadActual  14: 102560 op, 456987.00 ns, 4.4558 ns/op
OverheadActual  15: 102560 op, 460947.00 ns, 4.4944 ns/op

WorkloadWarmup   1: 102560 op, 1004182202.00 ns, 9.7912 us/op
WorkloadWarmup   2: 102560 op, 1070122650.00 ns, 10.4341 us/op
WorkloadWarmup   3: 102560 op, 1031064879.00 ns, 10.0533 us/op
WorkloadWarmup   4: 102560 op, 999523697.00 ns, 9.7457 us/op
WorkloadWarmup   5: 102560 op, 999700595.00 ns, 9.7475 us/op
WorkloadWarmup   6: 102560 op, 999434192.00 ns, 9.7449 us/op

// BeforeActualRun
WorkloadActual   1: 102560 op, 1022930726.00 ns, 9.9740 us/op
WorkloadActual   2: 102560 op, 1002681088.00 ns, 9.7765 us/op
WorkloadActual   3: 102560 op, 1002859490.00 ns, 9.7783 us/op
WorkloadActual   4: 102560 op, 1002898718.00 ns, 9.7787 us/op
WorkloadActual   5: 102560 op, 1003180627.00 ns, 9.7814 us/op
WorkloadActual   6: 102560 op, 1019678613.00 ns, 9.9423 us/op
WorkloadActual   7: 102560 op, 1007350206.00 ns, 9.8221 us/op
WorkloadActual   8: 102560 op, 1000927372.00 ns, 9.7594 us/op
WorkloadActual   9: 102560 op, 1000494220.00 ns, 9.7552 us/op
WorkloadActual  10: 102560 op, 999491393.00 ns, 9.7454 us/op
WorkloadActual  11: 102560 op, 1038900467.00 ns, 10.1297 us/op
WorkloadActual  12: 102560 op, 1021011439.00 ns, 9.9553 us/op
WorkloadActual  13: 102560 op, 1000009004.00 ns, 9.7505 us/op
WorkloadActual  14: 102560 op, 999677220.00 ns, 9.7472 us/op
WorkloadActual  15: 102560 op, 999699718.00 ns, 9.7475 us/op

// AfterActualRun
WorkloadResult   1: 102560 op, 1022472404.00 ns, 9.9695 us/op
WorkloadResult   2: 102560 op, 1002222766.00 ns, 9.7721 us/op
WorkloadResult   3: 102560 op, 1002401168.00 ns, 9.7738 us/op
WorkloadResult   4: 102560 op, 1002440396.00 ns, 9.7742 us/op
WorkloadResult   5: 102560 op, 1002722305.00 ns, 9.7769 us/op
WorkloadResult   6: 102560 op, 1019220291.00 ns, 9.9378 us/op
WorkloadResult   7: 102560 op, 1006891884.00 ns, 9.8176 us/op
WorkloadResult   8: 102560 op, 1000469050.00 ns, 9.7550 us/op
WorkloadResult   9: 102560 op, 1000035898.00 ns, 9.7507 us/op
WorkloadResult  10: 102560 op, 999033071.00 ns, 9.7410 us/op
WorkloadResult  11: 102560 op, 1038442145.00 ns, 10.1252 us/op
WorkloadResult  12: 102560 op, 1020553117.00 ns, 9.9508 us/op
WorkloadResult  13: 102560 op, 999550682.00 ns, 9.7460 us/op
WorkloadResult  14: 102560 op, 999218898.00 ns, 9.7428 us/op
WorkloadResult  15: 102560 op, 999241396.00 ns, 9.7430 us/op

// AfterAll
// Benchmark Process 1025791 has exited with code 0.

Mean = 9.825 μs, StdErr = 0.030 μs (0.30%), N = 15, StdDev = 0.116 μs
Min = 9.741 μs, Q1 = 9.748 μs, Median = 9.774 μs, Q3 = 9.878 μs, Max = 10.125 μs
IQR = 0.129 μs, LowerFence = 9.554 μs, UpperFence = 10.072 μs
ConfidenceInterval = [9.701 μs; 9.949 μs] (CI 99.9%), Margin = 0.124 μs (1.26% of Mean)
Skewness = 1.29, Kurtosis = 3.44, MValue = 2

// ** Remained 9 (90.0 %) benchmark(s) to run. Estimated finish 2026-05-26 19:02 (0h 6m from now) **
// **************************
// Benchmark: SmokeBenchByte.STJSrcGen_Deser: Energy(OutlierMode=DontRemove, Affinity=00000100, IterationTime=1s)
// *** Execute ***
// Launch: 1 / 1
// Execute: dotnet JsonBench-Energy-1.dll --anonymousPipes 125 126 --benchmarkName JsonBench.Benchmarks.SmokeBenchByte.STJSrcGen_Deser --job Energy --benchmarkId 1 in /home/test/json-energy-bench/JsonBench/bin/Release/net10.0/JsonBench-Energy-1/bin/Release/net10.0
// BeforeAnythingElse

// Benchmark Process Environment Information:
// BenchmarkDotNet v0.15.5-develop (2026-05-26)
// Runtime=.NET 10.0.8 (10.0.8, 10.0.826.23019), X64 RyuJIT x86-64-v3
// GC=Concurrent Workstation
// HardwareIntrinsics=AVX2+BMI1+BMI2+F16C+FMA+LZCNT+MOVBE,AVX,SSE3+SSSE3+SSE4.1+SSE4.2+POPCNT,X86Base+SSE+SSE2,AES+PCLMUL VectorSize=256
// Job: Energy(OutlierMode=DontRemove, Affinity=100, IterationTime=1s)

OverheadJitting  1: 1 op, 238071.00 ns, 238.0710 us/op
WorkloadJitting  1: 1 op, 11031025.00 ns, 11.0310 ms/op

OverheadJitting  2: 16 op, 649897.00 ns, 40.6186 us/op
WorkloadJitting  2: 16 op, 1091446.00 ns, 68.2154 us/op

WorkloadPilot    1: 16 op, 455760.00 ns, 28.4850 us/op
WorkloadPilot    2: 35120 op, 808265870.00 ns, 23.0144 us/op
WorkloadPilot    3: 43456 op, 1004649783.00 ns, 23.1188 us/op
WorkloadPilot    4: 43264 op, 1459786552.00 ns, 33.7414 us/op
WorkloadPilot    5: 29648 op, 916534257.00 ns, 30.9139 us/op
WorkloadPilot    6: 32352 op, 332980574.00 ns, 10.2924 us/op
WorkloadPilot    7: 97168 op, 950617312.00 ns, 9.7832 us/op
WorkloadPilot    8: 102224 op, 997272544.00 ns, 9.7558 us/op
WorkloadPilot    9: 102512 op, 996977481.00 ns, 9.7255 us/op
WorkloadPilot   10: 102832 op, 996724112.00 ns, 9.6927 us/op
WorkloadPilot   11: 103184 op, 999527587.00 ns, 9.6868 us/op
WorkloadPilot   12: 103248 op, 1004483344.00 ns, 9.7288 us/op

OverheadWarmup   1: 103248 op, 456196.00 ns, 4.4184 ns/op
OverheadWarmup   2: 103248 op, 456531.00 ns, 4.4217 ns/op
OverheadWarmup   3: 103248 op, 453323.00 ns, 4.3906 ns/op
OverheadWarmup   4: 103248 op, 453340.00 ns, 4.3908 ns/op
OverheadWarmup   5: 103248 op, 456540.00 ns, 4.4218 ns/op
OverheadWarmup   6: 103248 op, 456451.00 ns, 4.4209 ns/op

OverheadActual   1: 103248 op, 453167.00 ns, 4.3891 ns/op
OverheadActual   2: 103248 op, 457792.00 ns, 4.4339 ns/op
OverheadActual   3: 103248 op, 456672.00 ns, 4.4231 ns/op
OverheadActual   4: 103248 op, 453113.00 ns, 4.3886 ns/op
OverheadActual   5: 103248 op, 456677.00 ns, 4.4231 ns/op
OverheadActual   6: 103248 op, 453091.00 ns, 4.3884 ns/op
OverheadActual   7: 103248 op, 453288.00 ns, 4.3903 ns/op
OverheadActual   8: 103248 op, 456936.00 ns, 4.4256 ns/op
OverheadActual   9: 103248 op, 453230.00 ns, 4.3897 ns/op
OverheadActual  10: 103248 op, 456431.00 ns, 4.4207 ns/op
OverheadActual  11: 103248 op, 453275.00 ns, 4.3902 ns/op
OverheadActual  12: 103248 op, 456645.00 ns, 4.4228 ns/op
OverheadActual  13: 103248 op, 453139.00 ns, 4.3888 ns/op
OverheadActual  14: 103248 op, 460594.00 ns, 4.4610 ns/op
OverheadActual  15: 103248 op, 453321.00 ns, 4.3906 ns/op

WorkloadWarmup   1: 103248 op, 1025381222.00 ns, 9.9312 us/op
WorkloadWarmup   2: 103248 op, 1054524398.00 ns, 10.2135 us/op
WorkloadWarmup   3: 103248 op, 1019040499.00 ns, 9.8698 us/op
WorkloadWarmup   4: 103248 op, 999529503.00 ns, 9.6809 us/op
WorkloadWarmup   5: 103248 op, 999304948.00 ns, 9.6787 us/op
WorkloadWarmup   6: 103248 op, 1017262547.00 ns, 9.8526 us/op
WorkloadWarmup   7: 103248 op, 999544293.00 ns, 9.6810 us/op

// BeforeActualRun
WorkloadActual   1: 103248 op, 1001388967.00 ns, 9.6989 us/op
WorkloadActual   2: 103248 op, 999223633.00 ns, 9.6779 us/op
WorkloadActual   3: 103248 op, 999246576.00 ns, 9.6781 us/op
WorkloadActual   4: 103248 op, 1015019526.00 ns, 9.8309 us/op
WorkloadActual   5: 103248 op, 1007425211.00 ns, 9.7573 us/op
WorkloadActual   6: 103248 op, 999487831.00 ns, 9.6805 us/op
WorkloadActual   7: 103248 op, 999871782.00 ns, 9.6842 us/op
WorkloadActual   8: 103248 op, 1000790140.00 ns, 9.6931 us/op
WorkloadActual   9: 103248 op, 1000439973.00 ns, 9.6897 us/op
WorkloadActual  10: 103248 op, 1057106971.00 ns, 10.2385 us/op
WorkloadActual  11: 103248 op, 1000418180.00 ns, 9.6895 us/op
WorkloadActual  12: 103248 op, 1000567881.00 ns, 9.6909 us/op
WorkloadActual  13: 103248 op, 999720616.00 ns, 9.6827 us/op
WorkloadActual  14: 103248 op, 1001709245.00 ns, 9.7020 us/op
WorkloadActual  15: 103248 op, 1024230990.00 ns, 9.9201 us/op

// AfterActualRun
WorkloadResult   1: 103248 op, 1000935646.00 ns, 9.6945 us/op
WorkloadResult   2: 103248 op, 998770312.00 ns, 9.6735 us/op
WorkloadResult   3: 103248 op, 998793255.00 ns, 9.6737 us/op
WorkloadResult   4: 103248 op, 1014566205.00 ns, 9.8265 us/op
WorkloadResult   5: 103248 op, 1006971890.00 ns, 9.7529 us/op
WorkloadResult   6: 103248 op, 999034510.00 ns, 9.6761 us/op
WorkloadResult   7: 103248 op, 999418461.00 ns, 9.6798 us/op
WorkloadResult   8: 103248 op, 1000336819.00 ns, 9.6887 us/op
WorkloadResult   9: 103248 op, 999986652.00 ns, 9.6853 us/op
WorkloadResult  10: 103248 op, 1056653650.00 ns, 10.2341 us/op
WorkloadResult  11: 103248 op, 999964859.00 ns, 9.6851 us/op
WorkloadResult  12: 103248 op, 1000114560.00 ns, 9.6865 us/op
WorkloadResult  13: 103248 op, 999267295.00 ns, 9.6783 us/op
WorkloadResult  14: 103248 op, 1001255924.00 ns, 9.6976 us/op
WorkloadResult  15: 103248 op, 1023777669.00 ns, 9.9157 us/op

// AfterAll
// Benchmark Process 1026172 has exited with code 0.

Mean = 9.750 μs, StdErr = 0.039 μs (0.40%), N = 15, StdDev = 0.150 μs
Min = 9.674 μs, Q1 = 9.679 μs, Median = 9.687 μs, Q3 = 9.725 μs, Max = 10.234 μs
IQR = 0.046 μs, LowerFence = 9.610 μs, UpperFence = 9.795 μs
ConfidenceInterval = [9.589 μs; 9.911 μs] (CI 99.9%), Margin = 0.161 μs (1.65% of Mean)
Skewness = 2.26, Kurtosis = 7.29, MValue = 2

// ** Remained 8 (80.0 %) benchmark(s) to run. Estimated finish 2026-05-26 19:02 (0h 6m from now) **
// **************************
// Benchmark: SmokeBenchByte.Newtonsoft_Deser: Energy(OutlierMode=DontRemove, Affinity=00000100, IterationTime=1s)
// *** Execute ***
// Launch: 1 / 1
// Execute: dotnet JsonBench-Energy-1.dll --anonymousPipes 125 126 --benchmarkName JsonBench.Benchmarks.SmokeBenchByte.Newtonsoft_Deser --job Energy --benchmarkId 2 in /home/test/json-energy-bench/JsonBench/bin/Release/net10.0/JsonBench-Energy-1/bin/Release/net10.0
// BeforeAnythingElse

// Benchmark Process Environment Information:
// BenchmarkDotNet v0.15.5-develop (2026-05-26)
// Runtime=.NET 10.0.8 (10.0.8, 10.0.826.23019), X64 RyuJIT x86-64-v3
// GC=Concurrent Workstation
// HardwareIntrinsics=AVX2+BMI1+BMI2+F16C+FMA+LZCNT+MOVBE,AVX,SSE3+SSSE3+SSE4.1+SSE4.2+POPCNT,X86Base+SSE+SSE2,AES+PCLMUL VectorSize=256
// Job: Energy(OutlierMode=DontRemove, Affinity=100, IterationTime=1s)

OverheadJitting  1: 1 op, 239308.00 ns, 239.3080 us/op
WorkloadJitting  1: 1 op, 62148433.00 ns, 62.1484 ms/op

OverheadJitting  2: 16 op, 643690.00 ns, 40.2306 us/op
WorkloadJitting  2: 16 op, 2470673.00 ns, 154.4171 us/op

WorkloadPilot    1: 16 op, 1730513.00 ns, 108.1571 us/op
WorkloadPilot    2: 9248 op, 842802772.00 ns, 91.1335 us/op
WorkloadPilot    3: 10976 op, 1061558765.00 ns, 96.7164 us/op
WorkloadPilot    4: 10352 op, 1376972371.00 ns, 133.0151 us/op
WorkloadPilot    5: 7520 op, 799970159.00 ns, 106.3790 us/op
WorkloadPilot    6: 9408 op, 236711776.00 ns, 25.1607 us/op
WorkloadPilot    7: 39760 op, 756994931.00 ns, 19.0391 us/op
WorkloadPilot    8: 52528 op, 983190993.00 ns, 18.7175 us/op
WorkloadPilot    9: 53440 op, 995071866.00 ns, 18.6204 us/op
WorkloadPilot   10: 53712 op, 997706355.00 ns, 18.5751 us/op
WorkloadPilot   11: 53840 op, 1007725049.00 ns, 18.7170 us/op

OverheadWarmup   1: 53840 op, 227681.00 ns, 4.2288 ns/op
OverheadWarmup   2: 53840 op, 223601.00 ns, 4.1531 ns/op
OverheadWarmup   3: 53840 op, 224954.00 ns, 4.1782 ns/op
OverheadWarmup   4: 53840 op, 222796.00 ns, 4.1381 ns/op
OverheadWarmup   5: 53840 op, 222645.00 ns, 4.1353 ns/op
OverheadWarmup   6: 53840 op, 222106.00 ns, 4.1253 ns/op
OverheadWarmup   7: 53840 op, 223762.00 ns, 4.1561 ns/op
OverheadWarmup   8: 53840 op, 222575.00 ns, 4.1340 ns/op

OverheadActual   1: 53840 op, 222594.00 ns, 4.1344 ns/op
OverheadActual   2: 53840 op, 223082.00 ns, 4.1434 ns/op
OverheadActual   3: 53840 op, 222816.00 ns, 4.1385 ns/op
OverheadActual   4: 53840 op, 222072.00 ns, 4.1247 ns/op
OverheadActual   5: 53840 op, 223606.00 ns, 4.1532 ns/op
OverheadActual   6: 53840 op, 223402.00 ns, 4.1494 ns/op
OverheadActual   7: 53840 op, 223290.00 ns, 4.1473 ns/op
OverheadActual   8: 53840 op, 222494.00 ns, 4.1325 ns/op
OverheadActual   9: 53840 op, 222145.00 ns, 4.1260 ns/op
OverheadActual  10: 53840 op, 223889.00 ns, 4.1584 ns/op
OverheadActual  11: 53840 op, 223758.00 ns, 4.1560 ns/op
OverheadActual  12: 53840 op, 223193.00 ns, 4.1455 ns/op
OverheadActual  13: 53840 op, 223067.00 ns, 4.1431 ns/op
OverheadActual  14: 53840 op, 222872.00 ns, 4.1395 ns/op
OverheadActual  15: 53840 op, 222127.00 ns, 4.1257 ns/op

WorkloadWarmup   1: 53840 op, 1004605344.00 ns, 18.6591 us/op
WorkloadWarmup   2: 53840 op, 1049166941.00 ns, 19.4868 us/op
WorkloadWarmup   3: 53840 op, 1068642026.00 ns, 19.8485 us/op
WorkloadWarmup   4: 53840 op, 1000524620.00 ns, 18.5833 us/op
WorkloadWarmup   5: 53840 op, 1000388805.00 ns, 18.5808 us/op
WorkloadWarmup   6: 53840 op, 1000552885.00 ns, 18.5838 us/op
WorkloadWarmup   7: 53840 op, 1000722692.00 ns, 18.5870 us/op
WorkloadWarmup   8: 53840 op, 1022269441.00 ns, 18.9872 us/op
WorkloadWarmup   9: 53840 op, 1000983844.00 ns, 18.5918 us/op

// BeforeActualRun
WorkloadActual   1: 53840 op, 1002317346.00 ns, 18.6166 us/op
WorkloadActual   2: 53840 op, 1004356739.00 ns, 18.6545 us/op
WorkloadActual   3: 53840 op, 1008166542.00 ns, 18.7252 us/op
WorkloadActual   4: 53840 op, 1027434870.00 ns, 19.0831 us/op
WorkloadActual   5: 53840 op, 1005264339.00 ns, 18.6713 us/op
WorkloadActual   6: 53840 op, 1005820678.00 ns, 18.6817 us/op
WorkloadActual   7: 53840 op, 1004017180.00 ns, 18.6482 us/op
WorkloadActual   8: 53840 op, 1036151056.00 ns, 19.2450 us/op
WorkloadActual   9: 53840 op, 1033587940.00 ns, 19.1974 us/op
WorkloadActual  10: 53840 op, 1005007912.00 ns, 18.6666 us/op
WorkloadActual  11: 53840 op, 1004175527.00 ns, 18.6511 us/op
WorkloadActual  12: 53840 op, 1004241010.00 ns, 18.6523 us/op
WorkloadActual  13: 53840 op, 1004687808.00 ns, 18.6606 us/op
WorkloadActual  14: 53840 op, 1020307607.00 ns, 18.9507 us/op
WorkloadActual  15: 53840 op, 1000453083.00 ns, 18.5820 us/op

// AfterActualRun
WorkloadResult   1: 53840 op, 1002094279.00 ns, 18.6124 us/op
WorkloadResult   2: 53840 op, 1004133672.00 ns, 18.6503 us/op
WorkloadResult   3: 53840 op, 1007943475.00 ns, 18.7211 us/op
WorkloadResult   4: 53840 op, 1027211803.00 ns, 19.0790 us/op
WorkloadResult   5: 53840 op, 1005041272.00 ns, 18.6672 us/op
WorkloadResult   6: 53840 op, 1005597611.00 ns, 18.6775 us/op
WorkloadResult   7: 53840 op, 1003794113.00 ns, 18.6440 us/op
WorkloadResult   8: 53840 op, 1035927989.00 ns, 19.2409 us/op
WorkloadResult   9: 53840 op, 1033364873.00 ns, 19.1933 us/op
WorkloadResult  10: 53840 op, 1004784845.00 ns, 18.6624 us/op
WorkloadResult  11: 53840 op, 1003952460.00 ns, 18.6470 us/op
WorkloadResult  12: 53840 op, 1004017943.00 ns, 18.6482 us/op
WorkloadResult  13: 53840 op, 1004464741.00 ns, 18.6565 us/op
WorkloadResult  14: 53840 op, 1020084540.00 ns, 18.9466 us/op
WorkloadResult  15: 53840 op, 1000230016.00 ns, 18.5778 us/op

// AfterAll
// Benchmark Process 1026554 has exited with code 0.

Mean = 18.775 μs, StdErr = 0.058 μs (0.31%), N = 15, StdDev = 0.223 μs
Min = 18.578 μs, Q1 = 18.648 μs, Median = 18.662 μs, Q3 = 18.834 μs, Max = 19.241 μs
IQR = 0.186 μs, LowerFence = 18.368 μs, UpperFence = 19.113 μs
ConfidenceInterval = [18.537 μs; 19.013 μs] (CI 99.9%), Margin = 0.238 μs (1.27% of Mean)
Skewness = 1.1, Kurtosis = 2.46, MValue = 2

// ** Remained 7 (70.0 %) benchmark(s) to run. Estimated finish 2026-05-26 19:02 (0h 5m from now) **
// **************************
// Benchmark: SmokeBenchByte.SpanJson_Deser: Energy(OutlierMode=DontRemove, Affinity=00000100, IterationTime=1s)
// *** Execute ***
// Launch: 1 / 1
// Execute: dotnet JsonBench-Energy-1.dll --anonymousPipes 127 128 --benchmarkName JsonBench.Benchmarks.SmokeBenchByte.SpanJson_Deser --job Energy --benchmarkId 3 in /home/test/json-energy-bench/JsonBench/bin/Release/net10.0/JsonBench-Energy-1/bin/Release/net10.0
// BeforeAnythingElse

// Benchmark Process Environment Information:
// BenchmarkDotNet v0.15.5-develop (2026-05-26)
// Runtime=.NET 10.0.8 (10.0.8, 10.0.826.23019), X64 RyuJIT x86-64-v3
// GC=Concurrent Workstation
// HardwareIntrinsics=AVX2+BMI1+BMI2+F16C+FMA+LZCNT+MOVBE,AVX,SSE3+SSSE3+SSE4.1+SSE4.2+POPCNT,X86Base+SSE+SSE2,AES+PCLMUL VectorSize=256
// Job: Energy(OutlierMode=DontRemove, Affinity=100, IterationTime=1s)

OverheadJitting  1: 1 op, 242031.00 ns, 242.0310 us/op
WorkloadJitting  1: 1 op, 77249482.00 ns, 77.2495 ms/op

WorkloadPilot    1: 4 op, 113066.00 ns, 28.2665 us/op
WorkloadPilot    2: 35378 op, 659109228.00 ns, 18.6305 us/op
WorkloadPilot    3: 53675 op, 999479170.00 ns, 18.6209 us/op
WorkloadPilot    4: 53703 op, 1207090189.00 ns, 22.4771 us/op
WorkloadPilot    5: 44490 op, 1008500024.00 ns, 22.6680 us/op
WorkloadPilot    6: 44115 op, 339314188.00 ns, 7.6916 us/op
WorkloadPilot    7: 130012 op, 987583776.00 ns, 7.5961 us/op
WorkloadPilot    8: 131647 op, 975200528.00 ns, 7.4077 us/op
WorkloadPilot    9: 134995 op, 996322382.00 ns, 7.3804 us/op
WorkloadPilot   10: 135493 op, 1001684591.00 ns, 7.3929 us/op

WorkloadWarmup   1: 135493 op, 999859314.00 ns, 7.3794 us/op
WorkloadWarmup   2: 135493 op, 1003988401.00 ns, 7.4099 us/op
WorkloadWarmup   3: 135493 op, 1019977141.00 ns, 7.5279 us/op
WorkloadWarmup   4: 135493 op, 1015200002.00 ns, 7.4926 us/op
WorkloadWarmup   5: 135493 op, 1002621607.00 ns, 7.3998 us/op
WorkloadWarmup   6: 135493 op, 1002872054.00 ns, 7.4017 us/op
WorkloadWarmup   7: 135493 op, 1002610039.00 ns, 7.3997 us/op

// BeforeActualRun
WorkloadActual   1: 135493 op, 998576328.00 ns, 7.3699 us/op
WorkloadActual   2: 135493 op, 1021299679.00 ns, 7.5377 us/op
WorkloadActual   3: 135493 op, 1002712273.00 ns, 7.4005 us/op
WorkloadActual   4: 135493 op, 1029975456.00 ns, 7.6017 us/op
WorkloadActual   5: 135493 op, 1017762924.00 ns, 7.5116 us/op
WorkloadActual   6: 135493 op, 1007667854.00 ns, 7.4370 us/op
WorkloadActual   7: 135493 op, 1026142975.00 ns, 7.5734 us/op
WorkloadActual   8: 135493 op, 1002718439.00 ns, 7.4005 us/op
WorkloadActual   9: 135493 op, 1003086570.00 ns, 7.4032 us/op
WorkloadActual  10: 135493 op, 1003343416.00 ns, 7.4051 us/op
WorkloadActual  11: 135493 op, 1003396933.00 ns, 7.4055 us/op
WorkloadActual  12: 135493 op, 1017437533.00 ns, 7.5092 us/op
WorkloadActual  13: 135493 op, 1000309407.00 ns, 7.3827 us/op
WorkloadActual  14: 135493 op, 1009268751.00 ns, 7.4489 us/op
WorkloadActual  15: 135493 op, 999385397.00 ns, 7.3759 us/op

// AfterActualRun
WorkloadResult   1: 135493 op, 998576328.00 ns, 7.3699 us/op
WorkloadResult   2: 135493 op, 1021299679.00 ns, 7.5377 us/op
WorkloadResult   3: 135493 op, 1002712273.00 ns, 7.4005 us/op
WorkloadResult   4: 135493 op, 1029975456.00 ns, 7.6017 us/op
WorkloadResult   5: 135493 op, 1017762924.00 ns, 7.5116 us/op
WorkloadResult   6: 135493 op, 1007667854.00 ns, 7.4370 us/op
WorkloadResult   7: 135493 op, 1026142975.00 ns, 7.5734 us/op
WorkloadResult   8: 135493 op, 1002718439.00 ns, 7.4005 us/op
WorkloadResult   9: 135493 op, 1003086570.00 ns, 7.4032 us/op
WorkloadResult  10: 135493 op, 1003343416.00 ns, 7.4051 us/op
WorkloadResult  11: 135493 op, 1003396933.00 ns, 7.4055 us/op
WorkloadResult  12: 135493 op, 1017437533.00 ns, 7.5092 us/op
WorkloadResult  13: 135493 op, 1000309407.00 ns, 7.3827 us/op
WorkloadResult  14: 135493 op, 1009268751.00 ns, 7.4489 us/op
WorkloadResult  15: 135493 op, 999385397.00 ns, 7.3759 us/op

// AfterAll
// Benchmark Process 1026938 has exited with code 0.

Mean = 7.451 μs, StdErr = 0.020 μs (0.26%), N = 15, StdDev = 0.076 μs
Min = 7.370 μs, Q1 = 7.400 μs, Median = 7.406 μs, Q3 = 7.510 μs, Max = 7.602 μs
IQR = 0.110 μs, LowerFence = 7.236 μs, UpperFence = 7.675 μs
ConfidenceInterval = [7.370 μs; 7.532 μs] (CI 99.9%), Margin = 0.081 μs (1.09% of Mean)
Skewness = 0.69, Kurtosis = 1.89, MValue = 2

// ** Remained 6 (60.0 %) benchmark(s) to run. Estimated finish 2026-05-26 19:02 (0h 4m from now) **
// **************************
// Benchmark: SmokeBenchByte.Utf8Json_Deser: Energy(OutlierMode=DontRemove, Affinity=00000100, IterationTime=1s)
// *** Execute ***
// Launch: 1 / 1
// Execute: dotnet JsonBench-Energy-1.dll --anonymousPipes 127 128 --benchmarkName JsonBench.Benchmarks.SmokeBenchByte.Utf8Json_Deser --job Energy --benchmarkId 4 in /home/test/json-energy-bench/JsonBench/bin/Release/net10.0/JsonBench-Energy-1/bin/Release/net10.0
// BeforeAnythingElse

// Benchmark Process Environment Information:
// BenchmarkDotNet v0.15.5-develop (2026-05-26)
// Runtime=.NET 10.0.8 (10.0.8, 10.0.826.23019), X64 RyuJIT x86-64-v3
// GC=Concurrent Workstation
// HardwareIntrinsics=AVX2+BMI1+BMI2+F16C+FMA+LZCNT+MOVBE,AVX,SSE3+SSSE3+SSE4.1+SSE4.2+POPCNT,X86Base+SSE+SSE2,AES+PCLMUL VectorSize=256
// Job: Energy(OutlierMode=DontRemove, Affinity=100, IterationTime=1s)

OverheadJitting  1: 1 op, 239579.00 ns, 239.5790 us/op
WorkloadJitting  1: 1 op, 87670719.00 ns, 87.6707 ms/op

WorkloadPilot    1: 4 op, 287545.00 ns, 71.8863 us/op
WorkloadPilot    2: 13911 op, 691749133.00 ns, 49.7268 us/op
WorkloadPilot    3: 20110 op, 988830595.00 ns, 49.1711 us/op
WorkloadPilot    4: 20337 op, 1295562291.00 ns, 63.7047 us/op
WorkloadPilot    5: 15697 op, 939874168.00 ns, 59.8760 us/op
WorkloadPilot    6: 16701 op, 198905412.00 ns, 11.9098 us/op
WorkloadPilot    7: 83965 op, 962563156.00 ns, 11.4639 us/op
WorkloadPilot    8: 87231 op, 977802885.00 ns, 11.2094 us/op
WorkloadPilot    9: 89211 op, 997914542.00 ns, 11.1860 us/op
WorkloadPilot   10: 89397 op, 1002668769.00 ns, 11.2159 us/op
WorkloadPilot   11: 89159 op, 999001478.00 ns, 11.2047 us/op
WorkloadPilot   12: 89248 op, 1001339814.00 ns, 11.2197 us/op

WorkloadWarmup   1: 89248 op, 1002801700.00 ns, 11.2361 us/op
WorkloadWarmup   2: 89248 op, 1017165277.00 ns, 11.3971 us/op
WorkloadWarmup   3: 89248 op, 1000600114.00 ns, 11.2115 us/op
WorkloadWarmup   4: 89248 op, 1002381297.00 ns, 11.2314 us/op
WorkloadWarmup   5: 89248 op, 1000507701.00 ns, 11.2104 us/op
WorkloadWarmup   6: 89248 op, 1000340721.00 ns, 11.2086 us/op

// BeforeActualRun
WorkloadActual   1: 89248 op, 1014908914.00 ns, 11.3718 us/op
WorkloadActual   2: 89248 op, 1000914092.00 ns, 11.2150 us/op
WorkloadActual   3: 89248 op, 1000183124.00 ns, 11.2068 us/op
WorkloadActual   4: 89248 op, 1014511494.00 ns, 11.3673 us/op
WorkloadActual   5: 89248 op, 1027805183.00 ns, 11.5163 us/op
WorkloadActual   6: 89248 op, 1023295077.00 ns, 11.4657 us/op
WorkloadActual   7: 89248 op, 1000128540.00 ns, 11.2062 us/op
WorkloadActual   8: 89248 op, 1000325450.00 ns, 11.2084 us/op
WorkloadActual   9: 89248 op, 1000035935.00 ns, 11.2051 us/op
WorkloadActual  10: 89248 op, 1001678670.00 ns, 11.2235 us/op
WorkloadActual  11: 89248 op, 1015407248.00 ns, 11.3774 us/op
WorkloadActual  12: 89248 op, 1002353199.00 ns, 11.2311 us/op
WorkloadActual  13: 89248 op, 1010393387.00 ns, 11.3212 us/op
WorkloadActual  14: 89248 op, 998364195.00 ns, 11.1864 us/op
WorkloadActual  15: 89248 op, 1000261846.00 ns, 11.2077 us/op

// AfterActualRun
WorkloadResult   1: 89248 op, 1014908914.00 ns, 11.3718 us/op
WorkloadResult   2: 89248 op, 1000914092.00 ns, 11.2150 us/op
WorkloadResult   3: 89248 op, 1000183124.00 ns, 11.2068 us/op
WorkloadResult   4: 89248 op, 1014511494.00 ns, 11.3673 us/op
WorkloadResult   5: 89248 op, 1027805183.00 ns, 11.5163 us/op
WorkloadResult   6: 89248 op, 1023295077.00 ns, 11.4657 us/op
WorkloadResult   7: 89248 op, 1000128540.00 ns, 11.2062 us/op
WorkloadResult   8: 89248 op, 1000325450.00 ns, 11.2084 us/op
WorkloadResult   9: 89248 op, 1000035935.00 ns, 11.2051 us/op
WorkloadResult  10: 89248 op, 1001678670.00 ns, 11.2235 us/op
WorkloadResult  11: 89248 op, 1015407248.00 ns, 11.3774 us/op
WorkloadResult  12: 89248 op, 1002353199.00 ns, 11.2311 us/op
WorkloadResult  13: 89248 op, 1010393387.00 ns, 11.3212 us/op
WorkloadResult  14: 89248 op, 998364195.00 ns, 11.1864 us/op
WorkloadResult  15: 89248 op, 1000261846.00 ns, 11.2077 us/op

// AfterAll
// Benchmark Process 1027319 has exited with code 0.

Mean = 11.287 μs, StdErr = 0.028 μs (0.25%), N = 15, StdDev = 0.108 μs
Min = 11.186 μs, Q1 = 11.207 μs, Median = 11.224 μs, Q3 = 11.370 μs, Max = 11.516 μs
IQR = 0.162 μs, LowerFence = 10.964 μs, UpperFence = 11.613 μs
ConfidenceInterval = [11.172 μs; 11.402 μs] (CI 99.9%), Margin = 0.115 μs (1.02% of Mean)
Skewness = 0.81, Kurtosis = 2.13, MValue = 2

// ** Remained 5 (50.0 %) benchmark(s) to run. Estimated finish 2026-05-26 19:02 (0h 3m from now) **
// **************************
// Benchmark: SmokeBenchByte.STJRefGen_Ser: Energy(OutlierMode=DontRemove, Affinity=00000100, IterationTime=1s)
// *** Execute ***
// Launch: 1 / 1
// Execute: dotnet JsonBench-Energy-1.dll --anonymousPipes 127 128 --benchmarkName JsonBench.Benchmarks.SmokeBenchByte.STJRefGen_Ser --job Energy --benchmarkId 5 in /home/test/json-energy-bench/JsonBench/bin/Release/net10.0/JsonBench-Energy-1/bin/Release/net10.0
// BeforeAnythingElse

// Benchmark Process Environment Information:
// BenchmarkDotNet v0.15.5-develop (2026-05-26)
// Runtime=.NET 10.0.8 (10.0.8, 10.0.826.23019), X64 RyuJIT x86-64-v3
// GC=Concurrent Workstation
// HardwareIntrinsics=AVX2+BMI1+BMI2+F16C+FMA+LZCNT+MOVBE,AVX,SSE3+SSSE3+SSE4.1+SSE4.2+POPCNT,X86Base+SSE+SSE2,AES+PCLMUL VectorSize=256
// Job: Energy(OutlierMode=DontRemove, Affinity=100, IterationTime=1s)

OverheadJitting  1: 1 op, 245132.00 ns, 245.1320 us/op
WorkloadJitting  1: 1 op, 3761765.00 ns, 3.7618 ms/op

OverheadJitting  2: 16 op, 641356.00 ns, 40.0848 us/op
WorkloadJitting  2: 16 op, 978093.00 ns, 61.1308 us/op

WorkloadPilot    1: 16 op, 294682.00 ns, 18.4176 us/op
WorkloadPilot    2: 54304 op, 830005797.00 ns, 15.2844 us/op
WorkloadPilot    3: 65440 op, 1001052737.00 ns, 15.2973 us/op
WorkloadPilot    4: 65376 op, 1674303952.00 ns, 25.6104 us/op
WorkloadPilot    5: 39056 op, 670880188.00 ns, 17.1774 us/op
WorkloadPilot    6: 58224 op, 287281389.00 ns, 4.9341 us/op
WorkloadPilot    7: 202672 op, 962216836.00 ns, 4.7477 us/op
WorkloadPilot    8: 210640 op, 987617096.00 ns, 4.6886 us/op
WorkloadPilot    9: 213296 op, 999567834.00 ns, 4.6863 us/op
WorkloadPilot   10: 213392 op, 998754391.00 ns, 4.6804 us/op
WorkloadPilot   11: 213664 op, 1000122292.00 ns, 4.6808 us/op

OverheadWarmup   1: 213664 op, 941836.00 ns, 4.4080 ns/op
OverheadWarmup   2: 213664 op, 940545.00 ns, 4.4020 ns/op
OverheadWarmup   3: 213664 op, 936915.00 ns, 4.3850 ns/op
OverheadWarmup   4: 213664 op, 940899.00 ns, 4.4036 ns/op
OverheadWarmup   5: 213664 op, 941168.00 ns, 4.4049 ns/op
OverheadWarmup   6: 213664 op, 940332.00 ns, 4.4010 ns/op
OverheadWarmup   7: 213664 op, 942802.00 ns, 4.4125 ns/op
OverheadWarmup   8: 213664 op, 940636.00 ns, 4.4024 ns/op

OverheadActual   1: 213664 op, 940573.00 ns, 4.4021 ns/op
OverheadActual   2: 213664 op, 940507.00 ns, 4.4018 ns/op
OverheadActual   3: 213664 op, 941129.00 ns, 4.4047 ns/op
OverheadActual   4: 213664 op, 941781.00 ns, 4.4078 ns/op
OverheadActual   5: 213664 op, 941704.00 ns, 4.4074 ns/op
OverheadActual   6: 213664 op, 939871.00 ns, 4.3988 ns/op
OverheadActual   7: 213664 op, 940846.00 ns, 4.4034 ns/op
OverheadActual   8: 213664 op, 940040.00 ns, 4.3996 ns/op
OverheadActual   9: 213664 op, 937054.00 ns, 4.3856 ns/op
OverheadActual  10: 213664 op, 940316.00 ns, 4.4009 ns/op
OverheadActual  11: 213664 op, 940123.00 ns, 4.4000 ns/op
OverheadActual  12: 213664 op, 940319.00 ns, 4.4009 ns/op
OverheadActual  13: 213664 op, 940641.00 ns, 4.4024 ns/op
OverheadActual  14: 213664 op, 941315.00 ns, 4.4056 ns/op
OverheadActual  15: 213664 op, 940760.00 ns, 4.4030 ns/op

WorkloadWarmup   1: 213664 op, 1003153353.00 ns, 4.6950 us/op
WorkloadWarmup   2: 213664 op, 1070174114.00 ns, 5.0087 us/op
WorkloadWarmup   3: 213664 op, 1024041659.00 ns, 4.7928 us/op
WorkloadWarmup   4: 213664 op, 998874669.00 ns, 4.6750 us/op
WorkloadWarmup   5: 213664 op, 999039836.00 ns, 4.6758 us/op
WorkloadWarmup   6: 213664 op, 998978987.00 ns, 4.6755 us/op

// BeforeActualRun
WorkloadActual   1: 213664 op, 1022278415.00 ns, 4.7845 us/op
WorkloadActual   2: 213664 op, 1002577731.00 ns, 4.6923 us/op
WorkloadActual   3: 213664 op, 1002676670.00 ns, 4.6928 us/op
WorkloadActual   4: 213664 op, 1015126502.00 ns, 4.7510 us/op
WorkloadActual   5: 213664 op, 1002982947.00 ns, 4.6942 us/op
WorkloadActual   6: 213664 op, 1010507420.00 ns, 4.7294 us/op
WorkloadActual   7: 213664 op, 1010103996.00 ns, 4.7275 us/op
WorkloadActual   8: 213664 op, 1000298174.00 ns, 4.6816 us/op
WorkloadActual   9: 213664 op, 999113992.00 ns, 4.6761 us/op
WorkloadActual  10: 213664 op, 999605665.00 ns, 4.6784 us/op
WorkloadActual  11: 213664 op, 1039239974.00 ns, 4.8639 us/op
WorkloadActual  12: 213664 op, 1018356532.00 ns, 4.7662 us/op
WorkloadActual  13: 213664 op, 999773649.00 ns, 4.6792 us/op
WorkloadActual  14: 213664 op, 998967218.00 ns, 4.6754 us/op
WorkloadActual  15: 213664 op, 998878319.00 ns, 4.6750 us/op

// AfterActualRun
WorkloadResult   1: 213664 op, 1021337842.00 ns, 4.7801 us/op
WorkloadResult   2: 213664 op, 1001637158.00 ns, 4.6879 us/op
WorkloadResult   3: 213664 op, 1001736097.00 ns, 4.6884 us/op
WorkloadResult   4: 213664 op, 1014185929.00 ns, 4.7466 us/op
WorkloadResult   5: 213664 op, 1002042374.00 ns, 4.6898 us/op
WorkloadResult   6: 213664 op, 1009566847.00 ns, 4.7250 us/op
WorkloadResult   7: 213664 op, 1009163423.00 ns, 4.7231 us/op
WorkloadResult   8: 213664 op, 999357601.00 ns, 4.6772 us/op
WorkloadResult   9: 213664 op, 998173419.00 ns, 4.6717 us/op
WorkloadResult  10: 213664 op, 998665092.00 ns, 4.6740 us/op
WorkloadResult  11: 213664 op, 1038299401.00 ns, 4.8595 us/op
WorkloadResult  12: 213664 op, 1017415959.00 ns, 4.7618 us/op
WorkloadResult  13: 213664 op, 998833076.00 ns, 4.6748 us/op
WorkloadResult  14: 213664 op, 998026645.00 ns, 4.6710 us/op
WorkloadResult  15: 213664 op, 997937746.00 ns, 4.6706 us/op

// AfterAll
// Benchmark Process 1027701 has exited with code 0.

Mean = 4.713 μs, StdErr = 0.014 μs (0.30%), N = 15, StdDev = 0.054 μs
Min = 4.671 μs, Q1 = 4.674 μs, Median = 4.688 μs, Q3 = 4.736 μs, Max = 4.859 μs
IQR = 0.061 μs, LowerFence = 4.582 μs, UpperFence = 4.828 μs
ConfidenceInterval = [4.656 μs; 4.771 μs] (CI 99.9%), Margin = 0.058 μs (1.23% of Mean)
Skewness = 1.31, Kurtosis = 3.87, MValue = 2

// ** Remained 4 (40.0 %) benchmark(s) to run. Estimated finish 2026-05-26 19:02 (0h 3m from now) **
// **************************
// Benchmark: SmokeBenchByte.STJSrcGen_Ser: Energy(OutlierMode=DontRemove, Affinity=00000100, IterationTime=1s)
// *** Execute ***
// Launch: 1 / 1
// Execute: dotnet JsonBench-Energy-1.dll --anonymousPipes 127 128 --benchmarkName JsonBench.Benchmarks.SmokeBenchByte.STJSrcGen_Ser --job Energy --benchmarkId 6 in /home/test/json-energy-bench/JsonBench/bin/Release/net10.0/JsonBench-Energy-1/bin/Release/net10.0
// BeforeAnythingElse

// Benchmark Process Environment Information:
// BenchmarkDotNet v0.15.5-develop (2026-05-26)
// Runtime=.NET 10.0.8 (10.0.8, 10.0.826.23019), X64 RyuJIT x86-64-v3
// GC=Concurrent Workstation
// HardwareIntrinsics=AVX2+BMI1+BMI2+F16C+FMA+LZCNT+MOVBE,AVX,SSE3+SSSE3+SSE4.1+SSE4.2+POPCNT,X86Base+SSE+SSE2,AES+PCLMUL VectorSize=256
// Job: Energy(OutlierMode=DontRemove, Affinity=100, IterationTime=1s)

OverheadJitting  1: 1 op, 239116.00 ns, 239.1160 us/op
WorkloadJitting  1: 1 op, 12019516.00 ns, 12.0195 ms/op

OverheadJitting  2: 16 op, 635657.00 ns, 39.7286 us/op
WorkloadJitting  2: 16 op, 906268.00 ns, 56.6418 us/op

WorkloadPilot    1: 16 op, 223292.00 ns, 13.9558 us/op
WorkloadPilot    2: 71664 op, 782354511.00 ns, 10.9170 us/op
WorkloadPilot    3: 91600 op, 1002054431.00 ns, 10.9395 us/op
WorkloadPilot    4: 91424 op, 1302922082.00 ns, 14.2514 us/op
WorkloadPilot    5: 70176 op, 269790646.00 ns, 3.8445 us/op
WorkloadPilot    6: 260128 op, 968037654.00 ns, 3.7214 us/op
WorkloadPilot    7: 268720 op, 987798475.00 ns, 3.6759 us/op
WorkloadPilot    8: 272048 op, 983326159.00 ns, 3.6145 us/op
WorkloadPilot    9: 276672 op, 998185210.00 ns, 3.6078 us/op
WorkloadPilot   10: 277184 op, 1002416571.00 ns, 3.6164 us/op

OverheadWarmup   1: 277184 op, 1143531.00 ns, 4.1255 ns/op
OverheadWarmup   2: 277184 op, 1140317.00 ns, 4.1139 ns/op
OverheadWarmup   3: 277184 op, 1144255.00 ns, 4.1281 ns/op
OverheadWarmup   4: 277184 op, 1150502.00 ns, 4.1507 ns/op
OverheadWarmup   5: 277184 op, 1142994.00 ns, 4.1236 ns/op
OverheadWarmup   6: 277184 op, 1141983.00 ns, 4.1199 ns/op
OverheadWarmup   7: 277184 op, 1146395.00 ns, 4.1359 ns/op
OverheadWarmup   8: 277184 op, 1147795.00 ns, 4.1409 ns/op
OverheadWarmup   9: 277184 op, 1141623.00 ns, 4.1186 ns/op

OverheadActual   1: 277184 op, 1146368.00 ns, 4.1358 ns/op
OverheadActual   2: 277184 op, 1143333.00 ns, 4.1248 ns/op
OverheadActual   3: 277184 op, 1150293.00 ns, 4.1499 ns/op
OverheadActual   4: 277184 op, 1142287.00 ns, 4.1210 ns/op
OverheadActual   5: 277184 op, 1142100.00 ns, 4.1204 ns/op
OverheadActual   6: 277184 op, 1152936.00 ns, 4.1595 ns/op
OverheadActual   7: 277184 op, 1142980.00 ns, 4.1235 ns/op
OverheadActual   8: 277184 op, 1141339.00 ns, 4.1176 ns/op
OverheadActual   9: 277184 op, 1141540.00 ns, 4.1183 ns/op
OverheadActual  10: 277184 op, 1142222.00 ns, 4.1208 ns/op
OverheadActual  11: 277184 op, 1140702.00 ns, 4.1153 ns/op
OverheadActual  12: 277184 op, 1149415.00 ns, 4.1468 ns/op
OverheadActual  13: 277184 op, 1141865.00 ns, 4.1195 ns/op
OverheadActual  14: 277184 op, 1145244.00 ns, 4.1317 ns/op
OverheadActual  15: 277184 op, 1142970.00 ns, 4.1235 ns/op

WorkloadWarmup   1: 277184 op, 1002550642.00 ns, 3.6169 us/op
WorkloadWarmup   2: 277184 op, 1048150632.00 ns, 3.7814 us/op
WorkloadWarmup   3: 277184 op, 1037401949.00 ns, 3.7426 us/op
WorkloadWarmup   4: 277184 op, 1005266068.00 ns, 3.6267 us/op
WorkloadWarmup   5: 277184 op, 998337691.00 ns, 3.6017 us/op
WorkloadWarmup   6: 277184 op, 998395721.00 ns, 3.6019 us/op
WorkloadWarmup   7: 277184 op, 998520424.00 ns, 3.6024 us/op
WorkloadWarmup   8: 277184 op, 1012552652.00 ns, 3.6530 us/op
WorkloadWarmup   9: 277184 op, 1004132238.00 ns, 3.6226 us/op

// BeforeActualRun
WorkloadActual   1: 277184 op, 1000726893.00 ns, 3.6103 us/op
WorkloadActual   2: 277184 op, 1016173463.00 ns, 3.6661 us/op
WorkloadActual   3: 277184 op, 1003429848.00 ns, 3.6201 us/op
WorkloadActual   4: 277184 op, 1006648792.00 ns, 3.6317 us/op
WorkloadActual   5: 277184 op, 1021068099.00 ns, 3.6837 us/op
WorkloadActual   6: 277184 op, 1002877694.00 ns, 3.6181 us/op
WorkloadActual   7: 277184 op, 1002433677.00 ns, 3.6165 us/op
WorkloadActual   8: 277184 op, 1043802014.00 ns, 3.7657 us/op
WorkloadActual   9: 277184 op, 1003168458.00 ns, 3.6191 us/op
WorkloadActual  10: 277184 op, 1020517872.00 ns, 3.6817 us/op
WorkloadActual  11: 277184 op, 1002821712.00 ns, 3.6179 us/op
WorkloadActual  12: 277184 op, 1002715377.00 ns, 3.6175 us/op
WorkloadActual  13: 277184 op, 1002932070.00 ns, 3.6183 us/op
WorkloadActual  14: 277184 op, 1003949800.00 ns, 3.6220 us/op
WorkloadActual  15: 277184 op, 1022454727.00 ns, 3.6887 us/op

// AfterActualRun
WorkloadResult   1: 277184 op, 999583923.00 ns, 3.6062 us/op
WorkloadResult   2: 277184 op, 1015030493.00 ns, 3.6619 us/op
WorkloadResult   3: 277184 op, 1002286878.00 ns, 3.6160 us/op
WorkloadResult   4: 277184 op, 1005505822.00 ns, 3.6276 us/op
WorkloadResult   5: 277184 op, 1019925129.00 ns, 3.6796 us/op
WorkloadResult   6: 277184 op, 1001734724.00 ns, 3.6140 us/op
WorkloadResult   7: 277184 op, 1001290707.00 ns, 3.6124 us/op
WorkloadResult   8: 277184 op, 1042659044.00 ns, 3.7616 us/op
WorkloadResult   9: 277184 op, 1002025488.00 ns, 3.6150 us/op
WorkloadResult  10: 277184 op, 1019374902.00 ns, 3.6776 us/op
WorkloadResult  11: 277184 op, 1001678742.00 ns, 3.6138 us/op
WorkloadResult  12: 277184 op, 1001572407.00 ns, 3.6134 us/op
WorkloadResult  13: 277184 op, 1001789100.00 ns, 3.6142 us/op
WorkloadResult  14: 277184 op, 1002806830.00 ns, 3.6178 us/op
WorkloadResult  15: 277184 op, 1021311757.00 ns, 3.6846 us/op

// AfterAll
// Benchmark Process 1028081 has exited with code 0.

Mean = 3.641 μs, StdErr = 0.011 μs (0.31%), N = 15, StdDev = 0.044 μs
Min = 3.606 μs, Q1 = 3.614 μs, Median = 3.616 μs, Q3 = 3.670 μs, Max = 3.762 μs
IQR = 0.056 μs, LowerFence = 3.530 μs, UpperFence = 3.754 μs
ConfidenceInterval = [3.594 μs; 3.688 μs] (CI 99.9%), Margin = 0.047 μs (1.28% of Mean)
Skewness = 1.4, Kurtosis = 4.11, MValue = 2

// ** Remained 3 (30.0 %) benchmark(s) to run. Estimated finish 2026-05-26 19:02 (0h 2m from now) **
// **************************
// Benchmark: SmokeBenchByte.Newtonsoft_Ser: Energy(OutlierMode=DontRemove, Affinity=00000100, IterationTime=1s)
// *** Execute ***
// Launch: 1 / 1
// Execute: dotnet JsonBench-Energy-1.dll --anonymousPipes 127 128 --benchmarkName JsonBench.Benchmarks.SmokeBenchByte.Newtonsoft_Ser --job Energy --benchmarkId 7 in /home/test/json-energy-bench/JsonBench/bin/Release/net10.0/JsonBench-Energy-1/bin/Release/net10.0
// BeforeAnythingElse

// Benchmark Process Environment Information:
// BenchmarkDotNet v0.15.5-develop (2026-05-26)
// Runtime=.NET 10.0.8 (10.0.8, 10.0.826.23019), X64 RyuJIT x86-64-v3
// GC=Concurrent Workstation
// HardwareIntrinsics=AVX2+BMI1+BMI2+F16C+FMA+LZCNT+MOVBE,AVX,SSE3+SSSE3+SSE4.1+SSE4.2+POPCNT,X86Base+SSE+SSE2,AES+PCLMUL VectorSize=256
// Job: Energy(OutlierMode=DontRemove, Affinity=100, IterationTime=1s)

OverheadJitting  1: 1 op, 232020.00 ns, 232.0200 us/op
WorkloadJitting  1: 1 op, 58952037.00 ns, 58.9520 ms/op

OverheadJitting  2: 16 op, 641506.00 ns, 40.0941 us/op
WorkloadJitting  2: 16 op, 1827037.00 ns, 114.1898 us/op

WorkloadPilot    1: 16 op, 1046077.00 ns, 65.3798 us/op
WorkloadPilot    2: 15296 op, 842537845.00 ns, 55.0822 us/op
WorkloadPilot    3: 18160 op, 1091496298.00 ns, 60.1044 us/op
WorkloadPilot    4: 16640 op, 1606265139.00 ns, 96.5304 us/op
WorkloadPilot    5: 10368 op, 555622247.00 ns, 53.5901 us/op
WorkloadPilot    6: 18672 op, 248647465.00 ns, 13.3166 us/op
WorkloadPilot    7: 75104 op, 907209690.00 ns, 12.0794 us/op
WorkloadPilot    8: 82800 op, 988437627.00 ns, 11.9377 us/op
WorkloadPilot    9: 83776 op, 996274494.00 ns, 11.8921 us/op
WorkloadPilot   10: 84096 op, 999134757.00 ns, 11.8809 us/op
WorkloadPilot   11: 84176 op, 1005581935.00 ns, 11.9462 us/op

OverheadWarmup   1: 84176 op, 347239.00 ns, 4.1252 ns/op
OverheadWarmup   2: 84176 op, 368070.00 ns, 4.3726 ns/op
OverheadWarmup   3: 84176 op, 346325.00 ns, 4.1143 ns/op
OverheadWarmup   4: 84176 op, 348842.00 ns, 4.1442 ns/op
OverheadWarmup   5: 84176 op, 346985.00 ns, 4.1221 ns/op

OverheadActual   1: 84176 op, 351535.00 ns, 4.1762 ns/op
OverheadActual   2: 84176 op, 346577.00 ns, 4.1173 ns/op
OverheadActual   3: 84176 op, 346438.00 ns, 4.1156 ns/op
OverheadActual   4: 84176 op, 350137.00 ns, 4.1596 ns/op
OverheadActual   5: 84176 op, 348427.00 ns, 4.1393 ns/op
OverheadActual   6: 84176 op, 352569.00 ns, 4.1885 ns/op
OverheadActual   7: 84176 op, 345823.00 ns, 4.1083 ns/op
OverheadActual   8: 84176 op, 353633.00 ns, 4.2011 ns/op
OverheadActual   9: 84176 op, 348522.00 ns, 4.1404 ns/op
OverheadActual  10: 84176 op, 347136.00 ns, 4.1239 ns/op
OverheadActual  11: 84176 op, 346367.00 ns, 4.1148 ns/op
OverheadActual  12: 84176 op, 347067.00 ns, 4.1231 ns/op
OverheadActual  13: 84176 op, 346403.00 ns, 4.1152 ns/op
OverheadActual  14: 84176 op, 348729.00 ns, 4.1429 ns/op
OverheadActual  15: 84176 op, 349271.00 ns, 4.1493 ns/op

WorkloadWarmup   1: 84176 op, 1004417902.00 ns, 11.9324 us/op
WorkloadWarmup   2: 84176 op, 1086236646.00 ns, 12.9044 us/op
WorkloadWarmup   3: 84176 op, 1028664665.00 ns, 12.2204 us/op
WorkloadWarmup   4: 84176 op, 1000723595.00 ns, 11.8885 us/op
WorkloadWarmup   5: 84176 op, 999968876.00 ns, 11.8795 us/op
WorkloadWarmup   6: 84176 op, 1000355471.00 ns, 11.8841 us/op
WorkloadWarmup   7: 84176 op, 1025915686.00 ns, 12.1877 us/op
WorkloadWarmup   8: 84176 op, 1007095940.00 ns, 11.9642 us/op

// BeforeActualRun
WorkloadActual   1: 84176 op, 1002916244.00 ns, 11.9145 us/op
WorkloadActual   2: 84176 op, 1005873131.00 ns, 11.9496 us/op
WorkloadActual   3: 84176 op, 1005416766.00 ns, 11.9442 us/op
WorkloadActual   4: 84176 op, 1018036955.00 ns, 12.0941 us/op
WorkloadActual   5: 84176 op, 1035643779.00 ns, 12.3033 us/op
WorkloadActual   6: 84176 op, 1006540606.00 ns, 11.9576 us/op
WorkloadActual   7: 84176 op, 1005281702.00 ns, 11.9426 us/op
WorkloadActual   8: 84176 op, 1006560845.00 ns, 11.9578 us/op
WorkloadActual   9: 84176 op, 1046766327.00 ns, 12.4354 us/op
WorkloadActual  10: 84176 op, 1035057176.00 ns, 12.2963 us/op
WorkloadActual  11: 84176 op, 1005253386.00 ns, 11.9423 us/op
WorkloadActual  12: 84176 op, 1006117992.00 ns, 11.9526 us/op
WorkloadActual  13: 84176 op, 1006421000.00 ns, 11.9562 us/op
WorkloadActual  14: 84176 op, 1017321828.00 ns, 12.0857 us/op
WorkloadActual  15: 84176 op, 1031357558.00 ns, 12.2524 us/op

// AfterActualRun
WorkloadResult   1: 84176 op, 1002567817.00 ns, 11.9104 us/op
WorkloadResult   2: 84176 op, 1005524704.00 ns, 11.9455 us/op
WorkloadResult   3: 84176 op, 1005068339.00 ns, 11.9401 us/op
WorkloadResult   4: 84176 op, 1017688528.00 ns, 12.0900 us/op
WorkloadResult   5: 84176 op, 1035295352.00 ns, 12.2992 us/op
WorkloadResult   6: 84176 op, 1006192179.00 ns, 11.9534 us/op
WorkloadResult   7: 84176 op, 1004933275.00 ns, 11.9385 us/op
WorkloadResult   8: 84176 op, 1006212418.00 ns, 11.9537 us/op
WorkloadResult   9: 84176 op, 1046417900.00 ns, 12.4313 us/op
WorkloadResult  10: 84176 op, 1034708749.00 ns, 12.2922 us/op
WorkloadResult  11: 84176 op, 1004904959.00 ns, 11.9381 us/op
WorkloadResult  12: 84176 op, 1005769565.00 ns, 11.9484 us/op
WorkloadResult  13: 84176 op, 1006072573.00 ns, 11.9520 us/op
WorkloadResult  14: 84176 op, 1016973401.00 ns, 12.0815 us/op
WorkloadResult  15: 84176 op, 1031009131.00 ns, 12.2483 us/op

// AfterAll
// Benchmark Process 1028463 has exited with code 0.

Mean = 12.062 μs, StdErr = 0.044 μs (0.37%), N = 15, StdDev = 0.172 μs
Min = 11.910 μs, Q1 = 11.943 μs, Median = 11.953 μs, Q3 = 12.169 μs, Max = 12.431 μs
IQR = 0.226 μs, LowerFence = 11.603 μs, UpperFence = 12.509 μs
ConfidenceInterval = [11.878 μs; 12.245 μs] (CI 99.9%), Margin = 0.183 μs (1.52% of Mean)
Skewness = 0.88, Kurtosis = 2.15, MValue = 2

// ** Remained 2 (20.0 %) benchmark(s) to run. Estimated finish 2026-05-26 19:02 (0h 1m from now) **
// **************************
// Benchmark: SmokeBenchByte.SpanJson_Ser: Energy(OutlierMode=DontRemove, Affinity=00000100, IterationTime=1s)
// *** Execute ***
// Launch: 1 / 1
// Execute: dotnet JsonBench-Energy-1.dll --anonymousPipes 127 128 --benchmarkName JsonBench.Benchmarks.SmokeBenchByte.SpanJson_Ser --job Energy --benchmarkId 8 in /home/test/json-energy-bench/JsonBench/bin/Release/net10.0/JsonBench-Energy-1/bin/Release/net10.0
// BeforeAnythingElse

// Benchmark Process Environment Information:
// BenchmarkDotNet v0.15.5-develop (2026-05-26)
// Runtime=.NET 10.0.8 (10.0.8, 10.0.826.23019), X64 RyuJIT x86-64-v3
// GC=Concurrent Workstation
// HardwareIntrinsics=AVX2+BMI1+BMI2+F16C+FMA+LZCNT+MOVBE,AVX,SSE3+SSSE3+SSE4.1+SSE4.2+POPCNT,X86Base+SSE+SSE2,AES+PCLMUL VectorSize=256
// Job: Energy(OutlierMode=DontRemove, Affinity=100, IterationTime=1s)

OverheadJitting  1: 1 op, 241483.00 ns, 241.4830 us/op
WorkloadJitting  1: 1 op, 77414694.00 ns, 77.4147 ms/op

WorkloadPilot    1: 4 op, 201370.00 ns, 50.3425 us/op
WorkloadPilot    2: 19864 op, 574774852.00 ns, 28.9355 us/op
WorkloadPilot    3: 34560 op, 1006885241.00 ns, 29.1344 us/op
WorkloadPilot    4: 34324 op, 426471007.00 ns, 12.4249 us/op
WorkloadPilot    5: 80484 op, 512254591.00 ns, 6.3647 us/op
WorkloadPilot    6: 157117 op, 999345373.00 ns, 6.3605 us/op
WorkloadPilot    7: 157220 op, 1042390066.00 ns, 6.6301 us/op
WorkloadPilot    8: 150826 op, 964522212.00 ns, 6.3949 us/op
WorkloadPilot    9: 156374 op, 1004599390.00 ns, 6.4243 us/op

WorkloadWarmup   1: 156374 op, 998932499.00 ns, 6.3881 us/op
WorkloadWarmup   2: 156374 op, 990827927.00 ns, 6.3363 us/op
WorkloadWarmup   3: 156374 op, 1007388180.00 ns, 6.4422 us/op
WorkloadWarmup   4: 156374 op, 1002408145.00 ns, 6.4103 us/op
WorkloadWarmup   5: 156374 op, 1000652212.00 ns, 6.3991 us/op
WorkloadWarmup   6: 156374 op, 978919670.00 ns, 6.2601 us/op
WorkloadWarmup   7: 156374 op, 986092570.00 ns, 6.3060 us/op
WorkloadWarmup   8: 156374 op, 993428245.00 ns, 6.3529 us/op
WorkloadWarmup   9: 156374 op, 989738918.00 ns, 6.3293 us/op

// BeforeActualRun
WorkloadActual   1: 156374 op, 1002752720.00 ns, 6.4125 us/op
WorkloadActual   2: 156374 op, 992285617.00 ns, 6.3456 us/op
WorkloadActual   3: 156374 op, 983490011.00 ns, 6.2893 us/op
WorkloadActual   4: 156374 op, 1049667204.00 ns, 6.7125 us/op
WorkloadActual   5: 156374 op, 993703343.00 ns, 6.3547 us/op
WorkloadActual   6: 156374 op, 996789691.00 ns, 6.3744 us/op
WorkloadActual   7: 156374 op, 1000408270.00 ns, 6.3975 us/op
WorkloadActual   8: 156374 op, 981295306.00 ns, 6.2753 us/op
WorkloadActual   9: 156374 op, 996707903.00 ns, 6.3739 us/op
WorkloadActual  10: 156374 op, 990915944.00 ns, 6.3368 us/op
WorkloadActual  11: 156374 op, 996840739.00 ns, 6.3747 us/op
WorkloadActual  12: 156374 op, 1012520160.00 ns, 6.4750 us/op
WorkloadActual  13: 156374 op, 1003447983.00 ns, 6.4170 us/op
WorkloadActual  14: 156374 op, 980946647.00 ns, 6.2731 us/op
WorkloadActual  15: 156374 op, 991628561.00 ns, 6.3414 us/op

// AfterActualRun
WorkloadResult   1: 156374 op, 1002752720.00 ns, 6.4125 us/op
WorkloadResult   2: 156374 op, 992285617.00 ns, 6.3456 us/op
WorkloadResult   3: 156374 op, 983490011.00 ns, 6.2893 us/op
WorkloadResult   4: 156374 op, 1049667204.00 ns, 6.7125 us/op
WorkloadResult   5: 156374 op, 993703343.00 ns, 6.3547 us/op
WorkloadResult   6: 156374 op, 996789691.00 ns, 6.3744 us/op
WorkloadResult   7: 156374 op, 1000408270.00 ns, 6.3975 us/op
WorkloadResult   8: 156374 op, 981295306.00 ns, 6.2753 us/op
WorkloadResult   9: 156374 op, 996707903.00 ns, 6.3739 us/op
WorkloadResult  10: 156374 op, 990915944.00 ns, 6.3368 us/op
WorkloadResult  11: 156374 op, 996840739.00 ns, 6.3747 us/op
WorkloadResult  12: 156374 op, 1012520160.00 ns, 6.4750 us/op
WorkloadResult  13: 156374 op, 1003447983.00 ns, 6.4170 us/op
WorkloadResult  14: 156374 op, 980946647.00 ns, 6.2731 us/op
WorkloadResult  15: 156374 op, 991628561.00 ns, 6.3414 us/op

// AfterAll
// Benchmark Process 1028847 has exited with code 0.

Mean = 6.384 μs, StdErr = 0.027 μs (0.43%), N = 15, StdDev = 0.106 μs
Min = 6.273 μs, Q1 = 6.339 μs, Median = 6.374 μs, Q3 = 6.405 μs, Max = 6.713 μs
IQR = 0.066 μs, LowerFence = 6.240 μs, UpperFence = 6.504 μs
ConfidenceInterval = [6.270 μs; 6.497 μs] (CI 99.9%), Margin = 0.114 μs (1.78% of Mean)
Skewness = 1.82, Kurtosis = 6.36, MValue = 2

// ** Remained 1 (10.0 %) benchmark(s) to run. Estimated finish 2026-05-26 19:02 (0h 0m from now) **
// **************************
// Benchmark: SmokeBenchByte.Utf8Json_Ser: Energy(OutlierMode=DontRemove, Affinity=00000100, IterationTime=1s)
// *** Execute ***
// Launch: 1 / 1
// Execute: dotnet JsonBench-Energy-1.dll --anonymousPipes 127 128 --benchmarkName JsonBench.Benchmarks.SmokeBenchByte.Utf8Json_Ser --job Energy --benchmarkId 9 in /home/test/json-energy-bench/JsonBench/bin/Release/net10.0/JsonBench-Energy-1/bin/Release/net10.0
// BeforeAnythingElse

// Benchmark Process Environment Information:
// BenchmarkDotNet v0.15.5-develop (2026-05-26)
// Runtime=.NET 10.0.8 (10.0.8, 10.0.826.23019), X64 RyuJIT x86-64-v3
// GC=Concurrent Workstation
// HardwareIntrinsics=AVX2+BMI1+BMI2+F16C+FMA+LZCNT+MOVBE,AVX,SSE3+SSSE3+SSE4.1+SSE4.2+POPCNT,X86Base+SSE+SSE2,AES+PCLMUL VectorSize=256
// Job: Energy(OutlierMode=DontRemove, Affinity=100, IterationTime=1s)

OverheadJitting  1: 1 op, 243649.00 ns, 243.6490 us/op
WorkloadJitting  1: 1 op, 85425574.00 ns, 85.4256 ms/op

WorkloadPilot    1: 4 op, 165253.00 ns, 41.3133 us/op
WorkloadPilot    2: 24205 op, 829900486.00 ns, 34.2863 us/op
WorkloadPilot    3: 29166 op, 991868559.00 ns, 34.0077 us/op
WorkloadPilot    4: 29405 op, 223465776.00 ns, 7.5996 us/op
WorkloadPilot    5: 131586 op, 898555773.00 ns, 6.8287 us/op
WorkloadPilot    6: 146442 op, 1011109775.00 ns, 6.9045 us/op
WorkloadPilot    7: 144833 op, 988031910.00 ns, 6.8219 us/op
WorkloadPilot    8: 146587 op, 985653932.00 ns, 6.7240 us/op
WorkloadPilot    9: 148721 op, 1000320794.00 ns, 6.7262 us/op
WorkloadPilot   10: 148673 op, 1005169957.00 ns, 6.7609 us/op

WorkloadWarmup   1: 148673 op, 996159884.00 ns, 6.7003 us/op
WorkloadWarmup   2: 148673 op, 1001601323.00 ns, 6.7369 us/op
WorkloadWarmup   3: 148673 op, 1012656187.00 ns, 6.8113 us/op
WorkloadWarmup   4: 148673 op, 1016934340.00 ns, 6.8401 us/op
WorkloadWarmup   5: 148673 op, 1001830127.00 ns, 6.7385 us/op
WorkloadWarmup   6: 148673 op, 1007116388.00 ns, 6.7740 us/op
WorkloadWarmup   7: 148673 op, 997758978.00 ns, 6.7111 us/op

// BeforeActualRun
WorkloadActual   1: 148673 op, 998286150.00 ns, 6.7146 us/op
WorkloadActual   2: 148673 op, 1017630655.00 ns, 6.8448 us/op
WorkloadActual   3: 148673 op, 1005593741.00 ns, 6.7638 us/op
WorkloadActual   4: 148673 op, 1030935369.00 ns, 6.9342 us/op
WorkloadActual   5: 148673 op, 1024405634.00 ns, 6.8903 us/op
WorkloadActual   6: 148673 op, 1000247001.00 ns, 6.7278 us/op
WorkloadActual   7: 148673 op, 1017688550.00 ns, 6.8451 us/op
WorkloadActual   8: 148673 op, 999376253.00 ns, 6.7220 us/op
WorkloadActual   9: 148673 op, 999285960.00 ns, 6.7214 us/op
WorkloadActual  10: 148673 op, 996434050.00 ns, 6.7022 us/op
WorkloadActual  11: 148673 op, 998466800.00 ns, 6.7159 us/op
WorkloadActual  12: 148673 op, 1018870155.00 ns, 6.8531 us/op
WorkloadActual  13: 148673 op, 1005689057.00 ns, 6.7644 us/op
WorkloadActual  14: 148673 op, 996771442.00 ns, 6.7045 us/op
WorkloadActual  15: 148673 op, 1001870016.00 ns, 6.7387 us/op

// AfterActualRun
WorkloadResult   1: 148673 op, 998286150.00 ns, 6.7146 us/op
WorkloadResult   2: 148673 op, 1017630655.00 ns, 6.8448 us/op
WorkloadResult   3: 148673 op, 1005593741.00 ns, 6.7638 us/op
WorkloadResult   4: 148673 op, 1030935369.00 ns, 6.9342 us/op
WorkloadResult   5: 148673 op, 1024405634.00 ns, 6.8903 us/op
WorkloadResult   6: 148673 op, 1000247001.00 ns, 6.7278 us/op
WorkloadResult   7: 148673 op, 1017688550.00 ns, 6.8451 us/op
WorkloadResult   8: 148673 op, 999376253.00 ns, 6.7220 us/op
WorkloadResult   9: 148673 op, 999285960.00 ns, 6.7214 us/op
WorkloadResult  10: 148673 op, 996434050.00 ns, 6.7022 us/op
WorkloadResult  11: 148673 op, 998466800.00 ns, 6.7159 us/op
WorkloadResult  12: 148673 op, 1018870155.00 ns, 6.8531 us/op
WorkloadResult  13: 148673 op, 1005689057.00 ns, 6.7644 us/op
WorkloadResult  14: 148673 op, 996771442.00 ns, 6.7045 us/op
WorkloadResult  15: 148673 op, 1001870016.00 ns, 6.7387 us/op

// AfterAll
// Benchmark Process 1029230 has exited with code 0.

Mean = 6.776 μs, StdErr = 0.020 μs (0.29%), N = 15, StdDev = 0.076 μs
Min = 6.702 μs, Q1 = 6.719 μs, Median = 6.739 μs, Q3 = 6.845 μs, Max = 6.934 μs
IQR = 0.126 μs, LowerFence = 6.529 μs, UpperFence = 7.034 μs
ConfidenceInterval = [6.695 μs; 6.858 μs] (CI 99.9%), Margin = 0.082 μs (1.20% of Mean)
Skewness = 0.72, Kurtosis = 1.94, MValue = 2

// ** Remained 0 (0.0 %) benchmark(s) to run. Estimated finish 2026-05-26 19:02 (0h 0m from now) **
// ***** BenchmarkRunner: Finish  *****

// * Export *
  BenchmarkArtifacts/results/JsonBench.Benchmarks.SmokeBenchByte-report.csv
  BenchmarkArtifacts/results/JsonBench.Benchmarks.SmokeBenchByte-report-github.md
  BenchmarkArtifacts/results/JsonBench.Benchmarks.SmokeBenchByte-report.html
  BenchmarkArtifacts/results/JsonBench.Benchmarks.SmokeBenchByte-measurements.csv

// * Detailed results *
SmokeBenchByte.SpanJson_Deser: Energy(OutlierMode=DontRemove, Affinity=00000100, IterationTime=1s)
Runtime = .NET 10.0.8 (10.0.8, 10.0.826.23019), X64 RyuJIT x86-64-v3; GC = Concurrent Workstation
Mean = 7.451 μs, StdErr = 0.020 μs (0.26%), N = 15, StdDev = 0.076 μs
Min = 7.370 μs, Q1 = 7.400 μs, Median = 7.406 μs, Q3 = 7.510 μs, Max = 7.602 μs
IQR = 0.110 μs, LowerFence = 7.236 μs, UpperFence = 7.675 μs
ConfidenceInterval = [7.370 μs; 7.532 μs] (CI 99.9%), Margin = 0.081 μs (1.09% of Mean)
Skewness = 0.69, Kurtosis = 1.89, MValue = 2
-------------------- Histogram --------------------
[7.330 μs ; 7.617 μs) | @@@@@@@@@@@@@@@
---------------------------------------------------

SmokeBenchByte.STJSrcGen_Deser: Energy(OutlierMode=DontRemove, Affinity=00000100, IterationTime=1s)
Runtime = .NET 10.0.8 (10.0.8, 10.0.826.23019), X64 RyuJIT x86-64-v3; GC = Concurrent Workstation
Mean = 9.750 μs, StdErr = 0.039 μs (0.40%), N = 15, StdDev = 0.150 μs
Min = 9.674 μs, Q1 = 9.679 μs, Median = 9.687 μs, Q3 = 9.725 μs, Max = 10.234 μs
IQR = 0.046 μs, LowerFence = 9.610 μs, UpperFence = 9.795 μs
ConfidenceInterval = [9.589 μs; 9.911 μs] (CI 99.9%), Margin = 0.161 μs (1.65% of Mean)
Skewness = 2.26, Kurtosis = 7.29, MValue = 2
-------------------- Histogram --------------------
[ 9.653 μs ; 10.015 μs) | @@@@@@@@@@@@@@
[10.015 μs ; 10.314 μs) | @
---------------------------------------------------

SmokeBenchByte.STJRefGen_Deser: Energy(OutlierMode=DontRemove, Affinity=00000100, IterationTime=1s)
Runtime = .NET 10.0.8 (10.0.8, 10.0.826.23019), X64 RyuJIT x86-64-v3; GC = Concurrent Workstation
Mean = 9.825 μs, StdErr = 0.030 μs (0.30%), N = 15, StdDev = 0.116 μs
Min = 9.741 μs, Q1 = 9.748 μs, Median = 9.774 μs, Q3 = 9.878 μs, Max = 10.125 μs
IQR = 0.129 μs, LowerFence = 9.554 μs, UpperFence = 10.072 μs
ConfidenceInterval = [9.701 μs; 9.949 μs] (CI 99.9%), Margin = 0.124 μs (1.26% of Mean)
Skewness = 1.29, Kurtosis = 3.44, MValue = 2
-------------------- Histogram --------------------
[9.679 μs ;  9.877 μs) | @@@@@@@@@@@
[9.877 μs ; 10.187 μs) | @@@@
---------------------------------------------------

SmokeBenchByte.Utf8Json_Deser: Energy(OutlierMode=DontRemove, Affinity=00000100, IterationTime=1s)
Runtime = .NET 10.0.8 (10.0.8, 10.0.826.23019), X64 RyuJIT x86-64-v3; GC = Concurrent Workstation
Mean = 11.287 μs, StdErr = 0.028 μs (0.25%), N = 15, StdDev = 0.108 μs
Min = 11.186 μs, Q1 = 11.207 μs, Median = 11.224 μs, Q3 = 11.370 μs, Max = 11.516 μs
IQR = 0.162 μs, LowerFence = 10.964 μs, UpperFence = 11.613 μs
ConfidenceInterval = [11.172 μs; 11.402 μs] (CI 99.9%), Margin = 0.115 μs (1.02% of Mean)
Skewness = 0.81, Kurtosis = 2.13, MValue = 2
-------------------- Histogram --------------------
[11.129 μs ; 11.574 μs) | @@@@@@@@@@@@@@@
---------------------------------------------------

SmokeBenchByte.Newtonsoft_Deser: Energy(OutlierMode=DontRemove, Affinity=00000100, IterationTime=1s)
Runtime = .NET 10.0.8 (10.0.8, 10.0.826.23019), X64 RyuJIT x86-64-v3; GC = Concurrent Workstation
Mean = 18.775 μs, StdErr = 0.058 μs (0.31%), N = 15, StdDev = 0.223 μs
Min = 18.578 μs, Q1 = 18.648 μs, Median = 18.662 μs, Q3 = 18.834 μs, Max = 19.241 μs
IQR = 0.186 μs, LowerFence = 18.368 μs, UpperFence = 19.113 μs
ConfidenceInterval = [18.537 μs; 19.013 μs] (CI 99.9%), Margin = 0.238 μs (1.27% of Mean)
Skewness = 1.1, Kurtosis = 2.46, MValue = 2
-------------------- Histogram --------------------
[18.459 μs ; 18.968 μs) | @@@@@@@@@@@@
[18.968 μs ; 19.359 μs) | @@@
---------------------------------------------------

SmokeBenchByte.STJSrcGen_Ser: Energy(OutlierMode=DontRemove, Affinity=00000100, IterationTime=1s)
Runtime = .NET 10.0.8 (10.0.8, 10.0.826.23019), X64 RyuJIT x86-64-v3; GC = Concurrent Workstation
Mean = 3.641 μs, StdErr = 0.011 μs (0.31%), N = 15, StdDev = 0.044 μs
Min = 3.606 μs, Q1 = 3.614 μs, Median = 3.616 μs, Q3 = 3.670 μs, Max = 3.762 μs
IQR = 0.056 μs, LowerFence = 3.530 μs, UpperFence = 3.754 μs
ConfidenceInterval = [3.594 μs; 3.688 μs] (CI 99.9%), Margin = 0.047 μs (1.28% of Mean)
Skewness = 1.4, Kurtosis = 4.11, MValue = 2
-------------------- Histogram --------------------
[3.583 μs ; 3.785 μs) | @@@@@@@@@@@@@@@
---------------------------------------------------

SmokeBenchByte.STJRefGen_Ser: Energy(OutlierMode=DontRemove, Affinity=00000100, IterationTime=1s)
Runtime = .NET 10.0.8 (10.0.8, 10.0.826.23019), X64 RyuJIT x86-64-v3; GC = Concurrent Workstation
Mean = 4.713 μs, StdErr = 0.014 μs (0.30%), N = 15, StdDev = 0.054 μs
Min = 4.671 μs, Q1 = 4.674 μs, Median = 4.688 μs, Q3 = 4.736 μs, Max = 4.859 μs
IQR = 0.061 μs, LowerFence = 4.582 μs, UpperFence = 4.828 μs
ConfidenceInterval = [4.656 μs; 4.771 μs] (CI 99.9%), Margin = 0.058 μs (1.23% of Mean)
Skewness = 1.31, Kurtosis = 3.87, MValue = 2
-------------------- Histogram --------------------
[4.651 μs ; 4.888 μs) | @@@@@@@@@@@@@@@
---------------------------------------------------

SmokeBenchByte.SpanJson_Ser: Energy(OutlierMode=DontRemove, Affinity=00000100, IterationTime=1s)
Runtime = .NET 10.0.8 (10.0.8, 10.0.826.23019), X64 RyuJIT x86-64-v3; GC = Concurrent Workstation
Mean = 6.384 μs, StdErr = 0.027 μs (0.43%), N = 15, StdDev = 0.106 μs
Min = 6.273 μs, Q1 = 6.339 μs, Median = 6.374 μs, Q3 = 6.405 μs, Max = 6.713 μs
IQR = 0.066 μs, LowerFence = 6.240 μs, UpperFence = 6.504 μs
ConfidenceInterval = [6.270 μs; 6.497 μs] (CI 99.9%), Margin = 0.114 μs (1.78% of Mean)
Skewness = 1.82, Kurtosis = 6.36, MValue = 2
-------------------- Histogram --------------------
[6.217 μs ; 6.441 μs) | @@@@@@@@@@@@@
[6.441 μs ; 6.769 μs) | @@
---------------------------------------------------

SmokeBenchByte.Utf8Json_Ser: Energy(OutlierMode=DontRemove, Affinity=00000100, IterationTime=1s)
Runtime = .NET 10.0.8 (10.0.8, 10.0.826.23019), X64 RyuJIT x86-64-v3; GC = Concurrent Workstation
Mean = 6.776 μs, StdErr = 0.020 μs (0.29%), N = 15, StdDev = 0.076 μs
Min = 6.702 μs, Q1 = 6.719 μs, Median = 6.739 μs, Q3 = 6.845 μs, Max = 6.934 μs
IQR = 0.126 μs, LowerFence = 6.529 μs, UpperFence = 7.034 μs
ConfidenceInterval = [6.695 μs; 6.858 μs] (CI 99.9%), Margin = 0.082 μs (1.20% of Mean)
Skewness = 0.72, Kurtosis = 1.94, MValue = 2
-------------------- Histogram --------------------
[6.662 μs ; 6.936 μs) | @@@@@@@@@@@@@@@
---------------------------------------------------

SmokeBenchByte.Newtonsoft_Ser: Energy(OutlierMode=DontRemove, Affinity=00000100, IterationTime=1s)
Runtime = .NET 10.0.8 (10.0.8, 10.0.826.23019), X64 RyuJIT x86-64-v3; GC = Concurrent Workstation
Mean = 12.062 μs, StdErr = 0.044 μs (0.37%), N = 15, StdDev = 0.172 μs
Min = 11.910 μs, Q1 = 11.943 μs, Median = 11.953 μs, Q3 = 12.169 μs, Max = 12.431 μs
IQR = 0.226 μs, LowerFence = 11.603 μs, UpperFence = 12.509 μs
ConfidenceInterval = [11.878 μs; 12.245 μs] (CI 99.9%), Margin = 0.183 μs (1.52% of Mean)
Skewness = 0.88, Kurtosis = 2.15, MValue = 2
-------------------- Histogram --------------------
[11.880 μs ; 12.151 μs) | @@@@@@@@@@@
[12.151 μs ; 12.523 μs) | @@@@
---------------------------------------------------

// * Summary *

BenchmarkDotNet v0.15.5-develop (2026-05-26), Linux Ubuntu 24.04.4 LTS (Noble Numbat)
Intel Core i9-9900K CPU 3.60GHz (Coffee Lake), 1 CPU, 8 logical and 8 physical cores
.NET SDK 10.0.108
  [Host] : .NET 10.0.8 (10.0.8, 10.0.826.23019), X64 RyuJIT x86-64-v3
  Energy : .NET 10.0.8 (10.0.8, 10.0.826.23019), X64 RyuJIT x86-64-v3

Job=Energy  OutlierMode=DontRemove  Affinity=00000100  
IterationTime=1s  

| Method           | Mean      | Error     | StdDev    | Operations | Iterations | Metrion CPU Energy (uJ/op) | Metrion CPU Energy (uJ/iter) |
|----------------- |----------:|----------:|----------:|-----------:|-----------:|---------------------------:|-----------------------------:|
| SpanJson_Deser   |  7.451 μs | 0.0812 μs | 0.0760 μs |    135,493 |      15.00 |                      80.25 |                  10872878.08 |
| STJSrcGen_Deser  |  9.750 μs | 0.1608 μs | 0.1505 μs |    103,248 |      15.00 |                      99.98 |                  10322835.69 |
| STJRefGen_Deser  |  9.825 μs | 0.1236 μs | 0.1156 μs |    102,560 |      15.00 |                     110.58 |                  11341059.59 |
| Utf8Json_Deser   | 11.287 μs | 0.1150 μs | 0.1076 μs |     89,248 |      15.00 |                     106.01 |                   9461545.66 |
| Newtonsoft_Deser | 18.775 μs | 0.2382 μs | 0.2228 μs |     53,840 |      15.00 |                     120.47 |                   6486054.87 |
|                  |           |           |           |            |            |                            |                              |
| STJSrcGen_Ser    |  3.641 μs | 0.0467 μs | 0.0437 μs |    277,184 |      15.00 |                      33.02 |                   9152345.67 |
| STJRefGen_Ser    |  4.713 μs | 0.0579 μs | 0.0541 μs |    213,664 |      15.00 |                      32.39 |                   6919869.83 |
| SpanJson_Ser     |  6.384 μs | 0.1136 μs | 0.1062 μs |    156,374 |      15.00 |                      93.38 |                  14602823.61 |
| Utf8Json_Ser     |  6.776 μs | 0.0815 μs | 0.0763 μs |    148,673 |      15.00 |                      52.56 |                   7814330.78 |
| Newtonsoft_Ser   | 12.062 μs | 0.1834 μs | 0.1716 μs |     84,176 |      15.00 |                     105.30 |                   8863528.01 |

// * Hints *
Outliers
  SmokeBenchByte.STJSrcGen_Deser: Energy  -> 3 outliers were detected (9.83 μs..10.24 μs)
  SmokeBenchByte.STJRefGen_Deser: Energy  -> 1 outlier  was  detected (10.13 μs)
  SmokeBenchByte.Newtonsoft_Deser: Energy -> 2 outliers were detected (19.20 μs, 19.25 μs)
  SmokeBenchByte.STJSrcGen_Ser: Energy    -> 1 outlier  was  detected (3.77 μs)
  SmokeBenchByte.STJRefGen_Ser: Energy    -> 1 outlier  was  detected (4.86 μs)
  SmokeBenchByte.SpanJson_Ser: Energy     -> 1 outlier  was  detected (6.71 μs)

// * Legends *
  Mean                         : Arithmetic mean of all measurements
  Error                        : Half of 99.9% confidence interval
  StdDev                       : Standard deviation of all measurements
  Operations                   : Actual invocations per measured iteration (from measurements)
  Iterations                   : Number of target iterations
  Metrion CPU Energy (uJ/op)   : Average CPU core energy consumed per benchmark operation (uJ), captured with Metrion.
  Metrion CPU Energy (uJ/iter) : Average CPU core energy consumed per benchmark iteration (uJ), captured with Metrion.
  1 μs                         : 1 Microsecond (0.000001 sec)

// * Diagnostic Output - MetrionEnergyProfiler *
Metrion measured the energy for a total of 10 benchmarks.
The measurements details of Actual Stage for each benchmark:
BenchmarkMethod - StartTimestamp - EndTimestamp - TotalEnergyFromSummary - TotalEnergyFromRawMeasurements
STJRefGen_Deser: 2026-05-26T18:55:02.196454 - 2026-05-26T18:55:17.339304 - 168.0223530324344 - 170.1158937888054
STJSrcGen_Deser: 2026-05-26T18:55:48.766344 - 2026-05-26T18:56:03.904676 - 161.77306361277908 - 154.84253538278716
Newtonsoft_Deser: 2026-05-26T18:56:35.880783 - 2026-05-26T18:56:51.076426 - 98.5612614262819 - 97.29082312272224
SpanJson_Deser: 2026-05-26T18:57:20.122644 - 2026-05-26T18:57:35.303920 - 159.3688910816996 - 163.09317121559542
Utf8Json_Deser: 2026-05-26T18:58:07.954141 - 2026-05-26T18:58:23.101362 - 146.06403915874003 - 141.92318486842294
STJRefGen_Ser: 2026-05-26T18:58:52.939931 - 2026-05-26T18:59:08.078785 - 107.23991036542897 - 103.79804752378091
STJSrcGen_Ser: 2026-05-26T18:59:41.714423 - 2026-05-26T18:59:56.888172 - 141.75106534392177 - 137.2851850263839
Newtonsoft_Ser: 2026-05-26T19:00:28.720158 - 2026-05-26T19:00:43.976921 - 138.90013543553326 - 132.9529201631309
SpanJson_Ser: 2026-05-26T19:01:15.454311 - 2026-05-26T19:01:30.454260 - 213.64451819015468 - 219.04235416766718
Utf8Json_Ser: 2026-05-26T19:01:59.813369 - 2026-05-26T19:02:14.958551 - 112.20493144768525 - 117.21496171342216


// ***** BenchmarkRunner: End *****
Run time: 00:07:42 (462.32 sec), executed benchmarks: 10

Global total time: 00:07:49 (469.5 sec), executed benchmarks: 10
// * Artifacts cleanup *
Artifacts cleanup is finished
