// Validating benchmarks:
// ***** BenchmarkRunner: Start   *****
// ***** Found 10 benchmark(s) in total *****
// ***** Building 1 exe(s) in Parallel: Start   *****
// start dotnet  restore --nodeReuse:false /p:UseSharedCompilation=false /p:Deterministic=true /p:Optimize=true /p:ArtifactsPath="/home/test/json-energy-bench/JsonBench/bin/Release/net10.0/JsonBench-Energy-1/" /p:OutDir="/home/test/json-energy-bench/JsonBench/bin/Release/net10.0/JsonBench-Energy-1/bin/Release/net10.0/" /p:OutputPath="/home/test/json-energy-bench/JsonBench/bin/Release/net10.0/JsonBench-Energy-1/bin/Release/net10.0/" /p:PublishDir="/home/test/json-energy-bench/JsonBench/bin/Release/net10.0/JsonBench-Energy-1/publish/" in /home/test/json-energy-bench/JsonBench/bin/Release/net10.0/JsonBench-Energy-1
// command took 3.64 sec and exited with 0
// start dotnet  build -c Release --no-restore --nodeReuse:false /p:UseSharedCompilation=false /p:Deterministic=true /p:Optimize=true /p:ArtifactsPath="/home/test/json-energy-bench/JsonBench/bin/Release/net10.0/JsonBench-Energy-1/" /p:OutDir="/home/test/json-energy-bench/JsonBench/bin/Release/net10.0/JsonBench-Energy-1/bin/Release/net10.0/" /p:OutputPath="/home/test/json-energy-bench/JsonBench/bin/Release/net10.0/JsonBench-Energy-1/bin/Release/net10.0/" /p:PublishDir="/home/test/json-energy-bench/JsonBench/bin/Release/net10.0/JsonBench-Energy-1/publish/" --output "/home/test/json-energy-bench/JsonBench/bin/Release/net10.0/JsonBench-Energy-1/bin/Release/net10.0/" in /home/test/json-energy-bench/JsonBench/bin/Release/net10.0/JsonBench-Energy-1
// command took 10.24 sec and exited with 0
// ***** Done, took 00:00:14 (14 sec)   *****
// Found 10 benchmarks:
//   SmokeBenchByte.STJRefGen_Deser: Energy(OutlierMode=DontRemove, IterationTime=1s)
//   SmokeBenchByte.STJSrcGen_Deser: Energy(OutlierMode=DontRemove, IterationTime=1s)
//   SmokeBenchByte.Newtonsoft_Deser: Energy(OutlierMode=DontRemove, IterationTime=1s)
//   SmokeBenchByte.SpanJson_Deser: Energy(OutlierMode=DontRemove, IterationTime=1s)
//   SmokeBenchByte.Utf8Json_Deser: Energy(OutlierMode=DontRemove, IterationTime=1s)
//   SmokeBenchByte.STJRefGen_Ser: Energy(OutlierMode=DontRemove, IterationTime=1s)
//   SmokeBenchByte.STJSrcGen_Ser: Energy(OutlierMode=DontRemove, IterationTime=1s)
//   SmokeBenchByte.Newtonsoft_Ser: Energy(OutlierMode=DontRemove, IterationTime=1s)
//   SmokeBenchByte.SpanJson_Ser: Energy(OutlierMode=DontRemove, IterationTime=1s)
//   SmokeBenchByte.Utf8Json_Ser: Energy(OutlierMode=DontRemove, IterationTime=1s)

// **************************
// Benchmark: SmokeBenchByte.STJRefGen_Deser: Energy(OutlierMode=DontRemove, IterationTime=1s)
// *** Execute ***
// Launch: 1 / 1
// Execute: dotnet JsonBench-Energy-1.dll --anonymousPipes 160 161 --benchmarkName JsonBench.Benchmarks.SmokeBenchByte.STJRefGen_Deser --job Energy --benchmarkId 0 in /home/test/json-energy-bench/JsonBench/bin/Release/net10.0/JsonBench-Energy-1/bin/Release/net10.0
// BeforeAnythingElse

// Benchmark Process Environment Information:
// BenchmarkDotNet v0.15.5-develop (2026-05-17)
// Runtime=.NET 10.0.7 (10.0.7, 10.0.726.21808), X64 RyuJIT x86-64-v3
// GC=Concurrent Workstation
// HardwareIntrinsics=AVX2+BMI1+BMI2+F16C+FMA+LZCNT+MOVBE,AVX,SSE3+SSSE3+SSE4.1+SSE4.2+POPCNT,X86Base+SSE+SSE2,AES+PCLMUL VectorSize=256
// Job: Energy(OutlierMode=DontRemove, IterationTime=1s)

OverheadJitting  1: 1 op, 273603.00 ns, 273.6030 us/op
WorkloadJitting  1: 1 op, 437215.00 ns, 437.2150 us/op

OverheadJitting  2: 16 op, 891035.00 ns, 55.6897 us/op
WorkloadJitting  2: 16 op, 1597844.00 ns, 99.8653 us/op

WorkloadPilot    1: 16 op, 530142.00 ns, 33.1339 us/op
WorkloadPilot    2: 30192 op, 816333782.00 ns, 27.0381 us/op
WorkloadPilot    3: 36992 op, 585336721.00 ns, 15.8233 us/op
WorkloadPilot    4: 63200 op, 1004487399.00 ns, 15.8938 us/op
WorkloadPilot    5: 62928 op, 1004989091.00 ns, 15.9705 us/op
WorkloadPilot    6: 62624 op, 1015603986.00 ns, 16.2175 us/op

OverheadWarmup   1: 62624 op, 425615.00 ns, 6.7964 ns/op
OverheadWarmup   2: 62624 op, 456954.00 ns, 7.2968 ns/op
OverheadWarmup   3: 62624 op, 355213.00 ns, 5.6722 ns/op
OverheadWarmup   4: 62624 op, 406740.00 ns, 6.4950 ns/op
OverheadWarmup   5: 62624 op, 381652.00 ns, 6.0943 ns/op

OverheadActual   1: 62624 op, 347552.00 ns, 5.5498 ns/op
OverheadActual   2: 62624 op, 474673.00 ns, 7.5797 ns/op
OverheadActual   3: 62624 op, 436473.00 ns, 6.9697 ns/op
OverheadActual   4: 62624 op, 461232.00 ns, 7.3651 ns/op
OverheadActual   5: 62624 op, 452949.00 ns, 7.2328 ns/op
OverheadActual   6: 62624 op, 480946.00 ns, 7.6799 ns/op
OverheadActual   7: 62624 op, 343190.00 ns, 5.4802 ns/op
OverheadActual   8: 62624 op, 345206.00 ns, 5.5124 ns/op
OverheadActual   9: 62624 op, 376716.00 ns, 6.0155 ns/op
OverheadActual  10: 62624 op, 397026.00 ns, 6.3398 ns/op
OverheadActual  11: 62624 op, 377961.00 ns, 6.0354 ns/op
OverheadActual  12: 62624 op, 364020.00 ns, 5.8128 ns/op
OverheadActual  13: 62624 op, 390124.00 ns, 6.2296 ns/op
OverheadActual  14: 62624 op, 492374.00 ns, 7.8624 ns/op
OverheadActual  15: 62624 op, 494827.00 ns, 7.9016 ns/op
OverheadActual  16: 62624 op, 515188.00 ns, 8.2267 ns/op
OverheadActual  17: 62624 op, 536938.00 ns, 8.5740 ns/op
OverheadActual  18: 62624 op, 522565.00 ns, 8.3445 ns/op
OverheadActual  19: 62624 op, 536788.00 ns, 8.5716 ns/op
OverheadActual  20: 62624 op, 459640.00 ns, 7.3397 ns/op

WorkloadWarmup   1: 62624 op, 1002384225.00 ns, 16.0064 us/op
WorkloadWarmup   2: 62624 op, 1001219805.00 ns, 15.9878 us/op
WorkloadWarmup   3: 62624 op, 996573670.00 ns, 15.9136 us/op
WorkloadWarmup   4: 62624 op, 999518047.00 ns, 15.9606 us/op
WorkloadWarmup   5: 62624 op, 996534719.00 ns, 15.9130 us/op
WorkloadWarmup   6: 62624 op, 1005612791.00 ns, 16.0579 us/op
WorkloadWarmup   7: 62624 op, 1003929704.00 ns, 16.0311 us/op

// BeforeActualRun
WorkloadActual   1: 62624 op, 1007633808.00 ns, 16.0902 us/op
WorkloadActual   2: 62624 op, 994819585.00 ns, 15.8856 us/op
WorkloadActual   3: 62624 op, 995480302.00 ns, 15.8961 us/op
WorkloadActual   4: 62624 op, 994258883.00 ns, 15.8766 us/op
WorkloadActual   5: 62624 op, 997820131.00 ns, 15.9335 us/op
WorkloadActual   6: 62624 op, 999698936.00 ns, 15.9635 us/op
WorkloadActual   7: 62624 op, 1010932043.00 ns, 16.1429 us/op
WorkloadActual   8: 62624 op, 996185326.00 ns, 15.9074 us/op
WorkloadActual   9: 62624 op, 996025882.00 ns, 15.9049 us/op
WorkloadActual  10: 62624 op, 993832932.00 ns, 15.8698 us/op
WorkloadActual  11: 62624 op, 996466890.00 ns, 15.9119 us/op
WorkloadActual  12: 62624 op, 1009737333.00 ns, 16.1238 us/op
WorkloadActual  13: 62624 op, 999515294.00 ns, 15.9606 us/op
WorkloadActual  14: 62624 op, 992983908.00 ns, 15.8563 us/op
WorkloadActual  15: 62624 op, 995095740.00 ns, 15.8900 us/op

// AfterActualRun
WorkloadResult   1: 62624 op, 1007177513.50 ns, 16.0829 us/op
WorkloadResult   2: 62624 op, 994363290.50 ns, 15.8783 us/op
WorkloadResult   3: 62624 op, 995024007.50 ns, 15.8889 us/op
WorkloadResult   4: 62624 op, 993802588.50 ns, 15.8694 us/op
WorkloadResult   5: 62624 op, 997363836.50 ns, 15.9262 us/op
WorkloadResult   6: 62624 op, 999242641.50 ns, 15.9562 us/op
WorkloadResult   7: 62624 op, 1010475748.50 ns, 16.1356 us/op
WorkloadResult   8: 62624 op, 995729031.50 ns, 15.9001 us/op
WorkloadResult   9: 62624 op, 995569587.50 ns, 15.8976 us/op
WorkloadResult  10: 62624 op, 993376637.50 ns, 15.8626 us/op
WorkloadResult  11: 62624 op, 996010595.50 ns, 15.9046 us/op
WorkloadResult  12: 62624 op, 1009281038.50 ns, 16.1165 us/op
WorkloadResult  13: 62624 op, 999058999.50 ns, 15.9533 us/op
WorkloadResult  14: 62624 op, 992527613.50 ns, 15.8490 us/op
WorkloadResult  15: 62624 op, 994639445.50 ns, 15.8827 us/op

// AfterAll
// Benchmark Process 1121315 has exited with code 0.

Mean = 15.940 μs, StdErr = 0.024 μs (0.15%), N = 15, StdDev = 0.094 μs
Min = 15.849 μs, Q1 = 15.881 μs, Median = 15.900 μs, Q3 = 15.955 μs, Max = 16.136 μs
IQR = 0.074 μs, LowerFence = 15.769 μs, UpperFence = 16.066 μs
ConfidenceInterval = [15.840 μs; 16.041 μs] (CI 99.9%), Margin = 0.101 μs (0.63% of Mean)
Skewness = 1.08, Kurtosis = 2.55, MValue = 2

// ** Remained 9 (90.0 %) benchmark(s) to run. Estimated finish 2026-05-17 20:21 (0h 6m from now) **
// **************************
// Benchmark: SmokeBenchByte.STJSrcGen_Deser: Energy(OutlierMode=DontRemove, IterationTime=1s)
// *** Execute ***
// Launch: 1 / 1
// Execute: dotnet JsonBench-Energy-1.dll --anonymousPipes 162 163 --benchmarkName JsonBench.Benchmarks.SmokeBenchByte.STJSrcGen_Deser --job Energy --benchmarkId 1 in /home/test/json-energy-bench/JsonBench/bin/Release/net10.0/JsonBench-Energy-1/bin/Release/net10.0
// BeforeAnythingElse

// Benchmark Process Environment Information:
// BenchmarkDotNet v0.15.5-develop (2026-05-17)
// Runtime=.NET 10.0.7 (10.0.7, 10.0.726.21808), X64 RyuJIT x86-64-v3
// GC=Concurrent Workstation
// HardwareIntrinsics=AVX2+BMI1+BMI2+F16C+FMA+LZCNT+MOVBE,AVX,SSE3+SSSE3+SSE4.1+SSE4.2+POPCNT,X86Base+SSE+SSE2,AES+PCLMUL VectorSize=256
// Job: Energy(OutlierMode=DontRemove, IterationTime=1s)

OverheadJitting  1: 1 op, 261543.00 ns, 261.5430 us/op
WorkloadJitting  1: 1 op, 15220044.00 ns, 15.2200 ms/op

OverheadJitting  2: 16 op, 887328.00 ns, 55.4580 us/op
WorkloadJitting  2: 16 op, 1514375.00 ns, 94.6484 us/op

WorkloadPilot    1: 16 op, 594569.00 ns, 37.1606 us/op
WorkloadPilot    2: 26912 op, 757731163.00 ns, 28.1559 us/op
WorkloadPilot    3: 35520 op, 557763840.00 ns, 15.7028 us/op
WorkloadPilot    4: 63696 op, 995644100.00 ns, 15.6312 us/op
WorkloadPilot    5: 63984 op, 1004282444.00 ns, 15.6958 us/op
WorkloadPilot    6: 63712 op, 999163593.00 ns, 15.6825 us/op
WorkloadPilot    7: 63776 op, 1002198998.00 ns, 15.7144 us/op
WorkloadPilot    8: 63648 op, 1002965149.00 ns, 15.7580 us/op

OverheadWarmup   1: 63648 op, 488595.00 ns, 7.6765 ns/op
OverheadWarmup   2: 63648 op, 471089.00 ns, 7.4015 ns/op
OverheadWarmup   3: 63648 op, 493690.00 ns, 7.7566 ns/op
OverheadWarmup   4: 63648 op, 523215.00 ns, 8.2204 ns/op
OverheadWarmup   5: 63648 op, 464593.00 ns, 7.2994 ns/op
OverheadWarmup   6: 63648 op, 420641.00 ns, 6.6089 ns/op
OverheadWarmup   7: 63648 op, 522157.00 ns, 8.2038 ns/op
OverheadWarmup   8: 63648 op, 457161.00 ns, 7.1826 ns/op

OverheadActual   1: 63648 op, 448660.00 ns, 7.0491 ns/op
OverheadActual   2: 63648 op, 378109.00 ns, 5.9406 ns/op
OverheadActual   3: 63648 op, 552501.00 ns, 8.6806 ns/op
OverheadActual   4: 63648 op, 502235.00 ns, 7.8908 ns/op
OverheadActual   5: 63648 op, 463354.00 ns, 7.2799 ns/op
OverheadActual   6: 63648 op, 464774.00 ns, 7.3023 ns/op
OverheadActual   7: 63648 op, 538844.00 ns, 8.4660 ns/op
OverheadActual   8: 63648 op, 476483.00 ns, 7.4862 ns/op
OverheadActual   9: 63648 op, 494773.00 ns, 7.7736 ns/op
OverheadActual  10: 63648 op, 388616.00 ns, 6.1057 ns/op
OverheadActual  11: 63648 op, 381298.00 ns, 5.9907 ns/op
OverheadActual  12: 63648 op, 397921.00 ns, 6.2519 ns/op
OverheadActual  13: 63648 op, 407907.00 ns, 6.4088 ns/op
OverheadActual  14: 63648 op, 397289.00 ns, 6.2420 ns/op
OverheadActual  15: 63648 op, 378868.00 ns, 5.9526 ns/op
OverheadActual  16: 63648 op, 498215.00 ns, 7.8277 ns/op
OverheadActual  17: 63648 op, 510336.00 ns, 8.0181 ns/op
OverheadActual  18: 63648 op, 510118.00 ns, 8.0147 ns/op
OverheadActual  19: 63648 op, 548080.00 ns, 8.6111 ns/op
OverheadActual  20: 63648 op, 498286.00 ns, 7.8288 ns/op

WorkloadWarmup   1: 63648 op, 998301406.00 ns, 15.6847 us/op
WorkloadWarmup   2: 63648 op, 999738364.00 ns, 15.7073 us/op
WorkloadWarmup   3: 63648 op, 1001192170.00 ns, 15.7301 us/op
WorkloadWarmup   4: 63648 op, 995038746.00 ns, 15.6335 us/op
WorkloadWarmup   5: 63648 op, 993273173.00 ns, 15.6057 us/op
WorkloadWarmup   6: 63648 op, 1015096462.00 ns, 15.9486 us/op
WorkloadWarmup   7: 63648 op, 998920389.00 ns, 15.6945 us/op

// BeforeActualRun
WorkloadActual   1: 63648 op, 998073474.00 ns, 15.6811 us/op
WorkloadActual   2: 63648 op, 994887962.00 ns, 15.6311 us/op
WorkloadActual   3: 63648 op, 994830639.00 ns, 15.6302 us/op
WorkloadActual   4: 63648 op, 995929941.00 ns, 15.6475 us/op
WorkloadActual   5: 63648 op, 1093375549.00 ns, 17.1785 us/op
WorkloadActual   6: 63648 op, 1104141807.00 ns, 17.3476 us/op
WorkloadActual   7: 63648 op, 1104743040.00 ns, 17.3571 us/op
WorkloadActual   8: 63648 op, 1100561458.00 ns, 17.2914 us/op
WorkloadActual   9: 63648 op, 1102716891.00 ns, 17.3252 us/op
WorkloadActual  10: 63648 op, 1107856724.00 ns, 17.4060 us/op
WorkloadActual  11: 63648 op, 1104525139.00 ns, 17.3537 us/op
WorkloadActual  12: 63648 op, 1101455332.00 ns, 17.3054 us/op
WorkloadActual  13: 63648 op, 1096626926.00 ns, 17.2296 us/op
WorkloadActual  14: 63648 op, 1099885305.00 ns, 17.2808 us/op
WorkloadActual  15: 63648 op, 1104876386.00 ns, 17.3592 us/op
WorkloadActual  16: 63648 op, 1097416488.00 ns, 17.2420 us/op
WorkloadActual  17: 63648 op, 1096679934.00 ns, 17.2304 us/op
WorkloadActual  18: 63648 op, 1102857850.00 ns, 17.3275 us/op
WorkloadActual  19: 63648 op, 1109117494.00 ns, 17.4258 us/op
WorkloadActual  20: 63648 op, 1068564014.00 ns, 16.7887 us/op
WorkloadActual  21: 63648 op, 991891218.00 ns, 15.5840 us/op
WorkloadActual  22: 63648 op, 992989590.00 ns, 15.6013 us/op
WorkloadActual  23: 63648 op, 990633104.00 ns, 15.5642 us/op
WorkloadActual  24: 63648 op, 1000392495.00 ns, 15.7176 us/op
WorkloadActual  25: 63648 op, 991905466.00 ns, 15.5842 us/op
WorkloadActual  26: 63648 op, 997767610.00 ns, 15.6763 us/op
WorkloadActual  27: 63648 op, 1004971286.00 ns, 15.7895 us/op
WorkloadActual  28: 63648 op, 1008793067.00 ns, 15.8496 us/op
WorkloadActual  29: 63648 op, 994072279.00 ns, 15.6183 us/op
WorkloadActual  30: 63648 op, 1009513167.00 ns, 15.8609 us/op
WorkloadActual  31: 63648 op, 1001185025.00 ns, 15.7300 us/op
WorkloadActual  32: 63648 op, 998204189.00 ns, 15.6832 us/op
WorkloadActual  33: 63648 op, 989658327.00 ns, 15.5489 us/op
WorkloadActual  34: 63648 op, 987123484.00 ns, 15.5091 us/op
WorkloadActual  35: 63648 op, 990415774.00 ns, 15.5608 us/op
WorkloadActual  36: 63648 op, 988437940.00 ns, 15.5298 us/op
WorkloadActual  37: 63648 op, 1000340726.00 ns, 15.7168 us/op
WorkloadActual  38: 63648 op, 1001208070.00 ns, 15.7304 us/op
WorkloadActual  39: 63648 op, 1007650113.00 ns, 15.8316 us/op
WorkloadActual  40: 63648 op, 988489628.00 ns, 15.5306 us/op
WorkloadActual  41: 63648 op, 987427702.00 ns, 15.5139 us/op
WorkloadActual  42: 63648 op, 994963254.00 ns, 15.6323 us/op
WorkloadActual  43: 63648 op, 996327610.00 ns, 15.6537 us/op
WorkloadActual  44: 63648 op, 988659676.00 ns, 15.5332 us/op
WorkloadActual  45: 63648 op, 987136431.00 ns, 15.5093 us/op
WorkloadActual  46: 63648 op, 986615520.00 ns, 15.5011 us/op
WorkloadActual  47: 63648 op, 986489978.00 ns, 15.4992 us/op
WorkloadActual  48: 63648 op, 1000183705.00 ns, 15.7143 us/op
WorkloadActual  49: 63648 op, 998698394.00 ns, 15.6910 us/op
WorkloadActual  50: 63648 op, 991085947.00 ns, 15.5714 us/op
WorkloadActual  51: 63648 op, 994239865.00 ns, 15.6209 us/op
WorkloadActual  52: 63648 op, 988548489.00 ns, 15.5315 us/op
WorkloadActual  53: 63648 op, 996003961.00 ns, 15.6486 us/op
WorkloadActual  54: 63648 op, 1000635393.00 ns, 15.7214 us/op
WorkloadActual  55: 63648 op, 992609109.00 ns, 15.5953 us/op
WorkloadActual  56: 63648 op, 992253541.00 ns, 15.5897 us/op
WorkloadActual  57: 63648 op, 989648423.00 ns, 15.5488 us/op
WorkloadActual  58: 63648 op, 991582820.00 ns, 15.5792 us/op
WorkloadActual  59: 63648 op, 1018869232.00 ns, 16.0079 us/op
WorkloadActual  60: 63648 op, 991402359.00 ns, 15.5763 us/op
WorkloadActual  61: 63648 op, 988797382.00 ns, 15.5354 us/op
WorkloadActual  62: 63648 op, 990408807.00 ns, 15.5607 us/op
WorkloadActual  63: 63648 op, 989857086.00 ns, 15.5521 us/op

// AfterActualRun
WorkloadResult   1: 63648 op, 997602845.50 ns, 15.6738 us/op
WorkloadResult   2: 63648 op, 994417333.50 ns, 15.6237 us/op
WorkloadResult   3: 63648 op, 994360010.50 ns, 15.6228 us/op
WorkloadResult   4: 63648 op, 995459312.50 ns, 15.6401 us/op
WorkloadResult   5: 63648 op, 1092904920.50 ns, 17.1711 us/op
WorkloadResult   6: 63648 op, 1103671178.50 ns, 17.3402 us/op
WorkloadResult   7: 63648 op, 1104272411.50 ns, 17.3497 us/op
WorkloadResult   8: 63648 op, 1100090829.50 ns, 17.2840 us/op
WorkloadResult   9: 63648 op, 1102246262.50 ns, 17.3178 us/op
WorkloadResult  10: 63648 op, 1107386095.50 ns, 17.3986 us/op
WorkloadResult  11: 63648 op, 1104054510.50 ns, 17.3463 us/op
WorkloadResult  12: 63648 op, 1100984703.50 ns, 17.2980 us/op
WorkloadResult  13: 63648 op, 1096156297.50 ns, 17.2222 us/op
WorkloadResult  14: 63648 op, 1099414676.50 ns, 17.2734 us/op
WorkloadResult  15: 63648 op, 1104405757.50 ns, 17.3518 us/op
WorkloadResult  16: 63648 op, 1096945859.50 ns, 17.2346 us/op
WorkloadResult  17: 63648 op, 1096209305.50 ns, 17.2230 us/op
WorkloadResult  18: 63648 op, 1102387221.50 ns, 17.3201 us/op
WorkloadResult  19: 63648 op, 1108646865.50 ns, 17.4184 us/op
WorkloadResult  20: 63648 op, 1068093385.50 ns, 16.7813 us/op
WorkloadResult  21: 63648 op, 991420589.50 ns, 15.5766 us/op
WorkloadResult  22: 63648 op, 992518961.50 ns, 15.5939 us/op
WorkloadResult  23: 63648 op, 990162475.50 ns, 15.5569 us/op
WorkloadResult  24: 63648 op, 999921866.50 ns, 15.7102 us/op
WorkloadResult  25: 63648 op, 991434837.50 ns, 15.5768 us/op
WorkloadResult  26: 63648 op, 997296981.50 ns, 15.6689 us/op
WorkloadResult  27: 63648 op, 1004500657.50 ns, 15.7821 us/op
WorkloadResult  28: 63648 op, 1008322438.50 ns, 15.8422 us/op
WorkloadResult  29: 63648 op, 993601650.50 ns, 15.6109 us/op
WorkloadResult  30: 63648 op, 1009042538.50 ns, 15.8535 us/op
WorkloadResult  31: 63648 op, 1000714396.50 ns, 15.7226 us/op
WorkloadResult  32: 63648 op, 997733560.50 ns, 15.6758 us/op
WorkloadResult  33: 63648 op, 989187698.50 ns, 15.5415 us/op
WorkloadResult  34: 63648 op, 986652855.50 ns, 15.5017 us/op
WorkloadResult  35: 63648 op, 989945145.50 ns, 15.5534 us/op
WorkloadResult  36: 63648 op, 987967311.50 ns, 15.5224 us/op
WorkloadResult  37: 63648 op, 999870097.50 ns, 15.7094 us/op
WorkloadResult  38: 63648 op, 1000737441.50 ns, 15.7230 us/op
WorkloadResult  39: 63648 op, 1007179484.50 ns, 15.8242 us/op
WorkloadResult  40: 63648 op, 988018999.50 ns, 15.5232 us/op
WorkloadResult  41: 63648 op, 986957073.50 ns, 15.5065 us/op
WorkloadResult  42: 63648 op, 994492625.50 ns, 15.6249 us/op
WorkloadResult  43: 63648 op, 995856981.50 ns, 15.6463 us/op
WorkloadResult  44: 63648 op, 988189047.50 ns, 15.5258 us/op
WorkloadResult  45: 63648 op, 986665802.50 ns, 15.5019 us/op
WorkloadResult  46: 63648 op, 986144891.50 ns, 15.4937 us/op
WorkloadResult  47: 63648 op, 986019349.50 ns, 15.4918 us/op
WorkloadResult  48: 63648 op, 999713076.50 ns, 15.7069 us/op
WorkloadResult  49: 63648 op, 998227765.50 ns, 15.6836 us/op
WorkloadResult  50: 63648 op, 990615318.50 ns, 15.5640 us/op
WorkloadResult  51: 63648 op, 993769236.50 ns, 15.6135 us/op
WorkloadResult  52: 63648 op, 988077860.50 ns, 15.5241 us/op
WorkloadResult  53: 63648 op, 995533332.50 ns, 15.6412 us/op
WorkloadResult  54: 63648 op, 1000164764.50 ns, 15.7140 us/op
WorkloadResult  55: 63648 op, 992138480.50 ns, 15.5879 us/op
WorkloadResult  56: 63648 op, 991782912.50 ns, 15.5823 us/op
WorkloadResult  57: 63648 op, 989177794.50 ns, 15.5414 us/op
WorkloadResult  58: 63648 op, 991112191.50 ns, 15.5718 us/op
WorkloadResult  59: 63648 op, 1018398603.50 ns, 16.0005 us/op
WorkloadResult  60: 63648 op, 990931730.50 ns, 15.5689 us/op
WorkloadResult  61: 63648 op, 988326753.50 ns, 15.5280 us/op
WorkloadResult  62: 63648 op, 989938178.50 ns, 15.5533 us/op
WorkloadResult  63: 63648 op, 989386457.50 ns, 15.5447 us/op

// AfterAll
// Benchmark Process 1121996 has exited with code 0.

Mean = 16.042 μs, StdErr = 0.092 μs (0.57%), N = 63, StdDev = 0.732 μs
Min = 15.492 μs, Q1 = 15.560 μs, Median = 15.646 μs, Q3 = 16.391 μs, Max = 17.418 μs
IQR = 0.830 μs, LowerFence = 14.315 μs, UpperFence = 17.637 μs
ConfidenceInterval = [15.724 μs; 16.361 μs] (CI 99.9%), Margin = 0.319 μs (1.99% of Mean)
Skewness = 1.08, Kurtosis = 2.25, MValue = 2.68

// ** Remained 8 (80.0 %) benchmark(s) to run. Estimated finish 2026-05-17 20:25 (0h 9m from now) **
// **************************
// Benchmark: SmokeBenchByte.Newtonsoft_Deser: Energy(OutlierMode=DontRemove, IterationTime=1s)
// *** Execute ***
// Launch: 1 / 1
// Execute: dotnet JsonBench-Energy-1.dll --anonymousPipes 123 124 --benchmarkName JsonBench.Benchmarks.SmokeBenchByte.Newtonsoft_Deser --job Energy --benchmarkId 2 in /home/test/json-energy-bench/JsonBench/bin/Release/net10.0/JsonBench-Energy-1/bin/Release/net10.0
// BeforeAnythingElse

// Benchmark Process Environment Information:
// BenchmarkDotNet v0.15.5-develop (2026-05-17)
// Runtime=.NET 10.0.7 (10.0.7, 10.0.726.21808), X64 RyuJIT x86-64-v3
// GC=Concurrent Workstation
// HardwareIntrinsics=AVX2+BMI1+BMI2+F16C+FMA+LZCNT+MOVBE,AVX,SSE3+SSSE3+SSE4.1+SSE4.2+POPCNT,X86Base+SSE+SSE2,AES+PCLMUL VectorSize=256
// Job: Energy(OutlierMode=DontRemove, IterationTime=1s)

OverheadJitting  1: 1 op, 277616.00 ns, 277.6160 us/op
WorkloadJitting  1: 1 op, 82268640.00 ns, 82.2686 ms/op

WorkloadPilot    1: 4 op, 591524.00 ns, 147.8810 us/op
WorkloadPilot    2: 6762 op, 566784263.00 ns, 83.8190 us/op
WorkloadPilot    3: 11930 op, 382580920.00 ns, 32.0688 us/op
WorkloadPilot    4: 31183 op, 1001336108.00 ns, 32.1116 us/op
WorkloadPilot    5: 31141 op, 987616871.00 ns, 31.7144 us/op
WorkloadPilot    6: 31531 op, 1017463986.00 ns, 32.2687 us/op
WorkloadPilot    7: 30990 op, 995643139.00 ns, 32.1279 us/op
WorkloadPilot    8: 31126 op, 976963409.00 ns, 31.3874 us/op
WorkloadPilot    9: 31860 op, 910757015.00 ns, 28.5862 us/op
WorkloadPilot   10: 34982 op, 1009541232.00 ns, 28.8589 us/op

WorkloadWarmup   1: 34982 op, 1002638436.00 ns, 28.6616 us/op
WorkloadWarmup   2: 34982 op, 1004716798.00 ns, 28.7210 us/op
WorkloadWarmup   3: 34982 op, 1011780217.00 ns, 28.9229 us/op
WorkloadWarmup   4: 34982 op, 1011135784.00 ns, 28.9045 us/op
WorkloadWarmup   5: 34982 op, 1017366647.00 ns, 29.0826 us/op
WorkloadWarmup   6: 34982 op, 1014217643.00 ns, 28.9926 us/op

// BeforeActualRun
WorkloadActual   1: 34982 op, 1009981784.00 ns, 28.8715 us/op
WorkloadActual   2: 34982 op, 1003361744.00 ns, 28.6822 us/op
WorkloadActual   3: 34982 op, 1014413903.00 ns, 28.9982 us/op
WorkloadActual   4: 34982 op, 1035278197.00 ns, 29.5946 us/op
WorkloadActual   5: 34982 op, 1006222547.00 ns, 28.7640 us/op
WorkloadActual   6: 34982 op, 1005458975.00 ns, 28.7422 us/op
WorkloadActual   7: 34982 op, 999107031.00 ns, 28.5606 us/op
WorkloadActual   8: 34982 op, 997211655.00 ns, 28.5064 us/op
WorkloadActual   9: 34982 op, 1009766965.00 ns, 28.8653 us/op
WorkloadActual  10: 34982 op, 1014484979.00 ns, 29.0002 us/op
WorkloadActual  11: 34982 op, 1009177685.00 ns, 28.8485 us/op
WorkloadActual  12: 34982 op, 1003962023.00 ns, 28.6994 us/op
WorkloadActual  13: 34982 op, 1000749522.00 ns, 28.6076 us/op
WorkloadActual  14: 34982 op, 998656373.00 ns, 28.5477 us/op
WorkloadActual  15: 34982 op, 1020012919.00 ns, 29.1582 us/op

// AfterActualRun
WorkloadResult   1: 34982 op, 1009981784.00 ns, 28.8715 us/op
WorkloadResult   2: 34982 op, 1003361744.00 ns, 28.6822 us/op
WorkloadResult   3: 34982 op, 1014413903.00 ns, 28.9982 us/op
WorkloadResult   4: 34982 op, 1035278197.00 ns, 29.5946 us/op
WorkloadResult   5: 34982 op, 1006222547.00 ns, 28.7640 us/op
WorkloadResult   6: 34982 op, 1005458975.00 ns, 28.7422 us/op
WorkloadResult   7: 34982 op, 999107031.00 ns, 28.5606 us/op
WorkloadResult   8: 34982 op, 997211655.00 ns, 28.5064 us/op
WorkloadResult   9: 34982 op, 1009766965.00 ns, 28.8653 us/op
WorkloadResult  10: 34982 op, 1014484979.00 ns, 29.0002 us/op
WorkloadResult  11: 34982 op, 1009177685.00 ns, 28.8485 us/op
WorkloadResult  12: 34982 op, 1003962023.00 ns, 28.6994 us/op
WorkloadResult  13: 34982 op, 1000749522.00 ns, 28.6076 us/op
WorkloadResult  14: 34982 op, 998656373.00 ns, 28.5477 us/op
WorkloadResult  15: 34982 op, 1020012919.00 ns, 29.1582 us/op

// AfterAll
// Benchmark Process 1122739 has exited with code 0.

Mean = 28.830 μs, StdErr = 0.073 μs (0.25%), N = 15, StdDev = 0.282 μs
Min = 28.506 μs, Q1 = 28.645 μs, Median = 28.764 μs, Q3 = 28.935 μs, Max = 29.595 μs
IQR = 0.290 μs, LowerFence = 28.210 μs, UpperFence = 29.370 μs
ConfidenceInterval = [28.529 μs; 29.131 μs] (CI 99.9%), Margin = 0.301 μs (1.04% of Mean)
Skewness = 1.19, Kurtosis = 4.04, MValue = 2

// ** Remained 7 (70.0 %) benchmark(s) to run. Estimated finish 2026-05-17 20:24 (0h 7m from now) **
// **************************
// Benchmark: SmokeBenchByte.SpanJson_Deser: Energy(OutlierMode=DontRemove, IterationTime=1s)
// *** Execute ***
// Launch: 1 / 1
// Execute: dotnet JsonBench-Energy-1.dll --anonymousPipes 123 124 --benchmarkName JsonBench.Benchmarks.SmokeBenchByte.SpanJson_Deser --job Energy --benchmarkId 3 in /home/test/json-energy-bench/JsonBench/bin/Release/net10.0/JsonBench-Energy-1/bin/Release/net10.0
// BeforeAnythingElse

// Benchmark Process Environment Information:
// BenchmarkDotNet v0.15.5-develop (2026-05-17)
// Runtime=.NET 10.0.7 (10.0.7, 10.0.726.21808), X64 RyuJIT x86-64-v3
// GC=Concurrent Workstation
// HardwareIntrinsics=AVX2+BMI1+BMI2+F16C+FMA+LZCNT+MOVBE,AVX,SSE3+SSSE3+SSE4.1+SSE4.2+POPCNT,X86Base+SSE+SSE2,AES+PCLMUL VectorSize=256
// Job: Energy(OutlierMode=DontRemove, IterationTime=1s)

OverheadJitting  1: 1 op, 286886.00 ns, 286.8860 us/op
WorkloadJitting  1: 1 op, 96516050.00 ns, 96.5161 ms/op

WorkloadPilot    1: 4 op, 139930.00 ns, 34.9825 us/op
WorkloadPilot    2: 28586 op, 680163449.00 ns, 23.7936 us/op
WorkloadPilot    3: 42028 op, 500410797.00 ns, 11.9066 us/op
WorkloadPilot    4: 83987 op, 990085877.00 ns, 11.7886 us/op
WorkloadPilot    5: 84828 op, 1004864392.00 ns, 11.8459 us/op
WorkloadPilot    6: 84417 op, 1003185275.00 ns, 11.8837 us/op
WorkloadPilot    7: 84149 op, 997805766.00 ns, 11.8576 us/op
WorkloadPilot    8: 84334 op, 1006002956.00 ns, 11.9288 us/op

WorkloadWarmup   1: 84334 op, 992671160.00 ns, 11.7707 us/op
WorkloadWarmup   2: 84334 op, 1000447470.00 ns, 11.8629 us/op
WorkloadWarmup   3: 84334 op, 1004328329.00 ns, 11.9089 us/op
WorkloadWarmup   4: 84334 op, 999668017.00 ns, 11.8537 us/op
WorkloadWarmup   5: 84334 op, 1002347119.00 ns, 11.8854 us/op
WorkloadWarmup   6: 84334 op, 1006347271.00 ns, 11.9329 us/op
WorkloadWarmup   7: 84334 op, 1001764379.00 ns, 11.8785 us/op

// BeforeActualRun
WorkloadActual   1: 84334 op, 1002096639.00 ns, 11.8825 us/op
WorkloadActual   2: 84334 op, 1004324612.00 ns, 11.9089 us/op
WorkloadActual   3: 84334 op, 1002914142.00 ns, 11.8922 us/op
WorkloadActual   4: 84334 op, 1003656725.00 ns, 11.9010 us/op
WorkloadActual   5: 84334 op, 1010617698.00 ns, 11.9835 us/op
WorkloadActual   6: 84334 op, 999897700.00 ns, 11.8564 us/op
WorkloadActual   7: 84334 op, 995696272.00 ns, 11.8066 us/op
WorkloadActual   8: 84334 op, 995344686.00 ns, 11.8024 us/op
WorkloadActual   9: 84334 op, 994005698.00 ns, 11.7865 us/op
WorkloadActual  10: 84334 op, 996846666.00 ns, 11.8202 us/op
WorkloadActual  11: 84334 op, 1006684900.00 ns, 11.9369 us/op
WorkloadActual  12: 84334 op, 999242460.00 ns, 11.8486 us/op
WorkloadActual  13: 84334 op, 993168041.00 ns, 11.7766 us/op
WorkloadActual  14: 84334 op, 990351928.00 ns, 11.7432 us/op
WorkloadActual  15: 84334 op, 994030265.00 ns, 11.7868 us/op

// AfterActualRun
WorkloadResult   1: 84334 op, 1002096639.00 ns, 11.8825 us/op
WorkloadResult   2: 84334 op, 1004324612.00 ns, 11.9089 us/op
WorkloadResult   3: 84334 op, 1002914142.00 ns, 11.8922 us/op
WorkloadResult   4: 84334 op, 1003656725.00 ns, 11.9010 us/op
WorkloadResult   5: 84334 op, 1010617698.00 ns, 11.9835 us/op
WorkloadResult   6: 84334 op, 999897700.00 ns, 11.8564 us/op
WorkloadResult   7: 84334 op, 995696272.00 ns, 11.8066 us/op
WorkloadResult   8: 84334 op, 995344686.00 ns, 11.8024 us/op
WorkloadResult   9: 84334 op, 994005698.00 ns, 11.7865 us/op
WorkloadResult  10: 84334 op, 996846666.00 ns, 11.8202 us/op
WorkloadResult  11: 84334 op, 1006684900.00 ns, 11.9369 us/op
WorkloadResult  12: 84334 op, 999242460.00 ns, 11.8486 us/op
WorkloadResult  13: 84334 op, 993168041.00 ns, 11.7766 us/op
WorkloadResult  14: 84334 op, 990351928.00 ns, 11.7432 us/op
WorkloadResult  15: 84334 op, 994030265.00 ns, 11.7868 us/op

// AfterAll
// Benchmark Process 1123461 has exited with code 0.

Mean = 11.849 μs, StdErr = 0.017 μs (0.15%), N = 15, StdDev = 0.068 μs
Min = 11.743 μs, Q1 = 11.795 μs, Median = 11.849 μs, Q3 = 11.897 μs, Max = 11.984 μs
IQR = 0.102 μs, LowerFence = 11.642 μs, UpperFence = 12.049 μs
ConfidenceInterval = [11.776 μs; 11.921 μs] (CI 99.9%), Margin = 0.072 μs (0.61% of Mean)
Skewness = 0.29, Kurtosis = 1.92, MValue = 2

// ** Remained 6 (60.0 %) benchmark(s) to run. Estimated finish 2026-05-17 20:23 (0h 5m from now) **
// **************************
// Benchmark: SmokeBenchByte.Utf8Json_Deser: Energy(OutlierMode=DontRemove, IterationTime=1s)
// *** Execute ***
// Launch: 1 / 1
// Execute: dotnet JsonBench-Energy-1.dll --anonymousPipes 123 124 --benchmarkName JsonBench.Benchmarks.SmokeBenchByte.Utf8Json_Deser --job Energy --benchmarkId 4 in /home/test/json-energy-bench/JsonBench/bin/Release/net10.0/JsonBench-Energy-1/bin/Release/net10.0
// BeforeAnythingElse

// Benchmark Process Environment Information:
// BenchmarkDotNet v0.15.5-develop (2026-05-17)
// Runtime=.NET 10.0.7 (10.0.7, 10.0.726.21808), X64 RyuJIT x86-64-v3
// GC=Concurrent Workstation
// HardwareIntrinsics=AVX2+BMI1+BMI2+F16C+FMA+LZCNT+MOVBE,AVX,SSE3+SSSE3+SSE4.1+SSE4.2+POPCNT,X86Base+SSE+SSE2,AES+PCLMUL VectorSize=256
// Job: Energy(OutlierMode=DontRemove, IterationTime=1s)

OverheadJitting  1: 1 op, 275506.00 ns, 275.5060 us/op
WorkloadJitting  1: 1 op, 108589547.00 ns, 108.5895 ms/op

WorkloadPilot    1: 4 op, 301584.00 ns, 75.3960 us/op
WorkloadPilot    2: 13263 op, 639853076.00 ns, 48.2435 us/op
WorkloadPilot    3: 20728 op, 465693956.00 ns, 22.4669 us/op
WorkloadPilot    4: 44510 op, 998825137.00 ns, 22.4405 us/op
WorkloadPilot    5: 44562 op, 1000691847.00 ns, 22.4562 us/op
WorkloadPilot    6: 44531 op, 1003939362.00 ns, 22.5447 us/op
WorkloadPilot    7: 44356 op, 998981587.00 ns, 22.5219 us/op
WorkloadPilot    8: 44401 op, 1006377807.00 ns, 22.6657 us/op

WorkloadWarmup   1: 44401 op, 999291637.00 ns, 22.5061 us/op
WorkloadWarmup   2: 44401 op, 1003301963.00 ns, 22.5964 us/op
WorkloadWarmup   3: 44401 op, 1007695521.00 ns, 22.6953 us/op
WorkloadWarmup   4: 44401 op, 1000213978.00 ns, 22.5268 us/op
WorkloadWarmup   5: 44401 op, 999442373.00 ns, 22.5095 us/op
WorkloadWarmup   6: 44401 op, 1009984993.00 ns, 22.7469 us/op
WorkloadWarmup   7: 44401 op, 1011736818.00 ns, 22.7864 us/op
WorkloadWarmup   8: 44401 op, 1004728665.00 ns, 22.6285 us/op

// BeforeActualRun
WorkloadActual   1: 44401 op, 1004889414.00 ns, 22.6321 us/op
WorkloadActual   2: 44401 op, 1000507773.00 ns, 22.5335 us/op
WorkloadActual   3: 44401 op, 1000191403.00 ns, 22.5263 us/op
WorkloadActual   4: 44401 op, 1014739667.00 ns, 22.8540 us/op
WorkloadActual   5: 44401 op, 997782430.00 ns, 22.4721 us/op
WorkloadActual   6: 44401 op, 995215858.00 ns, 22.4143 us/op
WorkloadActual   7: 44401 op, 996599669.00 ns, 22.4454 us/op
WorkloadActual   8: 44401 op, 996640104.00 ns, 22.4463 us/op
WorkloadActual   9: 44401 op, 998110678.00 ns, 22.4795 us/op
WorkloadActual  10: 44401 op, 1009625788.00 ns, 22.7388 us/op
WorkloadActual  11: 44401 op, 998965738.00 ns, 22.4987 us/op
WorkloadActual  12: 44401 op, 1000114653.00 ns, 22.5246 us/op
WorkloadActual  13: 44401 op, 996705833.00 ns, 22.4478 us/op
WorkloadActual  14: 44401 op, 994710161.00 ns, 22.4029 us/op
WorkloadActual  15: 44401 op, 1011458859.00 ns, 22.7801 us/op

// AfterActualRun
WorkloadResult   1: 44401 op, 1004889414.00 ns, 22.6321 us/op
WorkloadResult   2: 44401 op, 1000507773.00 ns, 22.5335 us/op
WorkloadResult   3: 44401 op, 1000191403.00 ns, 22.5263 us/op
WorkloadResult   4: 44401 op, 1014739667.00 ns, 22.8540 us/op
WorkloadResult   5: 44401 op, 997782430.00 ns, 22.4721 us/op
WorkloadResult   6: 44401 op, 995215858.00 ns, 22.4143 us/op
WorkloadResult   7: 44401 op, 996599669.00 ns, 22.4454 us/op
WorkloadResult   8: 44401 op, 996640104.00 ns, 22.4463 us/op
WorkloadResult   9: 44401 op, 998110678.00 ns, 22.4795 us/op
WorkloadResult  10: 44401 op, 1009625788.00 ns, 22.7388 us/op
WorkloadResult  11: 44401 op, 998965738.00 ns, 22.4987 us/op
WorkloadResult  12: 44401 op, 1000114653.00 ns, 22.5246 us/op
WorkloadResult  13: 44401 op, 996705833.00 ns, 22.4478 us/op
WorkloadResult  14: 44401 op, 994710161.00 ns, 22.4029 us/op
WorkloadResult  15: 44401 op, 1011458859.00 ns, 22.7801 us/op

// AfterAll
// Benchmark Process 1124130 has exited with code 0.

Mean = 22.546 μs, StdErr = 0.036 μs (0.16%), N = 15, StdDev = 0.140 μs
Min = 22.403 μs, Q1 = 22.447 μs, Median = 22.499 μs, Q3 = 22.583 μs, Max = 22.854 μs
IQR = 0.136 μs, LowerFence = 22.244 μs, UpperFence = 22.786 μs
ConfidenceInterval = [22.397 μs; 22.696 μs] (CI 99.9%), Margin = 0.150 μs (0.66% of Mean)
Skewness = 0.98, Kurtosis = 2.5, MValue = 2

// ** Remained 5 (50.0 %) benchmark(s) to run. Estimated finish 2026-05-17 20:23 (0h 4m from now) **
// **************************
// Benchmark: SmokeBenchByte.STJRefGen_Ser: Energy(OutlierMode=DontRemove, IterationTime=1s)
// *** Execute ***
// Launch: 1 / 1
// Execute: dotnet JsonBench-Energy-1.dll --anonymousPipes 123 124 --benchmarkName JsonBench.Benchmarks.SmokeBenchByte.STJRefGen_Ser --job Energy --benchmarkId 5 in /home/test/json-energy-bench/JsonBench/bin/Release/net10.0/JsonBench-Energy-1/bin/Release/net10.0
// BeforeAnythingElse

// Benchmark Process Environment Information:
// BenchmarkDotNet v0.15.5-develop (2026-05-17)
// Runtime=.NET 10.0.7 (10.0.7, 10.0.726.21808), X64 RyuJIT x86-64-v3
// GC=Concurrent Workstation
// HardwareIntrinsics=AVX2+BMI1+BMI2+F16C+FMA+LZCNT+MOVBE,AVX,SSE3+SSSE3+SSE4.1+SSE4.2+POPCNT,X86Base+SSE+SSE2,AES+PCLMUL VectorSize=256
// Job: Energy(OutlierMode=DontRemove, IterationTime=1s)

OverheadJitting  1: 1 op, 274499.00 ns, 274.4990 us/op
WorkloadJitting  1: 1 op, 4277906.00 ns, 4.2779 ms/op

OverheadJitting  2: 16 op, 870335.00 ns, 54.3959 us/op
WorkloadJitting  2: 16 op, 1296474.00 ns, 81.0296 us/op

WorkloadPilot    1: 16 op, 372938.00 ns, 23.3086 us/op
WorkloadPilot    2: 42912 op, 712719979.00 ns, 16.6089 us/op
WorkloadPilot    3: 60224 op, 471654989.00 ns, 7.8317 us/op
WorkloadPilot    4: 127696 op, 993583180.00 ns, 7.7808 us/op
WorkloadPilot    5: 128528 op, 1001833719.00 ns, 7.7947 us/op
WorkloadPilot    6: 128304 op, 1002161103.00 ns, 7.8108 us/op
WorkloadPilot    7: 128032 op, 999009279.00 ns, 7.8028 us/op
WorkloadPilot    8: 128160 op, 1002561891.00 ns, 7.8227 us/op

OverheadWarmup   1: 128160 op, 984516.00 ns, 7.6819 ns/op
OverheadWarmup   2: 128160 op, 1004234.00 ns, 7.8358 ns/op
OverheadWarmup   3: 128160 op, 936455.00 ns, 7.3069 ns/op
OverheadWarmup   4: 128160 op, 918670.00 ns, 7.1681 ns/op
OverheadWarmup   5: 128160 op, 886342.00 ns, 6.9159 ns/op
OverheadWarmup   6: 128160 op, 900477.00 ns, 7.0262 ns/op
OverheadWarmup   7: 128160 op, 940730.00 ns, 7.3403 ns/op
OverheadWarmup   8: 128160 op, 902240.00 ns, 7.0400 ns/op

OverheadActual   1: 128160 op, 880416.00 ns, 6.8697 ns/op
OverheadActual   2: 128160 op, 686500.00 ns, 5.3566 ns/op
OverheadActual   3: 128160 op, 939818.00 ns, 7.3332 ns/op
OverheadActual   4: 128160 op, 874565.00 ns, 6.8240 ns/op
OverheadActual   5: 128160 op, 886146.00 ns, 6.9144 ns/op
OverheadActual   6: 128160 op, 978252.00 ns, 7.6331 ns/op
OverheadActual   7: 128160 op, 920821.00 ns, 7.1849 ns/op
OverheadActual   8: 128160 op, 801309.00 ns, 6.2524 ns/op
OverheadActual   9: 128160 op, 814648.00 ns, 6.3565 ns/op
OverheadActual  10: 128160 op, 709181.00 ns, 5.5336 ns/op
OverheadActual  11: 128160 op, 738375.00 ns, 5.7614 ns/op
OverheadActual  12: 128160 op, 813543.00 ns, 6.3479 ns/op
OverheadActual  13: 128160 op, 822286.00 ns, 6.4161 ns/op
OverheadActual  14: 128160 op, 947465.00 ns, 7.3928 ns/op
OverheadActual  15: 128160 op, 1001068.00 ns, 7.8111 ns/op
OverheadActual  16: 128160 op, 1030032.00 ns, 8.0371 ns/op
OverheadActual  17: 128160 op, 993704.00 ns, 7.7536 ns/op
OverheadActual  18: 128160 op, 980532.00 ns, 7.6508 ns/op
OverheadActual  19: 128160 op, 907449.00 ns, 7.0806 ns/op
OverheadActual  20: 128160 op, 895862.00 ns, 6.9902 ns/op

WorkloadWarmup   1: 128160 op, 1004044885.00 ns, 7.8343 us/op
WorkloadWarmup   2: 128160 op, 1011317199.00 ns, 7.8911 us/op
WorkloadWarmup   3: 128160 op, 1008279520.00 ns, 7.8673 us/op
WorkloadWarmup   4: 128160 op, 1009418670.00 ns, 7.8762 us/op
WorkloadWarmup   5: 128160 op, 1001877384.00 ns, 7.8174 us/op
WorkloadWarmup   6: 128160 op, 1003009392.00 ns, 7.8262 us/op

// BeforeActualRun
WorkloadActual   1: 128160 op, 1035768401.00 ns, 8.0818 us/op
WorkloadActual   2: 128160 op, 1008387855.00 ns, 7.8682 us/op
WorkloadActual   3: 128160 op, 1025841450.00 ns, 8.0044 us/op
WorkloadActual   4: 128160 op, 1013018481.00 ns, 7.9043 us/op
WorkloadActual   5: 128160 op, 1005752071.00 ns, 7.8476 us/op
WorkloadActual   6: 128160 op, 1036040891.00 ns, 8.0840 us/op
WorkloadActual   7: 128160 op, 1001801777.00 ns, 7.8168 us/op
WorkloadActual   8: 128160 op, 996168631.00 ns, 7.7729 us/op
WorkloadActual   9: 128160 op, 996480031.00 ns, 7.7753 us/op
WorkloadActual  10: 128160 op, 1126140994.00 ns, 8.7870 us/op
WorkloadActual  11: 128160 op, 1113242944.00 ns, 8.6864 us/op
WorkloadActual  12: 128160 op, 1117708703.00 ns, 8.7212 us/op
WorkloadActual  13: 128160 op, 1112430918.00 ns, 8.6800 us/op
WorkloadActual  14: 128160 op, 1106568879.00 ns, 8.6343 us/op
WorkloadActual  15: 128160 op, 1107446582.00 ns, 8.6411 us/op
WorkloadActual  16: 128160 op, 1105622380.00 ns, 8.6269 us/op
WorkloadActual  17: 128160 op, 1116263598.00 ns, 8.7099 us/op
WorkloadActual  18: 128160 op, 1107677693.00 ns, 8.6429 us/op
WorkloadActual  19: 128160 op, 1107079722.00 ns, 8.6383 us/op
WorkloadActual  20: 128160 op, 1120559641.00 ns, 8.7434 us/op
WorkloadActual  21: 128160 op, 1115095091.00 ns, 8.7008 us/op
WorkloadActual  22: 128160 op, 1119186834.00 ns, 8.7327 us/op
WorkloadActual  23: 128160 op, 1123655552.00 ns, 8.7676 us/op
WorkloadActual  24: 128160 op, 1105480649.00 ns, 8.6258 us/op
WorkloadActual  25: 128160 op, 1138729107.00 ns, 8.8852 us/op
WorkloadActual  26: 128160 op, 1106052806.00 ns, 8.6302 us/op
WorkloadActual  27: 128160 op, 1115172936.00 ns, 8.7014 us/op
WorkloadActual  28: 128160 op, 1107794592.00 ns, 8.6438 us/op
WorkloadActual  29: 128160 op, 1116943734.00 ns, 8.7152 us/op
WorkloadActual  30: 128160 op, 1113928570.00 ns, 8.6917 us/op
WorkloadActual  31: 128160 op, 1113151660.00 ns, 8.6856 us/op
WorkloadActual  32: 128160 op, 1118366923.00 ns, 8.7263 us/op
WorkloadActual  33: 128160 op, 1106074945.00 ns, 8.6304 us/op
WorkloadActual  34: 128160 op, 1111225014.00 ns, 8.6706 us/op
WorkloadActual  35: 128160 op, 1105276532.00 ns, 8.6242 us/op
WorkloadActual  36: 128160 op, 1107370740.00 ns, 8.6405 us/op
WorkloadActual  37: 128160 op, 1114718418.00 ns, 8.6979 us/op
WorkloadActual  38: 128160 op, 1111258908.00 ns, 8.6709 us/op
WorkloadActual  39: 128160 op, 1117399631.00 ns, 8.7188 us/op
WorkloadActual  40: 128160 op, 1105345749.00 ns, 8.6247 us/op
WorkloadActual  41: 128160 op, 1104890028.00 ns, 8.6212 us/op
WorkloadActual  42: 128160 op, 1113150548.00 ns, 8.6856 us/op
WorkloadActual  43: 128160 op, 1106593426.00 ns, 8.6345 us/op
WorkloadActual  44: 128160 op, 1107819500.00 ns, 8.6440 us/op
WorkloadActual  45: 128160 op, 1106828236.00 ns, 8.6363 us/op

// AfterActualRun
WorkloadResult   1: 128160 op, 1034877397.00 ns, 8.0749 us/op
WorkloadResult   2: 128160 op, 1007496851.00 ns, 7.8612 us/op
WorkloadResult   3: 128160 op, 1024950446.00 ns, 7.9974 us/op
WorkloadResult   4: 128160 op, 1012127477.00 ns, 7.8974 us/op
WorkloadResult   5: 128160 op, 1004861067.00 ns, 7.8407 us/op
WorkloadResult   6: 128160 op, 1035149887.00 ns, 8.0770 us/op
WorkloadResult   7: 128160 op, 1000910773.00 ns, 7.8099 us/op
WorkloadResult   8: 128160 op, 995277627.00 ns, 7.7659 us/op
WorkloadResult   9: 128160 op, 995589027.00 ns, 7.7683 us/op
WorkloadResult  10: 128160 op, 1125249990.00 ns, 8.7800 us/op
WorkloadResult  11: 128160 op, 1112351940.00 ns, 8.6794 us/op
WorkloadResult  12: 128160 op, 1116817699.00 ns, 8.7142 us/op
WorkloadResult  13: 128160 op, 1111539914.00 ns, 8.6731 us/op
WorkloadResult  14: 128160 op, 1105677875.00 ns, 8.6273 us/op
WorkloadResult  15: 128160 op, 1106555578.00 ns, 8.6342 us/op
WorkloadResult  16: 128160 op, 1104731376.00 ns, 8.6199 us/op
WorkloadResult  17: 128160 op, 1115372594.00 ns, 8.7030 us/op
WorkloadResult  18: 128160 op, 1106786689.00 ns, 8.6360 us/op
WorkloadResult  19: 128160 op, 1106188718.00 ns, 8.6313 us/op
WorkloadResult  20: 128160 op, 1119668637.00 ns, 8.7365 us/op
WorkloadResult  21: 128160 op, 1114204087.00 ns, 8.6939 us/op
WorkloadResult  22: 128160 op, 1118295830.00 ns, 8.7258 us/op
WorkloadResult  23: 128160 op, 1122764548.00 ns, 8.7606 us/op
WorkloadResult  24: 128160 op, 1104589645.00 ns, 8.6188 us/op
WorkloadResult  25: 128160 op, 1137838103.00 ns, 8.8783 us/op
WorkloadResult  26: 128160 op, 1105161802.00 ns, 8.6233 us/op
WorkloadResult  27: 128160 op, 1114281932.00 ns, 8.6945 us/op
WorkloadResult  28: 128160 op, 1106903588.00 ns, 8.6369 us/op
WorkloadResult  29: 128160 op, 1116052730.00 ns, 8.7083 us/op
WorkloadResult  30: 128160 op, 1113037566.00 ns, 8.6848 us/op
WorkloadResult  31: 128160 op, 1112260656.00 ns, 8.6787 us/op
WorkloadResult  32: 128160 op, 1117475919.00 ns, 8.7194 us/op
WorkloadResult  33: 128160 op, 1105183941.00 ns, 8.6235 us/op
WorkloadResult  34: 128160 op, 1110334010.00 ns, 8.6637 us/op
WorkloadResult  35: 128160 op, 1104385528.00 ns, 8.6172 us/op
WorkloadResult  36: 128160 op, 1106479736.00 ns, 8.6336 us/op
WorkloadResult  37: 128160 op, 1113827414.00 ns, 8.6909 us/op
WorkloadResult  38: 128160 op, 1110367904.00 ns, 8.6639 us/op
WorkloadResult  39: 128160 op, 1116508627.00 ns, 8.7118 us/op
WorkloadResult  40: 128160 op, 1104454745.00 ns, 8.6178 us/op
WorkloadResult  41: 128160 op, 1103999024.00 ns, 8.6142 us/op
WorkloadResult  42: 128160 op, 1112259544.00 ns, 8.6787 us/op
WorkloadResult  43: 128160 op, 1105702422.00 ns, 8.6275 us/op
WorkloadResult  44: 128160 op, 1106928496.00 ns, 8.6371 us/op
WorkloadResult  45: 128160 op, 1105937232.00 ns, 8.6293 us/op

// AfterAll
// Benchmark Process 1124854 has exited with code 0.

Mean = 8.519 μs, StdErr = 0.048 μs (0.56%), N = 45, StdDev = 0.322 μs
Min = 7.766 μs, Q1 = 8.618 μs, Median = 8.636 μs, Q3 = 8.694 μs, Max = 8.878 μs
IQR = 0.076 μs, LowerFence = 8.504 μs, UpperFence = 8.808 μs
ConfidenceInterval = [8.350 μs; 8.688 μs] (CI 99.9%), Margin = 0.169 μs (1.99% of Mean)
Skewness = -1.44, Kurtosis = 3.39, MValue = 2

// ** Remained 4 (40.0 %) benchmark(s) to run. Estimated finish 2026-05-17 20:24 (0h 3m from now) **
// **************************
// Benchmark: SmokeBenchByte.STJSrcGen_Ser: Energy(OutlierMode=DontRemove, IterationTime=1s)
// *** Execute ***
// Launch: 1 / 1
// Execute: dotnet JsonBench-Energy-1.dll --anonymousPipes 123 124 --benchmarkName JsonBench.Benchmarks.SmokeBenchByte.STJSrcGen_Ser --job Energy --benchmarkId 6 in /home/test/json-energy-bench/JsonBench/bin/Release/net10.0/JsonBench-Energy-1/bin/Release/net10.0
// BeforeAnythingElse

// Benchmark Process Environment Information:
// BenchmarkDotNet v0.15.5-develop (2026-05-17)
// Runtime=.NET 10.0.7 (10.0.7, 10.0.726.21808), X64 RyuJIT x86-64-v3
// GC=Concurrent Workstation
// HardwareIntrinsics=AVX2+BMI1+BMI2+F16C+FMA+LZCNT+MOVBE,AVX,SSE3+SSSE3+SSE4.1+SSE4.2+POPCNT,X86Base+SSE+SSE2,AES+PCLMUL VectorSize=256
// Job: Energy(OutlierMode=DontRemove, IterationTime=1s)

OverheadJitting  1: 1 op, 268264.00 ns, 268.2640 us/op
WorkloadJitting  1: 1 op, 15610179.00 ns, 15.6102 ms/op

OverheadJitting  2: 16 op, 821280.00 ns, 51.3300 us/op
WorkloadJitting  2: 16 op, 1155942.00 ns, 72.2464 us/op

WorkloadPilot    1: 16 op, 338243.00 ns, 21.1402 us/op
WorkloadPilot    2: 47312 op, 547972267.00 ns, 11.5821 us/op
WorkloadPilot    3: 86352 op, 480572226.00 ns, 5.5653 us/op
WorkloadPilot    4: 179696 op, 997195704.00 ns, 5.5493 us/op
WorkloadPilot    5: 180208 op, 1072530986.00 ns, 5.9516 us/op
WorkloadPilot    6: 168032 op, 959528161.00 ns, 5.7104 us/op
WorkloadPilot    7: 175120 op, 977152762.00 ns, 5.5799 us/op
WorkloadPilot    8: 179216 op, 997923988.00 ns, 5.5683 us/op
WorkloadPilot    9: 179600 op, 1001336259.00 ns, 5.5754 us/op
WorkloadPilot   10: 179360 op, 1007082137.00 ns, 5.6149 us/op

OverheadWarmup   1: 179360 op, 1251090.00 ns, 6.9753 ns/op
OverheadWarmup   2: 179360 op, 1047196.00 ns, 5.8385 ns/op
OverheadWarmup   3: 179360 op, 980686.00 ns, 5.4677 ns/op
OverheadWarmup   4: 179360 op, 1049622.00 ns, 5.8520 ns/op
OverheadWarmup   5: 179360 op, 1041895.00 ns, 5.8090 ns/op
OverheadWarmup   6: 179360 op, 1141998.00 ns, 6.3671 ns/op
OverheadWarmup   7: 179360 op, 1408220.00 ns, 7.8514 ns/op
OverheadWarmup   8: 179360 op, 1341276.00 ns, 7.4781 ns/op

OverheadActual   1: 179360 op, 1339388.00 ns, 7.4676 ns/op
OverheadActual   2: 179360 op, 1174370.00 ns, 6.5476 ns/op
OverheadActual   3: 179360 op, 1354122.00 ns, 7.5497 ns/op
OverheadActual   4: 179360 op, 1203229.00 ns, 6.7085 ns/op
OverheadActual   5: 179360 op, 1021401.00 ns, 5.6947 ns/op
OverheadActual   6: 179360 op, 1070824.00 ns, 5.9702 ns/op
OverheadActual   7: 179360 op, 1165804.00 ns, 6.4998 ns/op
OverheadActual   8: 179360 op, 1328790.00 ns, 7.4085 ns/op
OverheadActual   9: 179360 op, 1278069.00 ns, 7.1257 ns/op
OverheadActual  10: 179360 op, 1369498.00 ns, 7.6355 ns/op
OverheadActual  11: 179360 op, 1263705.00 ns, 7.0456 ns/op
OverheadActual  12: 179360 op, 1002843.00 ns, 5.5912 ns/op
OverheadActual  13: 179360 op, 1019567.00 ns, 5.6845 ns/op
OverheadActual  14: 179360 op, 1072892.00 ns, 5.9818 ns/op
OverheadActual  15: 179360 op, 1048433.00 ns, 5.8454 ns/op
OverheadActual  16: 179360 op, 1039042.00 ns, 5.7931 ns/op
OverheadActual  17: 179360 op, 1412275.00 ns, 7.8740 ns/op
OverheadActual  18: 179360 op, 1350155.00 ns, 7.5276 ns/op
OverheadActual  19: 179360 op, 1379860.00 ns, 7.6932 ns/op
OverheadActual  20: 179360 op, 1476922.00 ns, 8.2344 ns/op

WorkloadWarmup   1: 179360 op, 1006445612.00 ns, 5.6113 us/op
WorkloadWarmup   2: 179360 op, 1001700389.00 ns, 5.5849 us/op
WorkloadWarmup   3: 179360 op, 997128364.00 ns, 5.5594 us/op
WorkloadWarmup   4: 179360 op, 1014871429.00 ns, 5.6583 us/op
WorkloadWarmup   5: 179360 op, 1013212273.00 ns, 5.6490 us/op
WorkloadWarmup   6: 179360 op, 999075168.00 ns, 5.5702 us/op
WorkloadWarmup   7: 179360 op, 998304499.00 ns, 5.5659 us/op
WorkloadWarmup   8: 179360 op, 997926729.00 ns, 5.5638 us/op
WorkloadWarmup   9: 179360 op, 1028830559.00 ns, 5.7361 us/op
WorkloadWarmup  10: 179360 op, 1016938110.00 ns, 5.6698 us/op

// BeforeActualRun
WorkloadActual   1: 179360 op, 997267089.00 ns, 5.5601 us/op
WorkloadActual   2: 179360 op, 996153645.00 ns, 5.5539 us/op
WorkloadActual   3: 179360 op, 995578627.00 ns, 5.5507 us/op
WorkloadActual   4: 179360 op, 992903287.00 ns, 5.5358 us/op
WorkloadActual   5: 179360 op, 1001959640.00 ns, 5.5863 us/op
WorkloadActual   6: 179360 op, 1000622856.00 ns, 5.5789 us/op
WorkloadActual   7: 179360 op, 997614600.00 ns, 5.5621 us/op
WorkloadActual   8: 179360 op, 996562596.00 ns, 5.5562 us/op
WorkloadActual   9: 179360 op, 991176124.00 ns, 5.5262 us/op
WorkloadActual  10: 179360 op, 987890963.00 ns, 5.5079 us/op
WorkloadActual  11: 179360 op, 993932437.00 ns, 5.5416 us/op
WorkloadActual  12: 179360 op, 992222171.00 ns, 5.5320 us/op
WorkloadActual  13: 179360 op, 991068127.00 ns, 5.5256 us/op
WorkloadActual  14: 179360 op, 989659073.00 ns, 5.5177 us/op
WorkloadActual  15: 179360 op, 998557978.00 ns, 5.5673 us/op

// AfterActualRun
WorkloadResult   1: 179360 op, 996033622.00 ns, 5.5533 us/op
WorkloadResult   2: 179360 op, 994920178.00 ns, 5.5471 us/op
WorkloadResult   3: 179360 op, 994345160.00 ns, 5.5439 us/op
WorkloadResult   4: 179360 op, 991669820.00 ns, 5.5289 us/op
WorkloadResult   5: 179360 op, 1000726173.00 ns, 5.5794 us/op
WorkloadResult   6: 179360 op, 999389389.00 ns, 5.5720 us/op
WorkloadResult   7: 179360 op, 996381133.00 ns, 5.5552 us/op
WorkloadResult   8: 179360 op, 995329129.00 ns, 5.5493 us/op
WorkloadResult   9: 179360 op, 989942657.00 ns, 5.5193 us/op
WorkloadResult  10: 179360 op, 986657496.00 ns, 5.5010 us/op
WorkloadResult  11: 179360 op, 992698970.00 ns, 5.5347 us/op
WorkloadResult  12: 179360 op, 990988704.00 ns, 5.5251 us/op
WorkloadResult  13: 179360 op, 989834660.00 ns, 5.5187 us/op
WorkloadResult  14: 179360 op, 988425606.00 ns, 5.5108 us/op
WorkloadResult  15: 179360 op, 997324511.00 ns, 5.5605 us/op

// AfterAll
// Benchmark Process 1125589 has exited with code 0.

Mean = 5.540 μs, StdErr = 0.006 μs (0.11%), N = 15, StdDev = 0.023 μs
Min = 5.501 μs, Q1 = 5.522 μs, Median = 5.544 μs, Q3 = 5.554 μs, Max = 5.579 μs
IQR = 0.032 μs, LowerFence = 5.474 μs, UpperFence = 5.602 μs
ConfidenceInterval = [5.516 μs; 5.564 μs] (CI 99.9%), Margin = 0.024 μs (0.44% of Mean)
Skewness = 0.02, Kurtosis = 1.83, MValue = 2

// ** Remained 3 (30.0 %) benchmark(s) to run. Estimated finish 2026-05-17 20:23 (0h 2m from now) **
// **************************
// Benchmark: SmokeBenchByte.Newtonsoft_Ser: Energy(OutlierMode=DontRemove, IterationTime=1s)
// *** Execute ***
// Launch: 1 / 1
// Execute: dotnet JsonBench-Energy-1.dll --anonymousPipes 123 124 --benchmarkName JsonBench.Benchmarks.SmokeBenchByte.Newtonsoft_Ser --job Energy --benchmarkId 7 in /home/test/json-energy-bench/JsonBench/bin/Release/net10.0/JsonBench-Energy-1/bin/Release/net10.0
// BeforeAnythingElse

// Benchmark Process Environment Information:
// BenchmarkDotNet v0.15.5-develop (2026-05-17)
// Runtime=.NET 10.0.7 (10.0.7, 10.0.726.21808), X64 RyuJIT x86-64-v3
// GC=Concurrent Workstation
// HardwareIntrinsics=AVX2+BMI1+BMI2+F16C+FMA+LZCNT+MOVBE,AVX,SSE3+SSSE3+SSE4.1+SSE4.2+POPCNT,X86Base+SSE+SSE2,AES+PCLMUL VectorSize=256
// Job: Energy(OutlierMode=DontRemove, IterationTime=1s)

OverheadJitting  1: 1 op, 274490.00 ns, 274.4900 us/op
WorkloadJitting  1: 1 op, 76851438.00 ns, 76.8514 ms/op

WorkloadPilot    1: 4 op, 397938.00 ns, 99.4845 us/op
WorkloadPilot    2: 10052 op, 542901450.00 ns, 54.0093 us/op
WorkloadPilot    3: 18515 op, 308146511.00 ns, 16.6431 us/op
WorkloadPilot    4: 60085 op, 991066844.00 ns, 16.4944 us/op
WorkloadPilot    5: 60627 op, 1024168102.00 ns, 16.8929 us/op
WorkloadPilot    6: 59196 op, 1099656844.00 ns, 18.5765 us/op
WorkloadPilot    7: 53831 op, 908459828.00 ns, 16.8761 us/op
WorkloadPilot    8: 59255 op, 1049469232.00 ns, 17.7111 us/op

WorkloadWarmup   1: 59255 op, 995221397.00 ns, 16.7956 us/op
WorkloadWarmup   2: 59255 op, 1000621437.00 ns, 16.8867 us/op
WorkloadWarmup   3: 59255 op, 999226877.00 ns, 16.8632 us/op
WorkloadWarmup   4: 59255 op, 992345373.00 ns, 16.7470 us/op
WorkloadWarmup   5: 59255 op, 991191691.00 ns, 16.7276 us/op
WorkloadWarmup   6: 59255 op, 1000529378.00 ns, 16.8851 us/op
WorkloadWarmup   7: 59255 op, 1024237548.00 ns, 17.2853 us/op
WorkloadWarmup   8: 59255 op, 993225955.00 ns, 16.7619 us/op

// BeforeActualRun
WorkloadActual   1: 59255 op, 1021186907.00 ns, 17.2338 us/op
WorkloadActual   2: 59255 op, 987879373.00 ns, 16.6717 us/op
WorkloadActual   3: 59255 op, 985607972.00 ns, 16.6333 us/op
WorkloadActual   4: 59255 op, 1037358574.00 ns, 17.5067 us/op
WorkloadActual   5: 59255 op, 982703263.00 ns, 16.5843 us/op
WorkloadActual   6: 59255 op, 984294830.00 ns, 16.6112 us/op
WorkloadActual   7: 59255 op, 970968793.00 ns, 16.3863 us/op
WorkloadActual   8: 59255 op, 970557862.00 ns, 16.3793 us/op
WorkloadActual   9: 59255 op, 984422955.00 ns, 16.6133 us/op
WorkloadActual  10: 59255 op, 1005224034.00 ns, 16.9644 us/op
WorkloadActual  11: 59255 op, 983996894.00 ns, 16.6061 us/op
WorkloadActual  12: 59255 op, 977484176.00 ns, 16.4962 us/op
WorkloadActual  13: 59255 op, 970359112.00 ns, 16.3760 us/op
WorkloadActual  14: 59255 op, 971837913.00 ns, 16.4009 us/op
WorkloadActual  15: 59255 op, 975794202.00 ns, 16.4677 us/op
WorkloadActual  16: 59255 op, 984672172.00 ns, 16.6175 us/op

// AfterActualRun
WorkloadResult   1: 59255 op, 1021186907.00 ns, 17.2338 us/op
WorkloadResult   2: 59255 op, 987879373.00 ns, 16.6717 us/op
WorkloadResult   3: 59255 op, 985607972.00 ns, 16.6333 us/op
WorkloadResult   4: 59255 op, 1037358574.00 ns, 17.5067 us/op
WorkloadResult   5: 59255 op, 982703263.00 ns, 16.5843 us/op
WorkloadResult   6: 59255 op, 984294830.00 ns, 16.6112 us/op
WorkloadResult   7: 59255 op, 970968793.00 ns, 16.3863 us/op
WorkloadResult   8: 59255 op, 970557862.00 ns, 16.3793 us/op
WorkloadResult   9: 59255 op, 984422955.00 ns, 16.6133 us/op
WorkloadResult  10: 59255 op, 1005224034.00 ns, 16.9644 us/op
WorkloadResult  11: 59255 op, 983996894.00 ns, 16.6061 us/op
WorkloadResult  12: 59255 op, 977484176.00 ns, 16.4962 us/op
WorkloadResult  13: 59255 op, 970359112.00 ns, 16.3760 us/op
WorkloadResult  14: 59255 op, 971837913.00 ns, 16.4009 us/op
WorkloadResult  15: 59255 op, 975794202.00 ns, 16.4677 us/op
WorkloadResult  16: 59255 op, 984672172.00 ns, 16.6175 us/op

// AfterAll
// Benchmark Process 1126261 has exited with code 0.

Mean = 16.659 μs, StdErr = 0.080 μs (0.48%), N = 16, StdDev = 0.318 μs
Min = 16.376 μs, Q1 = 16.451 μs, Median = 16.609 μs, Q3 = 16.643 μs, Max = 17.507 μs
IQR = 0.192 μs, LowerFence = 16.163 μs, UpperFence = 16.931 μs
ConfidenceInterval = [16.335 μs; 16.983 μs] (CI 99.9%), Margin = 0.324 μs (1.95% of Mean)
Skewness = 1.42, Kurtosis = 4.01, MValue = 2

// ** Remained 2 (20.0 %) benchmark(s) to run. Estimated finish 2026-05-17 20:23 (0h 1m from now) **
// **************************
// Benchmark: SmokeBenchByte.SpanJson_Ser: Energy(OutlierMode=DontRemove, IterationTime=1s)
// *** Execute ***
// Launch: 1 / 1
// Execute: dotnet JsonBench-Energy-1.dll --anonymousPipes 123 124 --benchmarkName JsonBench.Benchmarks.SmokeBenchByte.SpanJson_Ser --job Energy --benchmarkId 8 in /home/test/json-energy-bench/JsonBench/bin/Release/net10.0/JsonBench-Energy-1/bin/Release/net10.0
// BeforeAnythingElse

// Benchmark Process Environment Information:
// BenchmarkDotNet v0.15.5-develop (2026-05-17)
// Runtime=.NET 10.0.7 (10.0.7, 10.0.726.21808), X64 RyuJIT x86-64-v3
// GC=Concurrent Workstation
// HardwareIntrinsics=AVX2+BMI1+BMI2+F16C+FMA+LZCNT+MOVBE,AVX,SSE3+SSSE3+SSE4.1+SSE4.2+POPCNT,X86Base+SSE+SSE2,AES+PCLMUL VectorSize=256
// Job: Energy(OutlierMode=DontRemove, IterationTime=1s)

OverheadJitting  1: 1 op, 271527.00 ns, 271.5270 us/op
WorkloadJitting  1: 1 op, 97661157.00 ns, 97.6612 ms/op

WorkloadPilot    1: 4 op, 197460.00 ns, 49.3650 us/op
WorkloadPilot    2: 20257 op, 329800076.00 ns, 16.2808 us/op
WorkloadPilot    3: 61422 op, 665393008.00 ns, 10.8331 us/op
WorkloadPilot    4: 92309 op, 999823643.00 ns, 10.8313 us/op
WorkloadPilot    5: 92325 op, 1017821955.00 ns, 11.0243 us/op
WorkloadPilot    6: 90708 op, 989523380.00 ns, 10.9089 us/op
WorkloadPilot    7: 91668 op, 994863080.00 ns, 10.8529 us/op
WorkloadPilot    8: 92141 op, 1000771024.00 ns, 10.8613 us/op
WorkloadPilot    9: 92070 op, 999851484.00 ns, 10.8597 us/op
WorkloadPilot   10: 92084 op, 1003011812.00 ns, 10.8924 us/op

WorkloadWarmup   1: 92084 op, 1005593476.00 ns, 10.9204 us/op
WorkloadWarmup   2: 92084 op, 1009007696.00 ns, 10.9575 us/op
WorkloadWarmup   3: 92084 op, 1008069140.00 ns, 10.9473 us/op
WorkloadWarmup   4: 92084 op, 1007045133.00 ns, 10.9362 us/op
WorkloadWarmup   5: 92084 op, 1014866659.00 ns, 11.0211 us/op
WorkloadWarmup   6: 92084 op, 1038185233.00 ns, 11.2743 us/op
WorkloadWarmup   7: 92084 op, 1082356420.00 ns, 11.7540 us/op
WorkloadWarmup   8: 92084 op, 1075314377.00 ns, 11.6775 us/op

// BeforeActualRun
WorkloadActual   1: 92084 op, 1071678479.00 ns, 11.6381 us/op
WorkloadActual   2: 92084 op, 1077267013.00 ns, 11.6987 us/op
WorkloadActual   3: 92084 op, 1092196001.00 ns, 11.8609 us/op
WorkloadActual   4: 92084 op, 1023912305.00 ns, 11.1193 us/op
WorkloadActual   5: 92084 op, 995424877.00 ns, 10.8100 us/op
WorkloadActual   6: 92084 op, 995643695.00 ns, 10.8123 us/op
WorkloadActual   7: 92084 op, 1008109465.00 ns, 10.9477 us/op
WorkloadActual   8: 92084 op, 1000872111.00 ns, 10.8691 us/op
WorkloadActual   9: 92084 op, 999838252.00 ns, 10.8579 us/op
WorkloadActual  10: 92084 op, 1002092093.00 ns, 10.8824 us/op
WorkloadActual  11: 92084 op, 998699706.00 ns, 10.8455 us/op
WorkloadActual  12: 92084 op, 994927490.00 ns, 10.8046 us/op
WorkloadActual  13: 92084 op, 1003422645.00 ns, 10.8968 us/op
WorkloadActual  14: 92084 op, 1000517199.00 ns, 10.8653 us/op
WorkloadActual  15: 92084 op, 996947266.00 ns, 10.8265 us/op
WorkloadActual  16: 92084 op, 996124021.00 ns, 10.8176 us/op
WorkloadActual  17: 92084 op, 997138659.00 ns, 10.8286 us/op
WorkloadActual  18: 92084 op, 1001590493.00 ns, 10.8769 us/op
WorkloadActual  19: 92084 op, 995933025.00 ns, 10.8155 us/op
WorkloadActual  20: 92084 op, 1000171629.00 ns, 10.8615 us/op
WorkloadActual  21: 92084 op, 1000273648.00 ns, 10.8626 us/op
WorkloadActual  22: 92084 op, 994881290.00 ns, 10.8041 us/op
WorkloadActual  23: 92084 op, 999529998.00 ns, 10.8545 us/op
WorkloadActual  24: 92084 op, 1014050352.00 ns, 11.0122 us/op
WorkloadActual  25: 92084 op, 991333024.00 ns, 10.7655 us/op
WorkloadActual  26: 92084 op, 1002107388.00 ns, 10.8825 us/op

// AfterActualRun
WorkloadResult   1: 92084 op, 1071678479.00 ns, 11.6381 us/op
WorkloadResult   2: 92084 op, 1077267013.00 ns, 11.6987 us/op
WorkloadResult   3: 92084 op, 1092196001.00 ns, 11.8609 us/op
WorkloadResult   4: 92084 op, 1023912305.00 ns, 11.1193 us/op
WorkloadResult   5: 92084 op, 995424877.00 ns, 10.8100 us/op
WorkloadResult   6: 92084 op, 995643695.00 ns, 10.8123 us/op
WorkloadResult   7: 92084 op, 1008109465.00 ns, 10.9477 us/op
WorkloadResult   8: 92084 op, 1000872111.00 ns, 10.8691 us/op
WorkloadResult   9: 92084 op, 999838252.00 ns, 10.8579 us/op
WorkloadResult  10: 92084 op, 1002092093.00 ns, 10.8824 us/op
WorkloadResult  11: 92084 op, 998699706.00 ns, 10.8455 us/op
WorkloadResult  12: 92084 op, 994927490.00 ns, 10.8046 us/op
WorkloadResult  13: 92084 op, 1003422645.00 ns, 10.8968 us/op
WorkloadResult  14: 92084 op, 1000517199.00 ns, 10.8653 us/op
WorkloadResult  15: 92084 op, 996947266.00 ns, 10.8265 us/op
WorkloadResult  16: 92084 op, 996124021.00 ns, 10.8176 us/op
WorkloadResult  17: 92084 op, 997138659.00 ns, 10.8286 us/op
WorkloadResult  18: 92084 op, 1001590493.00 ns, 10.8769 us/op
WorkloadResult  19: 92084 op, 995933025.00 ns, 10.8155 us/op
WorkloadResult  20: 92084 op, 1000171629.00 ns, 10.8615 us/op
WorkloadResult  21: 92084 op, 1000273648.00 ns, 10.8626 us/op
WorkloadResult  22: 92084 op, 994881290.00 ns, 10.8041 us/op
WorkloadResult  23: 92084 op, 999529998.00 ns, 10.8545 us/op
WorkloadResult  24: 92084 op, 1014050352.00 ns, 11.0122 us/op
WorkloadResult  25: 92084 op, 991333024.00 ns, 10.7655 us/op
WorkloadResult  26: 92084 op, 1002107388.00 ns, 10.8825 us/op

// AfterAll
// Benchmark Process 1126985 has exited with code 0.

Mean = 10.966 μs, StdErr = 0.057 μs (0.52%), N = 26, StdDev = 0.293 μs
Min = 10.766 μs, Q1 = 10.820 μs, Median = 10.862 μs, Q3 = 10.893 μs, Max = 11.861 μs
IQR = 0.073 μs, LowerFence = 10.710 μs, UpperFence = 11.003 μs
ConfidenceInterval = [10.752 μs; 11.180 μs] (CI 99.9%), Margin = 0.214 μs (1.95% of Mean)
Skewness = 2.1, Kurtosis = 5.96, MValue = 2

// ** Remained 1 (10.0 %) benchmark(s) to run. Estimated finish 2026-05-17 20:23 (0h 0m from now) **
// **************************
// Benchmark: SmokeBenchByte.Utf8Json_Ser: Energy(OutlierMode=DontRemove, IterationTime=1s)
// *** Execute ***
// Launch: 1 / 1
// Execute: dotnet JsonBench-Energy-1.dll --anonymousPipes 123 124 --benchmarkName JsonBench.Benchmarks.SmokeBenchByte.Utf8Json_Ser --job Energy --benchmarkId 9 in /home/test/json-energy-bench/JsonBench/bin/Release/net10.0/JsonBench-Energy-1/bin/Release/net10.0
// BeforeAnythingElse

// Benchmark Process Environment Information:
// BenchmarkDotNet v0.15.5-develop (2026-05-17)
// Runtime=.NET 10.0.7 (10.0.7, 10.0.726.21808), X64 RyuJIT x86-64-v3
// GC=Concurrent Workstation
// HardwareIntrinsics=AVX2+BMI1+BMI2+F16C+FMA+LZCNT+MOVBE,AVX,SSE3+SSSE3+SSE4.1+SSE4.2+POPCNT,X86Base+SSE+SSE2,AES+PCLMUL VectorSize=256
// Job: Energy(OutlierMode=DontRemove, IterationTime=1s)

OverheadJitting  1: 1 op, 247620.00 ns, 247.6200 us/op
WorkloadJitting  1: 1 op, 104796835.00 ns, 104.7968 ms/op

WorkloadPilot    1: 4 op, 175657.00 ns, 43.9143 us/op
WorkloadPilot    2: 22772 op, 372940089.00 ns, 16.3771 us/op
WorkloadPilot    3: 61061 op, 651579621.00 ns, 10.6710 us/op
WorkloadPilot    4: 93712 op, 996990366.00 ns, 10.6389 us/op
WorkloadPilot    5: 93995 op, 1007809688.00 ns, 10.7219 us/op
WorkloadPilot    6: 93267 op, 996942239.00 ns, 10.6891 us/op
WorkloadPilot    7: 93553 op, 1049166190.00 ns, 11.2147 us/op
WorkloadPilot    8: 89169 op, 1034568734.00 ns, 11.6023 us/op

WorkloadWarmup   1: 89169 op, 955792352.00 ns, 10.7189 us/op
WorkloadWarmup   2: 89169 op, 949329467.00 ns, 10.6464 us/op
WorkloadWarmup   3: 89169 op, 957489764.00 ns, 10.7379 us/op
WorkloadWarmup   4: 89169 op, 955785669.00 ns, 10.7188 us/op
WorkloadWarmup   5: 89169 op, 957516766.00 ns, 10.7382 us/op
WorkloadWarmup   6: 89169 op, 975801603.00 ns, 10.9433 us/op
WorkloadWarmup   7: 89169 op, 987003306.00 ns, 11.0689 us/op
WorkloadWarmup   8: 89169 op, 986436588.00 ns, 11.0626 us/op

// BeforeActualRun
WorkloadActual   1: 89169 op, 950233832.00 ns, 10.6565 us/op
WorkloadActual   2: 89169 op, 951732507.00 ns, 10.6734 us/op
WorkloadActual   3: 89169 op, 952623101.00 ns, 10.6833 us/op
WorkloadActual   4: 89169 op, 956236596.00 ns, 10.7239 us/op
WorkloadActual   5: 89169 op, 954235537.00 ns, 10.7014 us/op
WorkloadActual   6: 89169 op, 950994567.00 ns, 10.6651 us/op
WorkloadActual   7: 89169 op, 947830833.00 ns, 10.6296 us/op
WorkloadActual   8: 89169 op, 949515593.00 ns, 10.6485 us/op
WorkloadActual   9: 89169 op, 956177497.00 ns, 10.7232 us/op
WorkloadActual  10: 89169 op, 968074223.00 ns, 10.8566 us/op
WorkloadActual  11: 89169 op, 955931493.00 ns, 10.7204 us/op
WorkloadActual  12: 89169 op, 956980688.00 ns, 10.7322 us/op
WorkloadActual  13: 89169 op, 955055391.00 ns, 10.7106 us/op
WorkloadActual  14: 89169 op, 948022627.00 ns, 10.6318 us/op
WorkloadActual  15: 89169 op, 949320852.00 ns, 10.6463 us/op

// AfterActualRun
WorkloadResult   1: 89169 op, 950233832.00 ns, 10.6565 us/op
WorkloadResult   2: 89169 op, 951732507.00 ns, 10.6734 us/op
WorkloadResult   3: 89169 op, 952623101.00 ns, 10.6833 us/op
WorkloadResult   4: 89169 op, 956236596.00 ns, 10.7239 us/op
WorkloadResult   5: 89169 op, 954235537.00 ns, 10.7014 us/op
WorkloadResult   6: 89169 op, 950994567.00 ns, 10.6651 us/op
WorkloadResult   7: 89169 op, 947830833.00 ns, 10.6296 us/op
WorkloadResult   8: 89169 op, 949515593.00 ns, 10.6485 us/op
WorkloadResult   9: 89169 op, 956177497.00 ns, 10.7232 us/op
WorkloadResult  10: 89169 op, 968074223.00 ns, 10.8566 us/op
WorkloadResult  11: 89169 op, 955931493.00 ns, 10.7204 us/op
WorkloadResult  12: 89169 op, 956980688.00 ns, 10.7322 us/op
WorkloadResult  13: 89169 op, 955055391.00 ns, 10.7106 us/op
WorkloadResult  14: 89169 op, 948022627.00 ns, 10.6318 us/op
WorkloadResult  15: 89169 op, 949320852.00 ns, 10.6463 us/op

// AfterAll
// Benchmark Process 1127712 has exited with code 0.

Mean = 10.694 μs, StdErr = 0.015 μs (0.14%), N = 15, StdDev = 0.057 μs
Min = 10.630 μs, Q1 = 10.653 μs, Median = 10.683 μs, Q3 = 10.722 μs, Max = 10.857 μs
IQR = 0.069 μs, LowerFence = 10.549 μs, UpperFence = 10.826 μs
ConfidenceInterval = [10.632 μs; 10.755 μs] (CI 99.9%), Margin = 0.061 μs (0.57% of Mean)
Skewness = 1.32, Kurtosis = 4.7, MValue = 2

// ** Remained 0 (0.0 %) benchmark(s) to run. Estimated finish 2026-05-17 20:23 (0h 0m from now) **
// ***** BenchmarkRunner: Finish  *****

// * Export *
  BenchmarkArtifacts/results/JsonBench.Benchmarks.SmokeBenchByte-report.csv
  BenchmarkArtifacts/results/JsonBench.Benchmarks.SmokeBenchByte-report-github.md
  BenchmarkArtifacts/results/JsonBench.Benchmarks.SmokeBenchByte-report.html
  BenchmarkArtifacts/results/JsonBench.Benchmarks.SmokeBenchByte-measurements.csv

// * Detailed results *
SmokeBenchByte.SpanJson_Deser: Energy(OutlierMode=DontRemove, IterationTime=1s)
Runtime = .NET 10.0.7 (10.0.7, 10.0.726.21808), X64 RyuJIT x86-64-v3; GC = Concurrent Workstation
Mean = 11.849 μs, StdErr = 0.017 μs (0.15%), N = 15, StdDev = 0.068 μs
Min = 11.743 μs, Q1 = 11.795 μs, Median = 11.849 μs, Q3 = 11.897 μs, Max = 11.984 μs
IQR = 0.102 μs, LowerFence = 11.642 μs, UpperFence = 12.049 μs
ConfidenceInterval = [11.776 μs; 11.921 μs] (CI 99.9%), Margin = 0.072 μs (0.61% of Mean)
Skewness = 0.29, Kurtosis = 1.92, MValue = 2
-------------------- Histogram --------------------
[11.707 μs ; 12.020 μs) | @@@@@@@@@@@@@@@
---------------------------------------------------

SmokeBenchByte.STJRefGen_Deser: Energy(OutlierMode=DontRemove, IterationTime=1s)
Runtime = .NET 10.0.7 (10.0.7, 10.0.726.21808), X64 RyuJIT x86-64-v3; GC = Concurrent Workstation
Mean = 15.940 μs, StdErr = 0.024 μs (0.15%), N = 15, StdDev = 0.094 μs
Min = 15.849 μs, Q1 = 15.881 μs, Median = 15.900 μs, Q3 = 15.955 μs, Max = 16.136 μs
IQR = 0.074 μs, LowerFence = 15.769 μs, UpperFence = 16.066 μs
ConfidenceInterval = [15.840 μs; 16.041 μs] (CI 99.9%), Margin = 0.101 μs (0.63% of Mean)
Skewness = 1.08, Kurtosis = 2.55, MValue = 2
-------------------- Histogram --------------------
[15.799 μs ; 16.186 μs) | @@@@@@@@@@@@@@@
---------------------------------------------------

SmokeBenchByte.STJSrcGen_Deser: Energy(OutlierMode=DontRemove, IterationTime=1s)
Runtime = .NET 10.0.7 (10.0.7, 10.0.726.21808), X64 RyuJIT x86-64-v3; GC = Concurrent Workstation
Mean = 16.042 μs, StdErr = 0.092 μs (0.57%), N = 63, StdDev = 0.732 μs
Min = 15.492 μs, Q1 = 15.560 μs, Median = 15.646 μs, Q3 = 16.391 μs, Max = 17.418 μs
IQR = 0.830 μs, LowerFence = 14.315 μs, UpperFence = 17.637 μs
ConfidenceInterval = [15.724 μs; 16.361 μs] (CI 99.9%), Margin = 0.319 μs (1.99% of Mean)
Skewness = 1.08, Kurtosis = 2.25, MValue = 2.68
-------------------- Histogram --------------------
[15.431 μs ; 15.914 μs) | @@@@@@@@@@@@@@@@@@@@@@@@@@@@@@@@@@@@@@@@@@@@@@
[15.914 μs ; 16.540 μs) | @
[16.540 μs ; 17.053 μs) | @
[17.053 μs ; 17.536 μs) | @@@@@@@@@@@@@@@
---------------------------------------------------

SmokeBenchByte.Utf8Json_Deser: Energy(OutlierMode=DontRemove, IterationTime=1s)
Runtime = .NET 10.0.7 (10.0.7, 10.0.726.21808), X64 RyuJIT x86-64-v3; GC = Concurrent Workstation
Mean = 22.546 μs, StdErr = 0.036 μs (0.16%), N = 15, StdDev = 0.140 μs
Min = 22.403 μs, Q1 = 22.447 μs, Median = 22.499 μs, Q3 = 22.583 μs, Max = 22.854 μs
IQR = 0.136 μs, LowerFence = 22.244 μs, UpperFence = 22.786 μs
ConfidenceInterval = [22.397 μs; 22.696 μs] (CI 99.9%), Margin = 0.150 μs (0.66% of Mean)
Skewness = 0.98, Kurtosis = 2.5, MValue = 2
-------------------- Histogram --------------------
[22.328 μs ; 22.929 μs) | @@@@@@@@@@@@@@@
---------------------------------------------------

SmokeBenchByte.Newtonsoft_Deser: Energy(OutlierMode=DontRemove, IterationTime=1s)
Runtime = .NET 10.0.7 (10.0.7, 10.0.726.21808), X64 RyuJIT x86-64-v3; GC = Concurrent Workstation
Mean = 28.830 μs, StdErr = 0.073 μs (0.25%), N = 15, StdDev = 0.282 μs
Min = 28.506 μs, Q1 = 28.645 μs, Median = 28.764 μs, Q3 = 28.935 μs, Max = 29.595 μs
IQR = 0.290 μs, LowerFence = 28.210 μs, UpperFence = 29.370 μs
ConfidenceInterval = [28.529 μs; 29.131 μs] (CI 99.9%), Margin = 0.301 μs (1.04% of Mean)
Skewness = 1.19, Kurtosis = 4.04, MValue = 2
-------------------- Histogram --------------------
[28.357 μs ; 29.744 μs) | @@@@@@@@@@@@@@@
---------------------------------------------------

SmokeBenchByte.STJSrcGen_Ser: Energy(OutlierMode=DontRemove, IterationTime=1s)
Runtime = .NET 10.0.7 (10.0.7, 10.0.726.21808), X64 RyuJIT x86-64-v3; GC = Concurrent Workstation
Mean = 5.540 μs, StdErr = 0.006 μs (0.11%), N = 15, StdDev = 0.023 μs
Min = 5.501 μs, Q1 = 5.522 μs, Median = 5.544 μs, Q3 = 5.554 μs, Max = 5.579 μs
IQR = 0.032 μs, LowerFence = 5.474 μs, UpperFence = 5.602 μs
ConfidenceInterval = [5.516 μs; 5.564 μs] (CI 99.9%), Margin = 0.024 μs (0.44% of Mean)
Skewness = 0.02, Kurtosis = 1.83, MValue = 2
-------------------- Histogram --------------------
[5.489 μs ; 5.591 μs) | @@@@@@@@@@@@@@@
---------------------------------------------------

SmokeBenchByte.STJRefGen_Ser: Energy(OutlierMode=DontRemove, IterationTime=1s)
Runtime = .NET 10.0.7 (10.0.7, 10.0.726.21808), X64 RyuJIT x86-64-v3; GC = Concurrent Workstation
Mean = 8.519 μs, StdErr = 0.048 μs (0.56%), N = 45, StdDev = 0.322 μs
Min = 7.766 μs, Q1 = 8.618 μs, Median = 8.636 μs, Q3 = 8.694 μs, Max = 8.878 μs
IQR = 0.076 μs, LowerFence = 8.504 μs, UpperFence = 8.808 μs
ConfidenceInterval = [8.350 μs; 8.688 μs] (CI 99.9%), Margin = 0.169 μs (1.99% of Mean)
Skewness = -1.44, Kurtosis = 3.39, MValue = 2
-------------------- Histogram --------------------
[7.763 μs ; 8.000 μs) | @@@@@@@
[8.000 μs ; 8.195 μs) | @@
[8.195 μs ; 8.432 μs) | 
[8.432 μs ; 8.816 μs) | @@@@@@@@@@@@@@@@@@@@@@@@@@@@@@@@@@@
[8.816 μs ; 8.997 μs) | @
---------------------------------------------------

SmokeBenchByte.Utf8Json_Ser: Energy(OutlierMode=DontRemove, IterationTime=1s)
Runtime = .NET 10.0.7 (10.0.7, 10.0.726.21808), X64 RyuJIT x86-64-v3; GC = Concurrent Workstation
Mean = 10.694 μs, StdErr = 0.015 μs (0.14%), N = 15, StdDev = 0.057 μs
Min = 10.630 μs, Q1 = 10.653 μs, Median = 10.683 μs, Q3 = 10.722 μs, Max = 10.857 μs
IQR = 0.069 μs, LowerFence = 10.549 μs, UpperFence = 10.826 μs
ConfidenceInterval = [10.632 μs; 10.755 μs] (CI 99.9%), Margin = 0.061 μs (0.57% of Mean)
Skewness = 1.32, Kurtosis = 4.7, MValue = 2
-------------------- Histogram --------------------
[10.599 μs ; 10.887 μs) | @@@@@@@@@@@@@@@
---------------------------------------------------

SmokeBenchByte.SpanJson_Ser: Energy(OutlierMode=DontRemove, IterationTime=1s)
Runtime = .NET 10.0.7 (10.0.7, 10.0.726.21808), X64 RyuJIT x86-64-v3; GC = Concurrent Workstation
Mean = 10.966 μs, StdErr = 0.057 μs (0.52%), N = 26, StdDev = 0.293 μs
Min = 10.766 μs, Q1 = 10.820 μs, Median = 10.862 μs, Q3 = 10.893 μs, Max = 11.861 μs
IQR = 0.073 μs, LowerFence = 10.710 μs, UpperFence = 11.003 μs
ConfidenceInterval = [10.752 μs; 11.180 μs] (CI 99.9%), Margin = 0.214 μs (1.95% of Mean)
Skewness = 2.1, Kurtosis = 5.96, MValue = 2
-------------------- Histogram --------------------
[10.759 μs ; 11.019 μs) | @@@@@@@@@@@@@@@@@@@@@@
[11.019 μs ; 11.249 μs) | @
[11.249 μs ; 11.509 μs) | 
[11.509 μs ; 11.879 μs) | @@@
---------------------------------------------------

SmokeBenchByte.Newtonsoft_Ser: Energy(OutlierMode=DontRemove, IterationTime=1s)
Runtime = .NET 10.0.7 (10.0.7, 10.0.726.21808), X64 RyuJIT x86-64-v3; GC = Concurrent Workstation
Mean = 16.659 μs, StdErr = 0.080 μs (0.48%), N = 16, StdDev = 0.318 μs
Min = 16.376 μs, Q1 = 16.451 μs, Median = 16.609 μs, Q3 = 16.643 μs, Max = 17.507 μs
IQR = 0.192 μs, LowerFence = 16.163 μs, UpperFence = 16.931 μs
ConfidenceInterval = [16.335 μs; 16.983 μs] (CI 99.9%), Margin = 0.324 μs (1.95% of Mean)
Skewness = 1.42, Kurtosis = 4.01, MValue = 2
-------------------- Histogram --------------------
[16.358 μs ; 16.928 μs) | @@@@@@@@@@@@@
[16.928 μs ; 17.672 μs) | @@@
---------------------------------------------------

// * Summary *

BenchmarkDotNet v0.15.5-develop (2026-05-17), Linux Ubuntu 24.04.4 LTS (Noble Numbat)
Intel Core i9-9900K CPU 3.60GHz (Max: 4.20GHz) (Coffee Lake), 1 CPU, 16 logical and 8 physical cores
.NET SDK 10.0.107
  [Host] : .NET 10.0.7 (10.0.7, 10.0.726.21808), X64 RyuJIT x86-64-v3
  Energy : .NET 10.0.7 (10.0.7, 10.0.726.21808), X64 RyuJIT x86-64-v3

Job=Energy  OutlierMode=DontRemove  IterationTime=1s  

| Method           | Mean      | Error     | StdDev    | Operations | Median    | Iterations | Metrion CPU Energy (uJ/op) | Metrion CPU Energy (uJ/iter) |
|----------------- |----------:|----------:|----------:|-----------:|----------:|-----------:|---------------------------:|-----------------------------:|
| SpanJson_Deser   | 11.849 μs | 0.0724 μs | 0.0677 μs |     84,334 | 11.849 μs |      15.00 |                      63.94 |                   5392099.55 |
| STJRefGen_Deser  | 15.940 μs | 0.1006 μs | 0.0941 μs |     62,624 | 15.900 μs |      15.00 |                      89.82 |                   5624808.62 |
| STJSrcGen_Deser  | 16.042 μs | 0.3186 μs | 0.7320 μs |     63,648 | 15.646 μs |      63.00 |                      94.81 |                   6034504.28 |
| Utf8Json_Deser   | 22.546 μs | 0.1498 μs | 0.1401 μs |     44,401 | 22.499 μs |      15.00 |                     118.92 |                   5280106.22 |
| Newtonsoft_Deser | 28.830 μs | 0.3011 μs | 0.2816 μs |     34,982 | 28.764 μs |      15.00 |                     166.17 |                   5812888.48 |
|                  |           |           |           |            |           |            |                            |                              |
| STJSrcGen_Ser    |  5.540 μs | 0.0242 μs | 0.0226 μs |    179,360 |  5.544 μs |      15.00 |                      30.38 |                   5448958.66 |
| STJRefGen_Ser    |  8.519 μs | 0.1691 μs | 0.3218 μs |    128,160 |  8.636 μs |      45.00 |                      48.55 |                   6222462.76 |
| Utf8Json_Ser     | 10.694 μs | 0.0612 μs | 0.0572 μs |     89,169 | 10.683 μs |      15.00 |                      60.32 |                   5379040.89 |
| SpanJson_Ser     | 10.966 μs | 0.2140 μs | 0.2929 μs |     92,084 | 10.862 μs |      26.00 |                      60.13 |                   5537141.41 |
| Newtonsoft_Ser   | 16.659 μs | 0.3241 μs | 0.3183 μs |     59,255 | 16.609 μs |      16.00 |                      89.80 |                   5321101.37 |

// * Hints *
Outliers
  SmokeBenchByte.STJRefGen_Deser: Energy  -> 3 outliers were detected (16.09 μs..16.14 μs)
  SmokeBenchByte.Utf8Json_Deser: Energy   -> 1 outlier  was  detected (22.85 μs)
  SmokeBenchByte.Newtonsoft_Deser: Energy -> 1 outlier  was  detected (29.59 μs)
  SmokeBenchByte.STJRefGen_Ser: Energy    -> 10 outliers were detected (7.77 μs..8.08 μs, 8.89 μs)
  SmokeBenchByte.Utf8Json_Ser: Energy     -> 1 outlier  was  detected (10.86 μs)
  SmokeBenchByte.SpanJson_Ser: Energy     -> 5 outliers were detected (11.01 μs..11.86 μs)
  SmokeBenchByte.Newtonsoft_Ser: Energy   -> 3 outliers were detected (16.96 μs..17.51 μs)

// * Legends *
  Mean                         : Arithmetic mean of all measurements
  Error                        : Half of 99.9% confidence interval
  StdDev                       : Standard deviation of all measurements
  Operations                   : Actual invocations per measured iteration (from measurements)
  Median                       : Value separating the higher half of all measurements (50th percentile)
  Iterations                   : Number of target iterations
  Metrion CPU Energy (uJ/op)   : Average CPU core energy consumed per benchmark operation (uJ), captured with Metrion.
  Metrion CPU Energy (uJ/iter) : Average CPU core energy consumed per benchmark iteration (uJ), captured with Metrion.
  1 μs                         : 1 Microsecond (0.000001 sec)

// * Diagnostic Output - MetrionEnergyProfiler *
Metrion measured the energy for a total of 10 benchmarks.
The database files for each benchmark were stored in the Artifacts folder. e.g: 
/home/test/json-energy-bench/BenchmarkArtifacts/metrion/JsonBench.Benchmarks.SmokeBenchByte.STJRefGen_Deser-20260517-201440.pid1121315.db
The measurements details of Actual Stage for each benchmark:
BenchmarkMethod - StartTimestamp - EndTimestamp - TotalEnergyFromSummary - TotalEnergyFromRawMeasurements
STJRefGen_Deser: 2026-05-17T20:14:14.387791 - 2026-05-17T20:14:29.393657 - 82.36121536718521 - 84.37212928313558
STJSrcGen_Deser: 2026-05-17T20:15:00.085909 - 2026-05-17T20:16:04.570623 - 376.39318925080954 - 380.1737693585927
Newtonsoft_Deser: 2026-05-17T20:16:36.820065 - 2026-05-17T20:16:51.976548 - 86.24372700022762 - 87.19332725252696
SpanJson_Deser: 2026-05-17T20:17:23.058904 - 2026-05-17T20:17:38.079128 - 76.92245589604946 - 80.88149328460932
Utf8Json_Deser: 2026-05-17T20:18:09.349623 - 2026-05-17T20:18:24.411032 - 79.02574573323517 - 79.20159332599698
STJRefGen_Ser: 2026-05-17T20:18:55.468552 - 2026-05-17T20:19:44.741695 - 279.098432659051 - 280.01082440681387
STJSrcGen_Ser: 2026-05-17T20:20:20.246393 - 2026-05-17T20:20:35.197304 - 78.68902220503827 - 81.73437982909817
Newtonsoft_Ser: 2026-05-17T20:21:07.011147 - 2026-05-17T20:21:22.840498 - 79.77444411588573 - 85.13762199986084
SpanJson_Ser: 2026-05-17T20:21:56.227132 - 2026-05-17T20:22:22.534005 - 139.35122901155333 - 143.96567660470564
Utf8Json_Ser: 2026-05-17T20:22:54.501787 - 2026-05-17T20:23:08.849800 - 79.18459587160304 - 80.6856133451099


// ***** BenchmarkRunner: End *****
Run time: 00:09:23 (563.53 sec), executed benchmarks: 10

Global total time: 00:09:37 (577.95 sec), executed benchmarks: 10
// * Artifacts cleanup *
Artifacts cleanup is finished
