// Validating benchmarks:
// ***** BenchmarkRunner: Start   *****
// ***** Found 10 benchmark(s) in total *****
// ***** Building 1 exe(s) in Parallel: Start   *****
// start dotnet  restore --nodeReuse:false /p:UseSharedCompilation=false /p:Deterministic=true /p:Optimize=true /p:ArtifactsPath="/home/test/json-energy-bench/JsonBench/bin/Release/net10.0/JsonBench-Energy-1/" /p:OutDir="/home/test/json-energy-bench/JsonBench/bin/Release/net10.0/JsonBench-Energy-1/bin/Release/net10.0/" /p:OutputPath="/home/test/json-energy-bench/JsonBench/bin/Release/net10.0/JsonBench-Energy-1/bin/Release/net10.0/" /p:PublishDir="/home/test/json-energy-bench/JsonBench/bin/Release/net10.0/JsonBench-Energy-1/publish/" in /home/test/json-energy-bench/JsonBench/bin/Release/net10.0/JsonBench-Energy-1
// command took 1.62 sec and exited with 0
// start dotnet  build -c Release --no-restore --nodeReuse:false /p:UseSharedCompilation=false /p:Deterministic=true /p:Optimize=true /p:ArtifactsPath="/home/test/json-energy-bench/JsonBench/bin/Release/net10.0/JsonBench-Energy-1/" /p:OutDir="/home/test/json-energy-bench/JsonBench/bin/Release/net10.0/JsonBench-Energy-1/bin/Release/net10.0/" /p:OutputPath="/home/test/json-energy-bench/JsonBench/bin/Release/net10.0/JsonBench-Energy-1/bin/Release/net10.0/" /p:PublishDir="/home/test/json-energy-bench/JsonBench/bin/Release/net10.0/JsonBench-Energy-1/publish/" --output "/home/test/json-energy-bench/JsonBench/bin/Release/net10.0/JsonBench-Energy-1/bin/Release/net10.0/" in /home/test/json-energy-bench/JsonBench/bin/Release/net10.0/JsonBench-Energy-1
// command took 5.33 sec and exited with 0
// ***** Done, took 00:00:07 (7.03 sec)   *****
// Found 10 benchmarks:
//   SmokeBenchByte.STJRefGen_Deser: Energy(OutlierMode=DontRemove, Affinity=00000100, IterationTime=1s)
//   SmokeBenchByte.STJSrcGen_Deser: Energy(OutlierMode=DontRemove, Affinity=00000100, IterationTime=1s)
//   SmokeBenchByte.Newtonsoft_Deser: Energy(OutlierMode=DontRemove, Affinity=00000100, IterationTime=1s)
//   SmokeBenchByte.SpanJson_Deser: Energy(OutlierMode=DontRemove, Affinity=00000100, IterationTime=1s)
//   SmokeBenchByte.Utf8Json_Deser: Energy(OutlierMode=DontRemove, Affinity=00000100, IterationTime=1s)
//   SmokeBenchByte.STJRefGen_Ser: Energy(OutlierMode=DontRemove, Affinity=00000100, IterationTime=1s)
//   SmokeBenchByte.STJSrcGen_Ser: Energy(OutlierMode=DontRemove, Affinity=00000100, IterationTime=1s)
//   SmokeBenchByte.Newtonsoft_Ser: Energy(OutlierMode=DontRemove, Affinity=00000100, IterationTime=1s)
//   SmokeBenchByte.SpanJson_Ser: Energy(OutlierMode=DontRemove, Affinity=00000100, IterationTime=1s)
//   SmokeBenchByte.Utf8Json_Ser: Energy(OutlierMode=DontRemove, Affinity=00000100, IterationTime=1s)

// **************************
// Benchmark: SmokeBenchByte.STJRefGen_Deser: Energy(OutlierMode=DontRemove, Affinity=00000100, IterationTime=1s)
// *** Execute ***
// Launch: 1 / 1
// Execute: dotnet JsonBench-Energy-1.dll --anonymousPipes 160 161 --benchmarkName JsonBench.Benchmarks.SmokeBenchByte.STJRefGen_Deser --job Energy --benchmarkId 0 in /home/test/json-energy-bench/JsonBench/bin/Release/net10.0/JsonBench-Energy-1/bin/Release/net10.0
// BeforeAnythingElse

// Benchmark Process Environment Information:
// BenchmarkDotNet v0.15.5-develop (2026-05-26)
// Runtime=.NET 10.0.8 (10.0.8, 10.0.826.23019), X64 RyuJIT x86-64-v3
// GC=Concurrent Workstation
// HardwareIntrinsics=AVX2+BMI1+BMI2+F16C+FMA+LZCNT+MOVBE,AVX,SSE3+SSSE3+SSE4.1+SSE4.2+POPCNT,X86Base+SSE+SSE2,AES+PCLMUL VectorSize=256
// Job: Energy(OutlierMode=DontRemove, Affinity=100, IterationTime=1s)

OverheadJitting  1: 1 op, 238171.00 ns, 238.1710 us/op
WorkloadJitting  1: 1 op, 336382.00 ns, 336.3820 us/op

OverheadJitting  2: 16 op, 653633.00 ns, 40.8521 us/op
WorkloadJitting  2: 16 op, 1100887.00 ns, 68.8054 us/op

WorkloadPilot    1: 16 op, 376864.00 ns, 23.5540 us/op
WorkloadPilot    2: 42464 op, 965147960.00 ns, 22.7286 us/op
WorkloadPilot    3: 44000 op, 1087148173.00 ns, 24.7079 us/op
WorkloadPilot    4: 40480 op, 1276229699.00 ns, 31.5274 us/op
WorkloadPilot    5: 31728 op, 892998917.00 ns, 28.1455 us/op
WorkloadPilot    6: 35536 op, 367914939.00 ns, 10.3533 us/op
WorkloadPilot    7: 96592 op, 963723817.00 ns, 9.9773 us/op
WorkloadPilot    8: 100240 op, 995122007.00 ns, 9.9274 us/op
WorkloadPilot    9: 100736 op, 993677182.00 ns, 9.8642 us/op
WorkloadPilot   10: 101392 op, 998692054.00 ns, 9.8498 us/op
WorkloadPilot   11: 101536 op, 1008024451.00 ns, 9.9278 us/op

OverheadWarmup   1: 101536 op, 454097.00 ns, 4.4723 ns/op
OverheadWarmup   2: 101536 op, 452913.00 ns, 4.4606 ns/op
OverheadWarmup   3: 101536 op, 456886.00 ns, 4.4997 ns/op
OverheadWarmup   4: 101536 op, 452875.00 ns, 4.4602 ns/op
OverheadWarmup   5: 101536 op, 456905.00 ns, 4.4999 ns/op
OverheadWarmup   6: 101536 op, 452651.00 ns, 4.4580 ns/op

OverheadActual   1: 101536 op, 453285.00 ns, 4.4643 ns/op
OverheadActual   2: 101536 op, 450424.00 ns, 4.4361 ns/op
OverheadActual   3: 101536 op, 452675.00 ns, 4.4583 ns/op
OverheadActual   4: 101536 op, 454779.00 ns, 4.4790 ns/op
OverheadActual   5: 101536 op, 450314.00 ns, 4.4350 ns/op
OverheadActual   6: 101536 op, 457139.00 ns, 4.5022 ns/op
OverheadActual   7: 101536 op, 453046.00 ns, 4.4619 ns/op
OverheadActual   8: 101536 op, 451810.00 ns, 4.4498 ns/op
OverheadActual   9: 101536 op, 455810.00 ns, 4.4891 ns/op
OverheadActual  10: 101536 op, 452048.00 ns, 4.4521 ns/op
OverheadActual  11: 101536 op, 455691.00 ns, 4.4880 ns/op
OverheadActual  12: 101536 op, 456791.00 ns, 4.4988 ns/op
OverheadActual  13: 101536 op, 453281.00 ns, 4.4642 ns/op
OverheadActual  14: 101536 op, 454352.00 ns, 4.4748 ns/op
OverheadActual  15: 101536 op, 452675.00 ns, 4.4583 ns/op

WorkloadWarmup   1: 101536 op, 1006714363.00 ns, 9.9149 us/op
WorkloadWarmup   2: 101536 op, 1076809737.00 ns, 10.6052 us/op
WorkloadWarmup   3: 101536 op, 1025781375.00 ns, 10.1026 us/op
WorkloadWarmup   4: 101536 op, 1000254381.00 ns, 9.8512 us/op
WorkloadWarmup   5: 101536 op, 1001607930.00 ns, 9.8646 us/op
WorkloadWarmup   6: 101536 op, 1001104404.00 ns, 9.8596 us/op

// BeforeActualRun
WorkloadActual   1: 101536 op, 1025661252.00 ns, 10.1015 us/op
WorkloadActual   2: 101536 op, 1002612557.00 ns, 9.8745 us/op
WorkloadActual   3: 101536 op, 1005290446.00 ns, 9.9008 us/op
WorkloadActual   4: 101536 op, 1002774465.00 ns, 9.8760 us/op
WorkloadActual   5: 101536 op, 1003647397.00 ns, 9.8846 us/op
WorkloadActual   6: 101536 op, 1025024987.00 ns, 10.0952 us/op
WorkloadActual   7: 101536 op, 1009782654.00 ns, 9.9451 us/op
WorkloadActual   8: 101536 op, 1005491860.00 ns, 9.9028 us/op
WorkloadActual   9: 101536 op, 1004307598.00 ns, 9.8911 us/op
WorkloadActual  10: 101536 op, 1004613999.00 ns, 9.8942 us/op
WorkloadActual  11: 101536 op, 1043498015.00 ns, 10.2771 us/op
WorkloadActual  12: 101536 op, 1022912866.00 ns, 10.0744 us/op
WorkloadActual  13: 101536 op, 1005719363.00 ns, 9.9051 us/op
WorkloadActual  14: 101536 op, 1002781980.00 ns, 9.8761 us/op
WorkloadActual  15: 101536 op, 1001552398.00 ns, 9.8640 us/op

// AfterActualRun
WorkloadResult   1: 101536 op, 1025207971.00 ns, 10.0970 us/op
WorkloadResult   2: 101536 op, 1002159276.00 ns, 9.8700 us/op
WorkloadResult   3: 101536 op, 1004837165.00 ns, 9.8964 us/op
WorkloadResult   4: 101536 op, 1002321184.00 ns, 9.8716 us/op
WorkloadResult   5: 101536 op, 1003194116.00 ns, 9.8802 us/op
WorkloadResult   6: 101536 op, 1024571706.00 ns, 10.0907 us/op
WorkloadResult   7: 101536 op, 1009329373.00 ns, 9.9406 us/op
WorkloadResult   8: 101536 op, 1005038579.00 ns, 9.8983 us/op
WorkloadResult   9: 101536 op, 1003854317.00 ns, 9.8867 us/op
WorkloadResult  10: 101536 op, 1004160718.00 ns, 9.8897 us/op
WorkloadResult  11: 101536 op, 1043044734.00 ns, 10.2727 us/op
WorkloadResult  12: 101536 op, 1022459585.00 ns, 10.0699 us/op
WorkloadResult  13: 101536 op, 1005266082.00 ns, 9.9006 us/op
WorkloadResult  14: 101536 op, 1002328699.00 ns, 9.8717 us/op
WorkloadResult  15: 101536 op, 1001099117.00 ns, 9.8595 us/op

// AfterAll
// Benchmark Process 1001059 has exited with code 0.

Mean = 9.953 μs, StdErr = 0.031 μs (0.32%), N = 15, StdDev = 0.122 μs
Min = 9.860 μs, Q1 = 9.876 μs, Median = 9.896 μs, Q3 = 10.005 μs, Max = 10.273 μs
IQR = 0.129 μs, LowerFence = 9.682 μs, UpperFence = 10.199 μs
ConfidenceInterval = [9.823 μs; 10.083 μs] (CI 99.9%), Margin = 0.130 μs (1.31% of Mean)
Skewness = 1.33, Kurtosis = 3.56, MValue = 2

// ** Remained 9 (90.0 %) benchmark(s) to run. Estimated finish 2026-05-26 18:14 (0h 6m from now) **
// **************************
// Benchmark: SmokeBenchByte.STJSrcGen_Deser: Energy(OutlierMode=DontRemove, Affinity=00000100, IterationTime=1s)
// *** Execute ***
// Launch: 1 / 1
// Execute: dotnet JsonBench-Energy-1.dll --anonymousPipes 125 126 --benchmarkName JsonBench.Benchmarks.SmokeBenchByte.STJSrcGen_Deser --job Energy --benchmarkId 1 in /home/test/json-energy-bench/JsonBench/bin/Release/net10.0/JsonBench-Energy-1/bin/Release/net10.0
// BeforeAnythingElse

// Benchmark Process Environment Information:
// BenchmarkDotNet v0.15.5-develop (2026-05-26)
// Runtime=.NET 10.0.8 (10.0.8, 10.0.826.23019), X64 RyuJIT x86-64-v3
// GC=Concurrent Workstation
// HardwareIntrinsics=AVX2+BMI1+BMI2+F16C+FMA+LZCNT+MOVBE,AVX,SSE3+SSSE3+SSE4.1+SSE4.2+POPCNT,X86Base+SSE+SSE2,AES+PCLMUL VectorSize=256
// Job: Energy(OutlierMode=DontRemove, Affinity=100, IterationTime=1s)

OverheadJitting  1: 1 op, 240180.00 ns, 240.1800 us/op
WorkloadJitting  1: 1 op, 11113142.00 ns, 11.1131 ms/op

OverheadJitting  2: 16 op, 660151.00 ns, 41.2594 us/op
WorkloadJitting  2: 16 op, 1093699.00 ns, 68.3562 us/op

WorkloadPilot    1: 16 op, 451807.00 ns, 28.2379 us/op
WorkloadPilot    2: 35424 op, 815316527.00 ns, 23.0159 us/op
WorkloadPilot    3: 43456 op, 1011641764.00 ns, 23.2797 us/op
WorkloadPilot    4: 42960 op, 1450887021.00 ns, 33.7730 us/op
WorkloadPilot    5: 29616 op, 909679858.00 ns, 30.7158 us/op
WorkloadPilot    6: 32560 op, 339984388.00 ns, 10.4418 us/op
WorkloadPilot    7: 95776 op, 957348824.00 ns, 9.9957 us/op
WorkloadPilot    8: 100048 op, 997296522.00 ns, 9.9682 us/op
WorkloadPilot    9: 100320 op, 993734753.00 ns, 9.9056 us/op
WorkloadPilot   10: 100960 op, 1000992648.00 ns, 9.9147 us/op

OverheadWarmup   1: 100960 op, 454236.00 ns, 4.4992 ns/op
OverheadWarmup   2: 100960 op, 453933.00 ns, 4.4962 ns/op
OverheadWarmup   3: 100960 op, 453546.00 ns, 4.4923 ns/op
OverheadWarmup   4: 100960 op, 459959.00 ns, 4.5559 ns/op
OverheadWarmup   5: 100960 op, 453669.00 ns, 4.4936 ns/op
OverheadWarmup   6: 100960 op, 456614.00 ns, 4.5227 ns/op
OverheadWarmup   7: 100960 op, 453063.00 ns, 4.4875 ns/op

OverheadActual   1: 100960 op, 463210.00 ns, 4.5881 ns/op
OverheadActual   2: 100960 op, 458872.00 ns, 4.5451 ns/op
OverheadActual   3: 100960 op, 457082.00 ns, 4.5274 ns/op
OverheadActual   4: 100960 op, 453547.00 ns, 4.4923 ns/op
OverheadActual   5: 100960 op, 457072.00 ns, 4.5273 ns/op
OverheadActual   6: 100960 op, 453899.00 ns, 4.4958 ns/op
OverheadActual   7: 100960 op, 457824.00 ns, 4.5347 ns/op
OverheadActual   8: 100960 op, 453264.00 ns, 4.4895 ns/op
OverheadActual   9: 100960 op, 456754.00 ns, 4.5241 ns/op
OverheadActual  10: 100960 op, 453712.00 ns, 4.4940 ns/op
OverheadActual  11: 100960 op, 457387.00 ns, 4.5304 ns/op
OverheadActual  12: 100960 op, 453078.00 ns, 4.4877 ns/op
OverheadActual  13: 100960 op, 453571.00 ns, 4.4926 ns/op
OverheadActual  14: 100960 op, 453712.00 ns, 4.4940 ns/op
OverheadActual  15: 100960 op, 453562.00 ns, 4.4925 ns/op

WorkloadWarmup   1: 100960 op, 1005066373.00 ns, 9.9551 us/op
WorkloadWarmup   2: 100960 op, 1028067923.00 ns, 10.1829 us/op
WorkloadWarmup   3: 100960 op, 1061424535.00 ns, 10.5133 us/op
WorkloadWarmup   4: 100960 op, 999956943.00 ns, 9.9045 us/op
WorkloadWarmup   5: 100960 op, 999837349.00 ns, 9.9033 us/op
WorkloadWarmup   6: 100960 op, 999368683.00 ns, 9.8987 us/op
WorkloadWarmup   7: 100960 op, 999302164.00 ns, 9.8980 us/op
WorkloadWarmup   8: 100960 op, 1018893354.00 ns, 10.0920 us/op
WorkloadWarmup   9: 100960 op, 999581967.00 ns, 9.9008 us/op

// BeforeActualRun
WorkloadActual   1: 100960 op, 1000935324.00 ns, 9.9142 us/op
WorkloadActual   2: 100960 op, 1010269897.00 ns, 10.0066 us/op
WorkloadActual   3: 100960 op, 1003298075.00 ns, 9.9376 us/op
WorkloadActual   4: 100960 op, 1017141517.00 ns, 10.0747 us/op
WorkloadActual   5: 100960 op, 1010808027.00 ns, 10.0120 us/op
WorkloadActual   6: 100960 op, 1003015536.00 ns, 9.9348 us/op
WorkloadActual   7: 100960 op, 1002746964.00 ns, 9.9321 us/op
WorkloadActual   8: 100960 op, 1035360277.00 ns, 10.2552 us/op
WorkloadActual   9: 100960 op, 1013144229.00 ns, 10.0351 us/op
WorkloadActual  10: 100960 op, 1019692754.00 ns, 10.1000 us/op
WorkloadActual  11: 100960 op, 1002453151.00 ns, 9.9292 us/op
WorkloadActual  12: 100960 op, 1002450746.00 ns, 9.9292 us/op
WorkloadActual  13: 100960 op, 1002718654.00 ns, 9.9318 us/op
WorkloadActual  14: 100960 op, 1006667381.00 ns, 9.9710 us/op
WorkloadActual  15: 100960 op, 1020644504.00 ns, 10.1094 us/op

// AfterActualRun
WorkloadResult   1: 100960 op, 1000481425.00 ns, 9.9097 us/op
WorkloadResult   2: 100960 op, 1009815998.00 ns, 10.0021 us/op
WorkloadResult   3: 100960 op, 1002844176.00 ns, 9.9331 us/op
WorkloadResult   4: 100960 op, 1016687618.00 ns, 10.0702 us/op
WorkloadResult   5: 100960 op, 1010354128.00 ns, 10.0075 us/op
WorkloadResult   6: 100960 op, 1002561637.00 ns, 9.9303 us/op
WorkloadResult   7: 100960 op, 1002293065.00 ns, 9.9276 us/op
WorkloadResult   8: 100960 op, 1034906378.00 ns, 10.2507 us/op
WorkloadResult   9: 100960 op, 1012690330.00 ns, 10.0306 us/op
WorkloadResult  10: 100960 op, 1019238855.00 ns, 10.0955 us/op
WorkloadResult  11: 100960 op, 1001999252.00 ns, 9.9247 us/op
WorkloadResult  12: 100960 op, 1001996847.00 ns, 9.9247 us/op
WorkloadResult  13: 100960 op, 1002264755.00 ns, 9.9273 us/op
WorkloadResult  14: 100960 op, 1006213482.00 ns, 9.9665 us/op
WorkloadResult  15: 100960 op, 1020190605.00 ns, 10.1049 us/op

// AfterAll
// Benchmark Process 1001420 has exited with code 0.

Mean = 10.000 μs, StdErr = 0.025 μs (0.25%), N = 15, StdDev = 0.096 μs
Min = 9.910 μs, Q1 = 9.927 μs, Median = 9.966 μs, Q3 = 10.050 μs, Max = 10.251 μs
IQR = 0.123 μs, LowerFence = 9.743 μs, UpperFence = 10.235 μs
ConfidenceInterval = [9.898 μs; 10.103 μs] (CI 99.9%), Margin = 0.103 μs (1.03% of Mean)
Skewness = 1.12, Kurtosis = 3.43, MValue = 2

// ** Remained 8 (80.0 %) benchmark(s) to run. Estimated finish 2026-05-26 18:14 (0h 5m from now) **
// **************************
// Benchmark: SmokeBenchByte.Newtonsoft_Deser: Energy(OutlierMode=DontRemove, Affinity=00000100, IterationTime=1s)
// *** Execute ***
// Launch: 1 / 1
// Execute: dotnet JsonBench-Energy-1.dll --anonymousPipes 125 126 --benchmarkName JsonBench.Benchmarks.SmokeBenchByte.Newtonsoft_Deser --job Energy --benchmarkId 2 in /home/test/json-energy-bench/JsonBench/bin/Release/net10.0/JsonBench-Energy-1/bin/Release/net10.0
// BeforeAnythingElse

// Benchmark Process Environment Information:
// BenchmarkDotNet v0.15.5-develop (2026-05-26)
// Runtime=.NET 10.0.8 (10.0.8, 10.0.826.23019), X64 RyuJIT x86-64-v3
// GC=Concurrent Workstation
// HardwareIntrinsics=AVX2+BMI1+BMI2+F16C+FMA+LZCNT+MOVBE,AVX,SSE3+SSSE3+SSE4.1+SSE4.2+POPCNT,X86Base+SSE+SSE2,AES+PCLMUL VectorSize=256
// Job: Energy(OutlierMode=DontRemove, Affinity=100, IterationTime=1s)

OverheadJitting  1: 1 op, 242656.00 ns, 242.6560 us/op
WorkloadJitting  1: 1 op, 62709567.00 ns, 62.7096 ms/op

OverheadJitting  2: 16 op, 648533.00 ns, 40.5333 us/op
WorkloadJitting  2: 16 op, 2442081.00 ns, 152.6301 us/op

WorkloadPilot    1: 16 op, 1705146.00 ns, 106.5716 us/op
WorkloadPilot    2: 9392 op, 845505672.00 ns, 90.0240 us/op
WorkloadPilot    3: 11120 op, 1066601402.00 ns, 95.9174 us/op
WorkloadPilot    4: 10432 op, 1432591679.00 ns, 137.3267 us/op
WorkloadPilot    5: 7296 op, 752906588.00 ns, 103.1944 us/op
WorkloadPilot    6: 9696 op, 243063454.00 ns, 25.0684 us/op
WorkloadPilot    7: 39904 op, 748827319.00 ns, 18.7657 us/op
WorkloadPilot    8: 53296 op, 983515494.00 ns, 18.4538 us/op
WorkloadPilot    9: 54192 op, 998877563.00 ns, 18.4322 us/op
WorkloadPilot   10: 54256 op, 997634868.00 ns, 18.3875 us/op
WorkloadPilot   11: 54400 op, 1007950036.00 ns, 18.5285 us/op

OverheadWarmup   1: 54400 op, 227454.00 ns, 4.1811 ns/op
OverheadWarmup   2: 54400 op, 226202.00 ns, 4.1581 ns/op
OverheadWarmup   3: 54400 op, 229105.00 ns, 4.2115 ns/op
OverheadWarmup   4: 54400 op, 225495.00 ns, 4.1451 ns/op
OverheadWarmup   5: 54400 op, 229458.00 ns, 4.2180 ns/op
OverheadWarmup   6: 54400 op, 224406.00 ns, 4.1251 ns/op

OverheadActual   1: 54400 op, 225025.00 ns, 4.1365 ns/op
OverheadActual   2: 54400 op, 226348.00 ns, 4.1608 ns/op
OverheadActual   3: 54400 op, 225785.00 ns, 4.1505 ns/op
OverheadActual   4: 54400 op, 228919.00 ns, 4.2081 ns/op
OverheadActual   5: 54400 op, 225281.00 ns, 4.1412 ns/op
OverheadActual   6: 54400 op, 224381.00 ns, 4.1247 ns/op
OverheadActual   7: 54400 op, 228727.00 ns, 4.2045 ns/op
OverheadActual   8: 54400 op, 225953.00 ns, 4.1535 ns/op
OverheadActual   9: 54400 op, 225831.00 ns, 4.1513 ns/op
OverheadActual  10: 54400 op, 228727.00 ns, 4.2045 ns/op
OverheadActual  11: 54400 op, 225170.00 ns, 4.1392 ns/op
OverheadActual  12: 54400 op, 224476.00 ns, 4.1264 ns/op
OverheadActual  13: 54400 op, 226102.00 ns, 4.1563 ns/op
OverheadActual  14: 54400 op, 225985.00 ns, 4.1541 ns/op
OverheadActual  15: 54400 op, 225575.00 ns, 4.1466 ns/op

WorkloadWarmup   1: 54400 op, 1004468217.00 ns, 18.4645 us/op
WorkloadWarmup   2: 54400 op, 1051705372.00 ns, 19.3328 us/op
WorkloadWarmup   3: 54400 op, 1064969972.00 ns, 19.5767 us/op
WorkloadWarmup   4: 54400 op, 1001635448.00 ns, 18.4124 us/op
WorkloadWarmup   5: 54400 op, 1001453954.00 ns, 18.4091 us/op
WorkloadWarmup   6: 54400 op, 1001452967.00 ns, 18.4091 us/op
WorkloadWarmup   7: 54400 op, 1001449165.00 ns, 18.4090 us/op
WorkloadWarmup   8: 54400 op, 1021997163.00 ns, 18.7867 us/op
WorkloadWarmup   9: 54400 op, 1001689131.00 ns, 18.4134 us/op

// BeforeActualRun
WorkloadActual   1: 54400 op, 1003543177.00 ns, 18.4475 us/op
WorkloadActual   2: 54400 op, 1005461145.00 ns, 18.4827 us/op
WorkloadActual   3: 54400 op, 1009386159.00 ns, 18.5549 us/op
WorkloadActual   4: 54400 op, 1027978711.00 ns, 18.8967 us/op
WorkloadActual   5: 54400 op, 1002175054.00 ns, 18.4223 us/op
WorkloadActual   6: 54400 op, 1002031780.00 ns, 18.4197 us/op
WorkloadActual   7: 54400 op, 1001229906.00 ns, 18.4050 us/op
WorkloadActual   8: 54400 op, 1032864351.00 ns, 18.9865 us/op
WorkloadActual   9: 54400 op, 1031729001.00 ns, 18.9656 us/op
WorkloadActual  10: 54400 op, 1001299464.00 ns, 18.4062 us/op
WorkloadActual  11: 54400 op, 1001588412.00 ns, 18.4116 us/op
WorkloadActual  12: 54400 op, 1001682976.00 ns, 18.4133 us/op
WorkloadActual  13: 54400 op, 1005886018.00 ns, 18.4906 us/op
WorkloadActual  14: 54400 op, 1020867563.00 ns, 18.7659 us/op
WorkloadActual  15: 54400 op, 1000686426.00 ns, 18.3950 us/op

// AfterActualRun
WorkloadResult   1: 54400 op, 1003317346.00 ns, 18.4433 us/op
WorkloadResult   2: 54400 op, 1005235314.00 ns, 18.4786 us/op
WorkloadResult   3: 54400 op, 1009160328.00 ns, 18.5507 us/op
WorkloadResult   4: 54400 op, 1027752880.00 ns, 18.8925 us/op
WorkloadResult   5: 54400 op, 1001949223.00 ns, 18.4182 us/op
WorkloadResult   6: 54400 op, 1001805949.00 ns, 18.4156 us/op
WorkloadResult   7: 54400 op, 1001004075.00 ns, 18.4008 us/op
WorkloadResult   8: 54400 op, 1032638520.00 ns, 18.9823 us/op
WorkloadResult   9: 54400 op, 1031503170.00 ns, 18.9615 us/op
WorkloadResult  10: 54400 op, 1001073633.00 ns, 18.4021 us/op
WorkloadResult  11: 54400 op, 1001362581.00 ns, 18.4074 us/op
WorkloadResult  12: 54400 op, 1001457145.00 ns, 18.4091 us/op
WorkloadResult  13: 54400 op, 1005660187.00 ns, 18.4864 us/op
WorkloadResult  14: 54400 op, 1020641732.00 ns, 18.7618 us/op
WorkloadResult  15: 54400 op, 1000460595.00 ns, 18.3908 us/op

// AfterAll
// Benchmark Process 1001779 has exited with code 0.

Mean = 18.560 μs, StdErr = 0.057 μs (0.31%), N = 15, StdDev = 0.221 μs
Min = 18.391 μs, Q1 = 18.408 μs, Median = 18.443 μs, Q3 = 18.656 μs, Max = 18.982 μs
IQR = 0.248 μs, LowerFence = 18.036 μs, UpperFence = 19.028 μs
ConfidenceInterval = [18.324 μs; 18.796 μs] (CI 99.9%), Margin = 0.236 μs (1.27% of Mean)
Skewness = 0.97, Kurtosis = 2.13, MValue = 2

// ** Remained 7 (70.0 %) benchmark(s) to run. Estimated finish 2026-05-26 18:15 (0h 5m from now) **
// **************************
// Benchmark: SmokeBenchByte.SpanJson_Deser: Energy(OutlierMode=DontRemove, Affinity=00000100, IterationTime=1s)
// *** Execute ***
// Launch: 1 / 1
// Execute: dotnet JsonBench-Energy-1.dll --anonymousPipes 127 128 --benchmarkName JsonBench.Benchmarks.SmokeBenchByte.SpanJson_Deser --job Energy --benchmarkId 3 in /home/test/json-energy-bench/JsonBench/bin/Release/net10.0/JsonBench-Energy-1/bin/Release/net10.0
// BeforeAnythingElse

// Benchmark Process Environment Information:
// BenchmarkDotNet v0.15.5-develop (2026-05-26)
// Runtime=.NET 10.0.8 (10.0.8, 10.0.826.23019), X64 RyuJIT x86-64-v3
// GC=Concurrent Workstation
// HardwareIntrinsics=AVX2+BMI1+BMI2+F16C+FMA+LZCNT+MOVBE,AVX,SSE3+SSSE3+SSE4.1+SSE4.2+POPCNT,X86Base+SSE+SSE2,AES+PCLMUL VectorSize=256
// Job: Energy(OutlierMode=DontRemove, Affinity=100, IterationTime=1s)

OverheadJitting  1: 1 op, 246038.00 ns, 246.0380 us/op
WorkloadJitting  1: 1 op, 77413907.00 ns, 77.4139 ms/op

WorkloadPilot    1: 4 op, 113056.00 ns, 28.2640 us/op
WorkloadPilot    2: 35381 op, 665579537.00 ns, 18.8118 us/op
WorkloadPilot    3: 53158 op, 998640220.00 ns, 18.7863 us/op
WorkloadPilot    4: 53230 op, 1397755588.00 ns, 26.2588 us/op
WorkloadPilot    5: 38082 op, 858207064.00 ns, 22.5358 us/op
WorkloadPilot    6: 44374 op, 339456580.00 ns, 7.6499 us/op
WorkloadPilot    7: 130721 op, 973738645.00 ns, 7.4490 us/op
WorkloadPilot    8: 134246 op, 981208527.00 ns, 7.3090 us/op
WorkloadPilot    9: 136817 op, 998913920.00 ns, 7.3011 us/op
WorkloadPilot   10: 136966 op, 1001643629.00 ns, 7.3131 us/op
WorkloadPilot   11: 136741 op, 994732034.00 ns, 7.2746 us/op
WorkloadPilot   12: 137465 op, 1001490960.00 ns, 7.2854 us/op

WorkloadWarmup   1: 137465 op, 1020966166.00 ns, 7.4271 us/op
WorkloadWarmup   2: 137465 op, 1021991182.00 ns, 7.4346 us/op
WorkloadWarmup   3: 137465 op, 1004577243.00 ns, 7.3079 us/op
WorkloadWarmup   4: 137465 op, 1004775035.00 ns, 7.3093 us/op
WorkloadWarmup   5: 137465 op, 1004128899.00 ns, 7.3046 us/op
WorkloadWarmup   6: 137465 op, 1006791086.00 ns, 7.3240 us/op

// BeforeActualRun
WorkloadActual   1: 137465 op, 1017885562.00 ns, 7.4047 us/op
WorkloadActual   2: 137465 op, 1008458676.00 ns, 7.3361 us/op
WorkloadActual   3: 137465 op, 1004539869.00 ns, 7.3076 us/op
WorkloadActual   4: 137465 op, 1034308431.00 ns, 7.5242 us/op
WorkloadActual   5: 137465 op, 1024705499.00 ns, 7.4543 us/op
WorkloadActual   6: 137465 op, 1028336657.00 ns, 7.4807 us/op
WorkloadActual   7: 137465 op, 1006698623.00 ns, 7.3233 us/op
WorkloadActual   8: 137465 op, 1000023064.00 ns, 7.2747 us/op
WorkloadActual   9: 137465 op, 1000729216.00 ns, 7.2799 us/op
WorkloadActual  10: 137465 op, 1002781235.00 ns, 7.2948 us/op
WorkloadActual  11: 137465 op, 1020650803.00 ns, 7.4248 us/op
WorkloadActual  12: 137465 op, 999858765.00 ns, 7.2736 us/op
WorkloadActual  13: 137465 op, 1009884216.00 ns, 7.3465 us/op
WorkloadActual  14: 137465 op, 1004971304.00 ns, 7.3107 us/op
WorkloadActual  15: 137465 op, 1009030673.00 ns, 7.3403 us/op

// AfterActualRun
WorkloadResult   1: 137465 op, 1017885562.00 ns, 7.4047 us/op
WorkloadResult   2: 137465 op, 1008458676.00 ns, 7.3361 us/op
WorkloadResult   3: 137465 op, 1004539869.00 ns, 7.3076 us/op
WorkloadResult   4: 137465 op, 1034308431.00 ns, 7.5242 us/op
WorkloadResult   5: 137465 op, 1024705499.00 ns, 7.4543 us/op
WorkloadResult   6: 137465 op, 1028336657.00 ns, 7.4807 us/op
WorkloadResult   7: 137465 op, 1006698623.00 ns, 7.3233 us/op
WorkloadResult   8: 137465 op, 1000023064.00 ns, 7.2747 us/op
WorkloadResult   9: 137465 op, 1000729216.00 ns, 7.2799 us/op
WorkloadResult  10: 137465 op, 1002781235.00 ns, 7.2948 us/op
WorkloadResult  11: 137465 op, 1020650803.00 ns, 7.4248 us/op
WorkloadResult  12: 137465 op, 999858765.00 ns, 7.2736 us/op
WorkloadResult  13: 137465 op, 1009884216.00 ns, 7.3465 us/op
WorkloadResult  14: 137465 op, 1004971304.00 ns, 7.3107 us/op
WorkloadResult  15: 137465 op, 1009030673.00 ns, 7.3403 us/op

// AfterAll
// Benchmark Process 1002164 has exited with code 0.

Mean = 7.358 μs, StdErr = 0.021 μs (0.28%), N = 15, StdDev = 0.080 μs
Min = 7.274 μs, Q1 = 7.301 μs, Median = 7.336 μs, Q3 = 7.415 μs, Max = 7.524 μs
IQR = 0.114 μs, LowerFence = 7.131 μs, UpperFence = 7.585 μs
ConfidenceInterval = [7.273 μs; 7.444 μs] (CI 99.9%), Margin = 0.086 μs (1.16% of Mean)
Skewness = 0.7, Kurtosis = 2.04, MValue = 2

// ** Remained 6 (60.0 %) benchmark(s) to run. Estimated finish 2026-05-26 18:15 (0h 4m from now) **
// **************************
// Benchmark: SmokeBenchByte.Utf8Json_Deser: Energy(OutlierMode=DontRemove, Affinity=00000100, IterationTime=1s)
// *** Execute ***
// Launch: 1 / 1
// Execute: dotnet JsonBench-Energy-1.dll --anonymousPipes 127 128 --benchmarkName JsonBench.Benchmarks.SmokeBenchByte.Utf8Json_Deser --job Energy --benchmarkId 4 in /home/test/json-energy-bench/JsonBench/bin/Release/net10.0/JsonBench-Energy-1/bin/Release/net10.0
// BeforeAnythingElse

// Benchmark Process Environment Information:
// BenchmarkDotNet v0.15.5-develop (2026-05-26)
// Runtime=.NET 10.0.8 (10.0.8, 10.0.826.23019), X64 RyuJIT x86-64-v3
// GC=Concurrent Workstation
// HardwareIntrinsics=AVX2+BMI1+BMI2+F16C+FMA+LZCNT+MOVBE,AVX,SSE3+SSSE3+SSE4.1+SSE4.2+POPCNT,X86Base+SSE+SSE2,AES+PCLMUL VectorSize=256
// Job: Energy(OutlierMode=DontRemove, Affinity=100, IterationTime=1s)

OverheadJitting  1: 1 op, 240013.00 ns, 240.0130 us/op
WorkloadJitting  1: 1 op, 87761422.00 ns, 87.7614 ms/op

WorkloadPilot    1: 4 op, 286415.00 ns, 71.6038 us/op
WorkloadPilot    2: 13966 op, 690180252.00 ns, 49.4186 us/op
WorkloadPilot    3: 20235 op, 989332401.00 ns, 48.8921 us/op
WorkloadPilot    4: 20453 op, 1297490391.00 ns, 63.4377 us/op
WorkloadPilot    5: 15764 op, 942161591.00 ns, 59.7667 us/op
WorkloadPilot    6: 16732 op, 216178434.00 ns, 12.9201 us/op
WorkloadPilot    7: 77399 op, 966268835.00 ns, 12.4843 us/op
WorkloadPilot    8: 80101 op, 985355364.00 ns, 12.3014 us/op
WorkloadPilot    9: 81291 op, 997561797.00 ns, 12.2715 us/op
WorkloadPilot   10: 81490 op, 996435268.00 ns, 12.2277 us/op
WorkloadPilot   11: 81782 op, 999653171.00 ns, 12.2234 us/op
WorkloadPilot   12: 81810 op, 1011043692.00 ns, 12.3584 us/op
WorkloadPilot   13: 80916 op, 1000342559.00 ns, 12.3627 us/op

WorkloadWarmup   1: 80916 op, 1002904087.00 ns, 12.3944 us/op
WorkloadWarmup   2: 80916 op, 990828672.00 ns, 12.2452 us/op
WorkloadWarmup   3: 80916 op, 996819503.00 ns, 12.3192 us/op
WorkloadWarmup   4: 80916 op, 993666769.00 ns, 12.2802 us/op
WorkloadWarmup   5: 80916 op, 993266860.00 ns, 12.2753 us/op
WorkloadWarmup   6: 80916 op, 1035363475.00 ns, 12.7955 us/op
WorkloadWarmup   7: 80916 op, 995112336.00 ns, 12.2981 us/op

// BeforeActualRun
WorkloadActual   1: 80916 op, 988803122.00 ns, 12.2201 us/op
WorkloadActual   2: 80916 op, 992864296.00 ns, 12.2703 us/op
WorkloadActual   3: 80916 op, 991359026.00 ns, 12.2517 us/op
WorkloadActual   4: 80916 op, 1026645335.00 ns, 12.6878 us/op
WorkloadActual   5: 80916 op, 993524338.00 ns, 12.2785 us/op
WorkloadActual   6: 80916 op, 996785430.00 ns, 12.3188 us/op
WorkloadActual   7: 80916 op, 995673175.00 ns, 12.3050 us/op
WorkloadActual   8: 80916 op, 995048177.00 ns, 12.2973 us/op
WorkloadActual   9: 80916 op, 1006659169.00 ns, 12.4408 us/op
WorkloadActual  10: 80916 op, 993822018.00 ns, 12.2821 us/op
WorkloadActual  11: 80916 op, 1005595105.00 ns, 12.4276 us/op
WorkloadActual  12: 80916 op, 991798464.00 ns, 12.2571 us/op
WorkloadActual  13: 80916 op, 997352806.00 ns, 12.3258 us/op
WorkloadActual  14: 80916 op, 1069568250.00 ns, 13.2183 us/op
WorkloadActual  15: 80916 op, 989933681.00 ns, 12.2341 us/op
WorkloadActual  16: 80916 op, 988380936.00 ns, 12.2149 us/op
WorkloadActual  17: 80916 op, 988810376.00 ns, 12.2202 us/op

// AfterActualRun
WorkloadResult   1: 80916 op, 988803122.00 ns, 12.2201 us/op
WorkloadResult   2: 80916 op, 992864296.00 ns, 12.2703 us/op
WorkloadResult   3: 80916 op, 991359026.00 ns, 12.2517 us/op
WorkloadResult   4: 80916 op, 1026645335.00 ns, 12.6878 us/op
WorkloadResult   5: 80916 op, 993524338.00 ns, 12.2785 us/op
WorkloadResult   6: 80916 op, 996785430.00 ns, 12.3188 us/op
WorkloadResult   7: 80916 op, 995673175.00 ns, 12.3050 us/op
WorkloadResult   8: 80916 op, 995048177.00 ns, 12.2973 us/op
WorkloadResult   9: 80916 op, 1006659169.00 ns, 12.4408 us/op
WorkloadResult  10: 80916 op, 993822018.00 ns, 12.2821 us/op
WorkloadResult  11: 80916 op, 1005595105.00 ns, 12.4276 us/op
WorkloadResult  12: 80916 op, 991798464.00 ns, 12.2571 us/op
WorkloadResult  13: 80916 op, 997352806.00 ns, 12.3258 us/op
WorkloadResult  14: 80916 op, 1069568250.00 ns, 13.2183 us/op
WorkloadResult  15: 80916 op, 989933681.00 ns, 12.2341 us/op
WorkloadResult  16: 80916 op, 988380936.00 ns, 12.2149 us/op
WorkloadResult  17: 80916 op, 988810376.00 ns, 12.2202 us/op

// AfterAll
// Benchmark Process 1002547 has exited with code 0.

Mean = 12.368 μs, StdErr = 0.060 μs (0.49%), N = 17, StdDev = 0.248 μs
Min = 12.215 μs, Q1 = 12.252 μs, Median = 12.282 μs, Q3 = 12.326 μs, Max = 13.218 μs
IQR = 0.074 μs, LowerFence = 12.141 μs, UpperFence = 12.437 μs
ConfidenceInterval = [12.126 μs; 12.609 μs] (CI 99.9%), Margin = 0.241 μs (1.95% of Mean)
Skewness = 2.44, Kurtosis = 8.36, MValue = 2

// ** Remained 5 (50.0 %) benchmark(s) to run. Estimated finish 2026-05-26 18:15 (0h 3m from now) **
// **************************
// Benchmark: SmokeBenchByte.STJRefGen_Ser: Energy(OutlierMode=DontRemove, Affinity=00000100, IterationTime=1s)
// *** Execute ***
// Launch: 1 / 1
// Execute: dotnet JsonBench-Energy-1.dll --anonymousPipes 127 128 --benchmarkName JsonBench.Benchmarks.SmokeBenchByte.STJRefGen_Ser --job Energy --benchmarkId 5 in /home/test/json-energy-bench/JsonBench/bin/Release/net10.0/JsonBench-Energy-1/bin/Release/net10.0
// BeforeAnythingElse

// Benchmark Process Environment Information:
// BenchmarkDotNet v0.15.5-develop (2026-05-26)
// Runtime=.NET 10.0.8 (10.0.8, 10.0.826.23019), X64 RyuJIT x86-64-v3
// GC=Concurrent Workstation
// HardwareIntrinsics=AVX2+BMI1+BMI2+F16C+FMA+LZCNT+MOVBE,AVX,SSE3+SSSE3+SSE4.1+SSE4.2+POPCNT,X86Base+SSE+SSE2,AES+PCLMUL VectorSize=256
// Job: Energy(OutlierMode=DontRemove, Affinity=100, IterationTime=1s)

OverheadJitting  1: 1 op, 237786.00 ns, 237.7860 us/op
WorkloadJitting  1: 1 op, 3745062.00 ns, 3.7451 ms/op

OverheadJitting  2: 16 op, 637822.00 ns, 39.8639 us/op
WorkloadJitting  2: 16 op, 979850.00 ns, 61.2406 us/op

WorkloadPilot    1: 16 op, 301324.00 ns, 18.8328 us/op
WorkloadPilot    2: 53104 op, 805648742.00 ns, 15.1711 us/op
WorkloadPilot    3: 65920 op, 1010790752.00 ns, 15.3336 us/op
WorkloadPilot    4: 65216 op, 1670530161.00 ns, 25.6153 us/op
WorkloadPilot    5: 39040 op, 690220800.00 ns, 17.6798 us/op
WorkloadPilot    6: 56576 op, 270960010.00 ns, 4.7893 us/op
WorkloadPilot    7: 208800 op, 959390959.00 ns, 4.5948 us/op
WorkloadPilot    8: 217648 op, 988747301.00 ns, 4.5429 us/op
WorkloadPilot    9: 220128 op, 999458660.00 ns, 4.5404 us/op
WorkloadPilot   10: 220256 op, 999506521.00 ns, 4.5379 us/op
WorkloadPilot   11: 220368 op, 997924686.00 ns, 4.5284 us/op
WorkloadPilot   12: 220832 op, 1006917664.00 ns, 4.5597 us/op

OverheadWarmup   1: 220832 op, 910559.00 ns, 4.1233 ns/op
OverheadWarmup   2: 220832 op, 907938.00 ns, 4.1114 ns/op
OverheadWarmup   3: 220832 op, 920455.00 ns, 4.1681 ns/op
OverheadWarmup   4: 220832 op, 902850.00 ns, 4.0884 ns/op
OverheadWarmup   5: 220832 op, 909054.00 ns, 4.1165 ns/op
OverheadWarmup   6: 220832 op, 911459.00 ns, 4.1274 ns/op
OverheadWarmup   7: 220832 op, 916247.00 ns, 4.1491 ns/op
OverheadWarmup   8: 220832 op, 909844.00 ns, 4.1201 ns/op

OverheadActual   1: 220832 op, 908913.00 ns, 4.1159 ns/op
OverheadActual   2: 220832 op, 915757.00 ns, 4.1468 ns/op
OverheadActual   3: 220832 op, 910180.00 ns, 4.1216 ns/op
OverheadActual   4: 220832 op, 909572.00 ns, 4.1188 ns/op
OverheadActual   5: 220832 op, 911241.00 ns, 4.1264 ns/op
OverheadActual   6: 220832 op, 906162.00 ns, 4.1034 ns/op
OverheadActual   7: 220832 op, 914316.00 ns, 4.1403 ns/op
OverheadActual   8: 220832 op, 910151.00 ns, 4.1215 ns/op
OverheadActual   9: 220832 op, 912635.00 ns, 4.1327 ns/op
OverheadActual  10: 220832 op, 910479.00 ns, 4.1229 ns/op
OverheadActual  11: 220832 op, 904681.00 ns, 4.0967 ns/op
OverheadActual  12: 220832 op, 908746.00 ns, 4.1151 ns/op
OverheadActual  13: 220832 op, 909967.00 ns, 4.1206 ns/op
OverheadActual  14: 220832 op, 909979.00 ns, 4.1207 ns/op
OverheadActual  15: 220832 op, 916936.00 ns, 4.1522 ns/op

WorkloadWarmup   1: 220832 op, 1023328773.00 ns, 4.6340 us/op
WorkloadWarmup   2: 220832 op, 1061961628.00 ns, 4.8089 us/op
WorkloadWarmup   3: 220832 op, 1011071758.00 ns, 4.5785 us/op
WorkloadWarmup   4: 220832 op, 999484706.00 ns, 4.5260 us/op
WorkloadWarmup   5: 220832 op, 1000021258.00 ns, 4.5284 us/op
WorkloadWarmup   6: 220832 op, 1017252375.00 ns, 4.6065 us/op
WorkloadWarmup   7: 220832 op, 999844474.00 ns, 4.5276 us/op

// BeforeActualRun
WorkloadActual   1: 220832 op, 1001910532.00 ns, 4.5370 us/op
WorkloadActual   2: 220832 op, 1003367305.00 ns, 4.5436 us/op
WorkloadActual   3: 220832 op, 1003547500.00 ns, 4.5444 us/op
WorkloadActual   4: 220832 op, 1012765147.00 ns, 4.5861 us/op
WorkloadActual   5: 220832 op, 1021246616.00 ns, 4.6245 us/op
WorkloadActual   6: 220832 op, 1004182304.00 ns, 4.5473 us/op
WorkloadActual   7: 220832 op, 1003947906.00 ns, 4.5462 us/op
WorkloadActual   8: 220832 op, 1004712952.00 ns, 4.5497 us/op
WorkloadActual   9: 220832 op, 1004017528.00 ns, 4.5465 us/op
WorkloadActual  10: 220832 op, 1063589563.00 ns, 4.8163 us/op
WorkloadActual  11: 220832 op, 1004074568.00 ns, 4.5468 us/op
WorkloadActual  12: 220832 op, 1003559744.00 ns, 4.5444 us/op
WorkloadActual  13: 220832 op, 1003551117.00 ns, 4.5444 us/op
WorkloadActual  14: 220832 op, 1005883051.00 ns, 4.5550 us/op
WorkloadActual  15: 220832 op, 1021810374.00 ns, 4.6271 us/op

// AfterActualRun
WorkloadResult   1: 220832 op, 1001000381.00 ns, 4.5329 us/op
WorkloadResult   2: 220832 op, 1002457154.00 ns, 4.5395 us/op
WorkloadResult   3: 220832 op, 1002637349.00 ns, 4.5403 us/op
WorkloadResult   4: 220832 op, 1011854996.00 ns, 4.5820 us/op
WorkloadResult   5: 220832 op, 1020336465.00 ns, 4.6204 us/op
WorkloadResult   6: 220832 op, 1003272153.00 ns, 4.5431 us/op
WorkloadResult   7: 220832 op, 1003037755.00 ns, 4.5421 us/op
WorkloadResult   8: 220832 op, 1003802801.00 ns, 4.5455 us/op
WorkloadResult   9: 220832 op, 1003107377.00 ns, 4.5424 us/op
WorkloadResult  10: 220832 op, 1062679412.00 ns, 4.8122 us/op
WorkloadResult  11: 220832 op, 1003164417.00 ns, 4.5427 us/op
WorkloadResult  12: 220832 op, 1002649593.00 ns, 4.5403 us/op
WorkloadResult  13: 220832 op, 1002640966.00 ns, 4.5403 us/op
WorkloadResult  14: 220832 op, 1004972900.00 ns, 4.5508 us/op
WorkloadResult  15: 220832 op, 1020900223.00 ns, 4.6230 us/op

// AfterAll
// Benchmark Process 1002930 has exited with code 0.

Mean = 4.573 μs, StdErr = 0.019 μs (0.41%), N = 15, StdDev = 0.072 μs
Min = 4.533 μs, Q1 = 4.540 μs, Median = 4.543 μs, Q3 = 4.566 μs, Max = 4.812 μs
IQR = 0.026 μs, LowerFence = 4.501 μs, UpperFence = 4.606 μs
ConfidenceInterval = [4.496 μs; 4.650 μs] (CI 99.9%), Margin = 0.077 μs (1.69% of Mean)
Skewness = 2.4, Kurtosis = 8.07, MValue = 2

// ** Remained 4 (40.0 %) benchmark(s) to run. Estimated finish 2026-05-26 18:15 (0h 3m from now) **
// **************************
// Benchmark: SmokeBenchByte.STJSrcGen_Ser: Energy(OutlierMode=DontRemove, Affinity=00000100, IterationTime=1s)
// *** Execute ***
// Launch: 1 / 1
// Execute: dotnet JsonBench-Energy-1.dll --anonymousPipes 127 128 --benchmarkName JsonBench.Benchmarks.SmokeBenchByte.STJSrcGen_Ser --job Energy --benchmarkId 6 in /home/test/json-energy-bench/JsonBench/bin/Release/net10.0/JsonBench-Energy-1/bin/Release/net10.0
// BeforeAnythingElse

// Benchmark Process Environment Information:
// BenchmarkDotNet v0.15.5-develop (2026-05-26)
// Runtime=.NET 10.0.8 (10.0.8, 10.0.826.23019), X64 RyuJIT x86-64-v3
// GC=Concurrent Workstation
// HardwareIntrinsics=AVX2+BMI1+BMI2+F16C+FMA+LZCNT+MOVBE,AVX,SSE3+SSSE3+SSE4.1+SSE4.2+POPCNT,X86Base+SSE+SSE2,AES+PCLMUL VectorSize=256
// Job: Energy(OutlierMode=DontRemove, Affinity=100, IterationTime=1s)

OverheadJitting  1: 1 op, 237395.00 ns, 237.3950 us/op
WorkloadJitting  1: 1 op, 11751895.00 ns, 11.7519 ms/op

OverheadJitting  2: 16 op, 630151.00 ns, 39.3844 us/op
WorkloadJitting  2: 16 op, 907881.00 ns, 56.7426 us/op

WorkloadPilot    1: 16 op, 219139.00 ns, 13.6962 us/op
WorkloadPilot    2: 73024 op, 785877705.00 ns, 10.7619 us/op
WorkloadPilot    3: 92928 op, 1007074131.00 ns, 10.8371 us/op
WorkloadPilot    4: 92288 op, 1303719474.00 ns, 14.1266 us/op
WorkloadPilot    5: 70800 op, 271057089.00 ns, 3.8285 us/op
WorkloadPilot    6: 261200 op, 998780815.00 ns, 3.8238 us/op
WorkloadPilot    7: 261520 op, 986318174.00 ns, 3.7715 us/op
WorkloadPilot    8: 265152 op, 985725013.00 ns, 3.7176 us/op
WorkloadPilot    9: 268992 op, 999429596.00 ns, 3.7155 us/op
WorkloadPilot   10: 269152 op, 999270738.00 ns, 3.7127 us/op
WorkloadPilot   11: 269360 op, 998188772.00 ns, 3.7058 us/op
WorkloadPilot   12: 269856 op, 1007410457.00 ns, 3.7331 us/op

OverheadWarmup   1: 269856 op, 1220280.00 ns, 4.5220 ns/op
OverheadWarmup   2: 269856 op, 1215830.00 ns, 4.5055 ns/op
OverheadWarmup   3: 269856 op, 1217388.00 ns, 4.5113 ns/op
OverheadWarmup   4: 269856 op, 1220839.00 ns, 4.5240 ns/op
OverheadWarmup   5: 269856 op, 1218717.00 ns, 4.5162 ns/op
OverheadWarmup   6: 269856 op, 1231587.00 ns, 4.5639 ns/op
OverheadWarmup   7: 269856 op, 1219020.00 ns, 4.5173 ns/op

OverheadActual   1: 269856 op, 1219113.00 ns, 4.5176 ns/op
OverheadActual   2: 269856 op, 1216739.00 ns, 4.5088 ns/op
OverheadActual   3: 269856 op, 1215425.00 ns, 4.5040 ns/op
OverheadActual   4: 269856 op, 1223261.00 ns, 4.5330 ns/op
OverheadActual   5: 269856 op, 1218073.00 ns, 4.5138 ns/op
OverheadActual   6: 269856 op, 1218818.00 ns, 4.5165 ns/op
OverheadActual   7: 269856 op, 1218185.00 ns, 4.5142 ns/op
OverheadActual   8: 269856 op, 1218520.00 ns, 4.5154 ns/op
OverheadActual   9: 269856 op, 1219094.00 ns, 4.5176 ns/op
OverheadActual  10: 269856 op, 1216827.00 ns, 4.5092 ns/op
OverheadActual  11: 269856 op, 1220897.00 ns, 4.5243 ns/op
OverheadActual  12: 269856 op, 1216787.00 ns, 4.5090 ns/op
OverheadActual  13: 269856 op, 1222679.00 ns, 4.5309 ns/op
OverheadActual  14: 269856 op, 1218440.00 ns, 4.5151 ns/op
OverheadActual  15: 269856 op, 1216143.00 ns, 4.5066 ns/op

WorkloadWarmup   1: 269856 op, 1022458315.00 ns, 3.7889 us/op
WorkloadWarmup   2: 269856 op, 1065681974.00 ns, 3.9491 us/op
WorkloadWarmup   3: 269856 op, 1009742950.00 ns, 3.7418 us/op
WorkloadWarmup   4: 269856 op, 999744420.00 ns, 3.7047 us/op
WorkloadWarmup   5: 269856 op, 999821475.00 ns, 3.7050 us/op
WorkloadWarmup   6: 269856 op, 1017391405.00 ns, 3.7701 us/op
WorkloadWarmup   7: 269856 op, 999854206.00 ns, 3.7051 us/op

// BeforeActualRun
WorkloadActual   1: 269856 op, 1002182437.00 ns, 3.7138 us/op
WorkloadActual   2: 269856 op, 1004016273.00 ns, 3.7206 us/op
WorkloadActual   3: 269856 op, 1004284041.00 ns, 3.7216 us/op
WorkloadActual   4: 269856 op, 1010754933.00 ns, 3.7455 us/op
WorkloadActual   5: 269856 op, 1021449867.00 ns, 3.7852 us/op
WorkloadActual   6: 269856 op, 1004584376.00 ns, 3.7227 us/op
WorkloadActual   7: 269856 op, 1004842753.00 ns, 3.7236 us/op
WorkloadActual   8: 269856 op, 1005206205.00 ns, 3.7250 us/op
WorkloadActual   9: 269856 op, 1004325356.00 ns, 3.7217 us/op
WorkloadActual  10: 269856 op, 1061861216.00 ns, 3.9349 us/op
WorkloadActual  11: 269856 op, 1003833676.00 ns, 3.7199 us/op
WorkloadActual  12: 269856 op, 1004225185.00 ns, 3.7213 us/op
WorkloadActual  13: 269856 op, 1004015668.00 ns, 3.7206 us/op
WorkloadActual  14: 269856 op, 1006726956.00 ns, 3.7306 us/op
WorkloadActual  15: 269856 op, 1023702531.00 ns, 3.7935 us/op

// AfterActualRun
WorkloadResult   1: 269856 op, 1000963997.00 ns, 3.7093 us/op
WorkloadResult   2: 269856 op, 1002797833.00 ns, 3.7160 us/op
WorkloadResult   3: 269856 op, 1003065601.00 ns, 3.7170 us/op
WorkloadResult   4: 269856 op, 1009536493.00 ns, 3.7410 us/op
WorkloadResult   5: 269856 op, 1020231427.00 ns, 3.7807 us/op
WorkloadResult   6: 269856 op, 1003365936.00 ns, 3.7182 us/op
WorkloadResult   7: 269856 op, 1003624313.00 ns, 3.7191 us/op
WorkloadResult   8: 269856 op, 1003987765.00 ns, 3.7205 us/op
WorkloadResult   9: 269856 op, 1003106916.00 ns, 3.7172 us/op
WorkloadResult  10: 269856 op, 1060642776.00 ns, 3.9304 us/op
WorkloadResult  11: 269856 op, 1002615236.00 ns, 3.7154 us/op
WorkloadResult  12: 269856 op, 1003006745.00 ns, 3.7168 us/op
WorkloadResult  13: 269856 op, 1002797228.00 ns, 3.7160 us/op
WorkloadResult  14: 269856 op, 1005508516.00 ns, 3.7261 us/op
WorkloadResult  15: 269856 op, 1022484091.00 ns, 3.7890 us/op

// AfterAll
// Benchmark Process 1003308 has exited with code 0.

Mean = 3.742 μs, StdErr = 0.015 μs (0.40%), N = 15, StdDev = 0.057 μs
Min = 3.709 μs, Q1 = 3.716 μs, Median = 3.718 μs, Q3 = 3.734 μs, Max = 3.930 μs
IQR = 0.017 μs, LowerFence = 3.691 μs, UpperFence = 3.759 μs
ConfidenceInterval = [3.681 μs; 3.803 μs] (CI 99.9%), Margin = 0.061 μs (1.64% of Mean)
Skewness = 2.35, Kurtosis = 7.82, MValue = 2

// ** Remained 3 (30.0 %) benchmark(s) to run. Estimated finish 2026-05-26 18:15 (0h 2m from now) **
// **************************
// Benchmark: SmokeBenchByte.Newtonsoft_Ser: Energy(OutlierMode=DontRemove, Affinity=00000100, IterationTime=1s)
// *** Execute ***
// Launch: 1 / 1
// Execute: dotnet JsonBench-Energy-1.dll --anonymousPipes 127 128 --benchmarkName JsonBench.Benchmarks.SmokeBenchByte.Newtonsoft_Ser --job Energy --benchmarkId 7 in /home/test/json-energy-bench/JsonBench/bin/Release/net10.0/JsonBench-Energy-1/bin/Release/net10.0
// BeforeAnythingElse

// Benchmark Process Environment Information:
// BenchmarkDotNet v0.15.5-develop (2026-05-26)
// Runtime=.NET 10.0.8 (10.0.8, 10.0.826.23019), X64 RyuJIT x86-64-v3
// GC=Concurrent Workstation
// HardwareIntrinsics=AVX2+BMI1+BMI2+F16C+FMA+LZCNT+MOVBE,AVX,SSE3+SSSE3+SSE4.1+SSE4.2+POPCNT,X86Base+SSE+SSE2,AES+PCLMUL VectorSize=256
// Job: Energy(OutlierMode=DontRemove, Affinity=100, IterationTime=1s)

OverheadJitting  1: 1 op, 236339.00 ns, 236.3390 us/op
WorkloadJitting  1: 1 op, 59611031.00 ns, 59.6110 ms/op

OverheadJitting  2: 16 op, 642209.00 ns, 40.1381 us/op
WorkloadJitting  2: 16 op, 1850215.00 ns, 115.6384 us/op

WorkloadPilot    1: 16 op, 1029263.00 ns, 64.3289 us/op
WorkloadPilot    2: 15552 op, 851568017.00 ns, 54.7562 us/op
WorkloadPilot    3: 18272 op, 1085350786.00 ns, 59.3997 us/op
WorkloadPilot    4: 16848 op, 1596059438.00 ns, 94.7329 us/op
WorkloadPilot    5: 10560 op, 561944145.00 ns, 53.2144 us/op
WorkloadPilot    6: 18800 op, 247355938.00 ns, 13.1572 us/op
WorkloadPilot    7: 76016 op, 924100368.00 ns, 12.1567 us/op
WorkloadPilot    8: 82272 op, 983314352.00 ns, 11.9520 us/op
WorkloadPilot    9: 83680 op, 994364595.00 ns, 11.8829 us/op
WorkloadPilot   10: 84160 op, 998973309.00 ns, 11.8699 us/op
WorkloadPilot   11: 84256 op, 1003876496.00 ns, 11.9146 us/op

OverheadWarmup   1: 84256 op, 348173.00 ns, 4.1323 ns/op
OverheadWarmup   2: 84256 op, 349740.00 ns, 4.1509 ns/op
OverheadWarmup   3: 84256 op, 351891.00 ns, 4.1765 ns/op
OverheadWarmup   4: 84256 op, 346998.00 ns, 4.1184 ns/op
OverheadWarmup   5: 84256 op, 347966.00 ns, 4.1299 ns/op
OverheadWarmup   6: 84256 op, 346436.00 ns, 4.1117 ns/op

OverheadActual   1: 84256 op, 350195.00 ns, 4.1563 ns/op
OverheadActual   2: 84256 op, 349941.00 ns, 4.1533 ns/op
OverheadActual   3: 84256 op, 348144.00 ns, 4.1320 ns/op
OverheadActual   4: 84256 op, 353273.00 ns, 4.1929 ns/op
OverheadActual   5: 84256 op, 348399.00 ns, 4.1350 ns/op
OverheadActual   6: 84256 op, 351926.00 ns, 4.1769 ns/op
OverheadActual   7: 84256 op, 347684.00 ns, 4.1265 ns/op
OverheadActual   8: 84256 op, 356325.00 ns, 4.2291 ns/op
OverheadActual   9: 84256 op, 347274.00 ns, 4.1217 ns/op
OverheadActual  10: 84256 op, 350485.00 ns, 4.1598 ns/op
OverheadActual  11: 84256 op, 345119.00 ns, 4.0961 ns/op
OverheadActual  12: 84256 op, 348406.00 ns, 4.1351 ns/op
OverheadActual  13: 84256 op, 348095.00 ns, 4.1314 ns/op
OverheadActual  14: 84256 op, 347700.00 ns, 4.1267 ns/op
OverheadActual  15: 84256 op, 348660.00 ns, 4.1381 ns/op

WorkloadWarmup   1: 84256 op, 1004517725.00 ns, 11.9222 us/op
WorkloadWarmup   2: 84256 op, 1086085988.00 ns, 12.8903 us/op
WorkloadWarmup   3: 84256 op, 1031257000.00 ns, 12.2396 us/op
WorkloadWarmup   4: 84256 op, 1000869197.00 ns, 11.8789 us/op
WorkloadWarmup   5: 84256 op, 1000967848.00 ns, 11.8801 us/op
WorkloadWarmup   6: 84256 op, 1000709705.00 ns, 11.8770 us/op

// BeforeActualRun
WorkloadActual   1: 84256 op, 1032237611.00 ns, 12.2512 us/op
WorkloadActual   2: 84256 op, 1004999888.00 ns, 11.9279 us/op
WorkloadActual   3: 84256 op, 1004277489.00 ns, 11.9194 us/op
WorkloadActual   4: 84256 op, 1004258316.00 ns, 11.9191 us/op
WorkloadActual   5: 84256 op, 1004813280.00 ns, 11.9257 us/op
WorkloadActual   6: 84256 op, 1012298812.00 ns, 12.0146 us/op
WorkloadActual   7: 84256 op, 1028668164.00 ns, 12.2088 us/op
WorkloadActual   8: 84256 op, 1006524171.00 ns, 11.9460 us/op
WorkloadActual   9: 84256 op, 1004337758.00 ns, 11.9201 us/op
WorkloadActual  10: 84256 op, 1004369371.00 ns, 11.9204 us/op
WorkloadActual  11: 84256 op, 1043850589.00 ns, 12.3890 us/op
WorkloadActual  12: 84256 op, 1031959565.00 ns, 12.2479 us/op
WorkloadActual  13: 84256 op, 1005122295.00 ns, 11.9294 us/op
WorkloadActual  14: 84256 op, 1004249335.00 ns, 11.9190 us/op
WorkloadActual  15: 84256 op, 1004616692.00 ns, 11.9234 us/op

// AfterActualRun
WorkloadResult   1: 84256 op, 1031889205.00 ns, 12.2471 us/op
WorkloadResult   2: 84256 op, 1004651482.00 ns, 11.9238 us/op
WorkloadResult   3: 84256 op, 1003929083.00 ns, 11.9152 us/op
WorkloadResult   4: 84256 op, 1003909910.00 ns, 11.9150 us/op
WorkloadResult   5: 84256 op, 1004464874.00 ns, 11.9216 us/op
WorkloadResult   6: 84256 op, 1011950406.00 ns, 12.0104 us/op
WorkloadResult   7: 84256 op, 1028319758.00 ns, 12.2047 us/op
WorkloadResult   8: 84256 op, 1006175765.00 ns, 11.9419 us/op
WorkloadResult   9: 84256 op, 1003989352.00 ns, 11.9159 us/op
WorkloadResult  10: 84256 op, 1004020965.00 ns, 11.9163 us/op
WorkloadResult  11: 84256 op, 1043502183.00 ns, 12.3849 us/op
WorkloadResult  12: 84256 op, 1031611159.00 ns, 12.2438 us/op
WorkloadResult  13: 84256 op, 1004773889.00 ns, 11.9253 us/op
WorkloadResult  14: 84256 op, 1003900929.00 ns, 11.9149 us/op
WorkloadResult  15: 84256 op, 1004268286.00 ns, 11.9192 us/op

// AfterAll
// Benchmark Process 1003692 has exited with code 0.

Mean = 12.020 μs, StdErr = 0.042 μs (0.35%), N = 15, StdDev = 0.162 μs
Min = 11.915 μs, Q1 = 11.916 μs, Median = 11.924 μs, Q3 = 12.108 μs, Max = 12.385 μs
IQR = 0.191 μs, LowerFence = 11.629 μs, UpperFence = 12.395 μs
ConfidenceInterval = [11.847 μs; 12.193 μs] (CI 99.9%), Margin = 0.173 μs (1.44% of Mean)
Skewness = 1.06, Kurtosis = 2.42, MValue = 2

// ** Remained 2 (20.0 %) benchmark(s) to run. Estimated finish 2026-05-26 18:15 (0h 1m from now) **
// **************************
// Benchmark: SmokeBenchByte.SpanJson_Ser: Energy(OutlierMode=DontRemove, Affinity=00000100, IterationTime=1s)
// *** Execute ***
// Launch: 1 / 1
// Execute: dotnet JsonBench-Energy-1.dll --anonymousPipes 127 128 --benchmarkName JsonBench.Benchmarks.SmokeBenchByte.SpanJson_Ser --job Energy --benchmarkId 8 in /home/test/json-energy-bench/JsonBench/bin/Release/net10.0/JsonBench-Energy-1/bin/Release/net10.0
// BeforeAnythingElse

// Benchmark Process Environment Information:
// BenchmarkDotNet v0.15.5-develop (2026-05-26)
// Runtime=.NET 10.0.8 (10.0.8, 10.0.826.23019), X64 RyuJIT x86-64-v3
// GC=Concurrent Workstation
// HardwareIntrinsics=AVX2+BMI1+BMI2+F16C+FMA+LZCNT+MOVBE,AVX,SSE3+SSSE3+SSE4.1+SSE4.2+POPCNT,X86Base+SSE+SSE2,AES+PCLMUL VectorSize=256
// Job: Energy(OutlierMode=DontRemove, Affinity=100, IterationTime=1s)

OverheadJitting  1: 1 op, 235915.00 ns, 235.9150 us/op
WorkloadJitting  1: 1 op, 77751247.00 ns, 77.7512 ms/op

WorkloadPilot    1: 4 op, 202374.00 ns, 50.5935 us/op
WorkloadPilot    2: 19765 op, 598257361.00 ns, 30.2685 us/op
WorkloadPilot    3: 33038 op, 995999662.00 ns, 30.1471 us/op
WorkloadPilot    4: 33171 op, 409991307.00 ns, 12.3599 us/op
WorkloadPilot    5: 80907 op, 503909108.00 ns, 6.2283 us/op
WorkloadPilot    6: 160559 op, 998677420.00 ns, 6.2200 us/op
WorkloadPilot    7: 160772 op, 1026747027.00 ns, 6.3864 us/op
WorkloadPilot    8: 156584 op, 953417484.00 ns, 6.0889 us/op
WorkloadPilot    9: 164234 op, 1010390936.00 ns, 6.1521 us/op
WorkloadPilot   10: 162545 op, 1019289367.00 ns, 6.2708 us/op

WorkloadWarmup   1: 162545 op, 989580644.00 ns, 6.0880 us/op
WorkloadWarmup   2: 162545 op, 999937733.00 ns, 6.1518 us/op
WorkloadWarmup   3: 162545 op, 1016482654.00 ns, 6.2535 us/op
WorkloadWarmup   4: 162545 op, 1026651994.00 ns, 6.3161 us/op
WorkloadWarmup   5: 162545 op, 1002711258.00 ns, 6.1688 us/op
WorkloadWarmup   6: 162545 op, 985409534.00 ns, 6.0624 us/op
WorkloadWarmup   7: 162545 op, 1000859080.00 ns, 6.1574 us/op
WorkloadWarmup   8: 162545 op, 1011769181.00 ns, 6.2245 us/op
WorkloadWarmup   9: 162545 op, 1048214078.00 ns, 6.4488 us/op
WorkloadWarmup  10: 162545 op, 1009971674.00 ns, 6.2135 us/op

// BeforeActualRun
WorkloadActual   1: 162545 op, 992083619.00 ns, 6.1034 us/op
WorkloadActual   2: 162545 op, 1000043076.00 ns, 6.1524 us/op
WorkloadActual   3: 162545 op, 1003687340.00 ns, 6.1748 us/op
WorkloadActual   4: 162545 op, 1029760445.00 ns, 6.3352 us/op
WorkloadActual   5: 162545 op, 1003640957.00 ns, 6.1745 us/op
WorkloadActual   6: 162545 op, 989023654.00 ns, 6.0846 us/op
WorkloadActual   7: 162545 op, 993765242.00 ns, 6.1138 us/op
WorkloadActual   8: 162545 op, 1008313070.00 ns, 6.2033 us/op
WorkloadActual   9: 162545 op, 1007005154.00 ns, 6.1952 us/op
WorkloadActual  10: 162545 op, 1011688489.00 ns, 6.2241 us/op
WorkloadActual  11: 162545 op, 998920657.00 ns, 6.1455 us/op
WorkloadActual  12: 162545 op, 1000965910.00 ns, 6.1581 us/op
WorkloadActual  13: 162545 op, 995644975.00 ns, 6.1253 us/op
WorkloadActual  14: 162545 op, 1057213184.00 ns, 6.5041 us/op
WorkloadActual  15: 162545 op, 999760175.00 ns, 6.1507 us/op

// AfterActualRun
WorkloadResult   1: 162545 op, 992083619.00 ns, 6.1034 us/op
WorkloadResult   2: 162545 op, 1000043076.00 ns, 6.1524 us/op
WorkloadResult   3: 162545 op, 1003687340.00 ns, 6.1748 us/op
WorkloadResult   4: 162545 op, 1029760445.00 ns, 6.3352 us/op
WorkloadResult   5: 162545 op, 1003640957.00 ns, 6.1745 us/op
WorkloadResult   6: 162545 op, 989023654.00 ns, 6.0846 us/op
WorkloadResult   7: 162545 op, 993765242.00 ns, 6.1138 us/op
WorkloadResult   8: 162545 op, 1008313070.00 ns, 6.2033 us/op
WorkloadResult   9: 162545 op, 1007005154.00 ns, 6.1952 us/op
WorkloadResult  10: 162545 op, 1011688489.00 ns, 6.2241 us/op
WorkloadResult  11: 162545 op, 998920657.00 ns, 6.1455 us/op
WorkloadResult  12: 162545 op, 1000965910.00 ns, 6.1581 us/op
WorkloadResult  13: 162545 op, 995644975.00 ns, 6.1253 us/op
WorkloadResult  14: 162545 op, 1057213184.00 ns, 6.5041 us/op
WorkloadResult  15: 162545 op, 999760175.00 ns, 6.1507 us/op

// AfterAll
// Benchmark Process 1004074 has exited with code 0.

Mean = 6.190 μs, StdErr = 0.027 μs (0.44%), N = 15, StdDev = 0.106 μs
Min = 6.085 μs, Q1 = 6.135 μs, Median = 6.158 μs, Q3 = 6.199 μs, Max = 6.504 μs
IQR = 0.064 μs, LowerFence = 6.040 μs, UpperFence = 6.295 μs
ConfidenceInterval = [6.077 μs; 6.303 μs] (CI 99.9%), Margin = 0.113 μs (1.82% of Mean)
Skewness = 1.78, Kurtosis = 5.61, MValue = 2

// ** Remained 1 (10.0 %) benchmark(s) to run. Estimated finish 2026-05-26 18:15 (0h 0m from now) **
// **************************
// Benchmark: SmokeBenchByte.Utf8Json_Ser: Energy(OutlierMode=DontRemove, Affinity=00000100, IterationTime=1s)
// *** Execute ***
// Launch: 1 / 1
// Execute: dotnet JsonBench-Energy-1.dll --anonymousPipes 127 128 --benchmarkName JsonBench.Benchmarks.SmokeBenchByte.Utf8Json_Ser --job Energy --benchmarkId 9 in /home/test/json-energy-bench/JsonBench/bin/Release/net10.0/JsonBench-Energy-1/bin/Release/net10.0
// BeforeAnythingElse

// Benchmark Process Environment Information:
// BenchmarkDotNet v0.15.5-develop (2026-05-26)
// Runtime=.NET 10.0.8 (10.0.8, 10.0.826.23019), X64 RyuJIT x86-64-v3
// GC=Concurrent Workstation
// HardwareIntrinsics=AVX2+BMI1+BMI2+F16C+FMA+LZCNT+MOVBE,AVX,SSE3+SSSE3+SSE4.1+SSE4.2+POPCNT,X86Base+SSE+SSE2,AES+PCLMUL VectorSize=256
// Job: Energy(OutlierMode=DontRemove, Affinity=100, IterationTime=1s)

OverheadJitting  1: 1 op, 234092.00 ns, 234.0920 us/op
WorkloadJitting  1: 1 op, 85488221.00 ns, 85.4882 ms/op

WorkloadPilot    1: 4 op, 169417.00 ns, 42.3543 us/op
WorkloadPilot    2: 23610 op, 810912324.00 ns, 34.3461 us/op
WorkloadPilot    3: 29115 op, 1007393833.00 ns, 34.6005 us/op
WorkloadPilot    4: 28901 op, 221674403.00 ns, 7.6701 us/op
WorkloadPilot    5: 130376 op, 880597345.00 ns, 6.7543 us/op
WorkloadPilot    6: 148054 op, 1001722189.00 ns, 6.7659 us/op
WorkloadPilot    7: 147799 op, 1001613117.00 ns, 6.7769 us/op

WorkloadWarmup   1: 147799 op, 985261988.00 ns, 6.6662 us/op
WorkloadWarmup   2: 147799 op, 982805331.00 ns, 6.6496 us/op
WorkloadWarmup   3: 147799 op, 988688901.00 ns, 6.6894 us/op
WorkloadWarmup   4: 147799 op, 990699888.00 ns, 6.7030 us/op
WorkloadWarmup   5: 147799 op, 979561414.00 ns, 6.6277 us/op
WorkloadWarmup   6: 147799 op, 983047371.00 ns, 6.6512 us/op
WorkloadWarmup   7: 147799 op, 996769243.00 ns, 6.7441 us/op
WorkloadWarmup   8: 147799 op, 979141624.00 ns, 6.6248 us/op

// BeforeActualRun
WorkloadActual   1: 147799 op, 980090748.00 ns, 6.6312 us/op
WorkloadActual   2: 147799 op, 985904178.00 ns, 6.6706 us/op
WorkloadActual   3: 147799 op, 987152368.00 ns, 6.6790 us/op
WorkloadActual   4: 147799 op, 1039824849.00 ns, 7.0354 us/op
WorkloadActual   5: 147799 op, 988614689.00 ns, 6.6889 us/op
WorkloadActual   6: 147799 op, 979899507.00 ns, 6.6299 us/op
WorkloadActual   7: 147799 op, 982437401.00 ns, 6.6471 us/op
WorkloadActual   8: 147799 op, 980508573.00 ns, 6.6341 us/op
WorkloadActual   9: 147799 op, 998055988.00 ns, 6.7528 us/op
WorkloadActual  10: 147799 op, 983440133.00 ns, 6.6539 us/op
WorkloadActual  11: 147799 op, 997275638.00 ns, 6.7475 us/op
WorkloadActual  12: 147799 op, 981262199.00 ns, 6.6392 us/op
WorkloadActual  13: 147799 op, 978391051.00 ns, 6.6197 us/op
WorkloadActual  14: 147799 op, 989348724.00 ns, 6.6939 us/op
WorkloadActual  15: 147799 op, 995081616.00 ns, 6.7327 us/op

// AfterActualRun
WorkloadResult   1: 147799 op, 980090748.00 ns, 6.6312 us/op
WorkloadResult   2: 147799 op, 985904178.00 ns, 6.6706 us/op
WorkloadResult   3: 147799 op, 987152368.00 ns, 6.6790 us/op
WorkloadResult   4: 147799 op, 1039824849.00 ns, 7.0354 us/op
WorkloadResult   5: 147799 op, 988614689.00 ns, 6.6889 us/op
WorkloadResult   6: 147799 op, 979899507.00 ns, 6.6299 us/op
WorkloadResult   7: 147799 op, 982437401.00 ns, 6.6471 us/op
WorkloadResult   8: 147799 op, 980508573.00 ns, 6.6341 us/op
WorkloadResult   9: 147799 op, 998055988.00 ns, 6.7528 us/op
WorkloadResult  10: 147799 op, 983440133.00 ns, 6.6539 us/op
WorkloadResult  11: 147799 op, 997275638.00 ns, 6.7475 us/op
WorkloadResult  12: 147799 op, 981262199.00 ns, 6.6392 us/op
WorkloadResult  13: 147799 op, 978391051.00 ns, 6.6197 us/op
WorkloadResult  14: 147799 op, 989348724.00 ns, 6.6939 us/op
WorkloadResult  15: 147799 op, 995081616.00 ns, 6.7327 us/op

// AfterAll
// Benchmark Process 1004457 has exited with code 0.

Mean = 6.697 μs, StdErr = 0.027 μs (0.40%), N = 15, StdDev = 0.103 μs
Min = 6.620 μs, Q1 = 6.637 μs, Median = 6.671 μs, Q3 = 6.713 μs, Max = 7.035 μs
IQR = 0.077 μs, LowerFence = 6.522 μs, UpperFence = 6.828 μs
ConfidenceInterval = [6.587 μs; 6.807 μs] (CI 99.9%), Margin = 0.110 μs (1.65% of Mean)
Skewness = 2.27, Kurtosis = 7.79, MValue = 2

// ** Remained 0 (0.0 %) benchmark(s) to run. Estimated finish 2026-05-26 18:15 (0h 0m from now) **
// ***** BenchmarkRunner: Finish  *****

// * Export *
  BenchmarkArtifacts/results/JsonBench.Benchmarks.SmokeBenchByte-report.csv
  BenchmarkArtifacts/results/JsonBench.Benchmarks.SmokeBenchByte-report-github.md
  BenchmarkArtifacts/results/JsonBench.Benchmarks.SmokeBenchByte-report.html
  BenchmarkArtifacts/results/JsonBench.Benchmarks.SmokeBenchByte-measurements.csv

// * Detailed results *
SmokeBenchByte.SpanJson_Deser: Energy(OutlierMode=DontRemove, Affinity=00000100, IterationTime=1s)
Runtime = .NET 10.0.8 (10.0.8, 10.0.826.23019), X64 RyuJIT x86-64-v3; GC = Concurrent Workstation
Mean = 7.358 μs, StdErr = 0.021 μs (0.28%), N = 15, StdDev = 0.080 μs
Min = 7.274 μs, Q1 = 7.301 μs, Median = 7.336 μs, Q3 = 7.415 μs, Max = 7.524 μs
IQR = 0.114 μs, LowerFence = 7.131 μs, UpperFence = 7.585 μs
ConfidenceInterval = [7.273 μs; 7.444 μs] (CI 99.9%), Margin = 0.086 μs (1.16% of Mean)
Skewness = 0.7, Kurtosis = 2.04, MValue = 2
-------------------- Histogram --------------------
[7.231 μs ; 7.383 μs) | @@@@@@@@@@
[7.383 μs ; 7.567 μs) | @@@@@
---------------------------------------------------

SmokeBenchByte.STJRefGen_Deser: Energy(OutlierMode=DontRemove, Affinity=00000100, IterationTime=1s)
Runtime = .NET 10.0.8 (10.0.8, 10.0.826.23019), X64 RyuJIT x86-64-v3; GC = Concurrent Workstation
Mean = 9.953 μs, StdErr = 0.031 μs (0.32%), N = 15, StdDev = 0.122 μs
Min = 9.860 μs, Q1 = 9.876 μs, Median = 9.896 μs, Q3 = 10.005 μs, Max = 10.273 μs
IQR = 0.129 μs, LowerFence = 9.682 μs, UpperFence = 10.199 μs
ConfidenceInterval = [9.823 μs; 10.083 μs] (CI 99.9%), Margin = 0.130 μs (1.31% of Mean)
Skewness = 1.33, Kurtosis = 3.56, MValue = 2
-------------------- Histogram --------------------
[9.795 μs ;  9.999 μs) | @@@@@@@@@@@
[9.999 μs ; 10.337 μs) | @@@@
---------------------------------------------------

SmokeBenchByte.STJSrcGen_Deser: Energy(OutlierMode=DontRemove, Affinity=00000100, IterationTime=1s)
Runtime = .NET 10.0.8 (10.0.8, 10.0.826.23019), X64 RyuJIT x86-64-v3; GC = Concurrent Workstation
Mean = 10.000 μs, StdErr = 0.025 μs (0.25%), N = 15, StdDev = 0.096 μs
Min = 9.910 μs, Q1 = 9.927 μs, Median = 9.966 μs, Q3 = 10.050 μs, Max = 10.251 μs
IQR = 0.123 μs, LowerFence = 9.743 μs, UpperFence = 10.235 μs
ConfidenceInterval = [9.898 μs; 10.103 μs] (CI 99.9%), Margin = 0.103 μs (1.03% of Mean)
Skewness = 1.12, Kurtosis = 3.43, MValue = 2
-------------------- Histogram --------------------
[9.859 μs ; 10.302 μs) | @@@@@@@@@@@@@@@
---------------------------------------------------

SmokeBenchByte.Utf8Json_Deser: Energy(OutlierMode=DontRemove, Affinity=00000100, IterationTime=1s)
Runtime = .NET 10.0.8 (10.0.8, 10.0.826.23019), X64 RyuJIT x86-64-v3; GC = Concurrent Workstation
Mean = 12.368 μs, StdErr = 0.060 μs (0.49%), N = 17, StdDev = 0.248 μs
Min = 12.215 μs, Q1 = 12.252 μs, Median = 12.282 μs, Q3 = 12.326 μs, Max = 13.218 μs
IQR = 0.074 μs, LowerFence = 12.141 μs, UpperFence = 12.437 μs
ConfidenceInterval = [12.126 μs; 12.609 μs] (CI 99.9%), Margin = 0.241 μs (1.95% of Mean)
Skewness = 2.44, Kurtosis = 8.36, MValue = 2
-------------------- Histogram --------------------
[12.201 μs ; 12.561 μs) | @@@@@@@@@@@@@@@
[12.561 μs ; 13.345 μs) | @@
---------------------------------------------------

SmokeBenchByte.Newtonsoft_Deser: Energy(OutlierMode=DontRemove, Affinity=00000100, IterationTime=1s)
Runtime = .NET 10.0.8 (10.0.8, 10.0.826.23019), X64 RyuJIT x86-64-v3; GC = Concurrent Workstation
Mean = 18.560 μs, StdErr = 0.057 μs (0.31%), N = 15, StdDev = 0.221 μs
Min = 18.391 μs, Q1 = 18.408 μs, Median = 18.443 μs, Q3 = 18.656 μs, Max = 18.982 μs
IQR = 0.248 μs, LowerFence = 18.036 μs, UpperFence = 19.028 μs
ConfidenceInterval = [18.324 μs; 18.796 μs] (CI 99.9%), Margin = 0.236 μs (1.27% of Mean)
Skewness = 0.97, Kurtosis = 2.13, MValue = 2
-------------------- Histogram --------------------
[18.273 μs ; 18.655 μs) | @@@@@@@@@@@
[18.655 μs ; 19.061 μs) | @@@@
---------------------------------------------------

SmokeBenchByte.STJSrcGen_Ser: Energy(OutlierMode=DontRemove, Affinity=00000100, IterationTime=1s)
Runtime = .NET 10.0.8 (10.0.8, 10.0.826.23019), X64 RyuJIT x86-64-v3; GC = Concurrent Workstation
Mean = 3.742 μs, StdErr = 0.015 μs (0.40%), N = 15, StdDev = 0.057 μs
Min = 3.709 μs, Q1 = 3.716 μs, Median = 3.718 μs, Q3 = 3.734 μs, Max = 3.930 μs
IQR = 0.017 μs, LowerFence = 3.691 μs, UpperFence = 3.759 μs
ConfidenceInterval = [3.681 μs; 3.803 μs] (CI 99.9%), Margin = 0.061 μs (1.64% of Mean)
Skewness = 2.35, Kurtosis = 7.82, MValue = 2
-------------------- Histogram --------------------
[3.688 μs ; 3.823 μs) | @@@@@@@@@@@@@@
[3.823 μs ; 3.961 μs) | @
---------------------------------------------------

SmokeBenchByte.STJRefGen_Ser: Energy(OutlierMode=DontRemove, Affinity=00000100, IterationTime=1s)
Runtime = .NET 10.0.8 (10.0.8, 10.0.826.23019), X64 RyuJIT x86-64-v3; GC = Concurrent Workstation
Mean = 4.573 μs, StdErr = 0.019 μs (0.41%), N = 15, StdDev = 0.072 μs
Min = 4.533 μs, Q1 = 4.540 μs, Median = 4.543 μs, Q3 = 4.566 μs, Max = 4.812 μs
IQR = 0.026 μs, LowerFence = 4.501 μs, UpperFence = 4.606 μs
ConfidenceInterval = [4.496 μs; 4.650 μs] (CI 99.9%), Margin = 0.077 μs (1.69% of Mean)
Skewness = 2.4, Kurtosis = 8.07, MValue = 2
-------------------- Histogram --------------------
[4.512 μs ; 4.668 μs) | @@@@@@@@@@@@@@
[4.668 μs ; 4.851 μs) | @
---------------------------------------------------

SmokeBenchByte.SpanJson_Ser: Energy(OutlierMode=DontRemove, Affinity=00000100, IterationTime=1s)
Runtime = .NET 10.0.8 (10.0.8, 10.0.826.23019), X64 RyuJIT x86-64-v3; GC = Concurrent Workstation
Mean = 6.190 μs, StdErr = 0.027 μs (0.44%), N = 15, StdDev = 0.106 μs
Min = 6.085 μs, Q1 = 6.135 μs, Median = 6.158 μs, Q3 = 6.199 μs, Max = 6.504 μs
IQR = 0.064 μs, LowerFence = 6.040 μs, UpperFence = 6.295 μs
ConfidenceInterval = [6.077 μs; 6.303 μs] (CI 99.9%), Margin = 0.113 μs (1.82% of Mean)
Skewness = 1.78, Kurtosis = 5.61, MValue = 2
-------------------- Histogram --------------------
[6.028 μs ; 6.215 μs) | @@@@@@@@@@@@
[6.215 μs ; 6.342 μs) | @@
[6.342 μs ; 6.560 μs) | @
---------------------------------------------------

SmokeBenchByte.Utf8Json_Ser: Energy(OutlierMode=DontRemove, Affinity=00000100, IterationTime=1s)
Runtime = .NET 10.0.8 (10.0.8, 10.0.826.23019), X64 RyuJIT x86-64-v3; GC = Concurrent Workstation
Mean = 6.697 μs, StdErr = 0.027 μs (0.40%), N = 15, StdDev = 0.103 μs
Min = 6.620 μs, Q1 = 6.637 μs, Median = 6.671 μs, Q3 = 6.713 μs, Max = 7.035 μs
IQR = 0.077 μs, LowerFence = 6.522 μs, UpperFence = 6.828 μs
ConfidenceInterval = [6.587 μs; 6.807 μs] (CI 99.9%), Margin = 0.110 μs (1.65% of Mean)
Skewness = 2.27, Kurtosis = 7.79, MValue = 2
-------------------- Histogram --------------------
[6.590 μs ; 6.810 μs) | @@@@@@@@@@@@@@
[6.810 μs ; 7.090 μs) | @
---------------------------------------------------

SmokeBenchByte.Newtonsoft_Ser: Energy(OutlierMode=DontRemove, Affinity=00000100, IterationTime=1s)
Runtime = .NET 10.0.8 (10.0.8, 10.0.826.23019), X64 RyuJIT x86-64-v3; GC = Concurrent Workstation
Mean = 12.020 μs, StdErr = 0.042 μs (0.35%), N = 15, StdDev = 0.162 μs
Min = 11.915 μs, Q1 = 11.916 μs, Median = 11.924 μs, Q3 = 12.108 μs, Max = 12.385 μs
IQR = 0.191 μs, LowerFence = 11.629 μs, UpperFence = 12.395 μs
ConfidenceInterval = [11.847 μs; 12.193 μs] (CI 99.9%), Margin = 0.173 μs (1.44% of Mean)
Skewness = 1.06, Kurtosis = 2.42, MValue = 2
-------------------- Histogram --------------------
[11.829 μs ; 12.082 μs) | @@@@@@@@@@@
[12.082 μs ; 12.471 μs) | @@@@
---------------------------------------------------

// * Summary *

BenchmarkDotNet v0.15.5-develop (2026-05-26), Linux Ubuntu 24.04.4 LTS (Noble Numbat)
Intel Core i9-9900K CPU 3.60GHz (Coffee Lake), 1 CPU, 8 logical and 8 physical cores
.NET SDK 10.0.108
  [Host] : .NET 10.0.8 (10.0.8, 10.0.826.23019), X64 RyuJIT x86-64-v3
  Energy : .NET 10.0.8 (10.0.8, 10.0.826.23019), X64 RyuJIT x86-64-v3

Job=Energy  OutlierMode=DontRemove  Affinity=00000100  
IterationTime=1s  

| Method           | Mean      | Error     | StdDev    | Operations | Iterations | Metrion CPU Energy (uJ/op) | Metrion CPU Energy (uJ/iter) |
|----------------- |----------:|----------:|----------:|-----------:|-----------:|---------------------------:|-----------------------------:|
| SpanJson_Deser   |  7.358 μs | 0.0855 μs | 0.0800 μs |    137,465 |      15.00 |                      83.76 |                  11513584.09 |
| STJRefGen_Deser  |  9.953 μs | 0.1301 μs | 0.1217 μs |    101,536 |      15.00 |                      82.18 |                   8344519.61 |
| STJSrcGen_Deser  | 10.000 μs | 0.1028 μs | 0.0961 μs |    100,960 |      15.00 |                     129.17 |                  13040927.81 |
| Utf8Json_Deser   | 12.368 μs | 0.2414 μs | 0.2479 μs |     80,916 |      17.00 |                      87.12 |                   7049555.74 |
| Newtonsoft_Deser | 18.560 μs | 0.2360 μs | 0.2208 μs |     54,400 |      15.00 |                     241.48 |                  13136490.33 |
|                  |           |           |           |            |            |                            |                              |
| STJSrcGen_Ser    |  3.742 μs | 0.0613 μs | 0.0573 μs |    269,856 |      15.00 |                      25.73 |                   6944497.00 |
| STJRefGen_Ser    |  4.573 μs | 0.0772 μs | 0.0722 μs |    220,832 |      15.00 |                      63.10 |                  13935209.39 |
| SpanJson_Ser     |  6.190 μs | 0.1129 μs | 0.1056 μs |    162,545 |      15.00 |                      62.19 |                  10108367.75 |
| Utf8Json_Ser     |  6.697 μs | 0.1103 μs | 0.1032 μs |    147,799 |      15.00 |                      69.53 |                  10276463.76 |
| Newtonsoft_Ser   | 12.020 μs | 0.1733 μs | 0.1621 μs |     84,256 |      15.00 |                      81.74 |                   6887160.75 |

// * Hints *
Outliers
  SmokeBenchByte.STJRefGen_Deser: Energy -> 1 outlier  was  detected (10.28 μs)
  SmokeBenchByte.STJSrcGen_Deser: Energy -> 1 outlier  was  detected (10.26 μs)
  SmokeBenchByte.Utf8Json_Deser: Energy  -> 3 outliers were detected (12.44 μs..13.22 μs)
  SmokeBenchByte.STJSrcGen_Ser: Energy   -> 3 outliers were detected (3.79 μs..3.93 μs)
  SmokeBenchByte.STJRefGen_Ser: Energy   -> 3 outliers were detected (4.62 μs..4.82 μs)
  SmokeBenchByte.SpanJson_Ser: Energy    -> 2 outliers were detected (6.34 μs, 6.50 μs)
  SmokeBenchByte.Utf8Json_Ser: Energy    -> 1 outlier  was  detected (7.04 μs)

// * Legends *
  Mean                         : Arithmetic mean of all measurements
  Error                        : Half of 99.9% confidence interval
  StdDev                       : Standard deviation of all measurements
  Operations                   : Actual invocations per measured iteration (from measurements)
  Iterations                   : Number of target iterations
  Metrion CPU Energy (uJ/op)   : Average CPU core energy consumed per benchmark operation (uJ), captured with Metrion.
  Metrion CPU Energy (uJ/iter) : Average CPU core energy consumed per benchmark iteration (uJ), captured with Metrion.
  1 μs                         : 1 Microsecond (0.000001 sec)

// * Diagnostic Output - MetrionEnergyProfiler *
Metrion measured the energy for a total of 10 benchmarks.
The measurements details of Actual Stage for each benchmark:
BenchmarkMethod - StartTimestamp - EndTimestamp - TotalEnergyFromSummary - TotalEnergyFromRawMeasurements
STJRefGen_Deser: 2026-05-26T18:07:50.891736 - 2026-05-26T18:08:06.077734 - 125.93638908957759 - 125.167794086444
STJSrcGen_Deser: 2026-05-26T18:08:35.308478 - 2026-05-26T18:08:50.491931 - 189.19152627461906 - 195.61391716229116
Newtonsoft_Deser: 2026-05-26T18:09:20.227795 - 2026-05-26T18:09:35.405157 - 189.10156800024683 - 197.04735489669216
SpanJson_Deser: 2026-05-26T18:10:05.841979 - 2026-05-26T18:10:21.052018 - 178.68800242425587 - 172.703761315145
Utf8Json_Deser: 2026-05-26T18:10:55.785608 - 2026-05-26T18:11:12.835425 - 113.99556129161192 - 119.84244763642965
STJRefGen_Ser: 2026-05-26T18:11:46.275980 - 2026-05-26T18:12:01.457707 - 201.8975349967767 - 209.028140801718
STJSrcGen_Ser: 2026-05-26T18:12:30.863525 - 2026-05-26T18:12:46.051895 - 109.16224271458631 - 104.1674549842146
Newtonsoft_Ser: 2026-05-26T18:13:17.701545 - 2026-05-26T18:13:32.921005 - 96.37945091001079 - 103.30741130682424
SpanJson_Ser: 2026-05-26T18:14:05.143649 - 2026-05-26T18:14:20.266990 - 148.54983523637767 - 151.62551626589604
Utf8Json_Ser: 2026-05-26T18:14:45.207579 - 2026-05-26T18:15:00.083711 - 153.07815174562728 - 154.14695647378554


// ***** BenchmarkRunner: End *****
Run time: 00:07:36 (456.09 sec), executed benchmarks: 10

Global total time: 00:07:43 (463.28 sec), executed benchmarks: 10
// * Artifacts cleanup *
Artifacts cleanup is finished
