// Validating benchmarks:
// ***** BenchmarkRunner: Start   *****
// ***** Found 10 benchmark(s) in total *****
// ***** Building 1 exe(s) in Parallel: Start   *****
// start dotnet  restore --nodeReuse:false /p:UseSharedCompilation=false /p:Deterministic=true /p:Optimize=true /p:ArtifactsPath="/home/test/json-energy-bench/JsonBench/bin/Release/net10.0/JsonBench-Energy-1/" /p:OutDir="/home/test/json-energy-bench/JsonBench/bin/Release/net10.0/JsonBench-Energy-1/bin/Release/net10.0/" /p:OutputPath="/home/test/json-energy-bench/JsonBench/bin/Release/net10.0/JsonBench-Energy-1/bin/Release/net10.0/" /p:PublishDir="/home/test/json-energy-bench/JsonBench/bin/Release/net10.0/JsonBench-Energy-1/publish/" in /home/test/json-energy-bench/JsonBench/bin/Release/net10.0/JsonBench-Energy-1
// command took 1.63 sec and exited with 0
// start dotnet  build -c Release --no-restore --nodeReuse:false /p:UseSharedCompilation=false /p:Deterministic=true /p:Optimize=true /p:ArtifactsPath="/home/test/json-energy-bench/JsonBench/bin/Release/net10.0/JsonBench-Energy-1/" /p:OutDir="/home/test/json-energy-bench/JsonBench/bin/Release/net10.0/JsonBench-Energy-1/bin/Release/net10.0/" /p:OutputPath="/home/test/json-energy-bench/JsonBench/bin/Release/net10.0/JsonBench-Energy-1/bin/Release/net10.0/" /p:PublishDir="/home/test/json-energy-bench/JsonBench/bin/Release/net10.0/JsonBench-Energy-1/publish/" --output "/home/test/json-energy-bench/JsonBench/bin/Release/net10.0/JsonBench-Energy-1/bin/Release/net10.0/" in /home/test/json-energy-bench/JsonBench/bin/Release/net10.0/JsonBench-Energy-1
// command took 5.35 sec and exited with 0
// ***** Done, took 00:00:07 (7.05 sec)   *****
// Found 10 benchmarks:
//   SmokeBenchByte.STJRefGen_Deser: Energy(OutlierMode=DontRemove, Affinity=00000100, IterationTime=1s)
//   SmokeBenchByte.STJSrcGen_Deser: Energy(OutlierMode=DontRemove, Affinity=00000100, IterationTime=1s)
//   SmokeBenchByte.Newtonsoft_Deser: Energy(OutlierMode=DontRemove, Affinity=00000100, IterationTime=1s)
//   SmokeBenchByte.SpanJson_Deser: Energy(OutlierMode=DontRemove, Affinity=00000100, IterationTime=1s)
//   SmokeBenchByte.Utf8Json_Deser: Energy(OutlierMode=DontRemove, Affinity=00000100, IterationTime=1s)
//   SmokeBenchByte.STJRefGen_Ser: Energy(OutlierMode=DontRemove, Affinity=00000100, IterationTime=1s)
//   SmokeBenchByte.STJSrcGen_Ser: Energy(OutlierMode=DontRemove, Affinity=00000100, IterationTime=1s)
//   SmokeBenchByte.Newtonsoft_Ser: Energy(OutlierMode=DontRemove, Affinity=00000100, IterationTime=1s)
//   SmokeBenchByte.SpanJson_Ser: Energy(OutlierMode=DontRemove, Affinity=00000100, IterationTime=1s)
//   SmokeBenchByte.Utf8Json_Ser: Energy(OutlierMode=DontRemove, Affinity=00000100, IterationTime=1s)

// **************************
// Benchmark: SmokeBenchByte.STJRefGen_Deser: Energy(OutlierMode=DontRemove, Affinity=00000100, IterationTime=1s)
// *** Execute ***
// Launch: 1 / 1
// Execute: dotnet JsonBench-Energy-1.dll --anonymousPipes 158 159 --benchmarkName JsonBench.Benchmarks.SmokeBenchByte.STJRefGen_Deser --job Energy --benchmarkId 0 in /home/test/json-energy-bench/JsonBench/bin/Release/net10.0/JsonBench-Energy-1/bin/Release/net10.0
// BeforeAnythingElse

// Benchmark Process Environment Information:
// BenchmarkDotNet v0.15.5-develop (2026-05-17)
// Runtime=.NET 10.0.7 (10.0.7, 10.0.726.21808), X64 RyuJIT x86-64-v3
// GC=Concurrent Workstation
// HardwareIntrinsics=AVX2+BMI1+BMI2+F16C+FMA+LZCNT+MOVBE,AVX,SSE3+SSSE3+SSE4.1+SSE4.2+POPCNT,X86Base+SSE+SSE2,AES+PCLMUL VectorSize=256
// Job: Energy(OutlierMode=DontRemove, Affinity=100, IterationTime=1s)

OverheadJitting  1: 1 op, 239518.00 ns, 239.5180 us/op
WorkloadJitting  1: 1 op, 338509.00 ns, 338.5090 us/op

OverheadJitting  2: 16 op, 653801.00 ns, 40.8626 us/op
WorkloadJitting  2: 16 op, 1107473.00 ns, 69.2171 us/op

WorkloadPilot    1: 16 op, 382925.00 ns, 23.9328 us/op
WorkloadPilot    2: 41792 op, 954773895.00 ns, 22.8459 us/op
WorkloadPilot    3: 43776 op, 1061788683.00 ns, 24.2550 us/op
WorkloadPilot    4: 41232 op, 1125600795.00 ns, 27.2992 us/op
WorkloadPilot    5: 36640 op, 994766348.00 ns, 27.1497 us/op
WorkloadPilot    6: 36848 op, 386885397.00 ns, 10.4995 us/op
WorkloadPilot    7: 95248 op, 992988011.00 ns, 10.4253 us/op
WorkloadPilot    8: 95936 op, 993261306.00 ns, 10.3534 us/op
WorkloadPilot    9: 96592 op, 977853904.00 ns, 10.1235 us/op
WorkloadPilot   10: 98784 op, 998973387.00 ns, 10.1127 us/op
WorkloadPilot   11: 98896 op, 1004379556.00 ns, 10.1559 us/op

OverheadWarmup   1: 98896 op, 442032.00 ns, 4.4697 ns/op
OverheadWarmup   2: 98896 op, 441250.00 ns, 4.4618 ns/op
OverheadWarmup   3: 98896 op, 443569.00 ns, 4.4852 ns/op
OverheadWarmup   4: 98896 op, 441912.00 ns, 4.4685 ns/op
OverheadWarmup   5: 98896 op, 442614.00 ns, 4.4756 ns/op
OverheadWarmup   6: 98896 op, 437028.00 ns, 4.4191 ns/op

OverheadActual   1: 98896 op, 441652.00 ns, 4.4658 ns/op
OverheadActual   2: 98896 op, 443985.00 ns, 4.4894 ns/op
OverheadActual   3: 98896 op, 445837.00 ns, 4.5081 ns/op
OverheadActual   4: 98896 op, 441432.00 ns, 4.4636 ns/op
OverheadActual   5: 98896 op, 441068.00 ns, 4.4599 ns/op
OverheadActual   6: 98896 op, 443908.00 ns, 4.4886 ns/op
OverheadActual   7: 98896 op, 441432.00 ns, 4.4636 ns/op
OverheadActual   8: 98896 op, 445707.00 ns, 4.5068 ns/op
OverheadActual   9: 98896 op, 444227.00 ns, 4.4919 ns/op
OverheadActual  10: 98896 op, 441471.00 ns, 4.4640 ns/op
OverheadActual  11: 98896 op, 444678.00 ns, 4.4964 ns/op
OverheadActual  12: 98896 op, 441997.00 ns, 4.4693 ns/op
OverheadActual  13: 98896 op, 441769.00 ns, 4.4670 ns/op
OverheadActual  14: 98896 op, 447301.00 ns, 4.5229 ns/op
OverheadActual  15: 98896 op, 441804.00 ns, 4.4674 ns/op

WorkloadWarmup   1: 98896 op, 1004837894.00 ns, 10.1606 us/op
WorkloadWarmup   2: 98896 op, 1080796547.00 ns, 10.9286 us/op
WorkloadWarmup   3: 98896 op, 1018136368.00 ns, 10.2950 us/op
WorkloadWarmup   4: 98896 op, 999559625.00 ns, 10.1072 us/op
WorkloadWarmup   5: 98896 op, 1000066405.00 ns, 10.1123 us/op
WorkloadWarmup   6: 98896 op, 1000042386.00 ns, 10.1121 us/op

// BeforeActualRun
WorkloadActual   1: 98896 op, 1020294292.00 ns, 10.3168 us/op
WorkloadActual   2: 98896 op, 1003768322.00 ns, 10.1497 us/op
WorkloadActual   3: 98896 op, 1003540197.00 ns, 10.1474 us/op
WorkloadActual   4: 98896 op, 1003463576.00 ns, 10.1467 us/op
WorkloadActual   5: 98896 op, 1003422821.00 ns, 10.1462 us/op
WorkloadActual   6: 98896 op, 1004923378.00 ns, 10.1614 us/op
WorkloadActual   7: 98896 op, 1016220278.00 ns, 10.2756 us/op
WorkloadActual   8: 98896 op, 999690640.00 ns, 10.1085 us/op
WorkloadActual   9: 98896 op, 999999189.00 ns, 10.1116 us/op
WorkloadActual  10: 98896 op, 999684711.00 ns, 10.1084 us/op
WorkloadActual  11: 98896 op, 1031966855.00 ns, 10.4349 us/op
WorkloadActual  12: 98896 op, 1016966799.00 ns, 10.2832 us/op
WorkloadActual  13: 98896 op, 999945667.00 ns, 10.1111 us/op
WorkloadActual  14: 98896 op, 999826622.00 ns, 10.1099 us/op
WorkloadActual  15: 98896 op, 1000013061.00 ns, 10.1118 us/op

// AfterActualRun
WorkloadResult   1: 98896 op, 1019852295.00 ns, 10.3124 us/op
WorkloadResult   2: 98896 op, 1003326325.00 ns, 10.1453 us/op
WorkloadResult   3: 98896 op, 1003098200.00 ns, 10.1430 us/op
WorkloadResult   4: 98896 op, 1003021579.00 ns, 10.1422 us/op
WorkloadResult   5: 98896 op, 1002980824.00 ns, 10.1418 us/op
WorkloadResult   6: 98896 op, 1004481381.00 ns, 10.1569 us/op
WorkloadResult   7: 98896 op, 1015778281.00 ns, 10.2712 us/op
WorkloadResult   8: 98896 op, 999248643.00 ns, 10.1040 us/op
WorkloadResult   9: 98896 op, 999557192.00 ns, 10.1072 us/op
WorkloadResult  10: 98896 op, 999242714.00 ns, 10.1040 us/op
WorkloadResult  11: 98896 op, 1031524858.00 ns, 10.4304 us/op
WorkloadResult  12: 98896 op, 1016524802.00 ns, 10.2787 us/op
WorkloadResult  13: 98896 op, 999503670.00 ns, 10.1066 us/op
WorkloadResult  14: 98896 op, 999384625.00 ns, 10.1054 us/op
WorkloadResult  15: 98896 op, 999571064.00 ns, 10.1073 us/op

// AfterAll
// Benchmark Process 986487 has exited with code 0.

Mean = 10.177 μs, StdErr = 0.026 μs (0.25%), N = 15, StdDev = 0.099 μs
Min = 10.104 μs, Q1 = 10.107 μs, Median = 10.142 μs, Q3 = 10.214 μs, Max = 10.430 μs
IQR = 0.107 μs, LowerFence = 9.946 μs, UpperFence = 10.375 μs
ConfidenceInterval = [10.071 μs; 10.283 μs] (CI 99.9%), Margin = 0.106 μs (1.04% of Mean)
Skewness = 1.25, Kurtosis = 3.33, MValue = 2

// ** Remained 9 (90.0 %) benchmark(s) to run. Estimated finish 2026-05-17 13:53 (0h 6m from now) **
// **************************
// Benchmark: SmokeBenchByte.STJSrcGen_Deser: Energy(OutlierMode=DontRemove, Affinity=00000100, IterationTime=1s)
// *** Execute ***
// Launch: 1 / 1
// Execute: dotnet JsonBench-Energy-1.dll --anonymousPipes 160 161 --benchmarkName JsonBench.Benchmarks.SmokeBenchByte.STJSrcGen_Deser --job Energy --benchmarkId 1 in /home/test/json-energy-bench/JsonBench/bin/Release/net10.0/JsonBench-Energy-1/bin/Release/net10.0
// BeforeAnythingElse

// Benchmark Process Environment Information:
// BenchmarkDotNet v0.15.5-develop (2026-05-17)
// Runtime=.NET 10.0.7 (10.0.7, 10.0.726.21808), X64 RyuJIT x86-64-v3
// GC=Concurrent Workstation
// HardwareIntrinsics=AVX2+BMI1+BMI2+F16C+FMA+LZCNT+MOVBE,AVX,SSE3+SSSE3+SSE4.1+SSE4.2+POPCNT,X86Base+SSE+SSE2,AES+PCLMUL VectorSize=256
// Job: Energy(OutlierMode=DontRemove, Affinity=100, IterationTime=1s)

OverheadJitting  1: 1 op, 237085.00 ns, 237.0850 us/op
WorkloadJitting  1: 1 op, 11318741.00 ns, 11.3187 ms/op

OverheadJitting  2: 16 op, 645257.00 ns, 40.3286 us/op
WorkloadJitting  2: 16 op, 1086906.00 ns, 67.9316 us/op

WorkloadPilot    1: 16 op, 445385.00 ns, 27.8366 us/op
WorkloadPilot    2: 35936 op, 811631073.00 ns, 22.5855 us/op
WorkloadPilot    3: 44288 op, 1007759680.00 ns, 22.7547 us/op
WorkloadPilot    4: 43952 op, 1456992380.00 ns, 33.1496 us/op
WorkloadPilot    5: 30176 op, 877395035.00 ns, 29.0759 us/op
WorkloadPilot    6: 34400 op, 354394891.00 ns, 10.3022 us/op
WorkloadPilot    7: 97072 op, 990132825.00 ns, 10.2000 us/op
WorkloadPilot    8: 98048 op, 994567243.00 ns, 10.1437 us/op
WorkloadPilot    9: 98592 op, 977597117.00 ns, 9.9156 us/op
WorkloadPilot   10: 100864 op, 999755384.00 ns, 9.9119 us/op
WorkloadPilot   11: 100896 op, 1000195532.00 ns, 9.9131 us/op

OverheadWarmup   1: 100896 op, 415073.00 ns, 4.1139 ns/op
OverheadWarmup   2: 100896 op, 419253.00 ns, 4.1553 ns/op
OverheadWarmup   3: 100896 op, 411402.00 ns, 4.0775 ns/op
OverheadWarmup   4: 100896 op, 414249.00 ns, 4.1057 ns/op
OverheadWarmup   5: 100896 op, 420265.00 ns, 4.1653 ns/op
OverheadWarmup   6: 100896 op, 412725.00 ns, 4.0906 ns/op

OverheadActual   1: 100896 op, 413473.00 ns, 4.0980 ns/op
OverheadActual   2: 100896 op, 417206.00 ns, 4.1350 ns/op
OverheadActual   3: 100896 op, 418454.00 ns, 4.1474 ns/op
OverheadActual   4: 100896 op, 417181.00 ns, 4.1348 ns/op
OverheadActual   5: 100896 op, 416238.00 ns, 4.1254 ns/op
OverheadActual   6: 100896 op, 421193.00 ns, 4.1745 ns/op
OverheadActual   7: 100896 op, 414084.00 ns, 4.1041 ns/op
OverheadActual   8: 100896 op, 418425.00 ns, 4.1471 ns/op
OverheadActual   9: 100896 op, 413158.00 ns, 4.0949 ns/op
OverheadActual  10: 100896 op, 419775.00 ns, 4.1605 ns/op
OverheadActual  11: 100896 op, 412814.00 ns, 4.0915 ns/op
OverheadActual  12: 100896 op, 411158.00 ns, 4.0751 ns/op
OverheadActual  13: 100896 op, 417438.00 ns, 4.1373 ns/op
OverheadActual  14: 100896 op, 413304.00 ns, 4.0963 ns/op
OverheadActual  15: 100896 op, 418071.00 ns, 4.1436 ns/op

WorkloadWarmup   1: 100896 op, 1004234587.00 ns, 9.9532 us/op
WorkloadWarmup   2: 100896 op, 1080716943.00 ns, 10.7112 us/op
WorkloadWarmup   3: 100896 op, 1015439876.00 ns, 10.0642 us/op
WorkloadWarmup   4: 100896 op, 1000624717.00 ns, 9.9174 us/op
WorkloadWarmup   5: 100896 op, 999483988.00 ns, 9.9061 us/op
WorkloadWarmup   6: 100896 op, 999867714.00 ns, 9.9099 us/op
WorkloadWarmup   7: 100896 op, 1013695204.00 ns, 10.0469 us/op
WorkloadWarmup   8: 100896 op, 1001978955.00 ns, 9.9308 us/op

// BeforeActualRun
WorkloadActual   1: 100896 op, 1001661578.00 ns, 9.9277 us/op
WorkloadActual   2: 100896 op, 1002647737.00 ns, 9.9374 us/op
WorkloadActual   3: 100896 op, 1002954080.00 ns, 9.9405 us/op
WorkloadActual   4: 100896 op, 1006538814.00 ns, 9.9760 us/op
WorkloadActual   5: 100896 op, 1019188488.00 ns, 10.1014 us/op
WorkloadActual   6: 100896 op, 1002646597.00 ns, 9.9374 us/op
WorkloadActual   7: 100896 op, 1003163810.00 ns, 9.9426 us/op
WorkloadActual   8: 100896 op, 1002493722.00 ns, 9.9359 us/op
WorkloadActual   9: 100896 op, 1042741364.00 ns, 10.3348 us/op
WorkloadActual  10: 100896 op, 1019146166.00 ns, 10.1010 us/op
WorkloadActual  11: 100896 op, 1002989593.00 ns, 9.9408 us/op
WorkloadActual  12: 100896 op, 1003039505.00 ns, 9.9413 us/op
WorkloadActual  13: 100896 op, 1002900172.00 ns, 9.9399 us/op
WorkloadActual  14: 100896 op, 1009444991.00 ns, 10.0048 us/op
WorkloadActual  15: 100896 op, 1020311516.00 ns, 10.1125 us/op

// AfterActualRun
WorkloadResult   1: 100896 op, 1001244397.00 ns, 9.9235 us/op
WorkloadResult   2: 100896 op, 1002230556.00 ns, 9.9333 us/op
WorkloadResult   3: 100896 op, 1002536899.00 ns, 9.9363 us/op
WorkloadResult   4: 100896 op, 1006121633.00 ns, 9.9719 us/op
WorkloadResult   5: 100896 op, 1018771307.00 ns, 10.0972 us/op
WorkloadResult   6: 100896 op, 1002229416.00 ns, 9.9333 us/op
WorkloadResult   7: 100896 op, 1002746629.00 ns, 9.9384 us/op
WorkloadResult   8: 100896 op, 1002076541.00 ns, 9.9318 us/op
WorkloadResult   9: 100896 op, 1042324183.00 ns, 10.3307 us/op
WorkloadResult  10: 100896 op, 1018728985.00 ns, 10.0968 us/op
WorkloadResult  11: 100896 op, 1002572412.00 ns, 9.9367 us/op
WorkloadResult  12: 100896 op, 1002622324.00 ns, 9.9372 us/op
WorkloadResult  13: 100896 op, 1002482991.00 ns, 9.9358 us/op
WorkloadResult  14: 100896 op, 1009027810.00 ns, 10.0007 us/op
WorkloadResult  15: 100896 op, 1019894335.00 ns, 10.1084 us/op

// AfterAll
// Benchmark Process 986898 has exited with code 0.

Mean = 10.001 μs, StdErr = 0.029 μs (0.29%), N = 15, StdDev = 0.113 μs
Min = 9.924 μs, Q1 = 9.935 μs, Median = 9.937 μs, Q3 = 10.049 μs, Max = 10.331 μs
IQR = 0.114 μs, LowerFence = 9.763 μs, UpperFence = 10.220 μs
ConfidenceInterval = [9.880 μs; 10.122 μs] (CI 99.9%), Margin = 0.121 μs (1.21% of Mean)
Skewness = 1.65, Kurtosis = 4.97, MValue = 2

// ** Remained 8 (80.0 %) benchmark(s) to run. Estimated finish 2026-05-17 13:53 (0h 6m from now) **
// **************************
// Benchmark: SmokeBenchByte.Newtonsoft_Deser: Energy(OutlierMode=DontRemove, Affinity=00000100, IterationTime=1s)
// *** Execute ***
// Launch: 1 / 1
// Execute: dotnet JsonBench-Energy-1.dll --anonymousPipes 160 161 --benchmarkName JsonBench.Benchmarks.SmokeBenchByte.Newtonsoft_Deser --job Energy --benchmarkId 2 in /home/test/json-energy-bench/JsonBench/bin/Release/net10.0/JsonBench-Energy-1/bin/Release/net10.0
// BeforeAnythingElse

// Benchmark Process Environment Information:
// BenchmarkDotNet v0.15.5-develop (2026-05-17)
// Runtime=.NET 10.0.7 (10.0.7, 10.0.726.21808), X64 RyuJIT x86-64-v3
// GC=Concurrent Workstation
// HardwareIntrinsics=AVX2+BMI1+BMI2+F16C+FMA+LZCNT+MOVBE,AVX,SSE3+SSSE3+SSE4.1+SSE4.2+POPCNT,X86Base+SSE+SSE2,AES+PCLMUL VectorSize=256
// Job: Energy(OutlierMode=DontRemove, Affinity=100, IterationTime=1s)

OverheadJitting  1: 1 op, 240112.00 ns, 240.1120 us/op
WorkloadJitting  1: 1 op, 62470864.00 ns, 62.4709 ms/op

OverheadJitting  2: 16 op, 658653.00 ns, 41.1658 us/op
WorkloadJitting  2: 16 op, 2441018.00 ns, 152.5636 us/op

WorkloadPilot    1: 16 op, 1698310.00 ns, 106.1444 us/op
WorkloadPilot    2: 9424 op, 841663649.00 ns, 89.3107 us/op
WorkloadPilot    3: 11200 op, 1061122829.00 ns, 94.7431 us/op
WorkloadPilot    4: 10560 op, 1095404310.00 ns, 103.7315 us/op
WorkloadPilot    5: 9648 op, 973347437.00 ns, 100.8859 us/op
WorkloadPilot    6: 9920 op, 258484124.00 ns, 26.0569 us/op
WorkloadPilot    7: 38384 op, 745001098.00 ns, 19.4092 us/op
WorkloadPilot    8: 51536 op, 985843675.00 ns, 19.1292 us/op
WorkloadPilot    9: 52288 op, 989346061.00 ns, 18.9211 us/op
WorkloadPilot   10: 52864 op, 987512789.00 ns, 18.6803 us/op
WorkloadPilot   11: 53536 op, 1003431335.00 ns, 18.7431 us/op

OverheadWarmup   1: 53536 op, 240482.00 ns, 4.4920 ns/op
OverheadWarmup   2: 53536 op, 238591.00 ns, 4.4566 ns/op
OverheadWarmup   3: 53536 op, 244302.00 ns, 4.5633 ns/op
OverheadWarmup   4: 53536 op, 239017.00 ns, 4.4646 ns/op
OverheadWarmup   5: 53536 op, 239325.00 ns, 4.4704 ns/op
OverheadWarmup   6: 53536 op, 241970.00 ns, 4.5198 ns/op
OverheadWarmup   7: 53536 op, 239337.00 ns, 4.4706 ns/op

OverheadActual   1: 53536 op, 239129.00 ns, 4.4667 ns/op
OverheadActual   2: 53536 op, 243139.00 ns, 4.5416 ns/op
OverheadActual   3: 53536 op, 244114.00 ns, 4.5598 ns/op
OverheadActual   4: 53536 op, 237044.00 ns, 4.4277 ns/op
OverheadActual   5: 53536 op, 238937.00 ns, 4.4631 ns/op
OverheadActual   6: 53536 op, 243622.00 ns, 4.5506 ns/op
OverheadActual   7: 53536 op, 238577.00 ns, 4.4564 ns/op
OverheadActual   8: 53536 op, 239299.00 ns, 4.4699 ns/op
OverheadActual   9: 53536 op, 246608.00 ns, 4.6064 ns/op
OverheadActual  10: 53536 op, 241435.00 ns, 4.5098 ns/op
OverheadActual  11: 53536 op, 242415.00 ns, 4.5281 ns/op
OverheadActual  12: 53536 op, 240524.00 ns, 4.4928 ns/op
OverheadActual  13: 53536 op, 241079.00 ns, 4.5031 ns/op
OverheadActual  14: 53536 op, 242483.00 ns, 4.5293 ns/op
OverheadActual  15: 53536 op, 241355.00 ns, 4.5083 ns/op

WorkloadWarmup   1: 53536 op, 1002527300.00 ns, 18.7262 us/op
WorkloadWarmup   2: 53536 op, 1054577674.00 ns, 19.6985 us/op
WorkloadWarmup   3: 53536 op, 1055540926.00 ns, 19.7165 us/op
WorkloadWarmup   4: 53536 op, 999584925.00 ns, 18.6713 us/op
WorkloadWarmup   5: 53536 op, 999390968.00 ns, 18.6676 us/op
WorkloadWarmup   6: 53536 op, 1000059340.00 ns, 18.6801 us/op
WorkloadWarmup   7: 53536 op, 999992409.00 ns, 18.6789 us/op

// BeforeActualRun
WorkloadActual   1: 53536 op, 1021090232.00 ns, 19.0730 us/op
WorkloadActual   2: 53536 op, 1002978469.00 ns, 18.7347 us/op
WorkloadActual   3: 53536 op, 1003643585.00 ns, 18.7471 us/op
WorkloadActual   4: 53536 op, 1003754052.00 ns, 18.7491 us/op
WorkloadActual   5: 53536 op, 1002177461.00 ns, 18.7197 us/op
WorkloadActual   6: 53536 op, 1024989590.00 ns, 19.1458 us/op
WorkloadActual   7: 53536 op, 1001693132.00 ns, 18.7106 us/op
WorkloadActual   8: 53536 op, 1002339505.00 ns, 18.7227 us/op
WorkloadActual   9: 53536 op, 1003773717.00 ns, 18.7495 us/op
WorkloadActual  10: 53536 op, 1043671485.00 ns, 19.4948 us/op
WorkloadActual  11: 53536 op, 1019930602.00 ns, 19.0513 us/op
WorkloadActual  12: 53536 op, 1004194752.00 ns, 18.7574 us/op
WorkloadActual  13: 53536 op, 1003725766.00 ns, 18.7486 us/op
WorkloadActual  14: 53536 op, 1003999197.00 ns, 18.7537 us/op
WorkloadActual  15: 53536 op, 1004470048.00 ns, 18.7625 us/op

// AfterActualRun
WorkloadResult   1: 53536 op, 1020848877.00 ns, 19.0685 us/op
WorkloadResult   2: 53536 op, 1002737114.00 ns, 18.7301 us/op
WorkloadResult   3: 53536 op, 1003402230.00 ns, 18.7426 us/op
WorkloadResult   4: 53536 op, 1003512697.00 ns, 18.7446 us/op
WorkloadResult   5: 53536 op, 1001936106.00 ns, 18.7152 us/op
WorkloadResult   6: 53536 op, 1024748235.00 ns, 19.1413 us/op
WorkloadResult   7: 53536 op, 1001451777.00 ns, 18.7061 us/op
WorkloadResult   8: 53536 op, 1002098150.00 ns, 18.7182 us/op
WorkloadResult   9: 53536 op, 1003532362.00 ns, 18.7450 us/op
WorkloadResult  10: 53536 op, 1043430130.00 ns, 19.4903 us/op
WorkloadResult  11: 53536 op, 1019689247.00 ns, 19.0468 us/op
WorkloadResult  12: 53536 op, 1003953397.00 ns, 18.7529 us/op
WorkloadResult  13: 53536 op, 1003484411.00 ns, 18.7441 us/op
WorkloadResult  14: 53536 op, 1003757842.00 ns, 18.7492 us/op
WorkloadResult  15: 53536 op, 1004228693.00 ns, 18.7580 us/op

// AfterAll
// Benchmark Process 987301 has exited with code 0.

Mean = 18.857 μs, StdErr = 0.059 μs (0.31%), N = 15, StdDev = 0.227 μs
Min = 18.706 μs, Q1 = 18.736 μs, Median = 18.745 μs, Q3 = 18.902 μs, Max = 19.490 μs
IQR = 0.166 μs, LowerFence = 18.487 μs, UpperFence = 19.151 μs
ConfidenceInterval = [18.614 μs; 19.100 μs] (CI 99.9%), Margin = 0.243 μs (1.29% of Mean)
Skewness = 1.55, Kurtosis = 4.32, MValue = 2

// ** Remained 7 (70.0 %) benchmark(s) to run. Estimated finish 2026-05-17 13:53 (0h 5m from now) **
// **************************
// Benchmark: SmokeBenchByte.SpanJson_Deser: Energy(OutlierMode=DontRemove, Affinity=00000100, IterationTime=1s)
// *** Execute ***
// Launch: 1 / 1
// Execute: dotnet JsonBench-Energy-1.dll --anonymousPipes 121 122 --benchmarkName JsonBench.Benchmarks.SmokeBenchByte.SpanJson_Deser --job Energy --benchmarkId 3 in /home/test/json-energy-bench/JsonBench/bin/Release/net10.0/JsonBench-Energy-1/bin/Release/net10.0
// BeforeAnythingElse

// Benchmark Process Environment Information:
// BenchmarkDotNet v0.15.5-develop (2026-05-17)
// Runtime=.NET 10.0.7 (10.0.7, 10.0.726.21808), X64 RyuJIT x86-64-v3
// GC=Concurrent Workstation
// HardwareIntrinsics=AVX2+BMI1+BMI2+F16C+FMA+LZCNT+MOVBE,AVX,SSE3+SSSE3+SSE4.1+SSE4.2+POPCNT,X86Base+SSE+SSE2,AES+PCLMUL VectorSize=256
// Job: Energy(OutlierMode=DontRemove, Affinity=100, IterationTime=1s)

OverheadJitting  1: 1 op, 239419.00 ns, 239.4190 us/op
WorkloadJitting  1: 1 op, 77010518.00 ns, 77.0105 ms/op

WorkloadPilot    1: 4 op, 115148.00 ns, 28.7870 us/op
WorkloadPilot    2: 34738 op, 647709579.00 ns, 18.6456 us/op
WorkloadPilot    3: 53632 op, 1006065870.00 ns, 18.7587 us/op
WorkloadPilot    4: 53309 op, 1201006725.00 ns, 22.5292 us/op
WorkloadPilot    5: 44387 op, 1005095525.00 ns, 22.6439 us/op

WorkloadWarmup   1: 44387 op, 339486501.00 ns, 7.6483 us/op
WorkloadWarmup   2: 44387 op, 343242083.00 ns, 7.7329 us/op
WorkloadWarmup   3: 44387 op, 338665772.00 ns, 7.6298 us/op
WorkloadWarmup   4: 44387 op, 337356175.00 ns, 7.6003 us/op
WorkloadWarmup   5: 44387 op, 336258960.00 ns, 7.5756 us/op
WorkloadWarmup   6: 44387 op, 344560622.00 ns, 7.7626 us/op
WorkloadWarmup   7: 44387 op, 337005657.00 ns, 7.5924 us/op

// BeforeActualRun
WorkloadActual   1: 44387 op, 328575964.00 ns, 7.4025 us/op
WorkloadActual   2: 44387 op, 328711944.00 ns, 7.4056 us/op
WorkloadActual   3: 44387 op, 327919374.00 ns, 7.3877 us/op
WorkloadActual   4: 44387 op, 327571689.00 ns, 7.3799 us/op
WorkloadActual   5: 44387 op, 326893880.00 ns, 7.3646 us/op
WorkloadActual   6: 44387 op, 326651022.00 ns, 7.3592 us/op
WorkloadActual   7: 44387 op, 326851411.00 ns, 7.3637 us/op
WorkloadActual   8: 44387 op, 326976205.00 ns, 7.3665 us/op
WorkloadActual   9: 44387 op, 374748032.00 ns, 8.4427 us/op
WorkloadActual  10: 44387 op, 328606768.00 ns, 7.4032 us/op
WorkloadActual  11: 44387 op, 327009432.00 ns, 7.3672 us/op
WorkloadActual  12: 44387 op, 327052115.00 ns, 7.3682 us/op
WorkloadActual  13: 44387 op, 327653880.00 ns, 7.3818 us/op
WorkloadActual  14: 44387 op, 327048057.00 ns, 7.3681 us/op
WorkloadActual  15: 44387 op, 333475546.00 ns, 7.5129 us/op
WorkloadActual  16: 44387 op, 341273601.00 ns, 7.6886 us/op
WorkloadActual  17: 44387 op, 338456347.00 ns, 7.6251 us/op
WorkloadActual  18: 44387 op, 329895157.00 ns, 7.4322 us/op
WorkloadActual  19: 44387 op, 336211136.00 ns, 7.5745 us/op
WorkloadActual  20: 44387 op, 327235979.00 ns, 7.3723 us/op
WorkloadActual  21: 44387 op, 327023014.00 ns, 7.3675 us/op
WorkloadActual  22: 44387 op, 343888524.00 ns, 7.7475 us/op
WorkloadActual  23: 44387 op, 327484323.00 ns, 7.3779 us/op
WorkloadActual  24: 44387 op, 364041794.00 ns, 8.2015 us/op
WorkloadActual  25: 44387 op, 329015965.00 ns, 7.4124 us/op
WorkloadActual  26: 44387 op, 327591865.00 ns, 7.3804 us/op
WorkloadActual  27: 44387 op, 327168532.00 ns, 7.3708 us/op
WorkloadActual  28: 44387 op, 326975001.00 ns, 7.3665 us/op
WorkloadActual  29: 44387 op, 327713574.00 ns, 7.3831 us/op
WorkloadActual  30: 44387 op, 326794835.00 ns, 7.3624 us/op
WorkloadActual  31: 44387 op, 343577805.00 ns, 7.7405 us/op
WorkloadActual  32: 44387 op, 327739375.00 ns, 7.3837 us/op
WorkloadActual  33: 44387 op, 329724433.00 ns, 7.4284 us/op
WorkloadActual  34: 44387 op, 326688267.00 ns, 7.3600 us/op

// AfterActualRun
WorkloadResult   1: 44387 op, 328575964.00 ns, 7.4025 us/op
WorkloadResult   2: 44387 op, 328711944.00 ns, 7.4056 us/op
WorkloadResult   3: 44387 op, 327919374.00 ns, 7.3877 us/op
WorkloadResult   4: 44387 op, 327571689.00 ns, 7.3799 us/op
WorkloadResult   5: 44387 op, 326893880.00 ns, 7.3646 us/op
WorkloadResult   6: 44387 op, 326651022.00 ns, 7.3592 us/op
WorkloadResult   7: 44387 op, 326851411.00 ns, 7.3637 us/op
WorkloadResult   8: 44387 op, 326976205.00 ns, 7.3665 us/op
WorkloadResult   9: 44387 op, 374748032.00 ns, 8.4427 us/op
WorkloadResult  10: 44387 op, 328606768.00 ns, 7.4032 us/op
WorkloadResult  11: 44387 op, 327009432.00 ns, 7.3672 us/op
WorkloadResult  12: 44387 op, 327052115.00 ns, 7.3682 us/op
WorkloadResult  13: 44387 op, 327653880.00 ns, 7.3818 us/op
WorkloadResult  14: 44387 op, 327048057.00 ns, 7.3681 us/op
WorkloadResult  15: 44387 op, 333475546.00 ns, 7.5129 us/op
WorkloadResult  16: 44387 op, 341273601.00 ns, 7.6886 us/op
WorkloadResult  17: 44387 op, 338456347.00 ns, 7.6251 us/op
WorkloadResult  18: 44387 op, 329895157.00 ns, 7.4322 us/op
WorkloadResult  19: 44387 op, 336211136.00 ns, 7.5745 us/op
WorkloadResult  20: 44387 op, 327235979.00 ns, 7.3723 us/op
WorkloadResult  21: 44387 op, 327023014.00 ns, 7.3675 us/op
WorkloadResult  22: 44387 op, 343888524.00 ns, 7.7475 us/op
WorkloadResult  23: 44387 op, 327484323.00 ns, 7.3779 us/op
WorkloadResult  24: 44387 op, 364041794.00 ns, 8.2015 us/op
WorkloadResult  25: 44387 op, 329015965.00 ns, 7.4124 us/op
WorkloadResult  26: 44387 op, 327591865.00 ns, 7.3804 us/op
WorkloadResult  27: 44387 op, 327168532.00 ns, 7.3708 us/op
WorkloadResult  28: 44387 op, 326975001.00 ns, 7.3665 us/op
WorkloadResult  29: 44387 op, 327713574.00 ns, 7.3831 us/op
WorkloadResult  30: 44387 op, 326794835.00 ns, 7.3624 us/op
WorkloadResult  31: 44387 op, 343577805.00 ns, 7.7405 us/op
WorkloadResult  32: 44387 op, 327739375.00 ns, 7.3837 us/op
WorkloadResult  33: 44387 op, 329724433.00 ns, 7.4284 us/op
WorkloadResult  34: 44387 op, 326688267.00 ns, 7.3600 us/op

// AfterAll
// Benchmark Process 987703 has exited with code 0.

Mean = 7.484 μs, StdErr = 0.041 μs (0.55%), N = 34, StdDev = 0.241 μs
Min = 7.359 μs, Q1 = 7.368 μs, Median = 7.382 μs, Q3 = 7.431 μs, Max = 8.443 μs
IQR = 0.064 μs, LowerFence = 7.272 μs, UpperFence = 7.527 μs
ConfidenceInterval = [7.334 μs; 7.633 μs] (CI 99.9%), Margin = 0.150 μs (2.00% of Mean)
Skewness = 2.65, Kurtosis = 9.74, MValue = 2

// ** Remained 6 (60.0 %) benchmark(s) to run. Estimated finish 2026-05-17 13:52 (0h 4m from now) **
// **************************
// Benchmark: SmokeBenchByte.Utf8Json_Deser: Energy(OutlierMode=DontRemove, Affinity=00000100, IterationTime=1s)
// *** Execute ***
// Launch: 1 / 1
// Execute: dotnet JsonBench-Energy-1.dll --anonymousPipes 121 122 --benchmarkName JsonBench.Benchmarks.SmokeBenchByte.Utf8Json_Deser --job Energy --benchmarkId 4 in /home/test/json-energy-bench/JsonBench/bin/Release/net10.0/JsonBench-Energy-1/bin/Release/net10.0
// BeforeAnythingElse

// Benchmark Process Environment Information:
// BenchmarkDotNet v0.15.5-develop (2026-05-17)
// Runtime=.NET 10.0.7 (10.0.7, 10.0.726.21808), X64 RyuJIT x86-64-v3
// GC=Concurrent Workstation
// HardwareIntrinsics=AVX2+BMI1+BMI2+F16C+FMA+LZCNT+MOVBE,AVX,SSE3+SSSE3+SSE4.1+SSE4.2+POPCNT,X86Base+SSE+SSE2,AES+PCLMUL VectorSize=256
// Job: Energy(OutlierMode=DontRemove, Affinity=100, IterationTime=1s)

OverheadJitting  1: 1 op, 249893.00 ns, 249.8930 us/op
WorkloadJitting  1: 1 op, 87612554.00 ns, 87.6126 ms/op

WorkloadPilot    1: 4 op, 289195.00 ns, 72.2988 us/op
WorkloadPilot    2: 13831 op, 680368034.00 ns, 49.1915 us/op
WorkloadPilot    3: 20329 op, 992300072.00 ns, 48.8120 us/op
WorkloadPilot    4: 20487 op, 1330501106.00 ns, 64.9437 us/op
WorkloadPilot    5: 15398 op, 911377239.00 ns, 59.1880 us/op
WorkloadPilot    6: 16895 op, 229309710.00 ns, 13.5726 us/op
WorkloadPilot    7: 73678 op, 994720838.00 ns, 13.5009 us/op
WorkloadPilot    8: 74069 op, 985703314.00 ns, 13.3079 us/op
WorkloadPilot    9: 75143 op, 997550534.00 ns, 13.2754 us/op
WorkloadPilot   10: 75328 op, 987146489.00 ns, 13.1046 us/op
WorkloadPilot   11: 76309 op, 1003018302.00 ns, 13.1442 us/op
WorkloadPilot   12: 76079 op, 1008450142.00 ns, 13.2553 us/op

WorkloadWarmup   1: 76079 op, 1000171959.00 ns, 13.1465 us/op
WorkloadWarmup   2: 76079 op, 1019093611.00 ns, 13.3952 us/op
WorkloadWarmup   3: 76079 op, 999436553.00 ns, 13.1368 us/op
WorkloadWarmup   4: 76079 op, 999177786.00 ns, 13.1334 us/op
WorkloadWarmup   5: 76079 op, 1002904354.00 ns, 13.1824 us/op
WorkloadWarmup   6: 76079 op, 999649105.00 ns, 13.1396 us/op

// BeforeActualRun
WorkloadActual   1: 76079 op, 1012918474.00 ns, 13.3140 us/op
WorkloadActual   2: 76079 op, 1003263860.00 ns, 13.1871 us/op
WorkloadActual   3: 76079 op, 1002108124.00 ns, 13.1719 us/op
WorkloadActual   4: 76079 op, 1029436089.00 ns, 13.5311 us/op
WorkloadActual   5: 76079 op, 1016751876.00 ns, 13.3644 us/op
WorkloadActual   6: 76079 op, 1017769456.00 ns, 13.3778 us/op
WorkloadActual   7: 76079 op, 1006272045.00 ns, 13.2267 us/op
WorkloadActual   8: 76079 op, 1002395128.00 ns, 13.1757 us/op
WorkloadActual   9: 76079 op, 1001452723.00 ns, 13.1633 us/op
WorkloadActual  10: 76079 op, 1008109633.00 ns, 13.2508 us/op
WorkloadActual  11: 76079 op, 1021480820.00 ns, 13.4266 us/op
WorkloadActual  12: 76079 op, 999484640.00 ns, 13.1375 us/op
WorkloadActual  13: 76079 op, 1009797302.00 ns, 13.2730 us/op
WorkloadActual  14: 76079 op, 998215009.00 ns, 13.1208 us/op
WorkloadActual  15: 76079 op, 1004025454.00 ns, 13.1971 us/op

// AfterActualRun
WorkloadResult   1: 76079 op, 1012918474.00 ns, 13.3140 us/op
WorkloadResult   2: 76079 op, 1003263860.00 ns, 13.1871 us/op
WorkloadResult   3: 76079 op, 1002108124.00 ns, 13.1719 us/op
WorkloadResult   4: 76079 op, 1029436089.00 ns, 13.5311 us/op
WorkloadResult   5: 76079 op, 1016751876.00 ns, 13.3644 us/op
WorkloadResult   6: 76079 op, 1017769456.00 ns, 13.3778 us/op
WorkloadResult   7: 76079 op, 1006272045.00 ns, 13.2267 us/op
WorkloadResult   8: 76079 op, 1002395128.00 ns, 13.1757 us/op
WorkloadResult   9: 76079 op, 1001452723.00 ns, 13.1633 us/op
WorkloadResult  10: 76079 op, 1008109633.00 ns, 13.2508 us/op
WorkloadResult  11: 76079 op, 1021480820.00 ns, 13.4266 us/op
WorkloadResult  12: 76079 op, 999484640.00 ns, 13.1375 us/op
WorkloadResult  13: 76079 op, 1009797302.00 ns, 13.2730 us/op
WorkloadResult  14: 76079 op, 998215009.00 ns, 13.1208 us/op
WorkloadResult  15: 76079 op, 1004025454.00 ns, 13.1971 us/op

// AfterAll
// Benchmark Process 988113 has exited with code 0.

Mean = 13.261 μs, StdErr = 0.031 μs (0.23%), N = 15, StdDev = 0.119 μs
Min = 13.121 μs, Q1 = 13.174 μs, Median = 13.227 μs, Q3 = 13.339 μs, Max = 13.531 μs
IQR = 0.165 μs, LowerFence = 12.926 μs, UpperFence = 13.587 μs
ConfidenceInterval = [13.134 μs; 13.388 μs] (CI 99.9%), Margin = 0.127 μs (0.96% of Mean)
Skewness = 0.77, Kurtosis = 2.41, MValue = 2

// ** Remained 5 (50.0 %) benchmark(s) to run. Estimated finish 2026-05-17 13:52 (0h 3m from now) **
// **************************
// Benchmark: SmokeBenchByte.STJRefGen_Ser: Energy(OutlierMode=DontRemove, Affinity=00000100, IterationTime=1s)
// *** Execute ***
// Launch: 1 / 1
// Execute: dotnet JsonBench-Energy-1.dll --anonymousPipes 121 122 --benchmarkName JsonBench.Benchmarks.SmokeBenchByte.STJRefGen_Ser --job Energy --benchmarkId 5 in /home/test/json-energy-bench/JsonBench/bin/Release/net10.0/JsonBench-Energy-1/bin/Release/net10.0
// BeforeAnythingElse

// Benchmark Process Environment Information:
// BenchmarkDotNet v0.15.5-develop (2026-05-17)
// Runtime=.NET 10.0.7 (10.0.7, 10.0.726.21808), X64 RyuJIT x86-64-v3
// GC=Concurrent Workstation
// HardwareIntrinsics=AVX2+BMI1+BMI2+F16C+FMA+LZCNT+MOVBE,AVX,SSE3+SSSE3+SSE4.1+SSE4.2+POPCNT,X86Base+SSE+SSE2,AES+PCLMUL VectorSize=256
// Job: Energy(OutlierMode=DontRemove, Affinity=100, IterationTime=1s)

OverheadJitting  1: 1 op, 238924.00 ns, 238.9240 us/op
WorkloadJitting  1: 1 op, 3802966.00 ns, 3.8030 ms/op

OverheadJitting  2: 16 op, 625036.00 ns, 39.0648 us/op
WorkloadJitting  2: 16 op, 978968.00 ns, 61.1855 us/op

WorkloadPilot    1: 16 op, 294573.00 ns, 18.4108 us/op
WorkloadPilot    2: 54320 op, 832538268.00 ns, 15.3266 us/op
WorkloadPilot    3: 65248 op, 1073866181.00 ns, 16.4582 us/op
WorkloadPilot    4: 60768 op, 1533830495.00 ns, 25.2408 us/op
WorkloadPilot    5: 39632 op, 686006428.00 ns, 17.3094 us/op
WorkloadPilot    6: 57776 op, 274645470.00 ns, 4.7536 us/op
WorkloadPilot    7: 210368 op, 997935478.00 ns, 4.7438 us/op
WorkloadPilot    8: 210816 op, 983424613.00 ns, 4.6648 us/op
WorkloadPilot    9: 214384 op, 986247454.00 ns, 4.6004 us/op
WorkloadPilot   10: 217376 op, 998192994.00 ns, 4.5920 us/op
WorkloadPilot   11: 217776 op, 1003812452.00 ns, 4.6094 us/op

OverheadWarmup   1: 217776 op, 958962.00 ns, 4.4034 ns/op
OverheadWarmup   2: 217776 op, 958535.00 ns, 4.4015 ns/op
OverheadWarmup   3: 217776 op, 959599.00 ns, 4.4064 ns/op
OverheadWarmup   4: 217776 op, 960633.00 ns, 4.4111 ns/op
OverheadWarmup   5: 217776 op, 959208.00 ns, 4.4046 ns/op
OverheadWarmup   6: 217776 op, 959081.00 ns, 4.4040 ns/op
OverheadWarmup   7: 217776 op, 959553.00 ns, 4.4061 ns/op
OverheadWarmup   8: 217776 op, 964799.00 ns, 4.4302 ns/op
OverheadWarmup   9: 217776 op, 959532.00 ns, 4.4061 ns/op

OverheadActual   1: 217776 op, 964154.00 ns, 4.4273 ns/op
OverheadActual   2: 217776 op, 955088.00 ns, 4.3856 ns/op
OverheadActual   3: 217776 op, 958737.00 ns, 4.4024 ns/op
OverheadActual   4: 217776 op, 961626.00 ns, 4.4157 ns/op
OverheadActual   5: 217776 op, 960186.00 ns, 4.4091 ns/op
OverheadActual   6: 217776 op, 958977.00 ns, 4.4035 ns/op
OverheadActual   7: 217776 op, 959139.00 ns, 4.4042 ns/op
OverheadActual   8: 217776 op, 958224.00 ns, 4.4000 ns/op
OverheadActual   9: 217776 op, 962351.00 ns, 4.4190 ns/op
OverheadActual  10: 217776 op, 959022.00 ns, 4.4037 ns/op
OverheadActual  11: 217776 op, 958112.00 ns, 4.3995 ns/op
OverheadActual  12: 217776 op, 958916.00 ns, 4.4032 ns/op
OverheadActual  13: 217776 op, 958120.00 ns, 4.3996 ns/op
OverheadActual  14: 217776 op, 963165.00 ns, 4.4227 ns/op
OverheadActual  15: 217776 op, 958880.00 ns, 4.4031 ns/op

WorkloadWarmup   1: 217776 op, 1004131668.00 ns, 4.6108 us/op
WorkloadWarmup   2: 217776 op, 1089443421.00 ns, 5.0026 us/op
WorkloadWarmup   3: 217776 op, 1012233703.00 ns, 4.6480 us/op
WorkloadWarmup   4: 217776 op, 999785642.00 ns, 4.5909 us/op
WorkloadWarmup   5: 217776 op, 999966426.00 ns, 4.5917 us/op
WorkloadWarmup   6: 217776 op, 999907370.00 ns, 4.5914 us/op

// BeforeActualRun
WorkloadActual   1: 217776 op, 1020497145.00 ns, 4.6860 us/op
WorkloadActual   2: 217776 op, 1006464573.00 ns, 4.6216 us/op
WorkloadActual   3: 217776 op, 1003388154.00 ns, 4.6074 us/op
WorkloadActual   4: 217776 op, 1004091896.00 ns, 4.6107 us/op
WorkloadActual   5: 217776 op, 1003934801.00 ns, 4.6099 us/op
WorkloadActual   6: 217776 op, 1005627346.00 ns, 4.6177 us/op
WorkloadActual   7: 217776 op, 1026056503.00 ns, 4.7115 us/op
WorkloadActual   8: 217776 op, 1003473460.00 ns, 4.6078 us/op
WorkloadActual   9: 217776 op, 1003588453.00 ns, 4.6084 us/op
WorkloadActual  10: 217776 op, 1003792366.00 ns, 4.6093 us/op
WorkloadActual  11: 217776 op, 1040235934.00 ns, 4.7766 us/op
WorkloadActual  12: 217776 op, 1021760926.00 ns, 4.6918 us/op
WorkloadActual  13: 217776 op, 1003461138.00 ns, 4.6078 us/op
WorkloadActual  14: 217776 op, 1003457743.00 ns, 4.6078 us/op
WorkloadActual  15: 217776 op, 1003536518.00 ns, 4.6081 us/op

// AfterActualRun
WorkloadResult   1: 217776 op, 1019538168.00 ns, 4.6816 us/op
WorkloadResult   2: 217776 op, 1005505596.00 ns, 4.6172 us/op
WorkloadResult   3: 217776 op, 1002429177.00 ns, 4.6030 us/op
WorkloadResult   4: 217776 op, 1003132919.00 ns, 4.6063 us/op
WorkloadResult   5: 217776 op, 1002975824.00 ns, 4.6055 us/op
WorkloadResult   6: 217776 op, 1004668369.00 ns, 4.6133 us/op
WorkloadResult   7: 217776 op, 1025097526.00 ns, 4.7071 us/op
WorkloadResult   8: 217776 op, 1002514483.00 ns, 4.6034 us/op
WorkloadResult   9: 217776 op, 1002629476.00 ns, 4.6039 us/op
WorkloadResult  10: 217776 op, 1002833389.00 ns, 4.6049 us/op
WorkloadResult  11: 217776 op, 1039276957.00 ns, 4.7722 us/op
WorkloadResult  12: 217776 op, 1020801949.00 ns, 4.6874 us/op
WorkloadResult  13: 217776 op, 1002502161.00 ns, 4.6034 us/op
WorkloadResult  14: 217776 op, 1002498766.00 ns, 4.6033 us/op
WorkloadResult  15: 217776 op, 1002577541.00 ns, 4.6037 us/op

// AfterAll
// Benchmark Process 988516 has exited with code 0.

Mean = 4.634 μs, StdErr = 0.014 μs (0.29%), N = 15, StdDev = 0.052 μs
Min = 4.603 μs, Q1 = 4.604 μs, Median = 4.606 μs, Q3 = 4.649 μs, Max = 4.772 μs
IQR = 0.046 μs, LowerFence = 4.535 μs, UpperFence = 4.718 μs
ConfidenceInterval = [4.579 μs; 4.690 μs] (CI 99.9%), Margin = 0.056 μs (1.21% of Mean)
Skewness = 1.39, Kurtosis = 3.65, MValue = 2

// ** Remained 4 (40.0 %) benchmark(s) to run. Estimated finish 2026-05-17 13:52 (0h 2m from now) **
// **************************
// Benchmark: SmokeBenchByte.STJSrcGen_Ser: Energy(OutlierMode=DontRemove, Affinity=00000100, IterationTime=1s)
// *** Execute ***
// Launch: 1 / 1
// Execute: dotnet JsonBench-Energy-1.dll --anonymousPipes 121 122 --benchmarkName JsonBench.Benchmarks.SmokeBenchByte.STJSrcGen_Ser --job Energy --benchmarkId 6 in /home/test/json-energy-bench/JsonBench/bin/Release/net10.0/JsonBench-Energy-1/bin/Release/net10.0
// BeforeAnythingElse

// Benchmark Process Environment Information:
// BenchmarkDotNet v0.15.5-develop (2026-05-17)
// Runtime=.NET 10.0.7 (10.0.7, 10.0.726.21808), X64 RyuJIT x86-64-v3
// GC=Concurrent Workstation
// HardwareIntrinsics=AVX2+BMI1+BMI2+F16C+FMA+LZCNT+MOVBE,AVX,SSE3+SSSE3+SSE4.1+SSE4.2+POPCNT,X86Base+SSE+SSE2,AES+PCLMUL VectorSize=256
// Job: Energy(OutlierMode=DontRemove, Affinity=100, IterationTime=1s)

OverheadJitting  1: 1 op, 236661.00 ns, 236.6610 us/op
WorkloadJitting  1: 1 op, 11817975.00 ns, 11.8180 ms/op

OverheadJitting  2: 16 op, 640280.00 ns, 40.0175 us/op
WorkloadJitting  2: 16 op, 905353.00 ns, 56.5846 us/op

WorkloadPilot    1: 16 op, 224604.00 ns, 14.0378 us/op
WorkloadPilot    2: 71248 op, 782339628.00 ns, 10.9805 us/op
WorkloadPilot    3: 91072 op, 1006348122.00 ns, 11.0500 us/op
WorkloadPilot    4: 90512 op, 1278000901.00 ns, 14.1197 us/op
WorkloadPilot    5: 70832 op, 270784481.00 ns, 3.8229 us/op
WorkloadPilot    6: 261584 op, 995072049.00 ns, 3.8040 us/op
WorkloadPilot    7: 262880 op, 1008166082.00 ns, 3.8351 us/op

OverheadWarmup   1: 262880 op, 1176040.00 ns, 4.4737 ns/op
OverheadWarmup   2: 262880 op, 1176503.00 ns, 4.4754 ns/op
OverheadWarmup   3: 262880 op, 1173150.00 ns, 4.4627 ns/op
OverheadWarmup   4: 262880 op, 1176061.00 ns, 4.4738 ns/op
OverheadWarmup   5: 262880 op, 1178010.00 ns, 4.4812 ns/op
OverheadWarmup   6: 262880 op, 1178256.00 ns, 4.4821 ns/op
OverheadWarmup   7: 262880 op, 1178781.00 ns, 4.4841 ns/op
OverheadWarmup   8: 262880 op, 1177311.00 ns, 4.4785 ns/op

OverheadActual   1: 262880 op, 1175112.00 ns, 4.4701 ns/op
OverheadActual   2: 262880 op, 1175455.00 ns, 4.4715 ns/op
OverheadActual   3: 262880 op, 1172512.00 ns, 4.4603 ns/op
OverheadActual   4: 262880 op, 1180512.00 ns, 4.4907 ns/op
OverheadActual   5: 262880 op, 1178675.00 ns, 4.4837 ns/op
OverheadActual   6: 262880 op, 1181117.00 ns, 4.4930 ns/op
OverheadActual   7: 262880 op, 1175807.00 ns, 4.4728 ns/op
OverheadActual   8: 262880 op, 1175505.00 ns, 4.4716 ns/op
OverheadActual   9: 262880 op, 1178171.00 ns, 4.4818 ns/op
OverheadActual  10: 262880 op, 1174492.00 ns, 4.4678 ns/op
OverheadActual  11: 262880 op, 1174224.00 ns, 4.4668 ns/op
OverheadActual  12: 262880 op, 1181400.00 ns, 4.4941 ns/op
OverheadActual  13: 262880 op, 1174688.00 ns, 4.4685 ns/op
OverheadActual  14: 262880 op, 1181793.00 ns, 4.4956 ns/op
OverheadActual  15: 262880 op, 1182127.00 ns, 4.4968 ns/op

WorkloadWarmup   1: 262880 op, 996392256.00 ns, 3.7903 us/op
WorkloadWarmup   2: 262880 op, 1016970803.00 ns, 3.8686 us/op
WorkloadWarmup   3: 262880 op, 985683584.00 ns, 3.7496 us/op
WorkloadWarmup   4: 262880 op, 987755052.00 ns, 3.7574 us/op
WorkloadWarmup   5: 262880 op, 974198167.00 ns, 3.7059 us/op
WorkloadWarmup   6: 262880 op, 987833157.00 ns, 3.7577 us/op

// BeforeActualRun
WorkloadActual   1: 262880 op, 989374612.00 ns, 3.7636 us/op
WorkloadActual   2: 262880 op, 980473947.00 ns, 3.7297 us/op
WorkloadActual   3: 262880 op, 978391411.00 ns, 3.7218 us/op
WorkloadActual   4: 262880 op, 986062532.00 ns, 3.7510 us/op
WorkloadActual   5: 262880 op, 978393322.00 ns, 3.7218 us/op
WorkloadActual   6: 262880 op, 992319101.00 ns, 3.7748 us/op
WorkloadActual   7: 262880 op, 978506516.00 ns, 3.7223 us/op
WorkloadActual   8: 262880 op, 978182922.00 ns, 3.7210 us/op
WorkloadActual   9: 262880 op, 979048496.00 ns, 3.7243 us/op
WorkloadActual  10: 262880 op, 980181238.00 ns, 3.7286 us/op
WorkloadActual  11: 262880 op, 1035568670.00 ns, 3.9393 us/op
WorkloadActual  12: 262880 op, 978021811.00 ns, 3.7204 us/op
WorkloadActual  13: 262880 op, 978352718.00 ns, 3.7217 us/op
WorkloadActual  14: 262880 op, 978310717.00 ns, 3.7215 us/op
WorkloadActual  15: 262880 op, 978333133.00 ns, 3.7216 us/op

// AfterActualRun
WorkloadResult   1: 262880 op, 988198805.00 ns, 3.7591 us/op
WorkloadResult   2: 262880 op, 979298140.00 ns, 3.7253 us/op
WorkloadResult   3: 262880 op, 977215604.00 ns, 3.7173 us/op
WorkloadResult   4: 262880 op, 984886725.00 ns, 3.7465 us/op
WorkloadResult   5: 262880 op, 977217515.00 ns, 3.7174 us/op
WorkloadResult   6: 262880 op, 991143294.00 ns, 3.7703 us/op
WorkloadResult   7: 262880 op, 977330709.00 ns, 3.7178 us/op
WorkloadResult   8: 262880 op, 977007115.00 ns, 3.7166 us/op
WorkloadResult   9: 262880 op, 977872689.00 ns, 3.7198 us/op
WorkloadResult  10: 262880 op, 979005431.00 ns, 3.7242 us/op
WorkloadResult  11: 262880 op, 1034392863.00 ns, 3.9348 us/op
WorkloadResult  12: 262880 op, 976846004.00 ns, 3.7159 us/op
WorkloadResult  13: 262880 op, 977176911.00 ns, 3.7172 us/op
WorkloadResult  14: 262880 op, 977134910.00 ns, 3.7170 us/op
WorkloadResult  15: 262880 op, 977157326.00 ns, 3.7171 us/op

// AfterAll
// Benchmark Process 988916 has exited with code 0.

Mean = 3.741 μs, StdErr = 0.015 μs (0.39%), N = 15, StdDev = 0.056 μs
Min = 3.716 μs, Q1 = 3.717 μs, Median = 3.718 μs, Q3 = 3.736 μs, Max = 3.935 μs
IQR = 0.019 μs, LowerFence = 3.689 μs, UpperFence = 3.764 μs
ConfidenceInterval = [3.681 μs; 3.801 μs] (CI 99.9%), Margin = 0.060 μs (1.61% of Mean)
Skewness = 2.68, Kurtosis = 9.38, MValue = 2

// ** Remained 3 (30.0 %) benchmark(s) to run. Estimated finish 2026-05-17 13:52 (0h 2m from now) **
// **************************
// Benchmark: SmokeBenchByte.Newtonsoft_Ser: Energy(OutlierMode=DontRemove, Affinity=00000100, IterationTime=1s)
// *** Execute ***
// Launch: 1 / 1
// Execute: dotnet JsonBench-Energy-1.dll --anonymousPipes 121 122 --benchmarkName JsonBench.Benchmarks.SmokeBenchByte.Newtonsoft_Ser --job Energy --benchmarkId 7 in /home/test/json-energy-bench/JsonBench/bin/Release/net10.0/JsonBench-Energy-1/bin/Release/net10.0
// BeforeAnythingElse

// Benchmark Process Environment Information:
// BenchmarkDotNet v0.15.5-develop (2026-05-17)
// Runtime=.NET 10.0.7 (10.0.7, 10.0.726.21808), X64 RyuJIT x86-64-v3
// GC=Concurrent Workstation
// HardwareIntrinsics=AVX2+BMI1+BMI2+F16C+FMA+LZCNT+MOVBE,AVX,SSE3+SSSE3+SSE4.1+SSE4.2+POPCNT,X86Base+SSE+SSE2,AES+PCLMUL VectorSize=256
// Job: Energy(OutlierMode=DontRemove, Affinity=100, IterationTime=1s)

OverheadJitting  1: 1 op, 233652.00 ns, 233.6520 us/op
WorkloadJitting  1: 1 op, 59489993.00 ns, 59.4900 ms/op

OverheadJitting  2: 16 op, 640718.00 ns, 40.0449 us/op
WorkloadJitting  2: 16 op, 1871811.00 ns, 116.9882 us/op

WorkloadPilot    1: 16 op, 1040111.00 ns, 65.0069 us/op
WorkloadPilot    2: 15392 op, 835360312.00 ns, 54.2724 us/op
WorkloadPilot    3: 18432 op, 1071485410.00 ns, 58.1318 us/op
WorkloadPilot    4: 17216 op, 1440851918.00 ns, 83.6926 us/op
WorkloadPilot    5: 11952 op, 699953514.00 ns, 58.5637 us/op
WorkloadPilot    6: 17088 op, 210892464.00 ns, 12.3416 us/op
WorkloadPilot    7: 81040 op, 998745701.00 ns, 12.3241 us/op
WorkloadPilot    8: 81152 op, 981615677.00 ns, 12.0960 us/op
WorkloadPilot    9: 82672 op, 965766712.00 ns, 11.6819 us/op
WorkloadPilot   10: 85616 op, 1001366807.00 ns, 11.6960 us/op

OverheadWarmup   1: 85616 op, 376770.00 ns, 4.4007 ns/op
OverheadWarmup   2: 85616 op, 376390.00 ns, 4.3963 ns/op
OverheadWarmup   3: 85616 op, 375994.00 ns, 4.3916 ns/op
OverheadWarmup   4: 85616 op, 381359.00 ns, 4.4543 ns/op
OverheadWarmup   5: 85616 op, 376116.00 ns, 4.3931 ns/op
OverheadWarmup   6: 85616 op, 379077.00 ns, 4.4276 ns/op
OverheadWarmup   7: 85616 op, 376035.00 ns, 4.3921 ns/op

OverheadActual   1: 85616 op, 379121.00 ns, 4.4282 ns/op
OverheadActual   2: 85616 op, 375985.00 ns, 4.3915 ns/op
OverheadActual   3: 85616 op, 376223.00 ns, 4.3943 ns/op
OverheadActual   4: 85616 op, 380110.00 ns, 4.4397 ns/op
OverheadActual   5: 85616 op, 375857.00 ns, 4.3900 ns/op
OverheadActual   6: 85616 op, 379602.00 ns, 4.4338 ns/op
OverheadActual   7: 85616 op, 376017.00 ns, 4.3919 ns/op
OverheadActual   8: 85616 op, 379076.00 ns, 4.4276 ns/op
OverheadActual   9: 85616 op, 375989.00 ns, 4.3916 ns/op
OverheadActual  10: 85616 op, 383208.00 ns, 4.4759 ns/op
OverheadActual  11: 85616 op, 375966.00 ns, 4.3913 ns/op
OverheadActual  12: 85616 op, 380142.00 ns, 4.4401 ns/op
OverheadActual  13: 85616 op, 376208.00 ns, 4.3941 ns/op
OverheadActual  14: 85616 op, 380622.00 ns, 4.4457 ns/op
OverheadActual  15: 85616 op, 376013.00 ns, 4.3919 ns/op

WorkloadWarmup   1: 85616 op, 1005376419.00 ns, 11.7429 us/op
WorkloadWarmup   2: 85616 op, 1055470288.00 ns, 12.3280 us/op
WorkloadWarmup   3: 85616 op, 1037376400.00 ns, 12.1166 us/op
WorkloadWarmup   4: 85616 op, 1019185873.00 ns, 11.9042 us/op
WorkloadWarmup   5: 85616 op, 1003525622.00 ns, 11.7212 us/op
WorkloadWarmup   6: 85616 op, 1001856910.00 ns, 11.7017 us/op
WorkloadWarmup   7: 85616 op, 1002528877.00 ns, 11.7096 us/op
WorkloadWarmup   8: 85616 op, 1007938967.00 ns, 11.7728 us/op
WorkloadWarmup   9: 85616 op, 1019531144.00 ns, 11.9082 us/op
WorkloadWarmup  10: 85616 op, 1004550364.00 ns, 11.7332 us/op

// BeforeActualRun
WorkloadActual   1: 85616 op, 1004170681.00 ns, 11.7288 us/op
WorkloadActual   2: 85616 op, 1007796583.00 ns, 11.7711 us/op
WorkloadActual   3: 85616 op, 1015656812.00 ns, 11.8629 us/op
WorkloadActual   4: 85616 op, 1031833401.00 ns, 12.0519 us/op
WorkloadActual   5: 85616 op, 1005783041.00 ns, 11.7476 us/op
WorkloadActual   6: 85616 op, 1005710825.00 ns, 11.7468 us/op
WorkloadActual   7: 85616 op, 1041140585.00 ns, 12.1606 us/op
WorkloadActual   8: 85616 op, 1007225753.00 ns, 11.7645 us/op
WorkloadActual   9: 85616 op, 1031787054.00 ns, 12.0513 us/op
WorkloadActual  10: 85616 op, 1006486140.00 ns, 11.7558 us/op
WorkloadActual  11: 85616 op, 1004360809.00 ns, 11.7310 us/op
WorkloadActual  12: 85616 op, 1005315796.00 ns, 11.7421 us/op
WorkloadActual  13: 85616 op, 1012535954.00 ns, 11.8265 us/op
WorkloadActual  14: 85616 op, 1035045490.00 ns, 12.0894 us/op
WorkloadActual  15: 85616 op, 1003176444.00 ns, 11.7172 us/op

// AfterActualRun
WorkloadResult   1: 85616 op, 1003794458.00 ns, 11.7244 us/op
WorkloadResult   2: 85616 op, 1007420360.00 ns, 11.7667 us/op
WorkloadResult   3: 85616 op, 1015280589.00 ns, 11.8585 us/op
WorkloadResult   4: 85616 op, 1031457178.00 ns, 12.0475 us/op
WorkloadResult   5: 85616 op, 1005406818.00 ns, 11.7432 us/op
WorkloadResult   6: 85616 op, 1005334602.00 ns, 11.7424 us/op
WorkloadResult   7: 85616 op, 1040764362.00 ns, 12.1562 us/op
WorkloadResult   8: 85616 op, 1006849530.00 ns, 11.7601 us/op
WorkloadResult   9: 85616 op, 1031410831.00 ns, 12.0469 us/op
WorkloadResult  10: 85616 op, 1006109917.00 ns, 11.7514 us/op
WorkloadResult  11: 85616 op, 1003984586.00 ns, 11.7266 us/op
WorkloadResult  12: 85616 op, 1004939573.00 ns, 11.7378 us/op
WorkloadResult  13: 85616 op, 1012159731.00 ns, 11.8221 us/op
WorkloadResult  14: 85616 op, 1034669267.00 ns, 12.0850 us/op
WorkloadResult  15: 85616 op, 1002800221.00 ns, 11.7128 us/op

// AfterAll
// Benchmark Process 989316 has exited with code 0.

Mean = 11.845 μs, StdErr = 0.040 μs (0.34%), N = 15, StdDev = 0.155 μs
Min = 11.713 μs, Q1 = 11.740 μs, Median = 11.760 μs, Q3 = 11.953 μs, Max = 12.156 μs
IQR = 0.213 μs, LowerFence = 11.421 μs, UpperFence = 12.272 μs
ConfidenceInterval = [11.679 μs; 12.011 μs] (CI 99.9%), Margin = 0.166 μs (1.40% of Mean)
Skewness = 0.87, Kurtosis = 1.97, MValue = 2

// ** Remained 2 (20.0 %) benchmark(s) to run. Estimated finish 2026-05-17 13:52 (0h 1m from now) **
// **************************
// Benchmark: SmokeBenchByte.SpanJson_Ser: Energy(OutlierMode=DontRemove, Affinity=00000100, IterationTime=1s)
// *** Execute ***
// Launch: 1 / 1
// Execute: dotnet JsonBench-Energy-1.dll --anonymousPipes 121 122 --benchmarkName JsonBench.Benchmarks.SmokeBenchByte.SpanJson_Ser --job Energy --benchmarkId 8 in /home/test/json-energy-bench/JsonBench/bin/Release/net10.0/JsonBench-Energy-1/bin/Release/net10.0
// BeforeAnythingElse

// Benchmark Process Environment Information:
// BenchmarkDotNet v0.15.5-develop (2026-05-17)
// Runtime=.NET 10.0.7 (10.0.7, 10.0.726.21808), X64 RyuJIT x86-64-v3
// GC=Concurrent Workstation
// HardwareIntrinsics=AVX2+BMI1+BMI2+F16C+FMA+LZCNT+MOVBE,AVX,SSE3+SSSE3+SSE4.1+SSE4.2+POPCNT,X86Base+SSE+SSE2,AES+PCLMUL VectorSize=256
// Job: Energy(OutlierMode=DontRemove, Affinity=100, IterationTime=1s)

OverheadJitting  1: 1 op, 236107.00 ns, 236.1070 us/op
WorkloadJitting  1: 1 op, 77765683.00 ns, 77.7657 ms/op

WorkloadPilot    1: 4 op, 202992.00 ns, 50.7480 us/op
WorkloadPilot    2: 19705 op, 549668790.00 ns, 27.8949 us/op
WorkloadPilot    3: 35849 op, 995011745.00 ns, 27.7556 us/op
WorkloadPilot    4: 36029 op, 456724327.00 ns, 12.6766 us/op
WorkloadPilot    5: 78886 op, 500401800.00 ns, 6.3434 us/op
WorkloadPilot    6: 157645 op, 1007215815.00 ns, 6.3891 us/op
WorkloadPilot    7: 156516 op, 1022902688.00 ns, 6.5355 us/op
WorkloadPilot    8: 153012 op, 979068435.00 ns, 6.3986 us/op
WorkloadPilot    9: 156283 op, 987240675.00 ns, 6.3170 us/op
WorkloadPilot   10: 158303 op, 1001639655.00 ns, 6.3274 us/op

WorkloadWarmup   1: 158303 op, 997931563.00 ns, 6.3039 us/op
WorkloadWarmup   2: 158303 op, 994268502.00 ns, 6.2808 us/op
WorkloadWarmup   3: 158303 op, 1020850480.00 ns, 6.4487 us/op
WorkloadWarmup   4: 158303 op, 1006430447.00 ns, 6.3576 us/op
WorkloadWarmup   5: 158303 op, 991152156.00 ns, 6.2611 us/op
WorkloadWarmup   6: 158303 op, 1011231195.00 ns, 6.3879 us/op
WorkloadWarmup   7: 158303 op, 1011418321.00 ns, 6.3891 us/op
WorkloadWarmup   8: 158303 op, 990002740.00 ns, 6.2538 us/op

// BeforeActualRun
WorkloadActual   1: 158303 op, 1004751880.00 ns, 6.3470 us/op
WorkloadActual   2: 158303 op, 992130497.00 ns, 6.2673 us/op
WorkloadActual   3: 158303 op, 999276804.00 ns, 6.3124 us/op
WorkloadActual   4: 158303 op, 1020457994.00 ns, 6.4462 us/op
WorkloadActual   5: 158303 op, 1012676669.00 ns, 6.3971 us/op
WorkloadActual   6: 158303 op, 1008606656.00 ns, 6.3714 us/op
WorkloadActual   7: 158303 op, 1007768585.00 ns, 6.3661 us/op
WorkloadActual   8: 158303 op, 1004433718.00 ns, 6.3450 us/op
WorkloadActual   9: 158303 op, 994698194.00 ns, 6.2835 us/op
WorkloadActual  10: 158303 op, 1017959393.00 ns, 6.4304 us/op
WorkloadActual  11: 158303 op, 1010650405.00 ns, 6.3843 us/op
WorkloadActual  12: 158303 op, 1016192906.00 ns, 6.4193 us/op
WorkloadActual  13: 158303 op, 1004031088.00 ns, 6.3425 us/op
WorkloadActual  14: 158303 op, 1007673345.00 ns, 6.3655 us/op
WorkloadActual  15: 158303 op, 1012543296.00 ns, 6.3962 us/op

// AfterActualRun
WorkloadResult   1: 158303 op, 1004751880.00 ns, 6.3470 us/op
WorkloadResult   2: 158303 op, 992130497.00 ns, 6.2673 us/op
WorkloadResult   3: 158303 op, 999276804.00 ns, 6.3124 us/op
WorkloadResult   4: 158303 op, 1020457994.00 ns, 6.4462 us/op
WorkloadResult   5: 158303 op, 1012676669.00 ns, 6.3971 us/op
WorkloadResult   6: 158303 op, 1008606656.00 ns, 6.3714 us/op
WorkloadResult   7: 158303 op, 1007768585.00 ns, 6.3661 us/op
WorkloadResult   8: 158303 op, 1004433718.00 ns, 6.3450 us/op
WorkloadResult   9: 158303 op, 994698194.00 ns, 6.2835 us/op
WorkloadResult  10: 158303 op, 1017959393.00 ns, 6.4304 us/op
WorkloadResult  11: 158303 op, 1010650405.00 ns, 6.3843 us/op
WorkloadResult  12: 158303 op, 1016192906.00 ns, 6.4193 us/op
WorkloadResult  13: 158303 op, 1004031088.00 ns, 6.3425 us/op
WorkloadResult  14: 158303 op, 1007673345.00 ns, 6.3655 us/op
WorkloadResult  15: 158303 op, 1012543296.00 ns, 6.3962 us/op

// AfterAll
// Benchmark Process 989720 has exited with code 0.

Mean = 6.365 μs, StdErr = 0.013 μs (0.21%), N = 15, StdDev = 0.051 μs
Min = 6.267 μs, Q1 = 6.344 μs, Median = 6.366 μs, Q3 = 6.397 μs, Max = 6.446 μs
IQR = 0.053 μs, LowerFence = 6.264 μs, UpperFence = 6.476 μs
ConfidenceInterval = [6.310 μs; 6.419 μs] (CI 99.9%), Margin = 0.055 μs (0.86% of Mean)
Skewness = -0.3, Kurtosis = 2.13, MValue = 2

// ** Remained 1 (10.0 %) benchmark(s) to run. Estimated finish 2026-05-17 13:52 (0h 0m from now) **
// **************************
// Benchmark: SmokeBenchByte.Utf8Json_Ser: Energy(OutlierMode=DontRemove, Affinity=00000100, IterationTime=1s)
// *** Execute ***
// Launch: 1 / 1
// Execute: dotnet JsonBench-Energy-1.dll --anonymousPipes 121 122 --benchmarkName JsonBench.Benchmarks.SmokeBenchByte.Utf8Json_Ser --job Energy --benchmarkId 9 in /home/test/json-energy-bench/JsonBench/bin/Release/net10.0/JsonBench-Energy-1/bin/Release/net10.0
// BeforeAnythingElse

// Benchmark Process Environment Information:
// BenchmarkDotNet v0.15.5-develop (2026-05-17)
// Runtime=.NET 10.0.7 (10.0.7, 10.0.726.21808), X64 RyuJIT x86-64-v3
// GC=Concurrent Workstation
// HardwareIntrinsics=AVX2+BMI1+BMI2+F16C+FMA+LZCNT+MOVBE,AVX,SSE3+SSSE3+SSE4.1+SSE4.2+POPCNT,X86Base+SSE+SSE2,AES+PCLMUL VectorSize=256
// Job: Energy(OutlierMode=DontRemove, Affinity=100, IterationTime=1s)

OverheadJitting  1: 1 op, 237835.00 ns, 237.8350 us/op
WorkloadJitting  1: 1 op, 85527375.00 ns, 85.5274 ms/op

WorkloadPilot    1: 4 op, 166413.00 ns, 41.6033 us/op
WorkloadPilot    2: 24037 op, 823845775.00 ns, 34.2741 us/op
WorkloadPilot    3: 29177 op, 1005727222.00 ns, 34.4699 us/op
WorkloadPilot    4: 29011 op, 207867635.00 ns, 7.1651 us/op
WorkloadPilot    5: 139565 op, 957851379.00 ns, 6.8631 us/op
WorkloadPilot    6: 145706 op, 1006971689.00 ns, 6.9110 us/op
WorkloadPilot    7: 144697 op, 1006683067.00 ns, 6.9572 us/op

WorkloadWarmup   1: 144697 op, 995265342.00 ns, 6.8783 us/op
WorkloadWarmup   2: 144697 op, 999290885.00 ns, 6.9061 us/op
WorkloadWarmup   3: 144697 op, 986727168.00 ns, 6.8193 us/op
WorkloadWarmup   4: 144697 op, 984878432.00 ns, 6.8065 us/op
WorkloadWarmup   5: 144697 op, 989871347.00 ns, 6.8410 us/op
WorkloadWarmup   6: 144697 op, 985025333.00 ns, 6.8075 us/op

// BeforeActualRun
WorkloadActual   1: 144697 op, 1000261684.00 ns, 6.9128 us/op
WorkloadActual   2: 144697 op, 991194791.00 ns, 6.8501 us/op
WorkloadActual   3: 144697 op, 986953100.00 ns, 6.8208 us/op
WorkloadActual   4: 144697 op, 980650082.00 ns, 6.7773 us/op
WorkloadActual   5: 144697 op, 1013650645.00 ns, 7.0053 us/op
WorkloadActual   6: 144697 op, 1003718642.00 ns, 6.9367 us/op
WorkloadActual   7: 144697 op, 978167338.00 ns, 6.7601 us/op
WorkloadActual   8: 144697 op, 990242227.00 ns, 6.8436 us/op
WorkloadActual   9: 144697 op, 986385026.00 ns, 6.8169 us/op
WorkloadActual  10: 144697 op, 980712014.00 ns, 6.7777 us/op
WorkloadActual  11: 144697 op, 1001149278.00 ns, 6.9189 us/op
WorkloadActual  12: 144697 op, 990647717.00 ns, 6.8464 us/op
WorkloadActual  13: 144697 op, 987026358.00 ns, 6.8213 us/op
WorkloadActual  14: 144697 op, 979741253.00 ns, 6.7710 us/op
WorkloadActual  15: 144697 op, 981591281.00 ns, 6.7838 us/op

// AfterActualRun
WorkloadResult   1: 144697 op, 1000261684.00 ns, 6.9128 us/op
WorkloadResult   2: 144697 op, 991194791.00 ns, 6.8501 us/op
WorkloadResult   3: 144697 op, 986953100.00 ns, 6.8208 us/op
WorkloadResult   4: 144697 op, 980650082.00 ns, 6.7773 us/op
WorkloadResult   5: 144697 op, 1013650645.00 ns, 7.0053 us/op
WorkloadResult   6: 144697 op, 1003718642.00 ns, 6.9367 us/op
WorkloadResult   7: 144697 op, 978167338.00 ns, 6.7601 us/op
WorkloadResult   8: 144697 op, 990242227.00 ns, 6.8436 us/op
WorkloadResult   9: 144697 op, 986385026.00 ns, 6.8169 us/op
WorkloadResult  10: 144697 op, 980712014.00 ns, 6.7777 us/op
WorkloadResult  11: 144697 op, 1001149278.00 ns, 6.9189 us/op
WorkloadResult  12: 144697 op, 990647717.00 ns, 6.8464 us/op
WorkloadResult  13: 144697 op, 987026358.00 ns, 6.8213 us/op
WorkloadResult  14: 144697 op, 979741253.00 ns, 6.7710 us/op
WorkloadResult  15: 144697 op, 981591281.00 ns, 6.7838 us/op

// AfterAll
// Benchmark Process 990124 has exited with code 0.

Mean = 6.843 μs, StdErr = 0.018 μs (0.27%), N = 15, StdDev = 0.072 μs
Min = 6.760 μs, Q1 = 6.781 μs, Median = 6.821 μs, Q3 = 6.881 μs, Max = 7.005 μs
IQR = 0.101 μs, LowerFence = 6.630 μs, UpperFence = 7.033 μs
ConfidenceInterval = [6.766 μs; 6.919 μs] (CI 99.9%), Margin = 0.076 μs (1.12% of Mean)
Skewness = 0.76, Kurtosis = 2.43, MValue = 2

// ** Remained 0 (0.0 %) benchmark(s) to run. Estimated finish 2026-05-17 13:52 (0h 0m from now) **
// ***** BenchmarkRunner: Finish  *****

// * Export *
  BenchmarkArtifacts/results/JsonBench.Benchmarks.SmokeBenchByte-report.csv
  BenchmarkArtifacts/results/JsonBench.Benchmarks.SmokeBenchByte-report-github.md
  BenchmarkArtifacts/results/JsonBench.Benchmarks.SmokeBenchByte-report.html
  BenchmarkArtifacts/results/JsonBench.Benchmarks.SmokeBenchByte-measurements.csv

// * Detailed results *
SmokeBenchByte.SpanJson_Deser: Energy(OutlierMode=DontRemove, Affinity=00000100, IterationTime=1s)
Runtime = .NET 10.0.7 (10.0.7, 10.0.726.21808), X64 RyuJIT x86-64-v3; GC = Concurrent Workstation
Mean = 7.484 μs, StdErr = 0.041 μs (0.55%), N = 34, StdDev = 0.241 μs
Min = 7.359 μs, Q1 = 7.368 μs, Median = 7.382 μs, Q3 = 7.431 μs, Max = 8.443 μs
IQR = 0.064 μs, LowerFence = 7.272 μs, UpperFence = 7.527 μs
ConfidenceInterval = [7.334 μs; 7.633 μs] (CI 99.9%), Margin = 0.150 μs (2.00% of Mean)
Skewness = 2.65, Kurtosis = 9.74, MValue = 2
-------------------- Histogram --------------------
[7.338 μs ; 7.534 μs) | @@@@@@@@@@@@@@@@@@@@@@@@@@@
[7.534 μs ; 7.759 μs) | @@@@@
[7.759 μs ; 8.104 μs) | 
[8.104 μs ; 8.345 μs) | @
[8.345 μs ; 8.541 μs) | @
---------------------------------------------------

SmokeBenchByte.STJSrcGen_Deser: Energy(OutlierMode=DontRemove, Affinity=00000100, IterationTime=1s)
Runtime = .NET 10.0.7 (10.0.7, 10.0.726.21808), X64 RyuJIT x86-64-v3; GC = Concurrent Workstation
Mean = 10.001 μs, StdErr = 0.029 μs (0.29%), N = 15, StdDev = 0.113 μs
Min = 9.924 μs, Q1 = 9.935 μs, Median = 9.937 μs, Q3 = 10.049 μs, Max = 10.331 μs
IQR = 0.114 μs, LowerFence = 9.763 μs, UpperFence = 10.220 μs
ConfidenceInterval = [9.880 μs; 10.122 μs] (CI 99.9%), Margin = 0.121 μs (1.21% of Mean)
Skewness = 1.65, Kurtosis = 4.97, MValue = 2
-------------------- Histogram --------------------
[9.863 μs ; 10.391 μs) | @@@@@@@@@@@@@@@
---------------------------------------------------

SmokeBenchByte.STJRefGen_Deser: Energy(OutlierMode=DontRemove, Affinity=00000100, IterationTime=1s)
Runtime = .NET 10.0.7 (10.0.7, 10.0.726.21808), X64 RyuJIT x86-64-v3; GC = Concurrent Workstation
Mean = 10.177 μs, StdErr = 0.026 μs (0.25%), N = 15, StdDev = 0.099 μs
Min = 10.104 μs, Q1 = 10.107 μs, Median = 10.142 μs, Q3 = 10.214 μs, Max = 10.430 μs
IQR = 0.107 μs, LowerFence = 9.946 μs, UpperFence = 10.375 μs
ConfidenceInterval = [10.071 μs; 10.283 μs] (CI 99.9%), Margin = 0.106 μs (1.04% of Mean)
Skewness = 1.25, Kurtosis = 3.33, MValue = 2
-------------------- Histogram --------------------
[10.051 μs ; 10.483 μs) | @@@@@@@@@@@@@@@
---------------------------------------------------

SmokeBenchByte.Utf8Json_Deser: Energy(OutlierMode=DontRemove, Affinity=00000100, IterationTime=1s)
Runtime = .NET 10.0.7 (10.0.7, 10.0.726.21808), X64 RyuJIT x86-64-v3; GC = Concurrent Workstation
Mean = 13.261 μs, StdErr = 0.031 μs (0.23%), N = 15, StdDev = 0.119 μs
Min = 13.121 μs, Q1 = 13.174 μs, Median = 13.227 μs, Q3 = 13.339 μs, Max = 13.531 μs
IQR = 0.165 μs, LowerFence = 12.926 μs, UpperFence = 13.587 μs
ConfidenceInterval = [13.134 μs; 13.388 μs] (CI 99.9%), Margin = 0.127 μs (0.96% of Mean)
Skewness = 0.77, Kurtosis = 2.41, MValue = 2
-------------------- Histogram --------------------
[13.057 μs ; 13.594 μs) | @@@@@@@@@@@@@@@
---------------------------------------------------

SmokeBenchByte.Newtonsoft_Deser: Energy(OutlierMode=DontRemove, Affinity=00000100, IterationTime=1s)
Runtime = .NET 10.0.7 (10.0.7, 10.0.726.21808), X64 RyuJIT x86-64-v3; GC = Concurrent Workstation
Mean = 18.857 μs, StdErr = 0.059 μs (0.31%), N = 15, StdDev = 0.227 μs
Min = 18.706 μs, Q1 = 18.736 μs, Median = 18.745 μs, Q3 = 18.902 μs, Max = 19.490 μs
IQR = 0.166 μs, LowerFence = 18.487 μs, UpperFence = 19.151 μs
ConfidenceInterval = [18.614 μs; 19.100 μs] (CI 99.9%), Margin = 0.243 μs (1.29% of Mean)
Skewness = 1.55, Kurtosis = 4.32, MValue = 2
-------------------- Histogram --------------------
[18.585 μs ; 19.611 μs) | @@@@@@@@@@@@@@@
---------------------------------------------------

SmokeBenchByte.STJSrcGen_Ser: Energy(OutlierMode=DontRemove, Affinity=00000100, IterationTime=1s)
Runtime = .NET 10.0.7 (10.0.7, 10.0.726.21808), X64 RyuJIT x86-64-v3; GC = Concurrent Workstation
Mean = 3.741 μs, StdErr = 0.015 μs (0.39%), N = 15, StdDev = 0.056 μs
Min = 3.716 μs, Q1 = 3.717 μs, Median = 3.718 μs, Q3 = 3.736 μs, Max = 3.935 μs
IQR = 0.019 μs, LowerFence = 3.689 μs, UpperFence = 3.764 μs
ConfidenceInterval = [3.681 μs; 3.801 μs] (CI 99.9%), Margin = 0.060 μs (1.61% of Mean)
Skewness = 2.68, Kurtosis = 9.38, MValue = 2
-------------------- Histogram --------------------
[3.706 μs ; 3.840 μs) | @@@@@@@@@@@@@@
[3.840 μs ; 3.965 μs) | @
---------------------------------------------------

SmokeBenchByte.STJRefGen_Ser: Energy(OutlierMode=DontRemove, Affinity=00000100, IterationTime=1s)
Runtime = .NET 10.0.7 (10.0.7, 10.0.726.21808), X64 RyuJIT x86-64-v3; GC = Concurrent Workstation
Mean = 4.634 μs, StdErr = 0.014 μs (0.29%), N = 15, StdDev = 0.052 μs
Min = 4.603 μs, Q1 = 4.604 μs, Median = 4.606 μs, Q3 = 4.649 μs, Max = 4.772 μs
IQR = 0.046 μs, LowerFence = 4.535 μs, UpperFence = 4.718 μs
ConfidenceInterval = [4.579 μs; 4.690 μs] (CI 99.9%), Margin = 0.056 μs (1.21% of Mean)
Skewness = 1.39, Kurtosis = 3.65, MValue = 2
-------------------- Histogram --------------------
[4.575 μs ; 4.800 μs) | @@@@@@@@@@@@@@@
---------------------------------------------------

SmokeBenchByte.SpanJson_Ser: Energy(OutlierMode=DontRemove, Affinity=00000100, IterationTime=1s)
Runtime = .NET 10.0.7 (10.0.7, 10.0.726.21808), X64 RyuJIT x86-64-v3; GC = Concurrent Workstation
Mean = 6.365 μs, StdErr = 0.013 μs (0.21%), N = 15, StdDev = 0.051 μs
Min = 6.267 μs, Q1 = 6.344 μs, Median = 6.366 μs, Q3 = 6.397 μs, Max = 6.446 μs
IQR = 0.053 μs, LowerFence = 6.264 μs, UpperFence = 6.476 μs
ConfidenceInterval = [6.310 μs; 6.419 μs] (CI 99.9%), Margin = 0.055 μs (0.86% of Mean)
Skewness = -0.3, Kurtosis = 2.13, MValue = 2
-------------------- Histogram --------------------
[6.240 μs ; 6.473 μs) | @@@@@@@@@@@@@@@
---------------------------------------------------

SmokeBenchByte.Utf8Json_Ser: Energy(OutlierMode=DontRemove, Affinity=00000100, IterationTime=1s)
Runtime = .NET 10.0.7 (10.0.7, 10.0.726.21808), X64 RyuJIT x86-64-v3; GC = Concurrent Workstation
Mean = 6.843 μs, StdErr = 0.018 μs (0.27%), N = 15, StdDev = 0.072 μs
Min = 6.760 μs, Q1 = 6.781 μs, Median = 6.821 μs, Q3 = 6.881 μs, Max = 7.005 μs
IQR = 0.101 μs, LowerFence = 6.630 μs, UpperFence = 7.033 μs
ConfidenceInterval = [6.766 μs; 6.919 μs] (CI 99.9%), Margin = 0.076 μs (1.12% of Mean)
Skewness = 0.76, Kurtosis = 2.43, MValue = 2
-------------------- Histogram --------------------
[6.746 μs ; 7.043 μs) | @@@@@@@@@@@@@@@
---------------------------------------------------

SmokeBenchByte.Newtonsoft_Ser: Energy(OutlierMode=DontRemove, Affinity=00000100, IterationTime=1s)
Runtime = .NET 10.0.7 (10.0.7, 10.0.726.21808), X64 RyuJIT x86-64-v3; GC = Concurrent Workstation
Mean = 11.845 μs, StdErr = 0.040 μs (0.34%), N = 15, StdDev = 0.155 μs
Min = 11.713 μs, Q1 = 11.740 μs, Median = 11.760 μs, Q3 = 11.953 μs, Max = 12.156 μs
IQR = 0.213 μs, LowerFence = 11.421 μs, UpperFence = 12.272 μs
ConfidenceInterval = [11.679 μs; 12.011 μs] (CI 99.9%), Margin = 0.166 μs (1.40% of Mean)
Skewness = 0.87, Kurtosis = 1.97, MValue = 2
-------------------- Histogram --------------------
[11.668 μs ; 11.981 μs) | @@@@@@@@@@@
[11.981 μs ; 12.239 μs) | @@@@
---------------------------------------------------

// * Summary *

BenchmarkDotNet v0.15.5-develop (2026-05-17), Linux Ubuntu 24.04.4 LTS (Noble Numbat)
Intel Core i9-9900K CPU 3.60GHz (Coffee Lake), 1 CPU, 8 logical and 8 physical cores
.NET SDK 10.0.107
  [Host] : .NET 10.0.7 (10.0.7, 10.0.726.21808), X64 RyuJIT x86-64-v3
  Energy : .NET 10.0.7 (10.0.7, 10.0.726.21808), X64 RyuJIT x86-64-v3

Job=Energy  OutlierMode=DontRemove  Affinity=00000100  
IterationTime=1s  

| Method           | Mean      | Error     | StdDev    | Operations | Iterations | Metrion CPU Energy (uJ/op) | Metrion CPU Energy (uJ/iter) |
|----------------- |----------:|----------:|----------:|-----------:|-----------:|---------------------------:|-----------------------------:|
| SpanJson_Deser   |  7.484 μs | 0.1495 μs | 0.2415 μs |     44,387 |      34.00 |                     127.67 |                   5667107.33 |
| STJSrcGen_Deser  | 10.001 μs | 0.1212 μs | 0.1134 μs |    100,896 |      15.00 |                     142.09 |                  14336447.16 |
| STJRefGen_Deser  | 10.177 μs | 0.1059 μs | 0.0990 μs |     98,896 |      15.00 |                     125.04 |                  12365635.18 |
| Utf8Json_Deser   | 13.261 μs | 0.1272 μs | 0.1190 μs |     76,079 |      15.00 |                     164.01 |                  12478065.76 |
| Newtonsoft_Deser | 18.857 μs | 0.2431 μs | 0.2274 μs |     53,536 |      15.00 |                     254.49 |                  13624223.81 |
|                  |           |           |           |            |            |                            |                              |
| STJSrcGen_Ser    |  3.741 μs | 0.0602 μs | 0.0563 μs |    262,880 |      15.00 |                      55.26 |                  14526493.13 |
| STJRefGen_Ser    |  4.634 μs | 0.0559 μs | 0.0523 μs |    217,776 |      15.00 |                      57.44 |                  12508453.67 |
| SpanJson_Ser     |  6.365 μs | 0.0545 μs | 0.0510 μs |    158,303 |      15.00 |                      66.79 |                  10573103.12 |
| Utf8Json_Ser     |  6.843 μs | 0.0765 μs | 0.0715 μs |    144,697 |      15.00 |                     112.00 |                  16206435.13 |
| Newtonsoft_Ser   | 11.845 μs | 0.1660 μs | 0.1553 μs |     85,616 |      15.00 |                     162.52 |                  13913931.32 |

// * Hints *
Outliers
  SmokeBenchByte.SpanJson_Deser: Energy   -> 7 outliers were detected (7.57 μs..8.44 μs)
  SmokeBenchByte.STJSrcGen_Deser: Energy  -> 1 outlier  was  detected (10.33 μs)
  SmokeBenchByte.STJRefGen_Deser: Energy  -> 1 outlier  was  detected (10.43 μs)
  SmokeBenchByte.Newtonsoft_Deser: Energy -> 1 outlier  was  detected (19.49 μs)
  SmokeBenchByte.STJSrcGen_Ser: Energy    -> 2 outliers were detected (3.77 μs, 3.94 μs)
  SmokeBenchByte.STJRefGen_Ser: Energy    -> 1 outlier  was  detected (4.78 μs)

// * Legends *
  Mean                         : Arithmetic mean of all measurements
  Error                        : Half of 99.9% confidence interval
  StdDev                       : Standard deviation of all measurements
  Operations                   : Actual invocations per measured iteration (from measurements)
  Iterations                   : Number of target iterations
  Metrion CPU Energy (uJ/op)   : Average CPU core energy consumed per benchmark operation (uJ), captured with Metrion.
  Metrion CPU Energy (uJ/iter) : Average CPU core energy consumed per benchmark iteration (uJ), captured with Metrion.
  1 μs                         : 1 Microsecond (0.000001 sec)

// * Diagnostic Output - MetrionEnergyProfiler *
Metrion measured the energy for a total of 10 benchmarks.
The database files for each benchmark were stored in the Artifacts folder. e.g: 
/home/test/json-energy-bench/BenchmarkArtifacts/metrion/JsonBench.Benchmarks.SmokeBenchByte.STJRefGen_Deser-20260517-134640.pid986487.db
The measurements details of Actual Stage for each benchmark:
BenchmarkMethod - StartTimestamp - EndTimestamp - TotalEnergyFromSummary - TotalEnergyFromRawMeasurements
STJRefGen_Deser: 2026-05-17T13:46:13.893008 - 2026-05-17T13:46:29.036746 - 191.1280366452147 - 185.48452767660865
STJSrcGen_Deser: 2026-05-17T13:47:01.299556 - 2026-05-17T13:47:16.478182 - 206.8583529481794 - 215.04670735414513
Newtonsoft_Deser: 2026-05-17T13:47:46.601455 - 2026-05-17T13:48:01.780263 - 205.6350588968152 - 204.36335709405247
SpanJson_Deser: 2026-05-17T13:48:20.074395 - 2026-05-17T13:48:31.474895 - 177.26258762414054 - 192.68164934861892
Utf8Json_Deser: 2026-05-17T13:48:58.734406 - 2026-05-17T13:49:13.916049 - 187.7077718468828 - 187.170986349919
STJRefGen_Ser: 2026-05-17T13:49:41.885007 - 2026-05-17T13:49:57.065980 - 193.01193774554085 - 187.62680503392977
STJSrcGen_Ser: 2026-05-17T13:50:20.558060 - 2026-05-17T13:50:35.362948 - 220.03375828944493 - 217.8973969346242
Newtonsoft_Ser: 2026-05-17T13:51:06.196365 - 2026-05-17T13:51:21.448810 - 201.71441506554146 - 208.7089697960131
SpanJson_Ser: 2026-05-17T13:51:48.852980 - 2026-05-17T13:52:04.015178 - 159.0438665554714 - 158.5965468065914
Utf8Json_Ser: 2026-05-17T13:52:27.190394 - 2026-05-17T13:52:42.081025 - 242.938259821959 - 243.09652694102235


// ***** BenchmarkRunner: End *****
Run time: 00:06:58 (418.59 sec), executed benchmarks: 10

Global total time: 00:07:05 (425.81 sec), executed benchmarks: 10
// * Artifacts cleanup *
Artifacts cleanup is finished
