// Validating benchmarks:
// ***** BenchmarkRunner: Start   *****
// ***** Found 10 benchmark(s) in total *****
// ***** Building 1 exe(s) in Parallel: Start   *****
// start dotnet  restore --nodeReuse:false /p:UseSharedCompilation=false /p:Deterministic=true /p:Optimize=true /p:ArtifactsPath="/home/test/json-energy-bench/JsonBench/bin/Release/net10.0/JsonBench-Energy-1/" /p:OutDir="/home/test/json-energy-bench/JsonBench/bin/Release/net10.0/JsonBench-Energy-1/bin/Release/net10.0/" /p:OutputPath="/home/test/json-energy-bench/JsonBench/bin/Release/net10.0/JsonBench-Energy-1/bin/Release/net10.0/" /p:PublishDir="/home/test/json-energy-bench/JsonBench/bin/Release/net10.0/JsonBench-Energy-1/publish/" in /home/test/json-energy-bench/JsonBench/bin/Release/net10.0/JsonBench-Energy-1
// command took 1.61 sec and exited with 0
// start dotnet  build -c Release --no-restore --nodeReuse:false /p:UseSharedCompilation=false /p:Deterministic=true /p:Optimize=true /p:ArtifactsPath="/home/test/json-energy-bench/JsonBench/bin/Release/net10.0/JsonBench-Energy-1/" /p:OutDir="/home/test/json-energy-bench/JsonBench/bin/Release/net10.0/JsonBench-Energy-1/bin/Release/net10.0/" /p:OutputPath="/home/test/json-energy-bench/JsonBench/bin/Release/net10.0/JsonBench-Energy-1/bin/Release/net10.0/" /p:PublishDir="/home/test/json-energy-bench/JsonBench/bin/Release/net10.0/JsonBench-Energy-1/publish/" --output "/home/test/json-energy-bench/JsonBench/bin/Release/net10.0/JsonBench-Energy-1/bin/Release/net10.0/" in /home/test/json-energy-bench/JsonBench/bin/Release/net10.0/JsonBench-Energy-1
// command took 5.3 sec and exited with 0
// ***** Done, took 00:00:06 (6.99 sec)   *****
// Found 10 benchmarks:
//   SmokeBenchByte.STJRefGen_Deser: Energy(OutlierMode=DontRemove, Affinity=00000100, IterationTime=1s)
//   SmokeBenchByte.STJSrcGen_Deser: Energy(OutlierMode=DontRemove, Affinity=00000100, IterationTime=1s)
//   SmokeBenchByte.Newtonsoft_Deser: Energy(OutlierMode=DontRemove, Affinity=00000100, IterationTime=1s)
//   SmokeBenchByte.SpanJson_Deser: Energy(OutlierMode=DontRemove, Affinity=00000100, IterationTime=1s)
//   SmokeBenchByte.Utf8Json_Deser: Energy(OutlierMode=DontRemove, Affinity=00000100, IterationTime=1s)
//   SmokeBenchByte.STJRefGen_Ser: Energy(OutlierMode=DontRemove, Affinity=00000100, IterationTime=1s)
//   SmokeBenchByte.STJSrcGen_Ser: Energy(OutlierMode=DontRemove, Affinity=00000100, IterationTime=1s)
//   SmokeBenchByte.Newtonsoft_Ser: Energy(OutlierMode=DontRemove, Affinity=00000100, IterationTime=1s)
//   SmokeBenchByte.SpanJson_Ser: Energy(OutlierMode=DontRemove, Affinity=00000100, IterationTime=1s)
//   SmokeBenchByte.Utf8Json_Ser: Energy(OutlierMode=DontRemove, Affinity=00000100, IterationTime=1s)

// **************************
// Benchmark: SmokeBenchByte.STJRefGen_Deser: Energy(OutlierMode=DontRemove, Affinity=00000100, IterationTime=1s)
// *** Execute ***
// Launch: 1 / 1
// Execute: dotnet JsonBench-Energy-1.dll --anonymousPipes 160 161 --benchmarkName JsonBench.Benchmarks.SmokeBenchByte.STJRefGen_Deser --job Energy --benchmarkId 0 in /home/test/json-energy-bench/JsonBench/bin/Release/net10.0/JsonBench-Energy-1/bin/Release/net10.0
// BeforeAnythingElse

// Benchmark Process Environment Information:
// BenchmarkDotNet v0.15.5-develop (2026-05-26)
// Runtime=.NET 10.0.8 (10.0.8, 10.0.826.23019), X64 RyuJIT x86-64-v3
// GC=Concurrent Workstation
// HardwareIntrinsics=AVX2+BMI1+BMI2+F16C+FMA+LZCNT+MOVBE,AVX,SSE3+SSSE3+SSE4.1+SSE4.2+POPCNT,X86Base+SSE+SSE2,AES+PCLMUL VectorSize=256
// Job: Energy(OutlierMode=DontRemove, Affinity=100, IterationTime=1s)

OverheadJitting  1: 1 op, 239392.00 ns, 239.3920 us/op
WorkloadJitting  1: 1 op, 335218.00 ns, 335.2180 us/op

OverheadJitting  2: 16 op, 650166.00 ns, 40.6354 us/op
WorkloadJitting  2: 16 op, 1101327.00 ns, 68.8329 us/op

WorkloadPilot    1: 16 op, 382076.00 ns, 23.8798 us/op
WorkloadPilot    2: 41888 op, 949926443.00 ns, 22.6778 us/op
WorkloadPilot    3: 44096 op, 1080465483.00 ns, 24.5026 us/op
WorkloadPilot    4: 40816 op, 1306140309.00 ns, 32.0007 us/op
WorkloadPilot    5: 31264 op, 889324747.00 ns, 28.4456 us/op
WorkloadPilot    6: 35168 op, 372412536.00 ns, 10.5895 us/op
WorkloadPilot    7: 94448 op, 963748286.00 ns, 10.2040 us/op
WorkloadPilot    8: 98016 op, 993563968.00 ns, 10.1368 us/op
WorkloadPilot    9: 98656 op, 994418767.00 ns, 10.0797 us/op
WorkloadPilot   10: 99216 op, 999855680.00 ns, 10.0776 us/op
WorkloadPilot   11: 99232 op, 1004036211.00 ns, 10.1181 us/op

OverheadWarmup   1: 99232 op, 447958.00 ns, 4.5142 ns/op
OverheadWarmup   2: 99232 op, 441817.00 ns, 4.4524 ns/op
OverheadWarmup   3: 99232 op, 443107.00 ns, 4.4654 ns/op
OverheadWarmup   4: 99232 op, 444256.00 ns, 4.4769 ns/op
OverheadWarmup   5: 99232 op, 443064.00 ns, 4.4649 ns/op
OverheadWarmup   6: 99232 op, 442356.00 ns, 4.4578 ns/op
OverheadWarmup   7: 99232 op, 445574.00 ns, 4.4902 ns/op
OverheadWarmup   8: 99232 op, 443074.00 ns, 4.4650 ns/op

OverheadActual   1: 99232 op, 442464.00 ns, 4.4589 ns/op
OverheadActual   2: 99232 op, 448014.00 ns, 4.5148 ns/op
OverheadActual   3: 99232 op, 446249.00 ns, 4.4970 ns/op
OverheadActual   4: 99232 op, 451238.00 ns, 4.5473 ns/op
OverheadActual   5: 99232 op, 443103.00 ns, 4.4653 ns/op
OverheadActual   6: 99232 op, 446007.00 ns, 4.4946 ns/op
OverheadActual   7: 99232 op, 441939.00 ns, 4.4536 ns/op
OverheadActual   8: 99232 op, 442240.00 ns, 4.4566 ns/op
OverheadActual   9: 99232 op, 446220.00 ns, 4.4967 ns/op
OverheadActual  10: 99232 op, 442200.00 ns, 4.4562 ns/op
OverheadActual  11: 99232 op, 446286.00 ns, 4.4974 ns/op
OverheadActual  12: 99232 op, 446198.00 ns, 4.4965 ns/op
OverheadActual  13: 99232 op, 441910.00 ns, 4.4533 ns/op
OverheadActual  14: 99232 op, 446812.00 ns, 4.5027 ns/op
OverheadActual  15: 99232 op, 442531.00 ns, 4.4596 ns/op

WorkloadWarmup   1: 99232 op, 1003311229.00 ns, 10.1108 us/op
WorkloadWarmup   2: 99232 op, 1074152586.00 ns, 10.8247 us/op
WorkloadWarmup   3: 99232 op, 1027092775.00 ns, 10.3504 us/op
WorkloadWarmup   4: 99232 op, 998881744.00 ns, 10.0661 us/op
WorkloadWarmup   5: 99232 op, 998527711.00 ns, 10.0626 us/op
WorkloadWarmup   6: 99232 op, 999957868.00 ns, 10.0770 us/op
WorkloadWarmup   7: 99232 op, 1018948524.00 ns, 10.2683 us/op
WorkloadWarmup   8: 99232 op, 998931700.00 ns, 10.0666 us/op

// BeforeActualRun
WorkloadActual   1: 99232 op, 1000435394.00 ns, 10.0818 us/op
WorkloadActual   2: 99232 op, 1004191657.00 ns, 10.1196 us/op
WorkloadActual   3: 99232 op, 1003393683.00 ns, 10.1116 us/op
WorkloadActual   4: 99232 op, 1020462936.00 ns, 10.2836 us/op
WorkloadActual   5: 99232 op, 1007295471.00 ns, 10.1509 us/op
WorkloadActual   6: 99232 op, 1003443346.00 ns, 10.1121 us/op
WorkloadActual   7: 99232 op, 1001500787.00 ns, 10.0925 us/op
WorkloadActual   8: 99232 op, 1003069280.00 ns, 10.1083 us/op
WorkloadActual   9: 99232 op, 1043349922.00 ns, 10.5142 us/op
WorkloadActual  10: 99232 op, 1022662618.00 ns, 10.3058 us/op
WorkloadActual  11: 99232 op, 1001436001.00 ns, 10.0919 us/op
WorkloadActual  12: 99232 op, 1001972582.00 ns, 10.0973 us/op
WorkloadActual  13: 99232 op, 1003576867.00 ns, 10.1134 us/op
WorkloadActual  14: 99232 op, 1006472809.00 ns, 10.1426 us/op
WorkloadActual  15: 99232 op, 1020700109.00 ns, 10.2860 us/op

// AfterActualRun
WorkloadResult   1: 99232 op, 999989387.00 ns, 10.0773 us/op
WorkloadResult   2: 99232 op, 1003745650.00 ns, 10.1151 us/op
WorkloadResult   3: 99232 op, 1002947676.00 ns, 10.1071 us/op
WorkloadResult   4: 99232 op, 1020016929.00 ns, 10.2791 us/op
WorkloadResult   5: 99232 op, 1006849464.00 ns, 10.1464 us/op
WorkloadResult   6: 99232 op, 1002997339.00 ns, 10.1076 us/op
WorkloadResult   7: 99232 op, 1001054780.00 ns, 10.0880 us/op
WorkloadResult   8: 99232 op, 1002623273.00 ns, 10.1038 us/op
WorkloadResult   9: 99232 op, 1042903915.00 ns, 10.5098 us/op
WorkloadResult  10: 99232 op, 1022216611.00 ns, 10.3013 us/op
WorkloadResult  11: 99232 op, 1000989994.00 ns, 10.0874 us/op
WorkloadResult  12: 99232 op, 1001526575.00 ns, 10.0928 us/op
WorkloadResult  13: 99232 op, 1003130860.00 ns, 10.1089 us/op
WorkloadResult  14: 99232 op, 1006026802.00 ns, 10.1381 us/op
WorkloadResult  15: 99232 op, 1020254102.00 ns, 10.2815 us/op

// AfterAll
// Benchmark Process 1005163 has exited with code 0.

Mean = 10.170 μs, StdErr = 0.031 μs (0.31%), N = 15, StdDev = 0.121 μs
Min = 10.077 μs, Q1 = 10.098 μs, Median = 10.109 μs, Q3 = 10.213 μs, Max = 10.510 μs
IQR = 0.114 μs, LowerFence = 9.927 μs, UpperFence = 10.384 μs
ConfidenceInterval = [10.040 μs; 10.299 μs] (CI 99.9%), Margin = 0.130 μs (1.27% of Mean)
Skewness = 1.53, Kurtosis = 4.4, MValue = 2

// ** Remained 9 (90.0 %) benchmark(s) to run. Estimated finish 2026-05-26 18:22 (0h 6m from now) **
// **************************
// Benchmark: SmokeBenchByte.STJSrcGen_Deser: Energy(OutlierMode=DontRemove, Affinity=00000100, IterationTime=1s)
// *** Execute ***
// Launch: 1 / 1
// Execute: dotnet JsonBench-Energy-1.dll --anonymousPipes 125 126 --benchmarkName JsonBench.Benchmarks.SmokeBenchByte.STJSrcGen_Deser --job Energy --benchmarkId 1 in /home/test/json-energy-bench/JsonBench/bin/Release/net10.0/JsonBench-Energy-1/bin/Release/net10.0
// BeforeAnythingElse

// Benchmark Process Environment Information:
// BenchmarkDotNet v0.15.5-develop (2026-05-26)
// Runtime=.NET 10.0.8 (10.0.8, 10.0.826.23019), X64 RyuJIT x86-64-v3
// GC=Concurrent Workstation
// HardwareIntrinsics=AVX2+BMI1+BMI2+F16C+FMA+LZCNT+MOVBE,AVX,SSE3+SSSE3+SSE4.1+SSE4.2+POPCNT,X86Base+SSE+SSE2,AES+PCLMUL VectorSize=256
// Job: Energy(OutlierMode=DontRemove, Affinity=100, IterationTime=1s)

OverheadJitting  1: 1 op, 237706.00 ns, 237.7060 us/op
WorkloadJitting  1: 1 op, 11247526.00 ns, 11.2475 ms/op

OverheadJitting  2: 16 op, 657344.00 ns, 41.0840 us/op
WorkloadJitting  2: 16 op, 1101296.00 ns, 68.8310 us/op

WorkloadPilot    1: 16 op, 453760.00 ns, 28.3600 us/op
WorkloadPilot    2: 35264 op, 806067604.00 ns, 22.8581 us/op
WorkloadPilot    3: 43760 op, 1005816106.00 ns, 22.9848 us/op
WorkloadPilot    4: 43520 op, 1473814405.00 ns, 33.8652 us/op
WorkloadPilot    5: 29536 op, 909777626.00 ns, 30.8023 us/op
WorkloadPilot    6: 32480 op, 339923824.00 ns, 10.4656 us/op
WorkloadPilot    7: 95552 op, 948048486.00 ns, 9.9218 us/op
WorkloadPilot    8: 100800 op, 999192711.00 ns, 9.9126 us/op
WorkloadPilot    9: 100896 op, 994707040.00 ns, 9.8587 us/op
WorkloadPilot   10: 101440 op, 999235701.00 ns, 9.8505 us/op
WorkloadPilot   11: 101520 op, 998417682.00 ns, 9.8347 us/op
WorkloadPilot   12: 101696 op, 1005884181.00 ns, 9.8911 us/op

OverheadWarmup   1: 101696 op, 445518.00 ns, 4.3809 ns/op
OverheadWarmup   2: 101696 op, 445209.00 ns, 4.3778 ns/op
OverheadWarmup   3: 101696 op, 444819.00 ns, 4.3740 ns/op
OverheadWarmup   4: 101696 op, 450931.00 ns, 4.4341 ns/op
OverheadWarmup   5: 101696 op, 444775.00 ns, 4.3736 ns/op
OverheadWarmup   6: 101696 op, 448545.00 ns, 4.4106 ns/op
OverheadWarmup   7: 101696 op, 446311.00 ns, 4.3887 ns/op

OverheadActual   1: 101696 op, 446642.00 ns, 4.3919 ns/op
OverheadActual   2: 101696 op, 449975.00 ns, 4.4247 ns/op
OverheadActual   3: 101696 op, 453595.00 ns, 4.4603 ns/op
OverheadActual   4: 101696 op, 446500.00 ns, 4.3905 ns/op
OverheadActual   5: 101696 op, 449946.00 ns, 4.4244 ns/op
OverheadActual   6: 101696 op, 446525.00 ns, 4.3908 ns/op
OverheadActual   7: 101696 op, 454289.00 ns, 4.4671 ns/op
OverheadActual   8: 101696 op, 446512.00 ns, 4.3907 ns/op
OverheadActual   9: 101696 op, 449381.00 ns, 4.4189 ns/op
OverheadActual  10: 101696 op, 446489.00 ns, 4.3904 ns/op
OverheadActual  11: 101696 op, 446363.00 ns, 4.3892 ns/op
OverheadActual  12: 101696 op, 449901.00 ns, 4.4240 ns/op
OverheadActual  13: 101696 op, 446574.00 ns, 4.3913 ns/op
OverheadActual  14: 101696 op, 449456.00 ns, 4.4196 ns/op
OverheadActual  15: 101696 op, 446572.00 ns, 4.3912 ns/op

WorkloadWarmup   1: 101696 op, 1027071921.00 ns, 10.0994 us/op
WorkloadWarmup   2: 101696 op, 1055482647.00 ns, 10.3788 us/op
WorkloadWarmup   3: 101696 op, 1019564806.00 ns, 10.0256 us/op
WorkloadWarmup   4: 101696 op, 1000368439.00 ns, 9.8369 us/op
WorkloadWarmup   5: 101696 op, 1000414847.00 ns, 9.8373 us/op
WorkloadWarmup   6: 101696 op, 1019558449.00 ns, 10.0256 us/op
WorkloadWarmup   7: 101696 op, 1001415256.00 ns, 9.8471 us/op

// BeforeActualRun
WorkloadActual   1: 101696 op, 1002742978.00 ns, 9.8602 us/op
WorkloadActual   2: 101696 op, 1004090248.00 ns, 9.8734 us/op
WorkloadActual   3: 101696 op, 1003937923.00 ns, 9.8720 us/op
WorkloadActual   4: 101696 op, 1026000083.00 ns, 10.0889 us/op
WorkloadActual   5: 101696 op, 1008462004.00 ns, 9.9164 us/op
WorkloadActual   6: 101696 op, 1004931607.00 ns, 9.8817 us/op
WorkloadActual   7: 101696 op, 1004154920.00 ns, 9.8741 us/op
WorkloadActual   8: 101696 op, 1004945582.00 ns, 9.8819 us/op
WorkloadActual   9: 101696 op, 1004433655.00 ns, 9.8768 us/op
WorkloadActual  10: 101696 op, 1067136804.00 ns, 10.4934 us/op
WorkloadActual  11: 101696 op, 1001834334.00 ns, 9.8513 us/op
WorkloadActual  12: 101696 op, 1000212373.00 ns, 9.8353 us/op
WorkloadActual  13: 101696 op, 1002683057.00 ns, 9.8596 us/op
WorkloadActual  14: 101696 op, 1003653587.00 ns, 9.8692 us/op
WorkloadActual  15: 101696 op, 1022090514.00 ns, 10.0504 us/op

// AfterActualRun
WorkloadResult   1: 101696 op, 1002296336.00 ns, 9.8558 us/op
WorkloadResult   2: 101696 op, 1003643606.00 ns, 9.8691 us/op
WorkloadResult   3: 101696 op, 1003491281.00 ns, 9.8676 us/op
WorkloadResult   4: 101696 op, 1025553441.00 ns, 10.0845 us/op
WorkloadResult   5: 101696 op, 1008015362.00 ns, 9.9120 us/op
WorkloadResult   6: 101696 op, 1004484965.00 ns, 9.8773 us/op
WorkloadResult   7: 101696 op, 1003708278.00 ns, 9.8697 us/op
WorkloadResult   8: 101696 op, 1004498940.00 ns, 9.8775 us/op
WorkloadResult   9: 101696 op, 1003987013.00 ns, 9.8724 us/op
WorkloadResult  10: 101696 op, 1066690162.00 ns, 10.4890 us/op
WorkloadResult  11: 101696 op, 1001387692.00 ns, 9.8469 us/op
WorkloadResult  12: 101696 op, 999765731.00 ns, 9.8309 us/op
WorkloadResult  13: 101696 op, 1002236415.00 ns, 9.8552 us/op
WorkloadResult  14: 101696 op, 1003206945.00 ns, 9.8648 us/op
WorkloadResult  15: 101696 op, 1021643872.00 ns, 10.0461 us/op

// AfterAll
// Benchmark Process 1005522 has exited with code 0.

Mean = 9.935 μs, StdErr = 0.044 μs (0.44%), N = 15, StdDev = 0.169 μs
Min = 9.831 μs, Q1 = 9.860 μs, Median = 9.870 μs, Q3 = 9.895 μs, Max = 10.489 μs
IQR = 0.034 μs, LowerFence = 9.809 μs, UpperFence = 9.946 μs
ConfidenceInterval = [9.753 μs; 10.116 μs] (CI 99.9%), Margin = 0.181 μs (1.82% of Mean)
Skewness = 2.34, Kurtosis = 7.72, MValue = 2

// ** Remained 8 (80.0 %) benchmark(s) to run. Estimated finish 2026-05-26 18:23 (0h 6m from now) **
// **************************
// Benchmark: SmokeBenchByte.Newtonsoft_Deser: Energy(OutlierMode=DontRemove, Affinity=00000100, IterationTime=1s)
// *** Execute ***
// Launch: 1 / 1
// Execute: dotnet JsonBench-Energy-1.dll --anonymousPipes 125 126 --benchmarkName JsonBench.Benchmarks.SmokeBenchByte.Newtonsoft_Deser --job Energy --benchmarkId 2 in /home/test/json-energy-bench/JsonBench/bin/Release/net10.0/JsonBench-Energy-1/bin/Release/net10.0
// BeforeAnythingElse

// Benchmark Process Environment Information:
// BenchmarkDotNet v0.15.5-develop (2026-05-26)
// Runtime=.NET 10.0.8 (10.0.8, 10.0.826.23019), X64 RyuJIT x86-64-v3
// GC=Concurrent Workstation
// HardwareIntrinsics=AVX2+BMI1+BMI2+F16C+FMA+LZCNT+MOVBE,AVX,SSE3+SSSE3+SSE4.1+SSE4.2+POPCNT,X86Base+SSE+SSE2,AES+PCLMUL VectorSize=256
// Job: Energy(OutlierMode=DontRemove, Affinity=100, IterationTime=1s)

OverheadJitting  1: 1 op, 237352.00 ns, 237.3520 us/op
WorkloadJitting  1: 1 op, 62429595.00 ns, 62.4296 ms/op

OverheadJitting  2: 16 op, 647227.00 ns, 40.4517 us/op
WorkloadJitting  2: 16 op, 2446452.00 ns, 152.9033 us/op

WorkloadPilot    1: 16 op, 1684013.00 ns, 105.2508 us/op
WorkloadPilot    2: 9504 op, 854844632.00 ns, 89.9458 us/op
WorkloadPilot    3: 11120 op, 1067437766.00 ns, 95.9926 us/op
WorkloadPilot    4: 10432 op, 1353336467.00 ns, 129.7293 us/op
WorkloadPilot    5: 7712 op, 816588563.00 ns, 105.8854 us/op
WorkloadPilot    6: 9456 op, 255600085.00 ns, 27.0305 us/op
WorkloadPilot    7: 37008 op, 744923839.00 ns, 20.1287 us/op
WorkloadPilot    8: 49680 op, 989267976.00 ns, 19.9128 us/op
WorkloadPilot    9: 50224 op, 998160993.00 ns, 19.8742 us/op
WorkloadPilot   10: 50320 op, 998874797.00 ns, 19.8505 us/op
WorkloadPilot   11: 50384 op, 1005697476.00 ns, 19.9607 us/op

OverheadWarmup   1: 50384 op, 222403.00 ns, 4.4142 ns/op
OverheadWarmup   2: 50384 op, 221909.00 ns, 4.4044 ns/op
OverheadWarmup   3: 50384 op, 221717.00 ns, 4.4005 ns/op
OverheadWarmup   4: 50384 op, 221715.00 ns, 4.4005 ns/op
OverheadWarmup   5: 50384 op, 221114.00 ns, 4.3886 ns/op
OverheadWarmup   6: 50384 op, 221682.00 ns, 4.3998 ns/op
OverheadWarmup   7: 50384 op, 221605.00 ns, 4.3983 ns/op
OverheadWarmup   8: 50384 op, 221664.00 ns, 4.3995 ns/op
OverheadWarmup   9: 50384 op, 221067.00 ns, 4.3876 ns/op

OverheadActual   1: 50384 op, 225146.00 ns, 4.4686 ns/op
OverheadActual   2: 50384 op, 221751.00 ns, 4.4012 ns/op
OverheadActual   3: 50384 op, 221659.00 ns, 4.3994 ns/op
OverheadActual   4: 50384 op, 221103.00 ns, 4.3884 ns/op
OverheadActual   5: 50384 op, 221716.00 ns, 4.4005 ns/op
OverheadActual   6: 50384 op, 221687.00 ns, 4.3999 ns/op
OverheadActual   7: 50384 op, 221698.00 ns, 4.4002 ns/op
OverheadActual   8: 50384 op, 224863.00 ns, 4.4630 ns/op
OverheadActual   9: 50384 op, 221078.00 ns, 4.3879 ns/op
OverheadActual  10: 50384 op, 221644.00 ns, 4.3991 ns/op
OverheadActual  11: 50384 op, 224879.00 ns, 4.4633 ns/op
OverheadActual  12: 50384 op, 221622.00 ns, 4.3987 ns/op
OverheadActual  13: 50384 op, 221086.00 ns, 4.3880 ns/op
OverheadActual  14: 50384 op, 221632.00 ns, 4.3989 ns/op
OverheadActual  15: 50384 op, 221624.00 ns, 4.3987 ns/op

WorkloadWarmup   1: 50384 op, 1003170203.00 ns, 19.9105 us/op
WorkloadWarmup   2: 50384 op, 1055896965.00 ns, 20.9570 us/op
WorkloadWarmup   3: 50384 op, 1065549407.00 ns, 21.1486 us/op
WorkloadWarmup   4: 50384 op, 1001256388.00 ns, 19.8725 us/op
WorkloadWarmup   5: 50384 op, 1001470720.00 ns, 19.8768 us/op
WorkloadWarmup   6: 50384 op, 1001445275.00 ns, 19.8763 us/op

// BeforeActualRun
WorkloadActual   1: 50384 op, 1006947172.00 ns, 19.9855 us/op
WorkloadActual   2: 50384 op, 1021977070.00 ns, 20.2838 us/op
WorkloadActual   3: 50384 op, 1005145127.00 ns, 19.9497 us/op
WorkloadActual   4: 50384 op, 1005096610.00 ns, 19.9487 us/op
WorkloadActual   5: 50384 op, 1004903283.00 ns, 19.9449 us/op
WorkloadActual   6: 50384 op, 1009573917.00 ns, 20.0376 us/op
WorkloadActual   7: 50384 op, 1026573141.00 ns, 20.3750 us/op
WorkloadActual   8: 50384 op, 1007865180.00 ns, 20.0037 us/op
WorkloadActual   9: 50384 op, 1005020386.00 ns, 19.9472 us/op
WorkloadActual  10: 50384 op, 1004610956.00 ns, 19.9391 us/op
WorkloadActual  11: 50384 op, 1035680098.00 ns, 20.5557 us/op
WorkloadActual  12: 50384 op, 1033640962.00 ns, 20.5153 us/op
WorkloadActual  13: 50384 op, 1005371950.00 ns, 19.9542 us/op
WorkloadActual  14: 50384 op, 1011541117.00 ns, 20.0766 us/op
WorkloadActual  15: 50384 op, 1005086120.00 ns, 19.9485 us/op

// AfterActualRun
WorkloadResult   1: 50384 op, 1006725513.00 ns, 19.9811 us/op
WorkloadResult   2: 50384 op, 1021755411.00 ns, 20.2794 us/op
WorkloadResult   3: 50384 op, 1004923468.00 ns, 19.9453 us/op
WorkloadResult   4: 50384 op, 1004874951.00 ns, 19.9443 us/op
WorkloadResult   5: 50384 op, 1004681624.00 ns, 19.9405 us/op
WorkloadResult   6: 50384 op, 1009352258.00 ns, 20.0332 us/op
WorkloadResult   7: 50384 op, 1026351482.00 ns, 20.3706 us/op
WorkloadResult   8: 50384 op, 1007643521.00 ns, 19.9993 us/op
WorkloadResult   9: 50384 op, 1004798727.00 ns, 19.9428 us/op
WorkloadResult  10: 50384 op, 1004389297.00 ns, 19.9347 us/op
WorkloadResult  11: 50384 op, 1035458439.00 ns, 20.5513 us/op
WorkloadResult  12: 50384 op, 1033419303.00 ns, 20.5109 us/op
WorkloadResult  13: 50384 op, 1005150291.00 ns, 19.9498 us/op
WorkloadResult  14: 50384 op, 1011319458.00 ns, 20.0722 us/op
WorkloadResult  15: 50384 op, 1004864461.00 ns, 19.9441 us/op

// AfterAll
// Benchmark Process 1005906 has exited with code 0.

Mean = 20.093 μs, StdErr = 0.057 μs (0.28%), N = 15, StdDev = 0.220 μs
Min = 19.935 μs, Q1 = 19.944 μs, Median = 19.981 μs, Q3 = 20.176 μs, Max = 20.551 μs
IQR = 0.232 μs, LowerFence = 19.597 μs, UpperFence = 20.523 μs
ConfidenceInterval = [19.858 μs; 20.329 μs] (CI 99.9%), Margin = 0.235 μs (1.17% of Mean)
Skewness = 1.06, Kurtosis = 2.42, MValue = 2

// ** Remained 7 (70.0 %) benchmark(s) to run. Estimated finish 2026-05-26 18:23 (0h 5m from now) **
// **************************
// Benchmark: SmokeBenchByte.SpanJson_Deser: Energy(OutlierMode=DontRemove, Affinity=00000100, IterationTime=1s)
// *** Execute ***
// Launch: 1 / 1
// Execute: dotnet JsonBench-Energy-1.dll --anonymousPipes 127 128 --benchmarkName JsonBench.Benchmarks.SmokeBenchByte.SpanJson_Deser --job Energy --benchmarkId 3 in /home/test/json-energy-bench/JsonBench/bin/Release/net10.0/JsonBench-Energy-1/bin/Release/net10.0
// BeforeAnythingElse

// Benchmark Process Environment Information:
// BenchmarkDotNet v0.15.5-develop (2026-05-26)
// Runtime=.NET 10.0.8 (10.0.8, 10.0.826.23019), X64 RyuJIT x86-64-v3
// GC=Concurrent Workstation
// HardwareIntrinsics=AVX2+BMI1+BMI2+F16C+FMA+LZCNT+MOVBE,AVX,SSE3+SSSE3+SSE4.1+SSE4.2+POPCNT,X86Base+SSE+SSE2,AES+PCLMUL VectorSize=256
// Job: Energy(OutlierMode=DontRemove, Affinity=100, IterationTime=1s)

OverheadJitting  1: 1 op, 237851.00 ns, 237.8510 us/op
WorkloadJitting  1: 1 op, 77166720.00 ns, 77.1667 ms/op

WorkloadPilot    1: 4 op, 113370.00 ns, 28.3425 us/op
WorkloadPilot    2: 35283 op, 660783168.00 ns, 18.7281 us/op
WorkloadPilot    3: 53396 op, 998956774.00 ns, 18.7085 us/op
WorkloadPilot    4: 53452 op, 1209743148.00 ns, 22.6323 us/op
WorkloadPilot    5: 44185 op, 1006881729.00 ns, 22.7879 us/op
WorkloadPilot    6: 43883 op, 332311732.00 ns, 7.5727 us/op
WorkloadPilot    7: 132054 op, 988203398.00 ns, 7.4833 us/op
WorkloadPilot    8: 133630 op, 973438895.00 ns, 7.2846 us/op
WorkloadPilot    9: 137276 op, 998708026.00 ns, 7.2752 us/op
WorkloadPilot   10: 137454 op, 999945353.00 ns, 7.2748 us/op
WorkloadPilot   11: 137462 op, 999585495.00 ns, 7.2717 us/op
WorkloadPilot   12: 137519 op, 1003993819.00 ns, 7.3008 us/op

WorkloadWarmup   1: 137519 op, 1012918901.00 ns, 7.3657 us/op
WorkloadWarmup   2: 137519 op, 1017261571.00 ns, 7.3972 us/op
WorkloadWarmup   3: 137519 op, 1002010564.00 ns, 7.2863 us/op
WorkloadWarmup   4: 137519 op, 1001760804.00 ns, 7.2845 us/op
WorkloadWarmup   5: 137519 op, 1001952556.00 ns, 7.2859 us/op
WorkloadWarmup   6: 137519 op, 1006767560.00 ns, 7.3209 us/op
WorkloadWarmup   7: 137519 op, 1033083980.00 ns, 7.5123 us/op
WorkloadWarmup   8: 137519 op, 1031870884.00 ns, 7.5035 us/op

// BeforeActualRun
WorkloadActual   1: 137519 op, 998166557.00 ns, 7.2584 us/op
WorkloadActual   2: 137519 op, 1002956724.00 ns, 7.2932 us/op
WorkloadActual   3: 137519 op, 1005448350.00 ns, 7.3113 us/op
WorkloadActual   4: 137519 op, 1027019776.00 ns, 7.4682 us/op
WorkloadActual   5: 137519 op, 1001778970.00 ns, 7.2847 us/op
WorkloadActual   6: 137519 op, 1002058188.00 ns, 7.2867 us/op
WorkloadActual   7: 137519 op, 1002263409.00 ns, 7.2882 us/op
WorkloadActual   8: 137519 op, 1001845204.00 ns, 7.2851 us/op
WorkloadActual   9: 137519 op, 1021172620.00 ns, 7.4257 us/op
WorkloadActual  10: 137519 op, 1004003943.00 ns, 7.3008 us/op
WorkloadActual  11: 137519 op, 1012255501.00 ns, 7.3608 us/op
WorkloadActual  12: 137519 op, 1006229427.00 ns, 7.3170 us/op
WorkloadActual  13: 137519 op, 1004443996.00 ns, 7.3040 us/op
WorkloadActual  14: 137519 op, 1064508990.00 ns, 7.7408 us/op
WorkloadActual  15: 137519 op, 1009299858.00 ns, 7.3393 us/op

// AfterActualRun
WorkloadResult   1: 137519 op, 998166557.00 ns, 7.2584 us/op
WorkloadResult   2: 137519 op, 1002956724.00 ns, 7.2932 us/op
WorkloadResult   3: 137519 op, 1005448350.00 ns, 7.3113 us/op
WorkloadResult   4: 137519 op, 1027019776.00 ns, 7.4682 us/op
WorkloadResult   5: 137519 op, 1001778970.00 ns, 7.2847 us/op
WorkloadResult   6: 137519 op, 1002058188.00 ns, 7.2867 us/op
WorkloadResult   7: 137519 op, 1002263409.00 ns, 7.2882 us/op
WorkloadResult   8: 137519 op, 1001845204.00 ns, 7.2851 us/op
WorkloadResult   9: 137519 op, 1021172620.00 ns, 7.4257 us/op
WorkloadResult  10: 137519 op, 1004003943.00 ns, 7.3008 us/op
WorkloadResult  11: 137519 op, 1012255501.00 ns, 7.3608 us/op
WorkloadResult  12: 137519 op, 1006229427.00 ns, 7.3170 us/op
WorkloadResult  13: 137519 op, 1004443996.00 ns, 7.3040 us/op
WorkloadResult  14: 137519 op, 1064508990.00 ns, 7.7408 us/op
WorkloadResult  15: 137519 op, 1009299858.00 ns, 7.3393 us/op

// AfterAll
// Benchmark Process 1006287 has exited with code 0.

Mean = 7.351 μs, StdErr = 0.031 μs (0.43%), N = 15, StdDev = 0.122 μs
Min = 7.258 μs, Q1 = 7.287 μs, Median = 7.304 μs, Q3 = 7.350 μs, Max = 7.741 μs
IQR = 0.063 μs, LowerFence = 7.193 μs, UpperFence = 7.444 μs
ConfidenceInterval = [7.221 μs; 7.481 μs] (CI 99.9%), Margin = 0.130 μs (1.77% of Mean)
Skewness = 2.17, Kurtosis = 7.12, MValue = 2

// ** Remained 6 (60.0 %) benchmark(s) to run. Estimated finish 2026-05-26 18:23 (0h 4m from now) **
// **************************
// Benchmark: SmokeBenchByte.Utf8Json_Deser: Energy(OutlierMode=DontRemove, Affinity=00000100, IterationTime=1s)
// *** Execute ***
// Launch: 1 / 1
// Execute: dotnet JsonBench-Energy-1.dll --anonymousPipes 127 128 --benchmarkName JsonBench.Benchmarks.SmokeBenchByte.Utf8Json_Deser --job Energy --benchmarkId 4 in /home/test/json-energy-bench/JsonBench/bin/Release/net10.0/JsonBench-Energy-1/bin/Release/net10.0
// BeforeAnythingElse

// Benchmark Process Environment Information:
// BenchmarkDotNet v0.15.5-develop (2026-05-26)
// Runtime=.NET 10.0.8 (10.0.8, 10.0.826.23019), X64 RyuJIT x86-64-v3
// GC=Concurrent Workstation
// HardwareIntrinsics=AVX2+BMI1+BMI2+F16C+FMA+LZCNT+MOVBE,AVX,SSE3+SSSE3+SSE4.1+SSE4.2+POPCNT,X86Base+SSE+SSE2,AES+PCLMUL VectorSize=256
// Job: Energy(OutlierMode=DontRemove, Affinity=100, IterationTime=1s)

OverheadJitting  1: 1 op, 244057.00 ns, 244.0570 us/op
WorkloadJitting  1: 1 op, 87405662.00 ns, 87.4057 ms/op

WorkloadPilot    1: 4 op, 288807.00 ns, 72.2018 us/op
WorkloadPilot    2: 13850 op, 689023113.00 ns, 49.7490 us/op
WorkloadPilot    3: 20101 op, 988724854.00 ns, 49.1878 us/op
WorkloadPilot    4: 20330 op, 1269064106.00 ns, 62.4232 us/op
WorkloadPilot    5: 16020 op, 980888644.00 ns, 61.2290 us/op
WorkloadPilot    6: 16332 op, 215412806.00 ns, 13.1896 us/op
WorkloadPilot    7: 75817 op, 976544667.00 ns, 12.8803 us/op
WorkloadPilot    8: 77638 op, 978383020.00 ns, 12.6019 us/op
WorkloadPilot    9: 79353 op, 998643706.00 ns, 12.5848 us/op
WorkloadPilot   10: 79461 op, 998473840.00 ns, 12.5656 us/op
WorkloadPilot   11: 79582 op, 1001197800.00 ns, 12.5807 us/op
WorkloadPilot   12: 79487 op, 1004424987.00 ns, 12.6363 us/op

WorkloadWarmup   1: 79487 op, 1004340368.00 ns, 12.6353 us/op
WorkloadWarmup   2: 79487 op, 1014974024.00 ns, 12.7691 us/op
WorkloadWarmup   3: 79487 op, 1000033853.00 ns, 12.5811 us/op
WorkloadWarmup   4: 79487 op, 1000139589.00 ns, 12.5824 us/op
WorkloadWarmup   5: 79487 op, 1000171778.00 ns, 12.5828 us/op
WorkloadWarmup   6: 79487 op, 999770867.00 ns, 12.5778 us/op

// BeforeActualRun
WorkloadActual   1: 79487 op, 1011969238.00 ns, 12.7313 us/op
WorkloadActual   2: 79487 op, 1000079688.00 ns, 12.5817 us/op
WorkloadActual   3: 79487 op, 1001183491.00 ns, 12.5956 us/op
WorkloadActual   4: 79487 op, 1012475761.00 ns, 12.7376 us/op
WorkloadActual   5: 79487 op, 1031307219.00 ns, 12.9745 us/op
WorkloadActual   6: 79487 op, 1021744186.00 ns, 12.8542 us/op
WorkloadActual   7: 79487 op, 1000273582.00 ns, 12.5841 us/op
WorkloadActual   8: 79487 op, 1000880921.00 ns, 12.5918 us/op
WorkloadActual   9: 79487 op, 1001403466.00 ns, 12.5983 us/op
WorkloadActual  10: 79487 op, 1002124181.00 ns, 12.6074 us/op
WorkloadActual  11: 79487 op, 1017066623.00 ns, 12.7954 us/op
WorkloadActual  12: 79487 op, 1002195297.00 ns, 12.6083 us/op
WorkloadActual  13: 79487 op, 1009947957.00 ns, 12.7058 us/op
WorkloadActual  14: 79487 op, 998875239.00 ns, 12.5665 us/op
WorkloadActual  15: 79487 op, 1001295401.00 ns, 12.5970 us/op

// AfterActualRun
WorkloadResult   1: 79487 op, 1011969238.00 ns, 12.7313 us/op
WorkloadResult   2: 79487 op, 1000079688.00 ns, 12.5817 us/op
WorkloadResult   3: 79487 op, 1001183491.00 ns, 12.5956 us/op
WorkloadResult   4: 79487 op, 1012475761.00 ns, 12.7376 us/op
WorkloadResult   5: 79487 op, 1031307219.00 ns, 12.9745 us/op
WorkloadResult   6: 79487 op, 1021744186.00 ns, 12.8542 us/op
WorkloadResult   7: 79487 op, 1000273582.00 ns, 12.5841 us/op
WorkloadResult   8: 79487 op, 1000880921.00 ns, 12.5918 us/op
WorkloadResult   9: 79487 op, 1001403466.00 ns, 12.5983 us/op
WorkloadResult  10: 79487 op, 1002124181.00 ns, 12.6074 us/op
WorkloadResult  11: 79487 op, 1017066623.00 ns, 12.7954 us/op
WorkloadResult  12: 79487 op, 1002195297.00 ns, 12.6083 us/op
WorkloadResult  13: 79487 op, 1009947957.00 ns, 12.7058 us/op
WorkloadResult  14: 79487 op, 998875239.00 ns, 12.5665 us/op
WorkloadResult  15: 79487 op, 1001295401.00 ns, 12.5970 us/op

// AfterAll
// Benchmark Process 1006670 has exited with code 0.

Mean = 12.675 μs, StdErr = 0.031 μs (0.25%), N = 15, StdDev = 0.122 μs
Min = 12.567 μs, Q1 = 12.594 μs, Median = 12.607 μs, Q3 = 12.734 μs, Max = 12.975 μs
IQR = 0.141 μs, LowerFence = 12.382 μs, UpperFence = 12.946 μs
ConfidenceInterval = [12.545 μs; 12.805 μs] (CI 99.9%), Margin = 0.130 μs (1.03% of Mean)
Skewness = 1.08, Kurtosis = 2.97, MValue = 2

// ** Remained 5 (50.0 %) benchmark(s) to run. Estimated finish 2026-05-26 18:23 (0h 3m from now) **
// **************************
// Benchmark: SmokeBenchByte.STJRefGen_Ser: Energy(OutlierMode=DontRemove, Affinity=00000100, IterationTime=1s)
// *** Execute ***
// Launch: 1 / 1
// Execute: dotnet JsonBench-Energy-1.dll --anonymousPipes 127 128 --benchmarkName JsonBench.Benchmarks.SmokeBenchByte.STJRefGen_Ser --job Energy --benchmarkId 5 in /home/test/json-energy-bench/JsonBench/bin/Release/net10.0/JsonBench-Energy-1/bin/Release/net10.0
// BeforeAnythingElse

// Benchmark Process Environment Information:
// BenchmarkDotNet v0.15.5-develop (2026-05-26)
// Runtime=.NET 10.0.8 (10.0.8, 10.0.826.23019), X64 RyuJIT x86-64-v3
// GC=Concurrent Workstation
// HardwareIntrinsics=AVX2+BMI1+BMI2+F16C+FMA+LZCNT+MOVBE,AVX,SSE3+SSSE3+SSE4.1+SSE4.2+POPCNT,X86Base+SSE+SSE2,AES+PCLMUL VectorSize=256
// Job: Energy(OutlierMode=DontRemove, Affinity=100, IterationTime=1s)

OverheadJitting  1: 1 op, 242327.00 ns, 242.3270 us/op
WorkloadJitting  1: 1 op, 3760762.00 ns, 3.7608 ms/op

OverheadJitting  2: 16 op, 631851.00 ns, 39.4907 us/op
WorkloadJitting  2: 16 op, 980873.00 ns, 61.3046 us/op

WorkloadPilot    1: 16 op, 300293.00 ns, 18.7683 us/op
WorkloadPilot    2: 53296 op, 800437152.00 ns, 15.0187 us/op
WorkloadPilot    3: 66592 op, 1013124469.00 ns, 15.2139 us/op
WorkloadPilot    4: 65744 op, 1697316232.00 ns, 25.8171 us/op
WorkloadPilot    5: 38736 op, 656343798.00 ns, 16.9440 us/op
WorkloadPilot    6: 59024 op, 291914378.00 ns, 4.9457 us/op
WorkloadPilot    7: 202208 op, 961218848.00 ns, 4.7536 us/op
WorkloadPilot    8: 210368 op, 988878513.00 ns, 4.7007 us/op
WorkloadPilot    9: 212736 op, 996232357.00 ns, 4.6830 us/op
WorkloadPilot   10: 213552 op, 1000982130.00 ns, 4.6873 us/op

OverheadWarmup   1: 213552 op, 871909.00 ns, 4.0829 ns/op
OverheadWarmup   2: 213552 op, 885084.00 ns, 4.1446 ns/op
OverheadWarmup   3: 213552 op, 881658.00 ns, 4.1285 ns/op
OverheadWarmup   4: 213552 op, 878192.00 ns, 4.1123 ns/op
OverheadWarmup   5: 213552 op, 886476.00 ns, 4.1511 ns/op
OverheadWarmup   6: 213552 op, 886740.00 ns, 4.1523 ns/op
OverheadWarmup   7: 213552 op, 880312.00 ns, 4.1222 ns/op

OverheadActual   1: 213552 op, 881601.00 ns, 4.1283 ns/op
OverheadActual   2: 213552 op, 880715.00 ns, 4.1241 ns/op
OverheadActual   3: 213552 op, 885891.00 ns, 4.1484 ns/op
OverheadActual   4: 213552 op, 886200.00 ns, 4.1498 ns/op
OverheadActual   5: 213552 op, 881323.00 ns, 4.1270 ns/op
OverheadActual   6: 213552 op, 877853.00 ns, 4.1107 ns/op
OverheadActual   7: 213552 op, 874285.00 ns, 4.0940 ns/op
OverheadActual   8: 213552 op, 876658.00 ns, 4.1051 ns/op
OverheadActual   9: 213552 op, 880673.00 ns, 4.1239 ns/op
OverheadActual  10: 213552 op, 878803.00 ns, 4.1152 ns/op
OverheadActual  11: 213552 op, 877534.00 ns, 4.1092 ns/op
OverheadActual  12: 213552 op, 873659.00 ns, 4.0911 ns/op
OverheadActual  13: 213552 op, 887878.00 ns, 4.1577 ns/op
OverheadActual  14: 213552 op, 877923.00 ns, 4.1111 ns/op
OverheadActual  15: 213552 op, 881146.00 ns, 4.1261 ns/op

WorkloadWarmup   1: 213552 op, 1002408922.00 ns, 4.6940 us/op
WorkloadWarmup   2: 213552 op, 1032718018.00 ns, 4.8359 us/op
WorkloadWarmup   3: 213552 op, 1046999648.00 ns, 4.9028 us/op
WorkloadWarmup   4: 213552 op, 1003877940.00 ns, 4.7009 us/op
WorkloadWarmup   5: 213552 op, 998235535.00 ns, 4.6744 us/op
WorkloadWarmup   6: 213552 op, 998036663.00 ns, 4.6735 us/op
WorkloadWarmup   7: 213552 op, 998446791.00 ns, 4.6754 us/op
WorkloadWarmup   8: 213552 op, 1014671311.00 ns, 4.7514 us/op
WorkloadWarmup   9: 213552 op, 1000681740.00 ns, 4.6859 us/op

// BeforeActualRun
WorkloadActual   1: 213552 op, 1000069110.00 ns, 4.6830 us/op
WorkloadActual   2: 213552 op, 1015214760.00 ns, 4.7539 us/op
WorkloadActual   3: 213552 op, 1002609909.00 ns, 4.6949 us/op
WorkloadActual   4: 213552 op, 1006408472.00 ns, 4.7127 us/op
WorkloadActual   5: 213552 op, 1022993359.00 ns, 4.7904 us/op
WorkloadActual   6: 213552 op, 1002843021.00 ns, 4.6960 us/op
WorkloadActual   7: 213552 op, 1001952836.00 ns, 4.6918 us/op
WorkloadActual   8: 213552 op, 1032438417.00 ns, 4.8346 us/op
WorkloadActual   9: 213552 op, 1012465933.00 ns, 4.7411 us/op
WorkloadActual  10: 213552 op, 1017567556.00 ns, 4.7650 us/op
WorkloadActual  11: 213552 op, 1001588519.00 ns, 4.6901 us/op
WorkloadActual  12: 213552 op, 1001856799.00 ns, 4.6914 us/op
WorkloadActual  13: 213552 op, 1002248843.00 ns, 4.6932 us/op
WorkloadActual  14: 213552 op, 1003695956.00 ns, 4.7000 us/op
WorkloadActual  15: 213552 op, 1022096674.00 ns, 4.7862 us/op

// AfterActualRun
WorkloadResult   1: 213552 op, 999188437.00 ns, 4.6789 us/op
WorkloadResult   2: 213552 op, 1014334087.00 ns, 4.7498 us/op
WorkloadResult   3: 213552 op, 1001729236.00 ns, 4.6908 us/op
WorkloadResult   4: 213552 op, 1005527799.00 ns, 4.7086 us/op
WorkloadResult   5: 213552 op, 1022112686.00 ns, 4.7862 us/op
WorkloadResult   6: 213552 op, 1001962348.00 ns, 4.6919 us/op
WorkloadResult   7: 213552 op, 1001072163.00 ns, 4.6877 us/op
WorkloadResult   8: 213552 op, 1031557744.00 ns, 4.8305 us/op
WorkloadResult   9: 213552 op, 1011585260.00 ns, 4.7370 us/op
WorkloadResult  10: 213552 op, 1016686883.00 ns, 4.7608 us/op
WorkloadResult  11: 213552 op, 1000707846.00 ns, 4.6860 us/op
WorkloadResult  12: 213552 op, 1000976126.00 ns, 4.6873 us/op
WorkloadResult  13: 213552 op, 1001368170.00 ns, 4.6891 us/op
WorkloadResult  14: 213552 op, 1002815283.00 ns, 4.6959 us/op
WorkloadResult  15: 213552 op, 1021216001.00 ns, 4.7820 us/op

// AfterAll
// Benchmark Process 1007052 has exited with code 0.

Mean = 4.724 μs, StdErr = 0.012 μs (0.26%), N = 15, StdDev = 0.047 μs
Min = 4.679 μs, Q1 = 4.688 μs, Median = 4.696 μs, Q3 = 4.755 μs, Max = 4.830 μs
IQR = 0.067 μs, LowerFence = 4.588 μs, UpperFence = 4.856 μs
ConfidenceInterval = [4.674 μs; 4.775 μs] (CI 99.9%), Margin = 0.051 μs (1.07% of Mean)
Skewness = 0.83, Kurtosis = 2.28, MValue = 2

// ** Remained 4 (40.0 %) benchmark(s) to run. Estimated finish 2026-05-26 18:23 (0h 3m from now) **
// **************************
// Benchmark: SmokeBenchByte.STJSrcGen_Ser: Energy(OutlierMode=DontRemove, Affinity=00000100, IterationTime=1s)
// *** Execute ***
// Launch: 1 / 1
// Execute: dotnet JsonBench-Energy-1.dll --anonymousPipes 127 128 --benchmarkName JsonBench.Benchmarks.SmokeBenchByte.STJSrcGen_Ser --job Energy --benchmarkId 6 in /home/test/json-energy-bench/JsonBench/bin/Release/net10.0/JsonBench-Energy-1/bin/Release/net10.0
// BeforeAnythingElse

// Benchmark Process Environment Information:
// BenchmarkDotNet v0.15.5-develop (2026-05-26)
// Runtime=.NET 10.0.8 (10.0.8, 10.0.826.23019), X64 RyuJIT x86-64-v3
// GC=Concurrent Workstation
// HardwareIntrinsics=AVX2+BMI1+BMI2+F16C+FMA+LZCNT+MOVBE,AVX,SSE3+SSSE3+SSE4.1+SSE4.2+POPCNT,X86Base+SSE+SSE2,AES+PCLMUL VectorSize=256
// Job: Energy(OutlierMode=DontRemove, Affinity=100, IterationTime=1s)

OverheadJitting  1: 1 op, 237925.00 ns, 237.9250 us/op
WorkloadJitting  1: 1 op, 11862781.00 ns, 11.8628 ms/op

OverheadJitting  2: 16 op, 635939.00 ns, 39.7462 us/op
WorkloadJitting  2: 16 op, 898702.00 ns, 56.1689 us/op

WorkloadPilot    1: 16 op, 216911.00 ns, 13.5569 us/op
WorkloadPilot    2: 73776 op, 781740657.00 ns, 10.5961 us/op
WorkloadPilot    3: 94384 op, 1007481583.00 ns, 10.6743 us/op
WorkloadPilot    4: 93696 op, 1313566383.00 ns, 14.0194 us/op
WorkloadPilot    5: 71344 op, 263350035.00 ns, 3.6913 us/op
WorkloadPilot    6: 270912 op, 997782333.00 ns, 3.6830 us/op
WorkloadPilot    7: 271520 op, 987691445.00 ns, 3.6376 us/op
WorkloadPilot    8: 274912 op, 985514357.00 ns, 3.5848 us/op
WorkloadPilot    9: 278960 op, 998249379.00 ns, 3.5785 us/op
WorkloadPilot   10: 279456 op, 998982286.00 ns, 3.5747 us/op
WorkloadPilot   11: 279744 op, 1000384488.00 ns, 3.5761 us/op

OverheadWarmup   1: 279744 op, 1149277.00 ns, 4.1083 ns/op
OverheadWarmup   2: 279744 op, 1152849.00 ns, 4.1211 ns/op
OverheadWarmup   3: 279744 op, 1157878.00 ns, 4.1391 ns/op
OverheadWarmup   4: 279744 op, 1154408.00 ns, 4.1267 ns/op
OverheadWarmup   5: 279744 op, 1151995.00 ns, 4.1180 ns/op
OverheadWarmup   6: 279744 op, 1151976.00 ns, 4.1180 ns/op
OverheadWarmup   7: 279744 op, 1160573.00 ns, 4.1487 ns/op
OverheadWarmup   8: 279744 op, 1152593.00 ns, 4.1202 ns/op

OverheadActual   1: 279744 op, 1152931.00 ns, 4.1214 ns/op
OverheadActual   2: 279744 op, 1165793.00 ns, 4.1674 ns/op
OverheadActual   3: 279744 op, 1152665.00 ns, 4.1204 ns/op
OverheadActual   4: 279744 op, 1159932.00 ns, 4.1464 ns/op
OverheadActual   5: 279744 op, 1155140.00 ns, 4.1293 ns/op
OverheadActual   6: 279744 op, 1152505.00 ns, 4.1199 ns/op
OverheadActual   7: 279744 op, 1155650.00 ns, 4.1311 ns/op
OverheadActual   8: 279744 op, 1160491.00 ns, 4.1484 ns/op
OverheadActual   9: 279744 op, 1158414.00 ns, 4.1410 ns/op
OverheadActual  10: 279744 op, 1156465.00 ns, 4.1340 ns/op
OverheadActual  11: 279744 op, 1152494.00 ns, 4.1198 ns/op
OverheadActual  12: 279744 op, 1155796.00 ns, 4.1316 ns/op
OverheadActual  13: 279744 op, 1152769.00 ns, 4.1208 ns/op
OverheadActual  14: 279744 op, 1152761.00 ns, 4.1208 ns/op
OverheadActual  15: 279744 op, 1168014.00 ns, 4.1753 ns/op

WorkloadWarmup   1: 279744 op, 1002123673.00 ns, 3.5823 us/op
WorkloadWarmup   2: 279744 op, 1067716275.00 ns, 3.8168 us/op
WorkloadWarmup   3: 279744 op, 1023067506.00 ns, 3.6572 us/op
WorkloadWarmup   4: 279744 op, 997898412.00 ns, 3.5672 us/op
WorkloadWarmup   5: 279744 op, 997647811.00 ns, 3.5663 us/op
WorkloadWarmup   6: 279744 op, 997776038.00 ns, 3.5667 us/op
WorkloadWarmup   7: 279744 op, 1014748718.00 ns, 3.6274 us/op
WorkloadWarmup   8: 279744 op, 1000298651.00 ns, 3.5758 us/op

// BeforeActualRun
WorkloadActual   1: 279744 op, 999854123.00 ns, 3.5742 us/op
WorkloadActual   2: 279744 op, 1015035306.00 ns, 3.6284 us/op
WorkloadActual   3: 279744 op, 1001490678.00 ns, 3.5800 us/op
WorkloadActual   4: 279744 op, 1007036333.00 ns, 3.5998 us/op
WorkloadActual   5: 279744 op, 1020275824.00 ns, 3.6472 us/op
WorkloadActual   6: 279744 op, 1002204783.00 ns, 3.5826 us/op
WorkloadActual   7: 279744 op, 1002207756.00 ns, 3.5826 us/op
WorkloadActual   8: 279744 op, 1002289684.00 ns, 3.5829 us/op
WorkloadActual   9: 279744 op, 1041576803.00 ns, 3.7233 us/op
WorkloadActual  10: 279744 op, 1020338973.00 ns, 3.6474 us/op
WorkloadActual  11: 279744 op, 1001319718.00 ns, 3.5794 us/op
WorkloadActual  12: 279744 op, 1001549130.00 ns, 3.5802 us/op
WorkloadActual  13: 279744 op, 1001855072.00 ns, 3.5813 us/op
WorkloadActual  14: 279744 op, 1003204324.00 ns, 3.5862 us/op
WorkloadActual  15: 279744 op, 1022145790.00 ns, 3.6539 us/op

// AfterActualRun
WorkloadResult   1: 279744 op, 998698473.00 ns, 3.5700 us/op
WorkloadResult   2: 279744 op, 1013879656.00 ns, 3.6243 us/op
WorkloadResult   3: 279744 op, 1000335028.00 ns, 3.5759 us/op
WorkloadResult   4: 279744 op, 1005880683.00 ns, 3.5957 us/op
WorkloadResult   5: 279744 op, 1019120174.00 ns, 3.6430 us/op
WorkloadResult   6: 279744 op, 1001049133.00 ns, 3.5784 us/op
WorkloadResult   7: 279744 op, 1001052106.00 ns, 3.5785 us/op
WorkloadResult   8: 279744 op, 1001134034.00 ns, 3.5788 us/op
WorkloadResult   9: 279744 op, 1040421153.00 ns, 3.7192 us/op
WorkloadResult  10: 279744 op, 1019183323.00 ns, 3.6433 us/op
WorkloadResult  11: 279744 op, 1000164068.00 ns, 3.5753 us/op
WorkloadResult  12: 279744 op, 1000393480.00 ns, 3.5761 us/op
WorkloadResult  13: 279744 op, 1000699422.00 ns, 3.5772 us/op
WorkloadResult  14: 279744 op, 1002048674.00 ns, 3.5820 us/op
WorkloadResult  15: 279744 op, 1020990140.00 ns, 3.6497 us/op

// AfterAll
// Benchmark Process 1007432 has exited with code 0.

Mean = 3.604 μs, StdErr = 0.011 μs (0.31%), N = 15, StdDev = 0.043 μs
Min = 3.570 μs, Q1 = 3.577 μs, Median = 3.579 μs, Q3 = 3.634 μs, Max = 3.719 μs
IQR = 0.057 μs, LowerFence = 3.491 μs, UpperFence = 3.719 μs
ConfidenceInterval = [3.559 μs; 3.650 μs] (CI 99.9%), Margin = 0.046 μs (1.27% of Mean)
Skewness = 1.3, Kurtosis = 3.74, MValue = 2

// ** Remained 3 (30.0 %) benchmark(s) to run. Estimated finish 2026-05-26 18:23 (0h 2m from now) **
// **************************
// Benchmark: SmokeBenchByte.Newtonsoft_Ser: Energy(OutlierMode=DontRemove, Affinity=00000100, IterationTime=1s)
// *** Execute ***
// Launch: 1 / 1
// Execute: dotnet JsonBench-Energy-1.dll --anonymousPipes 127 128 --benchmarkName JsonBench.Benchmarks.SmokeBenchByte.Newtonsoft_Ser --job Energy --benchmarkId 7 in /home/test/json-energy-bench/JsonBench/bin/Release/net10.0/JsonBench-Energy-1/bin/Release/net10.0
// BeforeAnythingElse

// Benchmark Process Environment Information:
// BenchmarkDotNet v0.15.5-develop (2026-05-26)
// Runtime=.NET 10.0.8 (10.0.8, 10.0.826.23019), X64 RyuJIT x86-64-v3
// GC=Concurrent Workstation
// HardwareIntrinsics=AVX2+BMI1+BMI2+F16C+FMA+LZCNT+MOVBE,AVX,SSE3+SSSE3+SSE4.1+SSE4.2+POPCNT,X86Base+SSE+SSE2,AES+PCLMUL VectorSize=256
// Job: Energy(OutlierMode=DontRemove, Affinity=100, IterationTime=1s)

OverheadJitting  1: 1 op, 236522.00 ns, 236.5220 us/op
WorkloadJitting  1: 1 op, 59176089.00 ns, 59.1761 ms/op

OverheadJitting  2: 16 op, 632988.00 ns, 39.5618 us/op
WorkloadJitting  2: 16 op, 1833007.00 ns, 114.5629 us/op

WorkloadPilot    1: 16 op, 1041473.00 ns, 65.0921 us/op
WorkloadPilot    2: 15376 op, 865148111.00 ns, 56.2661 us/op
WorkloadPilot    3: 17776 op, 1089447759.00 ns, 61.2876 us/op
WorkloadPilot    4: 16320 op, 1584176717.00 ns, 97.0697 us/op
WorkloadPilot    5: 10304 op, 564376121.00 ns, 54.7725 us/op
WorkloadPilot    6: 18272 op, 244799625.00 ns, 13.3975 us/op
WorkloadPilot    7: 74656 op, 901187158.00 ns, 12.0712 us/op
WorkloadPilot    8: 82848 op, 990346708.00 ns, 11.9538 us/op
WorkloadPilot    9: 83664 op, 994491876.00 ns, 11.8867 us/op
WorkloadPilot   10: 84128 op, 997611779.00 ns, 11.8583 us/op
WorkloadPilot   11: 84336 op, 1004591443.00 ns, 11.9118 us/op

OverheadWarmup   1: 84336 op, 374131.00 ns, 4.4362 ns/op
OverheadWarmup   2: 84336 op, 373129.00 ns, 4.4243 ns/op
OverheadWarmup   3: 84336 op, 373406.00 ns, 4.4276 ns/op
OverheadWarmup   4: 84336 op, 377469.00 ns, 4.4758 ns/op
OverheadWarmup   5: 84336 op, 373293.00 ns, 4.4263 ns/op
OverheadWarmup   6: 84336 op, 376657.00 ns, 4.4661 ns/op
OverheadWarmup   7: 84336 op, 373179.00 ns, 4.4249 ns/op

OverheadActual   1: 84336 op, 373374.00 ns, 4.4272 ns/op
OverheadActual   2: 84336 op, 372589.00 ns, 4.4179 ns/op
OverheadActual   3: 84336 op, 373368.00 ns, 4.4271 ns/op
OverheadActual   4: 84336 op, 377622.00 ns, 4.4776 ns/op
OverheadActual   5: 84336 op, 373212.00 ns, 4.4253 ns/op
OverheadActual   6: 84336 op, 376607.00 ns, 4.4656 ns/op
OverheadActual   7: 84336 op, 373745.00 ns, 4.4316 ns/op
OverheadActual   8: 84336 op, 376613.00 ns, 4.4656 ns/op
OverheadActual   9: 84336 op, 373171.00 ns, 4.4248 ns/op
OverheadActual  10: 84336 op, 377044.00 ns, 4.4707 ns/op
OverheadActual  11: 84336 op, 373363.00 ns, 4.4271 ns/op
OverheadActual  12: 84336 op, 376978.00 ns, 4.4700 ns/op
OverheadActual  13: 84336 op, 373286.00 ns, 4.4262 ns/op
OverheadActual  14: 84336 op, 379916.00 ns, 4.5048 ns/op
OverheadActual  15: 84336 op, 373379.00 ns, 4.4273 ns/op

WorkloadWarmup   1: 84336 op, 1004732960.00 ns, 11.9135 us/op
WorkloadWarmup   2: 84336 op, 1087656216.00 ns, 12.8967 us/op
WorkloadWarmup   3: 84336 op, 1027125039.00 ns, 12.1790 us/op
WorkloadWarmup   4: 84336 op, 1001725771.00 ns, 11.8778 us/op
WorkloadWarmup   5: 84336 op, 1002170878.00 ns, 11.8831 us/op
WorkloadWarmup   6: 84336 op, 1001568744.00 ns, 11.8759 us/op

// BeforeActualRun
WorkloadActual   1: 84336 op, 1030064097.00 ns, 12.2138 us/op
WorkloadActual   2: 84336 op, 1009428877.00 ns, 11.9691 us/op
WorkloadActual   3: 84336 op, 1005316106.00 ns, 11.9204 us/op
WorkloadActual   4: 84336 op, 1007154112.00 ns, 11.9422 us/op
WorkloadActual   5: 84336 op, 1006616596.00 ns, 11.9358 us/op
WorkloadActual   6: 84336 op, 1017405105.00 ns, 12.0637 us/op
WorkloadActual   7: 84336 op, 1036420447.00 ns, 12.2892 us/op
WorkloadActual   8: 84336 op, 1007848673.00 ns, 11.9504 us/op
WorkloadActual   9: 84336 op, 1007122059.00 ns, 11.9418 us/op
WorkloadActual  10: 84336 op, 1005402096.00 ns, 11.9214 us/op
WorkloadActual  11: 84336 op, 1044719037.00 ns, 12.3876 us/op
WorkloadActual  12: 84336 op, 1034722102.00 ns, 12.2690 us/op
WorkloadActual  13: 84336 op, 1006383798.00 ns, 11.9330 us/op
WorkloadActual  14: 84336 op, 1005222167.00 ns, 11.9193 us/op
WorkloadActual  15: 84336 op, 1005237458.00 ns, 11.9194 us/op

// AfterActualRun
WorkloadResult   1: 84336 op, 1029690718.00 ns, 12.2094 us/op
WorkloadResult   2: 84336 op, 1009055498.00 ns, 11.9647 us/op
WorkloadResult   3: 84336 op, 1004942727.00 ns, 11.9159 us/op
WorkloadResult   4: 84336 op, 1006780733.00 ns, 11.9377 us/op
WorkloadResult   5: 84336 op, 1006243217.00 ns, 11.9314 us/op
WorkloadResult   6: 84336 op, 1017031726.00 ns, 12.0593 us/op
WorkloadResult   7: 84336 op, 1036047068.00 ns, 12.2848 us/op
WorkloadResult   8: 84336 op, 1007475294.00 ns, 11.9460 us/op
WorkloadResult   9: 84336 op, 1006748680.00 ns, 11.9374 us/op
WorkloadResult  10: 84336 op, 1005028717.00 ns, 11.9170 us/op
WorkloadResult  11: 84336 op, 1044345658.00 ns, 12.3832 us/op
WorkloadResult  12: 84336 op, 1034348723.00 ns, 12.2646 us/op
WorkloadResult  13: 84336 op, 1006010419.00 ns, 11.9286 us/op
WorkloadResult  14: 84336 op, 1004848788.00 ns, 11.9148 us/op
WorkloadResult  15: 84336 op, 1004864079.00 ns, 11.9150 us/op

// AfterAll
// Benchmark Process 1007814 has exited with code 0.

Mean = 12.034 μs, StdErr = 0.042 μs (0.35%), N = 15, StdDev = 0.164 μs
Min = 11.915 μs, Q1 = 11.923 μs, Median = 11.938 μs, Q3 = 12.134 μs, Max = 12.383 μs
IQR = 0.212 μs, LowerFence = 11.605 μs, UpperFence = 12.452 μs
ConfidenceInterval = [11.858 μs; 12.210 μs] (CI 99.9%), Margin = 0.176 μs (1.46% of Mean)
Skewness = 0.97, Kurtosis = 2.18, MValue = 2

// ** Remained 2 (20.0 %) benchmark(s) to run. Estimated finish 2026-05-26 18:23 (0h 1m from now) **
// **************************
// Benchmark: SmokeBenchByte.SpanJson_Ser: Energy(OutlierMode=DontRemove, Affinity=00000100, IterationTime=1s)
// *** Execute ***
// Launch: 1 / 1
// Execute: dotnet JsonBench-Energy-1.dll --anonymousPipes 127 128 --benchmarkName JsonBench.Benchmarks.SmokeBenchByte.SpanJson_Ser --job Energy --benchmarkId 8 in /home/test/json-energy-bench/JsonBench/bin/Release/net10.0/JsonBench-Energy-1/bin/Release/net10.0
// BeforeAnythingElse

// Benchmark Process Environment Information:
// BenchmarkDotNet v0.15.5-develop (2026-05-26)
// Runtime=.NET 10.0.8 (10.0.8, 10.0.826.23019), X64 RyuJIT x86-64-v3
// GC=Concurrent Workstation
// HardwareIntrinsics=AVX2+BMI1+BMI2+F16C+FMA+LZCNT+MOVBE,AVX,SSE3+SSSE3+SSE4.1+SSE4.2+POPCNT,X86Base+SSE+SSE2,AES+PCLMUL VectorSize=256
// Job: Energy(OutlierMode=DontRemove, Affinity=100, IterationTime=1s)

OverheadJitting  1: 1 op, 235839.00 ns, 235.8390 us/op
WorkloadJitting  1: 1 op, 77565749.00 ns, 77.5657 ms/op

WorkloadPilot    1: 4 op, 200155.00 ns, 50.0388 us/op
WorkloadPilot    2: 19985 op, 560540519.00 ns, 28.0481 us/op
WorkloadPilot    3: 35653 op, 996046035.00 ns, 27.9372 us/op
WorkloadPilot    4: 35795 op, 450117866.00 ns, 12.5749 us/op
WorkloadPilot    5: 79524 op, 502277275.00 ns, 6.3160 us/op
WorkloadPilot    6: 158327 op, 997722931.00 ns, 6.3017 us/op
WorkloadPilot    7: 158688 op, 1040207103.00 ns, 6.5550 us/op
WorkloadPilot    8: 152554 op, 960013357.00 ns, 6.2929 us/op
WorkloadPilot    9: 158908 op, 989812815.00 ns, 6.2288 us/op
WorkloadPilot   10: 160543 op, 1000740488.00 ns, 6.2335 us/op
WorkloadPilot   11: 160424 op, 994764156.00 ns, 6.2008 us/op
WorkloadPilot   12: 161268 op, 1011921111.00 ns, 6.2748 us/op

WorkloadWarmup   1: 161268 op, 1020045341.00 ns, 6.3252 us/op
WorkloadWarmup   2: 161268 op, 1032286475.00 ns, 6.4011 us/op
WorkloadWarmup   3: 161268 op, 1007952433.00 ns, 6.2502 us/op
WorkloadWarmup   4: 161268 op, 1005563074.00 ns, 6.2354 us/op
WorkloadWarmup   5: 161268 op, 1011061366.00 ns, 6.2694 us/op
WorkloadWarmup   6: 161268 op, 1006453209.00 ns, 6.2409 us/op

// BeforeActualRun
WorkloadActual   1: 161268 op, 1004478512.00 ns, 6.2286 us/op
WorkloadActual   2: 161268 op, 1014754599.00 ns, 6.2923 us/op
WorkloadActual   3: 161268 op, 1013487064.00 ns, 6.2845 us/op
WorkloadActual   4: 161268 op, 1046567256.00 ns, 6.4896 us/op
WorkloadActual   5: 161268 op, 1026190892.00 ns, 6.3633 us/op
WorkloadActual   6: 161268 op, 1034331202.00 ns, 6.4137 us/op
WorkloadActual   7: 161268 op, 1011014873.00 ns, 6.2692 us/op
WorkloadActual   8: 161268 op, 1007845583.00 ns, 6.2495 us/op
WorkloadActual   9: 161268 op, 1026267036.00 ns, 6.3637 us/op
WorkloadActual  10: 161268 op, 1011600938.00 ns, 6.2728 us/op
WorkloadActual  11: 161268 op, 1033320010.00 ns, 6.4075 us/op
WorkloadActual  12: 161268 op, 1008774928.00 ns, 6.2553 us/op
WorkloadActual  13: 161268 op, 1003106956.00 ns, 6.2201 us/op
WorkloadActual  14: 161268 op, 1004761155.00 ns, 6.2304 us/op
WorkloadActual  15: 161268 op, 991448572.00 ns, 6.1478 us/op

// AfterActualRun
WorkloadResult   1: 161268 op, 1004478512.00 ns, 6.2286 us/op
WorkloadResult   2: 161268 op, 1014754599.00 ns, 6.2923 us/op
WorkloadResult   3: 161268 op, 1013487064.00 ns, 6.2845 us/op
WorkloadResult   4: 161268 op, 1046567256.00 ns, 6.4896 us/op
WorkloadResult   5: 161268 op, 1026190892.00 ns, 6.3633 us/op
WorkloadResult   6: 161268 op, 1034331202.00 ns, 6.4137 us/op
WorkloadResult   7: 161268 op, 1011014873.00 ns, 6.2692 us/op
WorkloadResult   8: 161268 op, 1007845583.00 ns, 6.2495 us/op
WorkloadResult   9: 161268 op, 1026267036.00 ns, 6.3637 us/op
WorkloadResult  10: 161268 op, 1011600938.00 ns, 6.2728 us/op
WorkloadResult  11: 161268 op, 1033320010.00 ns, 6.4075 us/op
WorkloadResult  12: 161268 op, 1008774928.00 ns, 6.2553 us/op
WorkloadResult  13: 161268 op, 1003106956.00 ns, 6.2201 us/op
WorkloadResult  14: 161268 op, 1004761155.00 ns, 6.2304 us/op
WorkloadResult  15: 161268 op, 991448572.00 ns, 6.1478 us/op

// AfterAll
// Benchmark Process 1008172 has exited with code 0.

Mean = 6.299 μs, StdErr = 0.023 μs (0.37%), N = 15, StdDev = 0.090 μs
Min = 6.148 μs, Q1 = 6.240 μs, Median = 6.273 μs, Q3 = 6.364 μs, Max = 6.490 μs
IQR = 0.124 μs, LowerFence = 6.055 μs, UpperFence = 6.549 μs
ConfidenceInterval = [6.203 μs; 6.396 μs] (CI 99.9%), Margin = 0.097 μs (1.53% of Mean)
Skewness = 0.48, Kurtosis = 2.27, MValue = 2

// ** Remained 1 (10.0 %) benchmark(s) to run. Estimated finish 2026-05-26 18:23 (0h 0m from now) **
// **************************
// Benchmark: SmokeBenchByte.Utf8Json_Ser: Energy(OutlierMode=DontRemove, Affinity=00000100, IterationTime=1s)
// *** Execute ***
// Launch: 1 / 1
// Execute: dotnet JsonBench-Energy-1.dll --anonymousPipes 127 128 --benchmarkName JsonBench.Benchmarks.SmokeBenchByte.Utf8Json_Ser --job Energy --benchmarkId 9 in /home/test/json-energy-bench/JsonBench/bin/Release/net10.0/JsonBench-Energy-1/bin/Release/net10.0
// BeforeAnythingElse

// Benchmark Process Environment Information:
// BenchmarkDotNet v0.15.5-develop (2026-05-26)
// Runtime=.NET 10.0.8 (10.0.8, 10.0.826.23019), X64 RyuJIT x86-64-v3
// GC=Concurrent Workstation
// HardwareIntrinsics=AVX2+BMI1+BMI2+F16C+FMA+LZCNT+MOVBE,AVX,SSE3+SSSE3+SSE4.1+SSE4.2+POPCNT,X86Base+SSE+SSE2,AES+PCLMUL VectorSize=256
// Job: Energy(OutlierMode=DontRemove, Affinity=100, IterationTime=1s)

OverheadJitting  1: 1 op, 238115.00 ns, 238.1150 us/op
WorkloadJitting  1: 1 op, 85948776.00 ns, 85.9488 ms/op

WorkloadPilot    1: 4 op, 169784.00 ns, 42.4460 us/op
WorkloadPilot    2: 23559 op, 807809736.00 ns, 34.2888 us/op
WorkloadPilot    3: 29164 op, 1014279080.00 ns, 34.7785 us/op
WorkloadPilot    4: 28753 op, 216200861.00 ns, 7.5192 us/op
WorkloadPilot    5: 132992 op, 901145631.00 ns, 6.7759 us/op
WorkloadPilot    6: 147581 op, 1005687840.00 ns, 6.8145 us/op
WorkloadPilot    7: 146746 op, 1005065337.00 ns, 6.8490 us/op

WorkloadWarmup   1: 146746 op, 976308884.00 ns, 6.6531 us/op
WorkloadWarmup   2: 146746 op, 984457813.00 ns, 6.7086 us/op
WorkloadWarmup   3: 146746 op, 994070478.00 ns, 6.7741 us/op
WorkloadWarmup   4: 146746 op, 985499952.00 ns, 6.7157 us/op
WorkloadWarmup   5: 146746 op, 989968773.00 ns, 6.7461 us/op
WorkloadWarmup   6: 146746 op, 979815052.00 ns, 6.6769 us/op

// BeforeActualRun
WorkloadActual   1: 146746 op, 997625986.00 ns, 6.7983 us/op
WorkloadActual   2: 146746 op, 984883388.00 ns, 6.7115 us/op
WorkloadActual   3: 146746 op, 989042516.00 ns, 6.7398 us/op
WorkloadActual   4: 146746 op, 989515250.00 ns, 6.7430 us/op
WorkloadActual   5: 146746 op, 1009525256.00 ns, 6.8794 us/op
WorkloadActual   6: 146746 op, 1006147917.00 ns, 6.8564 us/op
WorkloadActual   7: 146746 op, 980340724.00 ns, 6.6805 us/op
WorkloadActual   8: 146746 op, 983227008.00 ns, 6.7002 us/op
WorkloadActual   9: 146746 op, 971890786.00 ns, 6.6229 us/op
WorkloadActual  10: 146746 op, 979509314.00 ns, 6.6749 us/op
WorkloadActual  11: 146746 op, 1000221056.00 ns, 6.8160 us/op
WorkloadActual  12: 146746 op, 985605614.00 ns, 6.7164 us/op
WorkloadActual  13: 146746 op, 976220130.00 ns, 6.6524 us/op
WorkloadActual  14: 146746 op, 980255172.00 ns, 6.6799 us/op
WorkloadActual  15: 146746 op, 974913633.00 ns, 6.6435 us/op

// AfterActualRun
WorkloadResult   1: 146746 op, 997625986.00 ns, 6.7983 us/op
WorkloadResult   2: 146746 op, 984883388.00 ns, 6.7115 us/op
WorkloadResult   3: 146746 op, 989042516.00 ns, 6.7398 us/op
WorkloadResult   4: 146746 op, 989515250.00 ns, 6.7430 us/op
WorkloadResult   5: 146746 op, 1009525256.00 ns, 6.8794 us/op
WorkloadResult   6: 146746 op, 1006147917.00 ns, 6.8564 us/op
WorkloadResult   7: 146746 op, 980340724.00 ns, 6.6805 us/op
WorkloadResult   8: 146746 op, 983227008.00 ns, 6.7002 us/op
WorkloadResult   9: 146746 op, 971890786.00 ns, 6.6229 us/op
WorkloadResult  10: 146746 op, 979509314.00 ns, 6.6749 us/op
WorkloadResult  11: 146746 op, 1000221056.00 ns, 6.8160 us/op
WorkloadResult  12: 146746 op, 985605614.00 ns, 6.7164 us/op
WorkloadResult  13: 146746 op, 976220130.00 ns, 6.6524 us/op
WorkloadResult  14: 146746 op, 980255172.00 ns, 6.6799 us/op
WorkloadResult  15: 146746 op, 974913633.00 ns, 6.6435 us/op

// AfterAll
// Benchmark Process 1008555 has exited with code 0.

Mean = 6.728 μs, StdErr = 0.020 μs (0.30%), N = 15, StdDev = 0.078 μs
Min = 6.623 μs, Q1 = 6.677 μs, Median = 6.711 μs, Q3 = 6.771 μs, Max = 6.879 μs
IQR = 0.093 μs, LowerFence = 6.537 μs, UpperFence = 6.911 μs
ConfidenceInterval = [6.644 μs; 6.811 μs] (CI 99.9%), Margin = 0.083 μs (1.24% of Mean)
Skewness = 0.58, Kurtosis = 2.01, MValue = 2

// ** Remained 0 (0.0 %) benchmark(s) to run. Estimated finish 2026-05-26 18:23 (0h 0m from now) **
// ***** BenchmarkRunner: Finish  *****

// * Export *
  BenchmarkArtifacts/results/JsonBench.Benchmarks.SmokeBenchByte-report.csv
  BenchmarkArtifacts/results/JsonBench.Benchmarks.SmokeBenchByte-report-github.md
  BenchmarkArtifacts/results/JsonBench.Benchmarks.SmokeBenchByte-report.html
  BenchmarkArtifacts/results/JsonBench.Benchmarks.SmokeBenchByte-measurements.csv

// * Detailed results *
SmokeBenchByte.SpanJson_Deser: Energy(OutlierMode=DontRemove, Affinity=00000100, IterationTime=1s)
Runtime = .NET 10.0.8 (10.0.8, 10.0.826.23019), X64 RyuJIT x86-64-v3; GC = Concurrent Workstation
Mean = 7.351 μs, StdErr = 0.031 μs (0.43%), N = 15, StdDev = 0.122 μs
Min = 7.258 μs, Q1 = 7.287 μs, Median = 7.304 μs, Q3 = 7.350 μs, Max = 7.741 μs
IQR = 0.063 μs, LowerFence = 7.193 μs, UpperFence = 7.444 μs
ConfidenceInterval = [7.221 μs; 7.481 μs] (CI 99.9%), Margin = 0.130 μs (1.77% of Mean)
Skewness = 2.17, Kurtosis = 7.12, MValue = 2
-------------------- Histogram --------------------
[7.237 μs ; 7.521 μs) | @@@@@@@@@@@@@@
[7.521 μs ; 7.806 μs) | @
---------------------------------------------------

SmokeBenchByte.STJSrcGen_Deser: Energy(OutlierMode=DontRemove, Affinity=00000100, IterationTime=1s)
Runtime = .NET 10.0.8 (10.0.8, 10.0.826.23019), X64 RyuJIT x86-64-v3; GC = Concurrent Workstation
Mean = 9.935 μs, StdErr = 0.044 μs (0.44%), N = 15, StdDev = 0.169 μs
Min = 9.831 μs, Q1 = 9.860 μs, Median = 9.870 μs, Q3 = 9.895 μs, Max = 10.489 μs
IQR = 0.034 μs, LowerFence = 9.809 μs, UpperFence = 9.946 μs
ConfidenceInterval = [9.753 μs; 10.116 μs] (CI 99.9%), Margin = 0.181 μs (1.82% of Mean)
Skewness = 2.34, Kurtosis = 7.72, MValue = 2
-------------------- Histogram --------------------
[ 9.773 μs ; 10.166 μs) | @@@@@@@@@@@@@@
[10.166 μs ; 10.579 μs) | @
---------------------------------------------------

SmokeBenchByte.STJRefGen_Deser: Energy(OutlierMode=DontRemove, Affinity=00000100, IterationTime=1s)
Runtime = .NET 10.0.8 (10.0.8, 10.0.826.23019), X64 RyuJIT x86-64-v3; GC = Concurrent Workstation
Mean = 10.170 μs, StdErr = 0.031 μs (0.31%), N = 15, StdDev = 0.121 μs
Min = 10.077 μs, Q1 = 10.098 μs, Median = 10.109 μs, Q3 = 10.213 μs, Max = 10.510 μs
IQR = 0.114 μs, LowerFence = 9.927 μs, UpperFence = 10.384 μs
ConfidenceInterval = [10.040 μs; 10.299 μs] (CI 99.9%), Margin = 0.130 μs (1.27% of Mean)
Skewness = 1.53, Kurtosis = 4.4, MValue = 2
-------------------- Histogram --------------------
[10.013 μs ; 10.574 μs) | @@@@@@@@@@@@@@@
---------------------------------------------------

SmokeBenchByte.Utf8Json_Deser: Energy(OutlierMode=DontRemove, Affinity=00000100, IterationTime=1s)
Runtime = .NET 10.0.8 (10.0.8, 10.0.826.23019), X64 RyuJIT x86-64-v3; GC = Concurrent Workstation
Mean = 12.675 μs, StdErr = 0.031 μs (0.25%), N = 15, StdDev = 0.122 μs
Min = 12.567 μs, Q1 = 12.594 μs, Median = 12.607 μs, Q3 = 12.734 μs, Max = 12.975 μs
IQR = 0.141 μs, LowerFence = 12.382 μs, UpperFence = 12.946 μs
ConfidenceInterval = [12.545 μs; 12.805 μs] (CI 99.9%), Margin = 0.130 μs (1.03% of Mean)
Skewness = 1.08, Kurtosis = 2.97, MValue = 2
-------------------- Histogram --------------------
[12.502 μs ; 13.039 μs) | @@@@@@@@@@@@@@@
---------------------------------------------------

SmokeBenchByte.Newtonsoft_Deser: Energy(OutlierMode=DontRemove, Affinity=00000100, IterationTime=1s)
Runtime = .NET 10.0.8 (10.0.8, 10.0.826.23019), X64 RyuJIT x86-64-v3; GC = Concurrent Workstation
Mean = 20.093 μs, StdErr = 0.057 μs (0.28%), N = 15, StdDev = 0.220 μs
Min = 19.935 μs, Q1 = 19.944 μs, Median = 19.981 μs, Q3 = 20.176 μs, Max = 20.551 μs
IQR = 0.232 μs, LowerFence = 19.597 μs, UpperFence = 20.523 μs
ConfidenceInterval = [19.858 μs; 20.329 μs] (CI 99.9%), Margin = 0.235 μs (1.17% of Mean)
Skewness = 1.06, Kurtosis = 2.42, MValue = 2
-------------------- Histogram --------------------
[19.817 μs ; 20.256 μs) | @@@@@@@@@@@
[20.256 μs ; 20.669 μs) | @@@@
---------------------------------------------------

SmokeBenchByte.STJSrcGen_Ser: Energy(OutlierMode=DontRemove, Affinity=00000100, IterationTime=1s)
Runtime = .NET 10.0.8 (10.0.8, 10.0.826.23019), X64 RyuJIT x86-64-v3; GC = Concurrent Workstation
Mean = 3.604 μs, StdErr = 0.011 μs (0.31%), N = 15, StdDev = 0.043 μs
Min = 3.570 μs, Q1 = 3.577 μs, Median = 3.579 μs, Q3 = 3.634 μs, Max = 3.719 μs
IQR = 0.057 μs, LowerFence = 3.491 μs, UpperFence = 3.719 μs
ConfidenceInterval = [3.559 μs; 3.650 μs] (CI 99.9%), Margin = 0.046 μs (1.27% of Mean)
Skewness = 1.3, Kurtosis = 3.74, MValue = 2
-------------------- Histogram --------------------
[3.547 μs ; 3.742 μs) | @@@@@@@@@@@@@@@
---------------------------------------------------

SmokeBenchByte.STJRefGen_Ser: Energy(OutlierMode=DontRemove, Affinity=00000100, IterationTime=1s)
Runtime = .NET 10.0.8 (10.0.8, 10.0.826.23019), X64 RyuJIT x86-64-v3; GC = Concurrent Workstation
Mean = 4.724 μs, StdErr = 0.012 μs (0.26%), N = 15, StdDev = 0.047 μs
Min = 4.679 μs, Q1 = 4.688 μs, Median = 4.696 μs, Q3 = 4.755 μs, Max = 4.830 μs
IQR = 0.067 μs, LowerFence = 4.588 μs, UpperFence = 4.856 μs
ConfidenceInterval = [4.674 μs; 4.775 μs] (CI 99.9%), Margin = 0.051 μs (1.07% of Mean)
Skewness = 0.83, Kurtosis = 2.28, MValue = 2
-------------------- Histogram --------------------
[4.654 μs ; 4.856 μs) | @@@@@@@@@@@@@@@
---------------------------------------------------

SmokeBenchByte.SpanJson_Ser: Energy(OutlierMode=DontRemove, Affinity=00000100, IterationTime=1s)
Runtime = .NET 10.0.8 (10.0.8, 10.0.826.23019), X64 RyuJIT x86-64-v3; GC = Concurrent Workstation
Mean = 6.299 μs, StdErr = 0.023 μs (0.37%), N = 15, StdDev = 0.090 μs
Min = 6.148 μs, Q1 = 6.240 μs, Median = 6.273 μs, Q3 = 6.364 μs, Max = 6.490 μs
IQR = 0.124 μs, LowerFence = 6.055 μs, UpperFence = 6.549 μs
ConfidenceInterval = [6.203 μs; 6.396 μs] (CI 99.9%), Margin = 0.097 μs (1.53% of Mean)
Skewness = 0.48, Kurtosis = 2.27, MValue = 2
-------------------- Histogram --------------------
[6.100 μs ; 6.319 μs) | @@@@@@@@@@
[6.319 μs ; 6.538 μs) | @@@@@
---------------------------------------------------

SmokeBenchByte.Utf8Json_Ser: Energy(OutlierMode=DontRemove, Affinity=00000100, IterationTime=1s)
Runtime = .NET 10.0.8 (10.0.8, 10.0.826.23019), X64 RyuJIT x86-64-v3; GC = Concurrent Workstation
Mean = 6.728 μs, StdErr = 0.020 μs (0.30%), N = 15, StdDev = 0.078 μs
Min = 6.623 μs, Q1 = 6.677 μs, Median = 6.711 μs, Q3 = 6.771 μs, Max = 6.879 μs
IQR = 0.093 μs, LowerFence = 6.537 μs, UpperFence = 6.911 μs
ConfidenceInterval = [6.644 μs; 6.811 μs] (CI 99.9%), Margin = 0.083 μs (1.24% of Mean)
Skewness = 0.58, Kurtosis = 2.01, MValue = 2
-------------------- Histogram --------------------
[6.582 μs ; 6.907 μs) | @@@@@@@@@@@@@@@
---------------------------------------------------

SmokeBenchByte.Newtonsoft_Ser: Energy(OutlierMode=DontRemove, Affinity=00000100, IterationTime=1s)
Runtime = .NET 10.0.8 (10.0.8, 10.0.826.23019), X64 RyuJIT x86-64-v3; GC = Concurrent Workstation
Mean = 12.034 μs, StdErr = 0.042 μs (0.35%), N = 15, StdDev = 0.164 μs
Min = 11.915 μs, Q1 = 11.923 μs, Median = 11.938 μs, Q3 = 12.134 μs, Max = 12.383 μs
IQR = 0.212 μs, LowerFence = 11.605 μs, UpperFence = 12.452 μs
ConfidenceInterval = [11.858 μs; 12.210 μs] (CI 99.9%), Margin = 0.176 μs (1.46% of Mean)
Skewness = 0.97, Kurtosis = 2.18, MValue = 2
-------------------- Histogram --------------------
[11.867 μs ; 12.419 μs) | @@@@@@@@@@@@@@@
---------------------------------------------------

// * Summary *

BenchmarkDotNet v0.15.5-develop (2026-05-26), Linux Ubuntu 24.04.4 LTS (Noble Numbat)
Intel Core i9-9900K CPU 3.60GHz (Coffee Lake), 1 CPU, 8 logical and 8 physical cores
.NET SDK 10.0.108
  [Host] : .NET 10.0.8 (10.0.8, 10.0.826.23019), X64 RyuJIT x86-64-v3
  Energy : .NET 10.0.8 (10.0.8, 10.0.826.23019), X64 RyuJIT x86-64-v3

Job=Energy  OutlierMode=DontRemove  Affinity=00000100  
IterationTime=1s  

| Method           | Mean      | Error     | StdDev    | Operations | Iterations | Metrion CPU Energy (uJ/op) | Metrion CPU Energy (uJ/iter) |
|----------------- |----------:|----------:|----------:|-----------:|-----------:|---------------------------:|-----------------------------:|
| SpanJson_Deser   |  7.351 μs | 0.1302 μs | 0.1218 μs |    137,519 |      15.00 |                      65.01 |                   8940278.70 |
| STJSrcGen_Deser  |  9.935 μs | 0.1812 μs | 0.1695 μs |    101,696 |      15.00 |                     112.38 |                  11428544.07 |
| STJRefGen_Deser  | 10.170 μs | 0.1296 μs | 0.1212 μs |     99,232 |      15.00 |                      80.78 |                   8015746.85 |
| Utf8Json_Deser   | 12.675 μs | 0.1301 μs | 0.1217 μs |     79,487 |      15.00 |                     163.82 |                  13021667.30 |
| Newtonsoft_Deser | 20.093 μs | 0.2355 μs | 0.2203 μs |     50,384 |      15.00 |                     192.04 |                   9675687.89 |
|                  |           |           |           |            |            |                            |                              |
| STJSrcGen_Ser    |  3.604 μs | 0.0457 μs | 0.0428 μs |    279,744 |      15.00 |                      44.20 |                  12365823.90 |
| STJRefGen_Ser    |  4.724 μs | 0.0505 μs | 0.0473 μs |    213,552 |      15.00 |                      49.12 |                  10489915.49 |
| SpanJson_Ser     |  6.299 μs | 0.0967 μs | 0.0904 μs |    161,268 |      15.00 |                      89.86 |                  14491174.77 |
| Utf8Json_Ser     |  6.728 μs | 0.0833 μs | 0.0779 μs |    146,746 |      15.00 |                     114.97 |                  16871192.09 |
| Newtonsoft_Ser   | 12.034 μs | 0.1757 μs | 0.1644 μs |     84,336 |      15.00 |                     156.22 |                  13175045.82 |

// * Hints *
Outliers
  SmokeBenchByte.SpanJson_Deser: Energy   -> 2 outliers were detected (7.47 μs, 7.74 μs)
  SmokeBenchByte.STJSrcGen_Deser: Energy  -> 3 outliers were detected (10.05 μs..10.49 μs)
  SmokeBenchByte.STJRefGen_Deser: Energy  -> 1 outlier  was  detected (10.51 μs)
  SmokeBenchByte.Utf8Json_Deser: Energy   -> 1 outlier  was  detected (12.97 μs)
  SmokeBenchByte.Newtonsoft_Deser: Energy -> 1 outlier  was  detected (20.56 μs)

// * Legends *
  Mean                         : Arithmetic mean of all measurements
  Error                        : Half of 99.9% confidence interval
  StdDev                       : Standard deviation of all measurements
  Operations                   : Actual invocations per measured iteration (from measurements)
  Iterations                   : Number of target iterations
  Metrion CPU Energy (uJ/op)   : Average CPU core energy consumed per benchmark operation (uJ), captured with Metrion.
  Metrion CPU Energy (uJ/iter) : Average CPU core energy consumed per benchmark iteration (uJ), captured with Metrion.
  1 μs                         : 1 Microsecond (0.000001 sec)

// * Diagnostic Output - MetrionEnergyProfiler *
Metrion measured the energy for a total of 10 benchmarks.
The measurements details of Actual Stage for each benchmark:
BenchmarkMethod - StartTimestamp - EndTimestamp - TotalEnergyFromSummary - TotalEnergyFromRawMeasurements
STJRefGen_Deser: 2026-05-26T18:15:48.914120 - 2026-05-26T18:16:04.078419 - 129.7069777425761 - 120.2362026870991
STJSrcGen_Deser: 2026-05-26T18:16:33.181812 - 2026-05-26T18:16:48.369717 - 168.02141416952117 - 171.42816107233088
Newtonsoft_Deser: 2026-05-26T18:17:19.525700 - 2026-05-26T18:17:34.736446 - 145.85147802355135 - 145.13531841704676
SpanJson_Deser: 2026-05-26T18:18:07.638076 - 2026-05-26T18:18:22.835001 - 137.25977971912872 - 134.1041805054347
Utf8Json_Deser: 2026-05-26T18:18:51.154196 - 2026-05-26T18:19:06.300600 - 179.94464635901835 - 195.32500942536464
STJRefGen_Ser: 2026-05-26T18:19:40.103567 - 2026-05-26T18:19:55.267201 - 153.20598578087547 - 157.3487324107705
STJSrcGen_Ser: 2026-05-26T18:20:26.505507 - 2026-05-26T18:20:41.665454 - 176.29624418922103 - 185.48735848450258
Newtonsoft_Ser: 2026-05-26T18:21:11.450090 - 2026-05-26T18:21:26.700811 - 191.07713827356548 - 197.62568733184267
SpanJson_Ser: 2026-05-26T18:21:56.384328 - 2026-05-26T18:22:11.649354 - 214.56917160462518 - 217.36762156120795
Utf8Json_Ser: 2026-05-26T18:22:38.740536 - 2026-05-26T18:22:53.582656 - 252.71056550328967 - 253.06788139015853


// ***** BenchmarkRunner: End *****
Run time: 00:07:36 (456.45 sec), executed benchmarks: 10

Global total time: 00:07:43 (463.6 sec), executed benchmarks: 10
// * Artifacts cleanup *
Artifacts cleanup is finished
