// Validating benchmarks:
// ***** BenchmarkRunner: Start   *****
// ***** Found 10 benchmark(s) in total *****
// ***** Building 1 exe(s) in Parallel: Start   *****
// start dotnet  restore --nodeReuse:false /p:UseSharedCompilation=false /p:Deterministic=true /p:Optimize=true /p:ArtifactsPath="/home/test/json-energy-bench/JsonBench/bin/Release/net10.0/JsonBench-Energy-1/" /p:OutDir="/home/test/json-energy-bench/JsonBench/bin/Release/net10.0/JsonBench-Energy-1/bin/Release/net10.0/" /p:OutputPath="/home/test/json-energy-bench/JsonBench/bin/Release/net10.0/JsonBench-Energy-1/bin/Release/net10.0/" /p:PublishDir="/home/test/json-energy-bench/JsonBench/bin/Release/net10.0/JsonBench-Energy-1/publish/" in /home/test/json-energy-bench/JsonBench/bin/Release/net10.0/JsonBench-Energy-1
// command took 1.61 sec and exited with 0
// start dotnet  build -c Release --no-restore --nodeReuse:false /p:UseSharedCompilation=false /p:Deterministic=true /p:Optimize=true /p:ArtifactsPath="/home/test/json-energy-bench/JsonBench/bin/Release/net10.0/JsonBench-Energy-1/" /p:OutDir="/home/test/json-energy-bench/JsonBench/bin/Release/net10.0/JsonBench-Energy-1/bin/Release/net10.0/" /p:OutputPath="/home/test/json-energy-bench/JsonBench/bin/Release/net10.0/JsonBench-Energy-1/bin/Release/net10.0/" /p:PublishDir="/home/test/json-energy-bench/JsonBench/bin/Release/net10.0/JsonBench-Energy-1/publish/" --output "/home/test/json-energy-bench/JsonBench/bin/Release/net10.0/JsonBench-Energy-1/bin/Release/net10.0/" in /home/test/json-energy-bench/JsonBench/bin/Release/net10.0/JsonBench-Energy-1
// command took 5.29 sec and exited with 0
// ***** Done, took 00:00:06 (6.98 sec)   *****
// Found 10 benchmarks:
//   SmokeBenchByte.STJRefGen_Deser: Energy(OutlierMode=DontRemove, Affinity=00000100, IterationTime=1s)
//   SmokeBenchByte.STJSrcGen_Deser: Energy(OutlierMode=DontRemove, Affinity=00000100, IterationTime=1s)
//   SmokeBenchByte.Newtonsoft_Deser: Energy(OutlierMode=DontRemove, Affinity=00000100, IterationTime=1s)
//   SmokeBenchByte.SpanJson_Deser: Energy(OutlierMode=DontRemove, Affinity=00000100, IterationTime=1s)
//   SmokeBenchByte.Utf8Json_Deser: Energy(OutlierMode=DontRemove, Affinity=00000100, IterationTime=1s)
//   SmokeBenchByte.STJRefGen_Ser: Energy(OutlierMode=DontRemove, Affinity=00000100, IterationTime=1s)
//   SmokeBenchByte.STJSrcGen_Ser: Energy(OutlierMode=DontRemove, Affinity=00000100, IterationTime=1s)
//   SmokeBenchByte.Newtonsoft_Ser: Energy(OutlierMode=DontRemove, Affinity=00000100, IterationTime=1s)
//   SmokeBenchByte.SpanJson_Ser: Energy(OutlierMode=DontRemove, Affinity=00000100, IterationTime=1s)
//   SmokeBenchByte.Utf8Json_Ser: Energy(OutlierMode=DontRemove, Affinity=00000100, IterationTime=1s)

// **************************
// Benchmark: SmokeBenchByte.STJRefGen_Deser: Energy(OutlierMode=DontRemove, Affinity=00000100, IterationTime=1s)
// *** Execute ***
// Launch: 1 / 1
// Execute: dotnet JsonBench-Energy-1.dll --anonymousPipes 160 161 --benchmarkName JsonBench.Benchmarks.SmokeBenchByte.STJRefGen_Deser --job Energy --benchmarkId 0 in /home/test/json-energy-bench/JsonBench/bin/Release/net10.0/JsonBench-Energy-1/bin/Release/net10.0
// BeforeAnythingElse

// Benchmark Process Environment Information:
// BenchmarkDotNet v0.15.5-develop (2026-05-26)
// Runtime=.NET 10.0.8 (10.0.8, 10.0.826.23019), X64 RyuJIT x86-64-v3
// GC=Concurrent Workstation
// HardwareIntrinsics=AVX2+BMI1+BMI2+F16C+FMA+LZCNT+MOVBE,AVX,SSE3+SSSE3+SSE4.1+SSE4.2+POPCNT,X86Base+SSE+SSE2,AES+PCLMUL VectorSize=256
// Job: Energy(OutlierMode=DontRemove, Affinity=100, IterationTime=1s)

OverheadJitting  1: 1 op, 240177.00 ns, 240.1770 us/op
WorkloadJitting  1: 1 op, 328504.00 ns, 328.5040 us/op

OverheadJitting  2: 16 op, 651016.00 ns, 40.6885 us/op
WorkloadJitting  2: 16 op, 1092570.00 ns, 68.2856 us/op

WorkloadPilot    1: 16 op, 381739.00 ns, 23.8587 us/op
WorkloadPilot    2: 41920 op, 944765748.00 ns, 22.5374 us/op
WorkloadPilot    3: 44384 op, 1077490817.00 ns, 24.2766 us/op
WorkloadPilot    4: 41200 op, 1296753439.00 ns, 31.4746 us/op
WorkloadPilot    5: 31776 op, 897108460.00 ns, 28.2323 us/op
WorkloadPilot    6: 35424 op, 364877280.00 ns, 10.3003 us/op
WorkloadPilot    7: 97088 op, 966045084.00 ns, 9.9502 us/op
WorkloadPilot    8: 100512 op, 991596087.00 ns, 9.8654 us/op
WorkloadPilot    9: 101376 op, 991307313.00 ns, 9.7785 us/op
WorkloadPilot   10: 102272 op, 998957863.00 ns, 9.7677 us/op
WorkloadPilot   11: 102384 op, 1008663928.00 ns, 9.8518 us/op

OverheadWarmup   1: 102384 op, 457172.00 ns, 4.4653 ns/op
OverheadWarmup   2: 102384 op, 457072.00 ns, 4.4643 ns/op
OverheadWarmup   3: 102384 op, 462835.00 ns, 4.5206 ns/op
OverheadWarmup   4: 102384 op, 456269.00 ns, 4.4564 ns/op
OverheadWarmup   5: 102384 op, 463895.00 ns, 4.5309 ns/op
OverheadWarmup   6: 102384 op, 457553.00 ns, 4.4690 ns/op

OverheadActual   1: 102384 op, 457257.00 ns, 4.4661 ns/op
OverheadActual   2: 102384 op, 459546.00 ns, 4.4885 ns/op
OverheadActual   3: 102384 op, 459165.00 ns, 4.4847 ns/op
OverheadActual   4: 102384 op, 457132.00 ns, 4.4649 ns/op
OverheadActual   5: 102384 op, 464650.00 ns, 4.5383 ns/op
OverheadActual   6: 102384 op, 460917.00 ns, 4.5018 ns/op
OverheadActual   7: 102384 op, 457148.00 ns, 4.4650 ns/op
OverheadActual   8: 102384 op, 459951.00 ns, 4.4924 ns/op
OverheadActual   9: 102384 op, 457128.00 ns, 4.4648 ns/op
OverheadActual  10: 102384 op, 456403.00 ns, 4.4578 ns/op
OverheadActual  11: 102384 op, 459883.00 ns, 4.4917 ns/op
OverheadActual  12: 102384 op, 455411.00 ns, 4.4481 ns/op
OverheadActual  13: 102384 op, 464042.00 ns, 4.5324 ns/op
OverheadActual  14: 102384 op, 458597.00 ns, 4.4792 ns/op
OverheadActual  15: 102384 op, 460490.00 ns, 4.4977 ns/op

WorkloadWarmup   1: 102384 op, 1004740165.00 ns, 9.8134 us/op
WorkloadWarmup   2: 102384 op, 1068783018.00 ns, 10.4390 us/op
WorkloadWarmup   3: 102384 op, 1031757716.00 ns, 10.0773 us/op
WorkloadWarmup   4: 102384 op, 1000147252.00 ns, 9.7686 us/op
WorkloadWarmup   5: 102384 op, 999946895.00 ns, 9.7666 us/op
WorkloadWarmup   6: 102384 op, 999773200.00 ns, 9.7649 us/op
WorkloadWarmup   7: 102384 op, 1018752851.00 ns, 9.9503 us/op
WorkloadWarmup   8: 102384 op, 1000145873.00 ns, 9.7686 us/op

// BeforeActualRun
WorkloadActual   1: 102384 op, 1002102330.00 ns, 9.7877 us/op
WorkloadActual   2: 102384 op, 1003116917.00 ns, 9.7976 us/op
WorkloadActual   3: 102384 op, 1002833021.00 ns, 9.7948 us/op
WorkloadActual   4: 102384 op, 1017469253.00 ns, 9.9378 us/op
WorkloadActual   5: 102384 op, 1016575018.00 ns, 9.9290 us/op
WorkloadActual   6: 102384 op, 1005317095.00 ns, 9.8191 us/op
WorkloadActual   7: 102384 op, 1004676261.00 ns, 9.8128 us/op
WorkloadActual   8: 102384 op, 1005539946.00 ns, 9.8213 us/op
WorkloadActual   9: 102384 op, 1045258098.00 ns, 10.2092 us/op
WorkloadActual  10: 102384 op, 1022233045.00 ns, 9.9843 us/op
WorkloadActual  11: 102384 op, 1002848909.00 ns, 9.7950 us/op
WorkloadActual  12: 102384 op, 1004295859.00 ns, 9.8091 us/op
WorkloadActual  13: 102384 op, 1002884049.00 ns, 9.7953 us/op
WorkloadActual  14: 102384 op, 1009007950.00 ns, 9.8551 us/op
WorkloadActual  15: 102384 op, 1022103060.00 ns, 9.9830 us/op

// AfterActualRun
WorkloadResult   1: 102384 op, 1001643165.00 ns, 9.7832 us/op
WorkloadResult   2: 102384 op, 1002657752.00 ns, 9.7931 us/op
WorkloadResult   3: 102384 op, 1002373856.00 ns, 9.7903 us/op
WorkloadResult   4: 102384 op, 1017010088.00 ns, 9.9333 us/op
WorkloadResult   5: 102384 op, 1016115853.00 ns, 9.9246 us/op
WorkloadResult   6: 102384 op, 1004857930.00 ns, 9.8146 us/op
WorkloadResult   7: 102384 op, 1004217096.00 ns, 9.8083 us/op
WorkloadResult   8: 102384 op, 1005080781.00 ns, 9.8168 us/op
WorkloadResult   9: 102384 op, 1044798933.00 ns, 10.2047 us/op
WorkloadResult  10: 102384 op, 1021773880.00 ns, 9.9798 us/op
WorkloadResult  11: 102384 op, 1002389744.00 ns, 9.7905 us/op
WorkloadResult  12: 102384 op, 1003836694.00 ns, 9.8046 us/op
WorkloadResult  13: 102384 op, 1002424884.00 ns, 9.7908 us/op
WorkloadResult  14: 102384 op, 1008548785.00 ns, 9.8506 us/op
WorkloadResult  15: 102384 op, 1021643895.00 ns, 9.9786 us/op

// AfterAll
// Benchmark Process 1017547 has exited with code 0.

Mean = 9.871 μs, StdErr = 0.030 μs (0.30%), N = 15, StdDev = 0.116 μs
Min = 9.783 μs, Q1 = 9.792 μs, Median = 9.815 μs, Q3 = 9.929 μs, Max = 10.205 μs
IQR = 0.137 μs, LowerFence = 9.587 μs, UpperFence = 10.134 μs
ConfidenceInterval = [9.747 μs; 9.995 μs] (CI 99.9%), Margin = 0.124 μs (1.26% of Mean)
Skewness = 1.55, Kurtosis = 4.72, MValue = 2

// ** Remained 9 (90.0 %) benchmark(s) to run. Estimated finish 2026-05-26 18:46 (0h 6m from now) **
// **************************
// Benchmark: SmokeBenchByte.STJSrcGen_Deser: Energy(OutlierMode=DontRemove, Affinity=00000100, IterationTime=1s)
// *** Execute ***
// Launch: 1 / 1
// Execute: dotnet JsonBench-Energy-1.dll --anonymousPipes 125 126 --benchmarkName JsonBench.Benchmarks.SmokeBenchByte.STJSrcGen_Deser --job Energy --benchmarkId 1 in /home/test/json-energy-bench/JsonBench/bin/Release/net10.0/JsonBench-Energy-1/bin/Release/net10.0
// BeforeAnythingElse

// Benchmark Process Environment Information:
// BenchmarkDotNet v0.15.5-develop (2026-05-26)
// Runtime=.NET 10.0.8 (10.0.8, 10.0.826.23019), X64 RyuJIT x86-64-v3
// GC=Concurrent Workstation
// HardwareIntrinsics=AVX2+BMI1+BMI2+F16C+FMA+LZCNT+MOVBE,AVX,SSE3+SSSE3+SSE4.1+SSE4.2+POPCNT,X86Base+SSE+SSE2,AES+PCLMUL VectorSize=256
// Job: Energy(OutlierMode=DontRemove, Affinity=100, IterationTime=1s)

OverheadJitting  1: 1 op, 239766.00 ns, 239.7660 us/op
WorkloadJitting  1: 1 op, 11216910.00 ns, 11.2169 ms/op

OverheadJitting  2: 16 op, 656052.00 ns, 41.0033 us/op
WorkloadJitting  2: 16 op, 1103415.00 ns, 68.9634 us/op

WorkloadPilot    1: 16 op, 446433.00 ns, 27.9021 us/op
WorkloadPilot    2: 35840 op, 813510162.00 ns, 22.6984 us/op
WorkloadPilot    3: 44064 op, 1005337927.00 ns, 22.8154 us/op
WorkloadPilot    4: 43840 op, 1463880520.00 ns, 33.3914 us/op
WorkloadPilot    5: 29952 op, 907492960.00 ns, 30.2982 us/op
WorkloadPilot    6: 33008 op, 343991728.00 ns, 10.4215 us/op
WorkloadPilot    7: 95968 op, 949953116.00 ns, 9.8986 us/op
WorkloadPilot    8: 101024 op, 1001614838.00 ns, 9.9146 us/op

OverheadWarmup   1: 101024 op, 422269.00 ns, 4.1799 ns/op
OverheadWarmup   2: 101024 op, 422236.00 ns, 4.1796 ns/op
OverheadWarmup   3: 101024 op, 416971.00 ns, 4.1274 ns/op
OverheadWarmup   4: 101024 op, 414280.00 ns, 4.1008 ns/op
OverheadWarmup   5: 101024 op, 416296.00 ns, 4.1208 ns/op
OverheadWarmup   6: 101024 op, 422496.00 ns, 4.1821 ns/op
OverheadWarmup   7: 101024 op, 418311.00 ns, 4.1407 ns/op
OverheadWarmup   8: 101024 op, 418660.00 ns, 4.1442 ns/op
OverheadWarmup   9: 101024 op, 418718.00 ns, 4.1447 ns/op
OverheadWarmup  10: 101024 op, 416826.00 ns, 4.1260 ns/op

OverheadActual   1: 101024 op, 420805.00 ns, 4.1654 ns/op
OverheadActual   2: 101024 op, 416584.00 ns, 4.1236 ns/op
OverheadActual   3: 101024 op, 419082.00 ns, 4.1483 ns/op
OverheadActual   4: 101024 op, 421056.00 ns, 4.1679 ns/op
OverheadActual   5: 101024 op, 416247.00 ns, 4.1203 ns/op
OverheadActual   6: 101024 op, 416511.00 ns, 4.1229 ns/op
OverheadActual   7: 101024 op, 421279.00 ns, 4.1701 ns/op
OverheadActual   8: 101024 op, 414697.00 ns, 4.1049 ns/op
OverheadActual   9: 101024 op, 420322.00 ns, 4.1606 ns/op
OverheadActual  10: 101024 op, 417580.00 ns, 4.1335 ns/op
OverheadActual  11: 101024 op, 421356.00 ns, 4.1709 ns/op
OverheadActual  12: 101024 op, 418450.00 ns, 4.1421 ns/op
OverheadActual  13: 101024 op, 418561.00 ns, 4.1432 ns/op
OverheadActual  14: 101024 op, 415954.00 ns, 4.1174 ns/op
OverheadActual  15: 101024 op, 417378.00 ns, 4.1315 ns/op

WorkloadWarmup   1: 101024 op, 996764932.00 ns, 9.8666 us/op
WorkloadWarmup   2: 101024 op, 1020373687.00 ns, 10.1003 us/op
WorkloadWarmup   3: 101024 op, 1037005252.00 ns, 10.2649 us/op
WorkloadWarmup   4: 101024 op, 994722442.00 ns, 9.8464 us/op
WorkloadWarmup   5: 101024 op, 1017818183.00 ns, 10.0750 us/op
WorkloadWarmup   6: 101024 op, 995005098.00 ns, 9.8492 us/op

// BeforeActualRun
WorkloadActual   1: 101024 op, 996471124.00 ns, 9.8637 us/op
WorkloadActual   2: 101024 op, 998231739.00 ns, 9.8811 us/op
WorkloadActual   3: 101024 op, 986882689.00 ns, 9.7688 us/op
WorkloadActual   4: 101024 op, 1011485063.00 ns, 10.0123 us/op
WorkloadActual   5: 101024 op, 995033488.00 ns, 9.8495 us/op
WorkloadActual   6: 101024 op, 992980697.00 ns, 9.8292 us/op
WorkloadActual   7: 101024 op, 992719081.00 ns, 9.8266 us/op
WorkloadActual   8: 101024 op, 996021647.00 ns, 9.8593 us/op
WorkloadActual   9: 101024 op, 990213371.00 ns, 9.8018 us/op
WorkloadActual  10: 101024 op, 1003427833.00 ns, 9.9326 us/op
WorkloadActual  11: 101024 op, 1014017768.00 ns, 10.0374 us/op
WorkloadActual  12: 101024 op, 1015408939.00 ns, 10.0512 us/op
WorkloadActual  13: 101024 op, 984940795.00 ns, 9.7496 us/op
WorkloadActual  14: 101024 op, 984770313.00 ns, 9.7479 us/op
WorkloadActual  15: 101024 op, 1009894697.00 ns, 9.9966 us/op

// AfterActualRun
WorkloadResult   1: 101024 op, 996052674.00 ns, 9.8596 us/op
WorkloadResult   2: 101024 op, 997813289.00 ns, 9.8770 us/op
WorkloadResult   3: 101024 op, 986464239.00 ns, 9.7647 us/op
WorkloadResult   4: 101024 op, 1011066613.00 ns, 10.0082 us/op
WorkloadResult   5: 101024 op, 994615038.00 ns, 9.8453 us/op
WorkloadResult   6: 101024 op, 992562247.00 ns, 9.8250 us/op
WorkloadResult   7: 101024 op, 992300631.00 ns, 9.8224 us/op
WorkloadResult   8: 101024 op, 995603197.00 ns, 9.8551 us/op
WorkloadResult   9: 101024 op, 989794921.00 ns, 9.7976 us/op
WorkloadResult  10: 101024 op, 1003009383.00 ns, 9.9284 us/op
WorkloadResult  11: 101024 op, 1013599318.00 ns, 10.0333 us/op
WorkloadResult  12: 101024 op, 1014990489.00 ns, 10.0470 us/op
WorkloadResult  13: 101024 op, 984522345.00 ns, 9.7454 us/op
WorkloadResult  14: 101024 op, 984351863.00 ns, 9.7437 us/op
WorkloadResult  15: 101024 op, 1009476247.00 ns, 9.9924 us/op

// AfterAll
// Benchmark Process 1017930 has exited with code 0.

Mean = 9.876 μs, StdErr = 0.027 μs (0.27%), N = 15, StdDev = 0.103 μs
Min = 9.744 μs, Q1 = 9.810 μs, Median = 9.855 μs, Q3 = 9.960 μs, Max = 10.047 μs
IQR = 0.150 μs, LowerFence = 9.584 μs, UpperFence = 10.186 μs
ConfidenceInterval = [9.766 μs; 9.986 μs] (CI 99.9%), Margin = 0.110 μs (1.11% of Mean)
Skewness = 0.37, Kurtosis = 1.65, MValue = 2

// ** Remained 8 (80.0 %) benchmark(s) to run. Estimated finish 2026-05-26 18:46 (0h 5m from now) **
// **************************
// Benchmark: SmokeBenchByte.Newtonsoft_Deser: Energy(OutlierMode=DontRemove, Affinity=00000100, IterationTime=1s)
// *** Execute ***
// Launch: 1 / 1
// Execute: dotnet JsonBench-Energy-1.dll --anonymousPipes 125 126 --benchmarkName JsonBench.Benchmarks.SmokeBenchByte.Newtonsoft_Deser --job Energy --benchmarkId 2 in /home/test/json-energy-bench/JsonBench/bin/Release/net10.0/JsonBench-Energy-1/bin/Release/net10.0
// BeforeAnythingElse

// Benchmark Process Environment Information:
// BenchmarkDotNet v0.15.5-develop (2026-05-26)
// Runtime=.NET 10.0.8 (10.0.8, 10.0.826.23019), X64 RyuJIT x86-64-v3
// GC=Concurrent Workstation
// HardwareIntrinsics=AVX2+BMI1+BMI2+F16C+FMA+LZCNT+MOVBE,AVX,SSE3+SSSE3+SSE4.1+SSE4.2+POPCNT,X86Base+SSE+SSE2,AES+PCLMUL VectorSize=256
// Job: Energy(OutlierMode=DontRemove, Affinity=100, IterationTime=1s)

OverheadJitting  1: 1 op, 240774.00 ns, 240.7740 us/op
WorkloadJitting  1: 1 op, 62236473.00 ns, 62.2365 ms/op

OverheadJitting  2: 16 op, 645935.00 ns, 40.3709 us/op
WorkloadJitting  2: 16 op, 2457660.00 ns, 153.6038 us/op

WorkloadPilot    1: 16 op, 1694049.00 ns, 105.8781 us/op
WorkloadPilot    2: 9456 op, 857894953.00 ns, 90.7249 us/op
WorkloadPilot    3: 11024 op, 1067650883.00 ns, 96.8479 us/op
WorkloadPilot    4: 10336 op, 1354457030.00 ns, 131.0427 us/op
WorkloadPilot    5: 7632 op, 797730134.00 ns, 104.5244 us/op
WorkloadPilot    6: 9568 op, 249527871.00 ns, 26.0794 us/op
WorkloadPilot    7: 38352 op, 790320704.00 ns, 20.6070 us/op
WorkloadPilot    8: 48528 op, 983716612.00 ns, 20.2711 us/op
WorkloadPilot    9: 49344 op, 998282576.00 ns, 20.2311 us/op
WorkloadPilot   10: 49440 op, 997882716.00 ns, 20.1837 us/op
WorkloadPilot   11: 49552 op, 1003455490.00 ns, 20.2506 us/op

OverheadWarmup   1: 49552 op, 263199.00 ns, 5.3116 ns/op
OverheadWarmup   2: 49552 op, 258664.00 ns, 5.2201 ns/op
OverheadWarmup   3: 49552 op, 218229.00 ns, 4.4040 ns/op
OverheadWarmup   4: 49552 op, 223045.00 ns, 4.5012 ns/op
OverheadWarmup   5: 49552 op, 217425.00 ns, 4.3878 ns/op
OverheadWarmup   6: 49552 op, 258817.00 ns, 5.2231 ns/op
OverheadWarmup   7: 49552 op, 221083.00 ns, 4.4616 ns/op

OverheadActual   1: 49552 op, 257569.00 ns, 5.1980 ns/op
OverheadActual   2: 49552 op, 258002.00 ns, 5.2067 ns/op
OverheadActual   3: 49552 op, 258871.00 ns, 5.2242 ns/op
OverheadActual   4: 49552 op, 256454.00 ns, 5.1755 ns/op
OverheadActual   5: 49552 op, 218125.00 ns, 4.4019 ns/op
OverheadActual   6: 49552 op, 217482.00 ns, 4.3890 ns/op
OverheadActual   7: 49552 op, 218027.00 ns, 4.4000 ns/op
OverheadActual   8: 49552 op, 217946.00 ns, 4.3983 ns/op
OverheadActual   9: 49552 op, 218056.00 ns, 4.4005 ns/op
OverheadActual  10: 49552 op, 217491.00 ns, 4.3891 ns/op
OverheadActual  11: 49552 op, 218020.00 ns, 4.3998 ns/op
OverheadActual  12: 49552 op, 217973.00 ns, 4.3989 ns/op
OverheadActual  13: 49552 op, 221475.00 ns, 4.4695 ns/op
OverheadActual  14: 49552 op, 217464.00 ns, 4.3886 ns/op
OverheadActual  15: 49552 op, 217971.00 ns, 4.3988 ns/op
OverheadActual  16: 49552 op, 218020.00 ns, 4.3998 ns/op
OverheadActual  17: 49552 op, 258559.00 ns, 5.2179 ns/op
OverheadActual  18: 49552 op, 261695.00 ns, 5.2812 ns/op
OverheadActual  19: 49552 op, 218096.00 ns, 4.4014 ns/op
OverheadActual  20: 49552 op, 258414.00 ns, 5.2150 ns/op

WorkloadWarmup   1: 49552 op, 1003730923.00 ns, 20.2561 us/op
WorkloadWarmup   2: 49552 op, 1057146614.00 ns, 21.3341 us/op
WorkloadWarmup   3: 49552 op, 1056854928.00 ns, 21.3282 us/op
WorkloadWarmup   4: 49552 op, 1001148599.00 ns, 20.2040 us/op
WorkloadWarmup   5: 49552 op, 1000810580.00 ns, 20.1972 us/op
WorkloadWarmup   6: 49552 op, 1000964671.00 ns, 20.2003 us/op
WorkloadWarmup   7: 49552 op, 1000930612.00 ns, 20.1996 us/op

// BeforeActualRun
WorkloadActual   1: 49552 op, 1025589128.00 ns, 20.6972 us/op
WorkloadActual   2: 49552 op, 1004489416.00 ns, 20.2714 us/op
WorkloadActual   3: 49552 op, 1004406578.00 ns, 20.2697 us/op
WorkloadActual   4: 49552 op, 1007087919.00 ns, 20.3239 us/op
WorkloadActual   5: 49552 op, 1010164705.00 ns, 20.3860 us/op
WorkloadActual   6: 49552 op, 1025928370.00 ns, 20.7041 us/op
WorkloadActual   7: 49552 op, 1005453439.00 ns, 20.2909 us/op
WorkloadActual   8: 49552 op, 1005339661.00 ns, 20.2886 us/op
WorkloadActual   9: 49552 op, 1005268643.00 ns, 20.2871 us/op
WorkloadActual  10: 49552 op, 1040504580.00 ns, 20.9982 us/op
WorkloadActual  11: 49552 op, 1019567756.00 ns, 20.5757 us/op
WorkloadActual  12: 49552 op, 1001492723.00 ns, 20.2109 us/op
WorkloadActual  13: 49552 op, 1000866225.00 ns, 20.1983 us/op
WorkloadActual  14: 49552 op, 1000766368.00 ns, 20.1963 us/op
WorkloadActual  15: 49552 op, 1004900364.00 ns, 20.2797 us/op

// AfterActualRun
WorkloadResult   1: 49552 op, 1025371052.00 ns, 20.6928 us/op
WorkloadResult   2: 49552 op, 1004271340.00 ns, 20.2670 us/op
WorkloadResult   3: 49552 op, 1004188502.00 ns, 20.2653 us/op
WorkloadResult   4: 49552 op, 1006869843.00 ns, 20.3195 us/op
WorkloadResult   5: 49552 op, 1009946629.00 ns, 20.3816 us/op
WorkloadResult   6: 49552 op, 1025710294.00 ns, 20.6997 us/op
WorkloadResult   7: 49552 op, 1005235363.00 ns, 20.2865 us/op
WorkloadResult   8: 49552 op, 1005121585.00 ns, 20.2842 us/op
WorkloadResult   9: 49552 op, 1005050567.00 ns, 20.2827 us/op
WorkloadResult  10: 49552 op, 1040286504.00 ns, 20.9938 us/op
WorkloadResult  11: 49552 op, 1019349680.00 ns, 20.5713 us/op
WorkloadResult  12: 49552 op, 1001274647.00 ns, 20.2065 us/op
WorkloadResult  13: 49552 op, 1000648149.00 ns, 20.1939 us/op
WorkloadResult  14: 49552 op, 1000548292.00 ns, 20.1919 us/op
WorkloadResult  15: 49552 op, 1004682288.00 ns, 20.2753 us/op

// AfterAll
// Benchmark Process 1018310 has exited with code 0.

Mean = 20.394 μs, StdErr = 0.061 μs (0.30%), N = 15, StdDev = 0.236 μs
Min = 20.192 μs, Q1 = 20.266 μs, Median = 20.284 μs, Q3 = 20.476 μs, Max = 20.994 μs
IQR = 0.210 μs, LowerFence = 19.951 μs, UpperFence = 20.792 μs
ConfidenceInterval = [20.142 μs; 20.646 μs] (CI 99.9%), Margin = 0.252 μs (1.24% of Mean)
Skewness = 1.24, Kurtosis = 3.29, MValue = 2

// ** Remained 7 (70.0 %) benchmark(s) to run. Estimated finish 2026-05-26 18:46 (0h 5m from now) **
// **************************
// Benchmark: SmokeBenchByte.SpanJson_Deser: Energy(OutlierMode=DontRemove, Affinity=00000100, IterationTime=1s)
// *** Execute ***
// Launch: 1 / 1
// Execute: dotnet JsonBench-Energy-1.dll --anonymousPipes 127 128 --benchmarkName JsonBench.Benchmarks.SmokeBenchByte.SpanJson_Deser --job Energy --benchmarkId 3 in /home/test/json-energy-bench/JsonBench/bin/Release/net10.0/JsonBench-Energy-1/bin/Release/net10.0
// BeforeAnythingElse

// Benchmark Process Environment Information:
// BenchmarkDotNet v0.15.5-develop (2026-05-26)
// Runtime=.NET 10.0.8 (10.0.8, 10.0.826.23019), X64 RyuJIT x86-64-v3
// GC=Concurrent Workstation
// HardwareIntrinsics=AVX2+BMI1+BMI2+F16C+FMA+LZCNT+MOVBE,AVX,SSE3+SSSE3+SSE4.1+SSE4.2+POPCNT,X86Base+SSE+SSE2,AES+PCLMUL VectorSize=256
// Job: Energy(OutlierMode=DontRemove, Affinity=100, IterationTime=1s)

OverheadJitting  1: 1 op, 245210.00 ns, 245.2100 us/op
WorkloadJitting  1: 1 op, 77638720.00 ns, 77.6387 ms/op

WorkloadPilot    1: 4 op, 113610.00 ns, 28.4025 us/op
WorkloadPilot    2: 35208 op, 658140820.00 ns, 18.6929 us/op
WorkloadPilot    3: 53496 op, 1001876491.00 ns, 18.7281 us/op
WorkloadPilot    4: 53396 op, 1413287137.00 ns, 26.4680 us/op
WorkloadPilot    5: 37781 op, 848517491.00 ns, 22.4588 us/op
WorkloadPilot    6: 44526 op, 341476635.00 ns, 7.6692 us/op
WorkloadPilot    7: 130393 op, 973342888.00 ns, 7.4647 us/op
WorkloadPilot    8: 133964 op, 979700056.00 ns, 7.3132 us/op
WorkloadPilot    9: 136740 op, 998474669.00 ns, 7.3020 us/op
WorkloadPilot   10: 136949 op, 999679198.00 ns, 7.2996 us/op
WorkloadPilot   11: 136993 op, 997166534.00 ns, 7.2790 us/op
WorkloadPilot   12: 137382 op, 1005208193.00 ns, 7.3169 us/op

WorkloadWarmup   1: 137382 op, 1016136910.00 ns, 7.3964 us/op
WorkloadWarmup   2: 137382 op, 1017280835.00 ns, 7.4048 us/op
WorkloadWarmup   3: 137382 op, 1005224021.00 ns, 7.3170 us/op
WorkloadWarmup   4: 137382 op, 1005403671.00 ns, 7.3183 us/op
WorkloadWarmup   5: 137382 op, 1005417369.00 ns, 7.3184 us/op
WorkloadWarmup   6: 137382 op, 1004687654.00 ns, 7.3131 us/op

// BeforeActualRun
WorkloadActual   1: 137382 op, 1020673438.00 ns, 7.4295 us/op
WorkloadActual   2: 137382 op, 1004598895.00 ns, 7.3124 us/op
WorkloadActual   3: 137382 op, 1004652010.00 ns, 7.3128 us/op
WorkloadActual   4: 137382 op, 1032336852.00 ns, 7.5144 us/op
WorkloadActual   5: 137382 op, 1024280872.00 ns, 7.4557 us/op
WorkloadActual   6: 137382 op, 1027745964.00 ns, 7.4809 us/op
WorkloadActual   7: 137382 op, 1005749063.00 ns, 7.3208 us/op
WorkloadActual   8: 137382 op, 1004383244.00 ns, 7.3109 us/op
WorkloadActual   9: 137382 op, 1004717149.00 ns, 7.3133 us/op
WorkloadActual  10: 137382 op, 1004227894.00 ns, 7.3097 us/op
WorkloadActual  11: 137382 op, 1023844594.00 ns, 7.4525 us/op
WorkloadActual  12: 137382 op, 1005688069.00 ns, 7.3204 us/op
WorkloadActual  13: 137382 op, 1014099517.00 ns, 7.3816 us/op
WorkloadActual  14: 137382 op, 1000593048.00 ns, 7.2833 us/op
WorkloadActual  15: 137382 op, 1004524254.00 ns, 7.3119 us/op

// AfterActualRun
WorkloadResult   1: 137382 op, 1020673438.00 ns, 7.4295 us/op
WorkloadResult   2: 137382 op, 1004598895.00 ns, 7.3124 us/op
WorkloadResult   3: 137382 op, 1004652010.00 ns, 7.3128 us/op
WorkloadResult   4: 137382 op, 1032336852.00 ns, 7.5144 us/op
WorkloadResult   5: 137382 op, 1024280872.00 ns, 7.4557 us/op
WorkloadResult   6: 137382 op, 1027745964.00 ns, 7.4809 us/op
WorkloadResult   7: 137382 op, 1005749063.00 ns, 7.3208 us/op
WorkloadResult   8: 137382 op, 1004383244.00 ns, 7.3109 us/op
WorkloadResult   9: 137382 op, 1004717149.00 ns, 7.3133 us/op
WorkloadResult  10: 137382 op, 1004227894.00 ns, 7.3097 us/op
WorkloadResult  11: 137382 op, 1023844594.00 ns, 7.4525 us/op
WorkloadResult  12: 137382 op, 1005688069.00 ns, 7.3204 us/op
WorkloadResult  13: 137382 op, 1014099517.00 ns, 7.3816 us/op
WorkloadResult  14: 137382 op, 1000593048.00 ns, 7.2833 us/op
WorkloadResult  15: 137382 op, 1004524254.00 ns, 7.3119 us/op

// AfterAll
// Benchmark Process 1018692 has exited with code 0.

Mean = 7.367 μs, StdErr = 0.020 μs (0.27%), N = 15, StdDev = 0.077 μs
Min = 7.283 μs, Q1 = 7.312 μs, Median = 7.320 μs, Q3 = 7.441 μs, Max = 7.514 μs
IQR = 0.129 μs, LowerFence = 7.119 μs, UpperFence = 7.634 μs
ConfidenceInterval = [7.285 μs; 7.450 μs] (CI 99.9%), Margin = 0.083 μs (1.12% of Mean)
Skewness = 0.63, Kurtosis = 1.64, MValue = 2

// ** Remained 6 (60.0 %) benchmark(s) to run. Estimated finish 2026-05-26 18:46 (0h 4m from now) **
// **************************
// Benchmark: SmokeBenchByte.Utf8Json_Deser: Energy(OutlierMode=DontRemove, Affinity=00000100, IterationTime=1s)
// *** Execute ***
// Launch: 1 / 1
// Execute: dotnet JsonBench-Energy-1.dll --anonymousPipes 127 128 --benchmarkName JsonBench.Benchmarks.SmokeBenchByte.Utf8Json_Deser --job Energy --benchmarkId 4 in /home/test/json-energy-bench/JsonBench/bin/Release/net10.0/JsonBench-Energy-1/bin/Release/net10.0
// BeforeAnythingElse

// Benchmark Process Environment Information:
// BenchmarkDotNet v0.15.5-develop (2026-05-26)
// Runtime=.NET 10.0.8 (10.0.8, 10.0.826.23019), X64 RyuJIT x86-64-v3
// GC=Concurrent Workstation
// HardwareIntrinsics=AVX2+BMI1+BMI2+F16C+FMA+LZCNT+MOVBE,AVX,SSE3+SSSE3+SSE4.1+SSE4.2+POPCNT,X86Base+SSE+SSE2,AES+PCLMUL VectorSize=256
// Job: Energy(OutlierMode=DontRemove, Affinity=100, IterationTime=1s)

OverheadJitting  1: 1 op, 243939.00 ns, 243.9390 us/op
WorkloadJitting  1: 1 op, 87649500.00 ns, 87.6495 ms/op

WorkloadPilot    1: 4 op, 290445.00 ns, 72.6113 us/op
WorkloadPilot    2: 13772 op, 681897602.00 ns, 49.5133 us/op
WorkloadPilot    3: 20197 op, 986056708.00 ns, 48.8219 us/op
WorkloadPilot    4: 20483 op, 1272431345.00 ns, 62.1213 us/op
WorkloadPilot    5: 16098 op, 976908236.00 ns, 60.6851 us/op
WorkloadPilot    6: 16479 op, 232784439.00 ns, 14.1261 us/op
WorkloadPilot    7: 70791 op, 977544344.00 ns, 13.8089 us/op
WorkloadPilot    8: 72417 op, 980023049.00 ns, 13.5331 us/op
WorkloadPilot    9: 73893 op, 999147765.00 ns, 13.5215 us/op
WorkloadPilot   10: 73956 op, 998087817.00 ns, 13.4957 us/op
WorkloadPilot   11: 74098 op, 1003234734.00 ns, 13.5393 us/op
WorkloadPilot   12: 73859 op, 1000647503.00 ns, 13.5481 us/op

WorkloadWarmup   1: 73859 op, 1001708876.00 ns, 13.5624 us/op
WorkloadWarmup   2: 73859 op, 1008565761.00 ns, 13.6553 us/op
WorkloadWarmup   3: 73859 op, 996126333.00 ns, 13.4869 us/op
WorkloadWarmup   4: 73859 op, 999152058.00 ns, 13.5278 us/op
WorkloadWarmup   5: 73859 op, 1000156800.00 ns, 13.5414 us/op
WorkloadWarmup   6: 73859 op, 995528864.00 ns, 13.4788 us/op

// BeforeActualRun
WorkloadActual   1: 73859 op, 1015637069.00 ns, 13.7510 us/op
WorkloadActual   2: 73859 op, 991807907.00 ns, 13.4284 us/op
WorkloadActual   3: 73859 op, 992504444.00 ns, 13.4378 us/op
WorkloadActual   4: 73859 op, 994910528.00 ns, 13.4704 us/op
WorkloadActual   5: 73859 op, 1033860110.00 ns, 13.9978 us/op
WorkloadActual   6: 73859 op, 1015291851.00 ns, 13.7464 us/op
WorkloadActual   7: 73859 op, 996129978.00 ns, 13.4869 us/op
WorkloadActual   8: 73859 op, 996121016.00 ns, 13.4868 us/op
WorkloadActual   9: 73859 op, 994082566.00 ns, 13.4592 us/op
WorkloadActual  10: 73859 op, 995363670.00 ns, 13.4765 us/op
WorkloadActual  11: 73859 op, 1013036103.00 ns, 13.7158 us/op
WorkloadActual  12: 73859 op, 994477313.00 ns, 13.4645 us/op
WorkloadActual  13: 73859 op, 1006203174.00 ns, 13.6233 us/op
WorkloadActual  14: 73859 op, 997148286.00 ns, 13.5007 us/op
WorkloadActual  15: 73859 op, 1000977494.00 ns, 13.5525 us/op

// AfterActualRun
WorkloadResult   1: 73859 op, 1015637069.00 ns, 13.7510 us/op
WorkloadResult   2: 73859 op, 991807907.00 ns, 13.4284 us/op
WorkloadResult   3: 73859 op, 992504444.00 ns, 13.4378 us/op
WorkloadResult   4: 73859 op, 994910528.00 ns, 13.4704 us/op
WorkloadResult   5: 73859 op, 1033860110.00 ns, 13.9978 us/op
WorkloadResult   6: 73859 op, 1015291851.00 ns, 13.7464 us/op
WorkloadResult   7: 73859 op, 996129978.00 ns, 13.4869 us/op
WorkloadResult   8: 73859 op, 996121016.00 ns, 13.4868 us/op
WorkloadResult   9: 73859 op, 994082566.00 ns, 13.4592 us/op
WorkloadResult  10: 73859 op, 995363670.00 ns, 13.4765 us/op
WorkloadResult  11: 73859 op, 1013036103.00 ns, 13.7158 us/op
WorkloadResult  12: 73859 op, 994477313.00 ns, 13.4645 us/op
WorkloadResult  13: 73859 op, 1006203174.00 ns, 13.6233 us/op
WorkloadResult  14: 73859 op, 997148286.00 ns, 13.5007 us/op
WorkloadResult  15: 73859 op, 1000977494.00 ns, 13.5525 us/op

// AfterAll
// Benchmark Process 1019073 has exited with code 0.

Mean = 13.573 μs, StdErr = 0.042 μs (0.31%), N = 15, StdDev = 0.162 μs
Min = 13.428 μs, Q1 = 13.467 μs, Median = 13.487 μs, Q3 = 13.670 μs, Max = 13.998 μs
IQR = 0.202 μs, LowerFence = 13.164 μs, UpperFence = 13.973 μs
ConfidenceInterval = [13.400 μs; 13.747 μs] (CI 99.9%), Margin = 0.174 μs (1.28% of Mean)
Skewness = 1.22, Kurtosis = 3.47, MValue = 2

// ** Remained 5 (50.0 %) benchmark(s) to run. Estimated finish 2026-05-26 18:46 (0h 3m from now) **
// **************************
// Benchmark: SmokeBenchByte.STJRefGen_Ser: Energy(OutlierMode=DontRemove, Affinity=00000100, IterationTime=1s)
// *** Execute ***
// Launch: 1 / 1
// Execute: dotnet JsonBench-Energy-1.dll --anonymousPipes 127 128 --benchmarkName JsonBench.Benchmarks.SmokeBenchByte.STJRefGen_Ser --job Energy --benchmarkId 5 in /home/test/json-energy-bench/JsonBench/bin/Release/net10.0/JsonBench-Energy-1/bin/Release/net10.0
// BeforeAnythingElse

// Benchmark Process Environment Information:
// BenchmarkDotNet v0.15.5-develop (2026-05-26)
// Runtime=.NET 10.0.8 (10.0.8, 10.0.826.23019), X64 RyuJIT x86-64-v3
// GC=Concurrent Workstation
// HardwareIntrinsics=AVX2+BMI1+BMI2+F16C+FMA+LZCNT+MOVBE,AVX,SSE3+SSSE3+SSE4.1+SSE4.2+POPCNT,X86Base+SSE+SSE2,AES+PCLMUL VectorSize=256
// Job: Energy(OutlierMode=DontRemove, Affinity=100, IterationTime=1s)

OverheadJitting  1: 1 op, 238253.00 ns, 238.2530 us/op
WorkloadJitting  1: 1 op, 3749913.00 ns, 3.7499 ms/op

OverheadJitting  2: 16 op, 625790.00 ns, 39.1119 us/op
WorkloadJitting  2: 16 op, 975378.00 ns, 60.9611 us/op

WorkloadPilot    1: 16 op, 290932.00 ns, 18.1833 us/op
WorkloadPilot    2: 55008 op, 836327004.00 ns, 15.2037 us/op
WorkloadPilot    3: 65776 op, 1039774962.00 ns, 15.8078 us/op
WorkloadPilot    4: 63264 op, 1592919265.00 ns, 25.1789 us/op
WorkloadPilot    5: 39728 op, 699733998.00 ns, 17.6131 us/op
WorkloadPilot    6: 56784 op, 291406656.00 ns, 5.1318 us/op
WorkloadPilot    7: 194864 op, 946895090.00 ns, 4.8593 us/op
WorkloadPilot    8: 205808 op, 993447751.00 ns, 4.8271 us/op
WorkloadPilot    9: 207168 op, 999883838.00 ns, 4.8264 us/op
WorkloadPilot   10: 207200 op, 995935580.00 ns, 4.8066 us/op
WorkloadPilot   11: 208048 op, 1006312077.00 ns, 4.8369 us/op

OverheadWarmup   1: 208048 op, 917520.00 ns, 4.4101 ns/op
OverheadWarmup   2: 208048 op, 916369.00 ns, 4.4046 ns/op
OverheadWarmup   3: 208048 op, 918147.00 ns, 4.4131 ns/op
OverheadWarmup   4: 208048 op, 924146.00 ns, 4.4420 ns/op
OverheadWarmup   5: 208048 op, 916083.00 ns, 4.4032 ns/op
OverheadWarmup   6: 208048 op, 916372.00 ns, 4.4046 ns/op
OverheadWarmup   7: 208048 op, 912543.00 ns, 4.3862 ns/op

OverheadActual   1: 208048 op, 916038.00 ns, 4.4030 ns/op
OverheadActual   2: 208048 op, 916404.00 ns, 4.4048 ns/op
OverheadActual   3: 208048 op, 916005.00 ns, 4.4029 ns/op
OverheadActual   4: 208048 op, 916437.00 ns, 4.4049 ns/op
OverheadActual   5: 208048 op, 919157.00 ns, 4.4180 ns/op
OverheadActual   6: 208048 op, 916219.00 ns, 4.4039 ns/op
OverheadActual   7: 208048 op, 921610.00 ns, 4.4298 ns/op
OverheadActual   8: 208048 op, 915689.00 ns, 4.4013 ns/op
OverheadActual   9: 208048 op, 908863.00 ns, 4.3685 ns/op
OverheadActual  10: 208048 op, 916481.00 ns, 4.4051 ns/op
OverheadActual  11: 208048 op, 913036.00 ns, 4.3886 ns/op
OverheadActual  12: 208048 op, 916399.00 ns, 4.4047 ns/op
OverheadActual  13: 208048 op, 914980.00 ns, 4.3979 ns/op
OverheadActual  14: 208048 op, 914337.00 ns, 4.3948 ns/op
OverheadActual  15: 208048 op, 913433.00 ns, 4.3905 ns/op

WorkloadWarmup   1: 208048 op, 1004149139.00 ns, 4.8265 us/op
WorkloadWarmup   2: 208048 op, 1070242714.00 ns, 5.1442 us/op
WorkloadWarmup   3: 208048 op, 1026450859.00 ns, 4.9337 us/op
WorkloadWarmup   4: 208048 op, 999740094.00 ns, 4.8053 us/op
WorkloadWarmup   5: 208048 op, 999751496.00 ns, 4.8054 us/op
WorkloadWarmup   6: 208048 op, 999778488.00 ns, 4.8055 us/op
WorkloadWarmup   7: 208048 op, 1016997643.00 ns, 4.8883 us/op
WorkloadWarmup   8: 208048 op, 1000423982.00 ns, 4.8086 us/op

// BeforeActualRun
WorkloadActual   1: 208048 op, 1001398251.00 ns, 4.8133 us/op
WorkloadActual   2: 208048 op, 1003174533.00 ns, 4.8218 us/op
WorkloadActual   3: 208048 op, 1003437006.00 ns, 4.8231 us/op
WorkloadActual   4: 208048 op, 1008297066.00 ns, 4.8465 us/op
WorkloadActual   5: 208048 op, 1020525699.00 ns, 4.9052 us/op
WorkloadActual   6: 208048 op, 1004047406.00 ns, 4.8260 us/op
WorkloadActual   7: 208048 op, 1008845465.00 ns, 4.8491 us/op
WorkloadActual   8: 208048 op, 1004174387.00 ns, 4.8266 us/op
WorkloadActual   9: 208048 op, 1043916078.00 ns, 5.0177 us/op
WorkloadActual  10: 208048 op, 1019814250.00 ns, 4.9018 us/op
WorkloadActual  11: 208048 op, 1003082346.00 ns, 4.8214 us/op
WorkloadActual  12: 208048 op, 1003140862.00 ns, 4.8217 us/op
WorkloadActual  13: 208048 op, 1003510298.00 ns, 4.8235 us/op
WorkloadActual  14: 208048 op, 1007489064.00 ns, 4.8426 us/op
WorkloadActual  15: 208048 op, 1019923706.00 ns, 4.9023 us/op

// AfterActualRun
WorkloadResult   1: 208048 op, 1000482213.00 ns, 4.8089 us/op
WorkloadResult   2: 208048 op, 1002258495.00 ns, 4.8174 us/op
WorkloadResult   3: 208048 op, 1002520968.00 ns, 4.8187 us/op
WorkloadResult   4: 208048 op, 1007381028.00 ns, 4.8421 us/op
WorkloadResult   5: 208048 op, 1019609661.00 ns, 4.9008 us/op
WorkloadResult   6: 208048 op, 1003131368.00 ns, 4.8216 us/op
WorkloadResult   7: 208048 op, 1007929427.00 ns, 4.8447 us/op
WorkloadResult   8: 208048 op, 1003258349.00 ns, 4.8222 us/op
WorkloadResult   9: 208048 op, 1043000040.00 ns, 5.0133 us/op
WorkloadResult  10: 208048 op, 1018898212.00 ns, 4.8974 us/op
WorkloadResult  11: 208048 op, 1002166308.00 ns, 4.8170 us/op
WorkloadResult  12: 208048 op, 1002224824.00 ns, 4.8173 us/op
WorkloadResult  13: 208048 op, 1002594260.00 ns, 4.8191 us/op
WorkloadResult  14: 208048 op, 1006573026.00 ns, 4.8382 us/op
WorkloadResult  15: 208048 op, 1019007668.00 ns, 4.8979 us/op

// AfterAll
// Benchmark Process 1019455 has exited with code 0.

Mean = 4.852 μs, StdErr = 0.014 μs (0.29%), N = 15, StdDev = 0.055 μs
Min = 4.809 μs, Q1 = 4.818 μs, Median = 4.822 μs, Q3 = 4.871 μs, Max = 5.013 μs
IQR = 0.053 μs, LowerFence = 4.739 μs, UpperFence = 4.951 μs
ConfidenceInterval = [4.793 μs; 4.911 μs] (CI 99.9%), Margin = 0.059 μs (1.21% of Mean)
Skewness = 1.68, Kurtosis = 5.14, MValue = 2

// ** Remained 4 (40.0 %) benchmark(s) to run. Estimated finish 2026-05-26 18:46 (0h 2m from now) **
// **************************
// Benchmark: SmokeBenchByte.STJSrcGen_Ser: Energy(OutlierMode=DontRemove, Affinity=00000100, IterationTime=1s)
// *** Execute ***
// Launch: 1 / 1
// Execute: dotnet JsonBench-Energy-1.dll --anonymousPipes 127 128 --benchmarkName JsonBench.Benchmarks.SmokeBenchByte.STJSrcGen_Ser --job Energy --benchmarkId 6 in /home/test/json-energy-bench/JsonBench/bin/Release/net10.0/JsonBench-Energy-1/bin/Release/net10.0
// BeforeAnythingElse

// Benchmark Process Environment Information:
// BenchmarkDotNet v0.15.5-develop (2026-05-26)
// Runtime=.NET 10.0.8 (10.0.8, 10.0.826.23019), X64 RyuJIT x86-64-v3
// GC=Concurrent Workstation
// HardwareIntrinsics=AVX2+BMI1+BMI2+F16C+FMA+LZCNT+MOVBE,AVX,SSE3+SSSE3+SSE4.1+SSE4.2+POPCNT,X86Base+SSE+SSE2,AES+PCLMUL VectorSize=256
// Job: Energy(OutlierMode=DontRemove, Affinity=100, IterationTime=1s)

OverheadJitting  1: 1 op, 243155.00 ns, 243.1550 us/op
WorkloadJitting  1: 1 op, 11758911.00 ns, 11.7589 ms/op

OverheadJitting  2: 16 op, 639675.00 ns, 39.9797 us/op
WorkloadJitting  2: 16 op, 912017.00 ns, 57.0011 us/op

WorkloadPilot    1: 16 op, 223518.00 ns, 13.9699 us/op
WorkloadPilot    2: 71584 op, 791423414.00 ns, 11.0559 us/op
WorkloadPilot    3: 90464 op, 1004484415.00 ns, 11.1037 us/op
WorkloadPilot    4: 90064 op, 1284045785.00 ns, 14.2570 us/op
WorkloadPilot    5: 70144 op, 264720763.00 ns, 3.7740 us/op
WorkloadPilot    6: 264976 op, 946276581.00 ns, 3.5712 us/op
WorkloadPilot    7: 280032 op, 993793989.00 ns, 3.5489 us/op
WorkloadPilot    8: 281792 op, 978596872.00 ns, 3.4728 us/op
WorkloadPilot    9: 287968 op, 997640085.00 ns, 3.4644 us/op
WorkloadPilot   10: 288656 op, 1002121853.00 ns, 3.4717 us/op

OverheadWarmup   1: 288656 op, 1304846.00 ns, 4.5204 ns/op
OverheadWarmup   2: 288656 op, 1299149.00 ns, 4.5007 ns/op
OverheadWarmup   3: 288656 op, 1303459.00 ns, 4.5156 ns/op
OverheadWarmup   4: 288656 op, 1302999.00 ns, 4.5140 ns/op
OverheadWarmup   5: 288656 op, 1303676.00 ns, 4.5164 ns/op
OverheadWarmup   6: 288656 op, 1299947.00 ns, 4.5034 ns/op

OverheadActual   1: 288656 op, 1303077.00 ns, 4.5143 ns/op
OverheadActual   2: 288656 op, 1299323.00 ns, 4.5013 ns/op
OverheadActual   3: 288656 op, 1300245.00 ns, 4.5045 ns/op
OverheadActual   4: 288656 op, 1305514.00 ns, 4.5227 ns/op
OverheadActual   5: 288656 op, 1308433.00 ns, 4.5328 ns/op
OverheadActual   6: 288656 op, 1299114.00 ns, 4.5006 ns/op
OverheadActual   7: 288656 op, 1299543.00 ns, 4.5020 ns/op
OverheadActual   8: 288656 op, 1296815.00 ns, 4.4926 ns/op
OverheadActual   9: 288656 op, 1306046.00 ns, 4.5246 ns/op
OverheadActual  10: 288656 op, 1300774.00 ns, 4.5063 ns/op
OverheadActual  11: 288656 op, 1305457.00 ns, 4.5225 ns/op
OverheadActual  12: 288656 op, 1301985.00 ns, 4.5105 ns/op
OverheadActual  13: 288656 op, 1298195.00 ns, 4.4974 ns/op
OverheadActual  14: 288656 op, 1296909.00 ns, 4.4929 ns/op
OverheadActual  15: 288656 op, 1305817.00 ns, 4.5238 ns/op

WorkloadWarmup   1: 288656 op, 1002378482.00 ns, 3.4726 us/op
WorkloadWarmup   2: 288656 op, 1041586982.00 ns, 3.6084 us/op
WorkloadWarmup   3: 288656 op, 1038846075.00 ns, 3.5989 us/op
WorkloadWarmup   4: 288656 op, 1006094464.00 ns, 3.4854 us/op
WorkloadWarmup   5: 288656 op, 998977103.00 ns, 3.4608 us/op
WorkloadWarmup   6: 288656 op, 999399816.00 ns, 3.4623 us/op
WorkloadWarmup   7: 288656 op, 998926492.00 ns, 3.4606 us/op

// BeforeActualRun
WorkloadActual   1: 288656 op, 1014306304.00 ns, 3.5139 us/op
WorkloadActual   2: 288656 op, 1013328520.00 ns, 3.5105 us/op
WorkloadActual   3: 288656 op, 1014780905.00 ns, 3.5155 us/op
WorkloadActual   4: 288656 op, 1003676985.00 ns, 3.4771 us/op
WorkloadActual   5: 288656 op, 1003661296.00 ns, 3.4770 us/op
WorkloadActual   6: 288656 op, 1007068730.00 ns, 3.4888 us/op
WorkloadActual   7: 288656 op, 1024689735.00 ns, 3.5499 us/op
WorkloadActual   8: 288656 op, 1004146705.00 ns, 3.4787 us/op
WorkloadActual   9: 288656 op, 1002966145.00 ns, 3.4746 us/op
WorkloadActual  10: 288656 op, 1042011522.00 ns, 3.6099 us/op
WorkloadActual  11: 288656 op, 1004177808.00 ns, 3.4788 us/op
WorkloadActual  12: 288656 op, 1021763729.00 ns, 3.5397 us/op
WorkloadActual  13: 288656 op, 1002882850.00 ns, 3.4743 us/op
WorkloadActual  14: 288656 op, 1002485883.00 ns, 3.4729 us/op
WorkloadActual  15: 288656 op, 1002832037.00 ns, 3.4741 us/op

// AfterActualRun
WorkloadResult   1: 288656 op, 1013005530.00 ns, 3.5094 us/op
WorkloadResult   2: 288656 op, 1012027746.00 ns, 3.5060 us/op
WorkloadResult   3: 288656 op, 1013480131.00 ns, 3.5110 us/op
WorkloadResult   4: 288656 op, 1002376211.00 ns, 3.4726 us/op
WorkloadResult   5: 288656 op, 1002360522.00 ns, 3.4725 us/op
WorkloadResult   6: 288656 op, 1005767956.00 ns, 3.4843 us/op
WorkloadResult   7: 288656 op, 1023388961.00 ns, 3.5454 us/op
WorkloadResult   8: 288656 op, 1002845931.00 ns, 3.4742 us/op
WorkloadResult   9: 288656 op, 1001665371.00 ns, 3.4701 us/op
WorkloadResult  10: 288656 op, 1040710748.00 ns, 3.6054 us/op
WorkloadResult  11: 288656 op, 1002877034.00 ns, 3.4743 us/op
WorkloadResult  12: 288656 op, 1020462955.00 ns, 3.5352 us/op
WorkloadResult  13: 288656 op, 1001582076.00 ns, 3.4698 us/op
WorkloadResult  14: 288656 op, 1001185109.00 ns, 3.4684 us/op
WorkloadResult  15: 288656 op, 1001531263.00 ns, 3.4696 us/op

// AfterAll
// Benchmark Process 1019836 has exited with code 0.

Mean = 3.498 μs, StdErr = 0.010 μs (0.29%), N = 15, StdDev = 0.039 μs
Min = 3.468 μs, Q1 = 3.471 μs, Median = 3.474 μs, Q3 = 3.510 μs, Max = 3.605 μs
IQR = 0.039 μs, LowerFence = 3.413 μs, UpperFence = 3.569 μs
ConfidenceInterval = [3.456 μs; 3.540 μs] (CI 99.9%), Margin = 0.042 μs (1.19% of Mean)
Skewness = 1.4, Kurtosis = 4.13, MValue = 2

// ** Remained 3 (30.0 %) benchmark(s) to run. Estimated finish 2026-05-26 18:46 (0h 2m from now) **
// **************************
// Benchmark: SmokeBenchByte.Newtonsoft_Ser: Energy(OutlierMode=DontRemove, Affinity=00000100, IterationTime=1s)
// *** Execute ***
// Launch: 1 / 1
// Execute: dotnet JsonBench-Energy-1.dll --anonymousPipes 127 128 --benchmarkName JsonBench.Benchmarks.SmokeBenchByte.Newtonsoft_Ser --job Energy --benchmarkId 7 in /home/test/json-energy-bench/JsonBench/bin/Release/net10.0/JsonBench-Energy-1/bin/Release/net10.0
// BeforeAnythingElse

// Benchmark Process Environment Information:
// BenchmarkDotNet v0.15.5-develop (2026-05-26)
// Runtime=.NET 10.0.8 (10.0.8, 10.0.826.23019), X64 RyuJIT x86-64-v3
// GC=Concurrent Workstation
// HardwareIntrinsics=AVX2+BMI1+BMI2+F16C+FMA+LZCNT+MOVBE,AVX,SSE3+SSSE3+SSE4.1+SSE4.2+POPCNT,X86Base+SSE+SSE2,AES+PCLMUL VectorSize=256
// Job: Energy(OutlierMode=DontRemove, Affinity=100, IterationTime=1s)

OverheadJitting  1: 1 op, 240371.00 ns, 240.3710 us/op
WorkloadJitting  1: 1 op, 59520077.00 ns, 59.5201 ms/op

OverheadJitting  2: 16 op, 636822.00 ns, 39.8014 us/op
WorkloadJitting  2: 16 op, 1834412.00 ns, 114.6508 us/op

WorkloadPilot    1: 16 op, 1027679.00 ns, 64.2299 us/op
WorkloadPilot    2: 15584 op, 853814248.00 ns, 54.7879 us/op
WorkloadPilot    3: 18256 op, 1087979151.00 ns, 59.5957 us/op
WorkloadPilot    4: 16784 op, 1601591863.00 ns, 95.4237 us/op
WorkloadPilot    5: 10480 op, 563568911.00 ns, 53.7757 us/op
WorkloadPilot    6: 18608 op, 241075402.00 ns, 12.9555 us/op
WorkloadPilot    7: 77200 op, 937545100.00 ns, 12.1444 us/op
WorkloadPilot    8: 82352 op, 984128535.00 ns, 11.9503 us/op
WorkloadPilot    9: 83680 op, 997842348.00 ns, 11.9245 us/op
WorkloadPilot   10: 83872 op, 997811688.00 ns, 11.8968 us/op
WorkloadPilot   11: 84064 op, 1005904090.00 ns, 11.9659 us/op

OverheadWarmup   1: 84064 op, 351271.00 ns, 4.1786 ns/op
OverheadWarmup   2: 84064 op, 349267.00 ns, 4.1548 ns/op
OverheadWarmup   3: 84064 op, 348460.00 ns, 4.1452 ns/op
OverheadWarmup   4: 84064 op, 345375.00 ns, 4.1085 ns/op
OverheadWarmup   5: 84064 op, 350783.00 ns, 4.1728 ns/op
OverheadWarmup   6: 84064 op, 345536.00 ns, 4.1104 ns/op
OverheadWarmup   7: 84064 op, 351403.00 ns, 4.1802 ns/op
OverheadWarmup   8: 84064 op, 347036.00 ns, 4.1282 ns/op

OverheadActual   1: 84064 op, 346962.00 ns, 4.1274 ns/op
OverheadActual   2: 84064 op, 350112.00 ns, 4.1648 ns/op
OverheadActual   3: 84064 op, 353919.00 ns, 4.2101 ns/op
OverheadActual   4: 84064 op, 345249.00 ns, 4.1070 ns/op
OverheadActual   5: 84064 op, 348211.00 ns, 4.1422 ns/op
OverheadActual   6: 84064 op, 347836.00 ns, 4.1378 ns/op
OverheadActual   7: 84064 op, 350113.00 ns, 4.1648 ns/op
OverheadActual   8: 84064 op, 345576.00 ns, 4.1109 ns/op
OverheadActual   9: 84064 op, 349976.00 ns, 4.1632 ns/op
OverheadActual  10: 84064 op, 346682.00 ns, 4.1240 ns/op
OverheadActual  11: 84064 op, 349946.00 ns, 4.1629 ns/op
OverheadActual  12: 84064 op, 345950.00 ns, 4.1153 ns/op
OverheadActual  13: 84064 op, 349136.00 ns, 4.1532 ns/op
OverheadActual  14: 84064 op, 345895.00 ns, 4.1147 ns/op
OverheadActual  15: 84064 op, 351016.00 ns, 4.1756 ns/op

WorkloadWarmup   1: 84064 op, 1003732504.00 ns, 11.9401 us/op
WorkloadWarmup   2: 84064 op, 1082739948.00 ns, 12.8799 us/op
WorkloadWarmup   3: 84064 op, 1030768837.00 ns, 12.2617 us/op
WorkloadWarmup   4: 84064 op, 999828881.00 ns, 11.8937 us/op
WorkloadWarmup   5: 84064 op, 999663896.00 ns, 11.8917 us/op
WorkloadWarmup   6: 84064 op, 1001458557.00 ns, 11.9130 us/op
WorkloadWarmup   7: 84064 op, 1028590305.00 ns, 12.2358 us/op
WorkloadWarmup   8: 84064 op, 1001260552.00 ns, 11.9107 us/op

// BeforeActualRun
WorkloadActual   1: 84064 op, 1001921422.00 ns, 11.9186 us/op
WorkloadActual   2: 84064 op, 1004530242.00 ns, 11.9496 us/op
WorkloadActual   3: 84064 op, 1004239140.00 ns, 11.9461 us/op
WorkloadActual   4: 84064 op, 1014291325.00 ns, 12.0657 us/op
WorkloadActual   5: 84064 op, 1028382758.00 ns, 12.2333 us/op
WorkloadActual   6: 84064 op, 1005390293.00 ns, 11.9598 us/op
WorkloadActual   7: 84064 op, 1004930102.00 ns, 11.9543 us/op
WorkloadActual   8: 84064 op, 1004720600.00 ns, 11.9519 us/op
WorkloadActual   9: 84064 op, 1044852144.00 ns, 12.4292 us/op
WorkloadActual  10: 84064 op, 1032464905.00 ns, 12.2819 us/op
WorkloadActual  11: 84064 op, 1004694191.00 ns, 11.9515 us/op
WorkloadActual  12: 84064 op, 1004419692.00 ns, 11.9483 us/op
WorkloadActual  13: 84064 op, 1004539201.00 ns, 11.9497 us/op
WorkloadActual  14: 84064 op, 1010260584.00 ns, 12.0178 us/op
WorkloadActual  15: 84064 op, 1026832270.00 ns, 12.2149 us/op

// AfterActualRun
WorkloadResult   1: 84064 op, 1001573211.00 ns, 11.9144 us/op
WorkloadResult   2: 84064 op, 1004182031.00 ns, 11.9454 us/op
WorkloadResult   3: 84064 op, 1003890929.00 ns, 11.9420 us/op
WorkloadResult   4: 84064 op, 1013943114.00 ns, 12.0616 us/op
WorkloadResult   5: 84064 op, 1028034547.00 ns, 12.2292 us/op
WorkloadResult   6: 84064 op, 1005042082.00 ns, 11.9557 us/op
WorkloadResult   7: 84064 op, 1004581891.00 ns, 11.9502 us/op
WorkloadResult   8: 84064 op, 1004372389.00 ns, 11.9477 us/op
WorkloadResult   9: 84064 op, 1044503933.00 ns, 12.4251 us/op
WorkloadResult  10: 84064 op, 1032116694.00 ns, 12.2777 us/op
WorkloadResult  11: 84064 op, 1004345980.00 ns, 11.9474 us/op
WorkloadResult  12: 84064 op, 1004071481.00 ns, 11.9441 us/op
WorkloadResult  13: 84064 op, 1004190990.00 ns, 11.9456 us/op
WorkloadResult  14: 84064 op, 1009912373.00 ns, 12.0136 us/op
WorkloadResult  15: 84064 op, 1026484059.00 ns, 12.2107 us/op

// AfterAll
// Benchmark Process 1020218 has exited with code 0.

Mean = 12.047 μs, StdErr = 0.041 μs (0.34%), N = 15, StdDev = 0.159 μs
Min = 11.914 μs, Q1 = 11.945 μs, Median = 11.950 μs, Q3 = 12.136 μs, Max = 12.425 μs
IQR = 0.191 μs, LowerFence = 11.660 μs, UpperFence = 12.422 μs
ConfidenceInterval = [11.877 μs; 12.218 μs] (CI 99.9%), Margin = 0.170 μs (1.41% of Mean)
Skewness = 1.09, Kurtosis = 2.71, MValue = 2

// ** Remained 2 (20.0 %) benchmark(s) to run. Estimated finish 2026-05-26 18:46 (0h 1m from now) **
// **************************
// Benchmark: SmokeBenchByte.SpanJson_Ser: Energy(OutlierMode=DontRemove, Affinity=00000100, IterationTime=1s)
// *** Execute ***
// Launch: 1 / 1
// Execute: dotnet JsonBench-Energy-1.dll --anonymousPipes 127 128 --benchmarkName JsonBench.Benchmarks.SmokeBenchByte.SpanJson_Ser --job Energy --benchmarkId 8 in /home/test/json-energy-bench/JsonBench/bin/Release/net10.0/JsonBench-Energy-1/bin/Release/net10.0
// BeforeAnythingElse

// Benchmark Process Environment Information:
// BenchmarkDotNet v0.15.5-develop (2026-05-26)
// Runtime=.NET 10.0.8 (10.0.8, 10.0.826.23019), X64 RyuJIT x86-64-v3
// GC=Concurrent Workstation
// HardwareIntrinsics=AVX2+BMI1+BMI2+F16C+FMA+LZCNT+MOVBE,AVX,SSE3+SSSE3+SSE4.1+SSE4.2+POPCNT,X86Base+SSE+SSE2,AES+PCLMUL VectorSize=256
// Job: Energy(OutlierMode=DontRemove, Affinity=100, IterationTime=1s)

OverheadJitting  1: 1 op, 235456.00 ns, 235.4560 us/op
WorkloadJitting  1: 1 op, 77530676.00 ns, 77.5307 ms/op

WorkloadPilot    1: 4 op, 201544.00 ns, 50.3860 us/op
WorkloadPilot    2: 19847 op, 567421906.00 ns, 28.5898 us/op
WorkloadPilot    3: 34978 op, 998404895.00 ns, 28.5438 us/op
WorkloadPilot    4: 35034 op, 438148325.00 ns, 12.5064 us/op
WorkloadPilot    5: 79959 op, 521167200.00 ns, 6.5179 us/op
WorkloadPilot    6: 153423 op, 979526028.00 ns, 6.3845 us/op
WorkloadPilot    7: 156630 op, 1032522658.00 ns, 6.5921 us/op
WorkloadPilot    8: 151696 op, 959827317.00 ns, 6.3273 us/op
WorkloadPilot    9: 158045 op, 1018768372.00 ns, 6.4461 us/op
WorkloadPilot   10: 155133 op, 975050069.00 ns, 6.2853 us/op
WorkloadPilot   11: 159103 op, 1008827040.00 ns, 6.3407 us/op

WorkloadWarmup   1: 159103 op, 1032149795.00 ns, 6.4873 us/op
WorkloadWarmup   2: 159103 op, 1009993190.00 ns, 6.3480 us/op
WorkloadWarmup   3: 159103 op, 1020919936.00 ns, 6.4167 us/op
WorkloadWarmup   4: 159103 op, 1004360798.00 ns, 6.3126 us/op
WorkloadWarmup   5: 159103 op, 1004644502.00 ns, 6.3144 us/op
WorkloadWarmup   6: 159103 op, 1010731047.00 ns, 6.3527 us/op
WorkloadWarmup   7: 159103 op, 1035874221.00 ns, 6.5107 us/op
WorkloadWarmup   8: 159103 op, 1054785846.00 ns, 6.6296 us/op
WorkloadWarmup   9: 159103 op, 1018362278.00 ns, 6.4006 us/op

// BeforeActualRun
WorkloadActual   1: 159103 op, 1007626597.00 ns, 6.3332 us/op
WorkloadActual   2: 159103 op, 999369814.00 ns, 6.2813 us/op
WorkloadActual   3: 159103 op, 1020117900.00 ns, 6.4117 us/op
WorkloadActual   4: 159103 op, 1032077458.00 ns, 6.4869 us/op
WorkloadActual   5: 159103 op, 1006608277.00 ns, 6.3268 us/op
WorkloadActual   6: 159103 op, 1027287590.00 ns, 6.4567 us/op
WorkloadActual   7: 159103 op, 1002849884.00 ns, 6.3031 us/op
WorkloadActual   8: 159103 op, 1012604235.00 ns, 6.3645 us/op
WorkloadActual   9: 159103 op, 1028043265.00 ns, 6.4615 us/op
WorkloadActual  10: 159103 op, 1026887243.00 ns, 6.4542 us/op
WorkloadActual  11: 159103 op, 1016999205.00 ns, 6.3921 us/op
WorkloadActual  12: 159103 op, 1013349458.00 ns, 6.3691 us/op
WorkloadActual  13: 159103 op, 1011261281.00 ns, 6.3560 us/op
WorkloadActual  14: 159103 op, 1088161345.00 ns, 6.8394 us/op
WorkloadActual  15: 159103 op, 1012989089.00 ns, 6.3669 us/op
WorkloadActual  16: 159103 op, 1009040131.00 ns, 6.3421 us/op
WorkloadActual  17: 159103 op, 1002691087.00 ns, 6.3022 us/op

// AfterActualRun
WorkloadResult   1: 159103 op, 1007626597.00 ns, 6.3332 us/op
WorkloadResult   2: 159103 op, 999369814.00 ns, 6.2813 us/op
WorkloadResult   3: 159103 op, 1020117900.00 ns, 6.4117 us/op
WorkloadResult   4: 159103 op, 1032077458.00 ns, 6.4869 us/op
WorkloadResult   5: 159103 op, 1006608277.00 ns, 6.3268 us/op
WorkloadResult   6: 159103 op, 1027287590.00 ns, 6.4567 us/op
WorkloadResult   7: 159103 op, 1002849884.00 ns, 6.3031 us/op
WorkloadResult   8: 159103 op, 1012604235.00 ns, 6.3645 us/op
WorkloadResult   9: 159103 op, 1028043265.00 ns, 6.4615 us/op
WorkloadResult  10: 159103 op, 1026887243.00 ns, 6.4542 us/op
WorkloadResult  11: 159103 op, 1016999205.00 ns, 6.3921 us/op
WorkloadResult  12: 159103 op, 1013349458.00 ns, 6.3691 us/op
WorkloadResult  13: 159103 op, 1011261281.00 ns, 6.3560 us/op
WorkloadResult  14: 159103 op, 1088161345.00 ns, 6.8394 us/op
WorkloadResult  15: 159103 op, 1012989089.00 ns, 6.3669 us/op
WorkloadResult  16: 159103 op, 1009040131.00 ns, 6.3421 us/op
WorkloadResult  17: 159103 op, 1002691087.00 ns, 6.3022 us/op

// AfterAll
// Benchmark Process 1020600 has exited with code 0.

Mean = 6.403 μs, StdErr = 0.031 μs (0.48%), N = 17, StdDev = 0.128 μs
Min = 6.281 μs, Q1 = 6.333 μs, Median = 6.367 μs, Q3 = 6.454 μs, Max = 6.839 μs
IQR = 0.121 μs, LowerFence = 6.152 μs, UpperFence = 6.636 μs
ConfidenceInterval = [6.278 μs; 6.527 μs] (CI 99.9%), Margin = 0.125 μs (1.95% of Mean)
Skewness = 2.22, Kurtosis = 8.09, MValue = 2

// ** Remained 1 (10.0 %) benchmark(s) to run. Estimated finish 2026-05-26 18:46 (0h 0m from now) **
// **************************
// Benchmark: SmokeBenchByte.Utf8Json_Ser: Energy(OutlierMode=DontRemove, Affinity=00000100, IterationTime=1s)
// *** Execute ***
// Launch: 1 / 1
// Execute: dotnet JsonBench-Energy-1.dll --anonymousPipes 127 128 --benchmarkName JsonBench.Benchmarks.SmokeBenchByte.Utf8Json_Ser --job Energy --benchmarkId 9 in /home/test/json-energy-bench/JsonBench/bin/Release/net10.0/JsonBench-Energy-1/bin/Release/net10.0
// BeforeAnythingElse

// Benchmark Process Environment Information:
// BenchmarkDotNet v0.15.5-develop (2026-05-26)
// Runtime=.NET 10.0.8 (10.0.8, 10.0.826.23019), X64 RyuJIT x86-64-v3
// GC=Concurrent Workstation
// HardwareIntrinsics=AVX2+BMI1+BMI2+F16C+FMA+LZCNT+MOVBE,AVX,SSE3+SSSE3+SSE4.1+SSE4.2+POPCNT,X86Base+SSE+SSE2,AES+PCLMUL VectorSize=256
// Job: Energy(OutlierMode=DontRemove, Affinity=100, IterationTime=1s)

OverheadJitting  1: 1 op, 238428.00 ns, 238.4280 us/op
WorkloadJitting  1: 1 op, 85972546.00 ns, 85.9725 ms/op

WorkloadPilot    1: 4 op, 165224.00 ns, 41.3060 us/op
WorkloadPilot    2: 24210 op, 821251671.00 ns, 33.9220 us/op
WorkloadPilot    3: 29479 op, 996571407.00 ns, 33.8061 us/op
WorkloadPilot    4: 29580 op, 222765596.00 ns, 7.5310 us/op
WorkloadPilot    5: 132785 op, 911679264.00 ns, 6.8658 us/op
WorkloadPilot    6: 145649 op, 1009292136.00 ns, 6.9296 us/op
WorkloadPilot    7: 144308 op, 989736562.00 ns, 6.8585 us/op
WorkloadPilot    8: 145804 op, 999465634.00 ns, 6.8549 us/op
WorkloadPilot    9: 145882 op, 989029369.00 ns, 6.7797 us/op
WorkloadPilot   10: 147500 op, 1006875383.00 ns, 6.8263 us/op
WorkloadPilot   11: 146493 op, 1010880618.00 ns, 6.9005 us/op

WorkloadWarmup   1: 146493 op, 996717121.00 ns, 6.8039 us/op
WorkloadWarmup   2: 146493 op, 994922353.00 ns, 6.7916 us/op
WorkloadWarmup   3: 146493 op, 1015001833.00 ns, 6.9287 us/op
WorkloadWarmup   4: 146493 op, 1000452813.00 ns, 6.8294 us/op
WorkloadWarmup   5: 146493 op, 989728931.00 ns, 6.7562 us/op
WorkloadWarmup   6: 146493 op, 1011566368.00 ns, 6.9052 us/op
WorkloadWarmup   7: 146493 op, 991758992.00 ns, 6.7700 us/op

// BeforeActualRun
WorkloadActual   1: 146493 op, 1006878545.00 ns, 6.8732 us/op
WorkloadActual   2: 146493 op, 996858847.00 ns, 6.8048 us/op
WorkloadActual   3: 146493 op, 998069053.00 ns, 6.8131 us/op
WorkloadActual   4: 146493 op, 1049948653.00 ns, 7.1672 us/op
WorkloadActual   5: 146493 op, 995537703.00 ns, 6.7958 us/op
WorkloadActual   6: 146493 op, 1011356783.00 ns, 6.9038 us/op
WorkloadActual   7: 146493 op, 1000563668.00 ns, 6.8301 us/op
WorkloadActual   8: 146493 op, 998782805.00 ns, 6.8180 us/op
WorkloadActual   9: 146493 op, 1001824293.00 ns, 6.8387 us/op
WorkloadActual  10: 146493 op, 1004744341.00 ns, 6.8587 us/op
WorkloadActual  11: 146493 op, 1018387442.00 ns, 6.9518 us/op
WorkloadActual  12: 146493 op, 1001922784.00 ns, 6.8394 us/op
WorkloadActual  13: 146493 op, 993254889.00 ns, 6.7802 us/op
WorkloadActual  14: 146493 op, 992122915.00 ns, 6.7725 us/op
WorkloadActual  15: 146493 op, 1019278120.00 ns, 6.9579 us/op

// AfterActualRun
WorkloadResult   1: 146493 op, 1006878545.00 ns, 6.8732 us/op
WorkloadResult   2: 146493 op, 996858847.00 ns, 6.8048 us/op
WorkloadResult   3: 146493 op, 998069053.00 ns, 6.8131 us/op
WorkloadResult   4: 146493 op, 1049948653.00 ns, 7.1672 us/op
WorkloadResult   5: 146493 op, 995537703.00 ns, 6.7958 us/op
WorkloadResult   6: 146493 op, 1011356783.00 ns, 6.9038 us/op
WorkloadResult   7: 146493 op, 1000563668.00 ns, 6.8301 us/op
WorkloadResult   8: 146493 op, 998782805.00 ns, 6.8180 us/op
WorkloadResult   9: 146493 op, 1001824293.00 ns, 6.8387 us/op
WorkloadResult  10: 146493 op, 1004744341.00 ns, 6.8587 us/op
WorkloadResult  11: 146493 op, 1018387442.00 ns, 6.9518 us/op
WorkloadResult  12: 146493 op, 1001922784.00 ns, 6.8394 us/op
WorkloadResult  13: 146493 op, 993254889.00 ns, 6.7802 us/op
WorkloadResult  14: 146493 op, 992122915.00 ns, 6.7725 us/op
WorkloadResult  15: 146493 op, 1019278120.00 ns, 6.9579 us/op

// AfterAll
// Benchmark Process 1020959 has exited with code 0.

Mean = 6.867 μs, StdErr = 0.026 μs (0.38%), N = 15, StdDev = 0.100 μs
Min = 6.772 μs, Q1 = 6.809 μs, Median = 6.839 μs, Q3 = 6.889 μs, Max = 7.167 μs
IQR = 0.080 μs, LowerFence = 6.690 μs, UpperFence = 7.008 μs
ConfidenceInterval = [6.760 μs; 6.974 μs] (CI 99.9%), Margin = 0.107 μs (1.56% of Mean)
Skewness = 1.72, Kurtosis = 5.57, MValue = 2

// ** Remained 0 (0.0 %) benchmark(s) to run. Estimated finish 2026-05-26 18:46 (0h 0m from now) **
// ***** BenchmarkRunner: Finish  *****

// * Export *
  BenchmarkArtifacts/results/JsonBench.Benchmarks.SmokeBenchByte-report.csv
  BenchmarkArtifacts/results/JsonBench.Benchmarks.SmokeBenchByte-report-github.md
  BenchmarkArtifacts/results/JsonBench.Benchmarks.SmokeBenchByte-report.html
  BenchmarkArtifacts/results/JsonBench.Benchmarks.SmokeBenchByte-measurements.csv

// * Detailed results *
SmokeBenchByte.SpanJson_Deser: Energy(OutlierMode=DontRemove, Affinity=00000100, IterationTime=1s)
Runtime = .NET 10.0.8 (10.0.8, 10.0.826.23019), X64 RyuJIT x86-64-v3; GC = Concurrent Workstation
Mean = 7.367 μs, StdErr = 0.020 μs (0.27%), N = 15, StdDev = 0.077 μs
Min = 7.283 μs, Q1 = 7.312 μs, Median = 7.320 μs, Q3 = 7.441 μs, Max = 7.514 μs
IQR = 0.129 μs, LowerFence = 7.119 μs, UpperFence = 7.634 μs
ConfidenceInterval = [7.285 μs; 7.450 μs] (CI 99.9%), Margin = 0.083 μs (1.12% of Mean)
Skewness = 0.63, Kurtosis = 1.64, MValue = 2
-------------------- Histogram --------------------
[7.242 μs ; 7.530 μs) | @@@@@@@@@@@@@@@
---------------------------------------------------

SmokeBenchByte.STJRefGen_Deser: Energy(OutlierMode=DontRemove, Affinity=00000100, IterationTime=1s)
Runtime = .NET 10.0.8 (10.0.8, 10.0.826.23019), X64 RyuJIT x86-64-v3; GC = Concurrent Workstation
Mean = 9.871 μs, StdErr = 0.030 μs (0.30%), N = 15, StdDev = 0.116 μs
Min = 9.783 μs, Q1 = 9.792 μs, Median = 9.815 μs, Q3 = 9.929 μs, Max = 10.205 μs
IQR = 0.137 μs, LowerFence = 9.587 μs, UpperFence = 10.134 μs
ConfidenceInterval = [9.747 μs; 9.995 μs] (CI 99.9%), Margin = 0.124 μs (1.26% of Mean)
Skewness = 1.55, Kurtosis = 4.72, MValue = 2
-------------------- Histogram --------------------
[ 9.721 μs ; 10.052 μs) | @@@@@@@@@@@@@@
[10.052 μs ; 10.267 μs) | @
---------------------------------------------------

SmokeBenchByte.STJSrcGen_Deser: Energy(OutlierMode=DontRemove, Affinity=00000100, IterationTime=1s)
Runtime = .NET 10.0.8 (10.0.8, 10.0.826.23019), X64 RyuJIT x86-64-v3; GC = Concurrent Workstation
Mean = 9.876 μs, StdErr = 0.027 μs (0.27%), N = 15, StdDev = 0.103 μs
Min = 9.744 μs, Q1 = 9.810 μs, Median = 9.855 μs, Q3 = 9.960 μs, Max = 10.047 μs
IQR = 0.150 μs, LowerFence = 9.584 μs, UpperFence = 10.186 μs
ConfidenceInterval = [9.766 μs; 9.986 μs] (CI 99.9%), Margin = 0.110 μs (1.11% of Mean)
Skewness = 0.37, Kurtosis = 1.65, MValue = 2
-------------------- Histogram --------------------
[9.739 μs ; 10.102 μs) | @@@@@@@@@@@@@@@
---------------------------------------------------

SmokeBenchByte.Utf8Json_Deser: Energy(OutlierMode=DontRemove, Affinity=00000100, IterationTime=1s)
Runtime = .NET 10.0.8 (10.0.8, 10.0.826.23019), X64 RyuJIT x86-64-v3; GC = Concurrent Workstation
Mean = 13.573 μs, StdErr = 0.042 μs (0.31%), N = 15, StdDev = 0.162 μs
Min = 13.428 μs, Q1 = 13.467 μs, Median = 13.487 μs, Q3 = 13.670 μs, Max = 13.998 μs
IQR = 0.202 μs, LowerFence = 13.164 μs, UpperFence = 13.973 μs
ConfidenceInterval = [13.400 μs; 13.747 μs] (CI 99.9%), Margin = 0.174 μs (1.28% of Mean)
Skewness = 1.22, Kurtosis = 3.47, MValue = 2
-------------------- Histogram --------------------
[13.342 μs ; 13.625 μs) | @@@@@@@@@@@
[13.625 μs ; 14.084 μs) | @@@@
---------------------------------------------------

SmokeBenchByte.Newtonsoft_Deser: Energy(OutlierMode=DontRemove, Affinity=00000100, IterationTime=1s)
Runtime = .NET 10.0.8 (10.0.8, 10.0.826.23019), X64 RyuJIT x86-64-v3; GC = Concurrent Workstation
Mean = 20.394 μs, StdErr = 0.061 μs (0.30%), N = 15, StdDev = 0.236 μs
Min = 20.192 μs, Q1 = 20.266 μs, Median = 20.284 μs, Q3 = 20.476 μs, Max = 20.994 μs
IQR = 0.210 μs, LowerFence = 19.951 μs, UpperFence = 20.792 μs
ConfidenceInterval = [20.142 μs; 20.646 μs] (CI 99.9%), Margin = 0.252 μs (1.24% of Mean)
Skewness = 1.24, Kurtosis = 3.29, MValue = 2
-------------------- Histogram --------------------
[20.066 μs ; 20.490 μs) | @@@@@@@@@@@
[20.490 μs ; 21.119 μs) | @@@@
---------------------------------------------------

SmokeBenchByte.STJSrcGen_Ser: Energy(OutlierMode=DontRemove, Affinity=00000100, IterationTime=1s)
Runtime = .NET 10.0.8 (10.0.8, 10.0.826.23019), X64 RyuJIT x86-64-v3; GC = Concurrent Workstation
Mean = 3.498 μs, StdErr = 0.010 μs (0.29%), N = 15, StdDev = 0.039 μs
Min = 3.468 μs, Q1 = 3.471 μs, Median = 3.474 μs, Q3 = 3.510 μs, Max = 3.605 μs
IQR = 0.039 μs, LowerFence = 3.413 μs, UpperFence = 3.569 μs
ConfidenceInterval = [3.456 μs; 3.540 μs] (CI 99.9%), Margin = 0.042 μs (1.19% of Mean)
Skewness = 1.4, Kurtosis = 4.13, MValue = 2
-------------------- Histogram --------------------
[3.454 μs ; 3.626 μs) | @@@@@@@@@@@@@@@
---------------------------------------------------

SmokeBenchByte.STJRefGen_Ser: Energy(OutlierMode=DontRemove, Affinity=00000100, IterationTime=1s)
Runtime = .NET 10.0.8 (10.0.8, 10.0.826.23019), X64 RyuJIT x86-64-v3; GC = Concurrent Workstation
Mean = 4.852 μs, StdErr = 0.014 μs (0.29%), N = 15, StdDev = 0.055 μs
Min = 4.809 μs, Q1 = 4.818 μs, Median = 4.822 μs, Q3 = 4.871 μs, Max = 5.013 μs
IQR = 0.053 μs, LowerFence = 4.739 μs, UpperFence = 4.951 μs
ConfidenceInterval = [4.793 μs; 4.911 μs] (CI 99.9%), Margin = 0.059 μs (1.21% of Mean)
Skewness = 1.68, Kurtosis = 5.14, MValue = 2
-------------------- Histogram --------------------
[4.780 μs ; 5.043 μs) | @@@@@@@@@@@@@@@
---------------------------------------------------

SmokeBenchByte.SpanJson_Ser: Energy(OutlierMode=DontRemove, Affinity=00000100, IterationTime=1s)
Runtime = .NET 10.0.8 (10.0.8, 10.0.826.23019), X64 RyuJIT x86-64-v3; GC = Concurrent Workstation
Mean = 6.403 μs, StdErr = 0.031 μs (0.48%), N = 17, StdDev = 0.128 μs
Min = 6.281 μs, Q1 = 6.333 μs, Median = 6.367 μs, Q3 = 6.454 μs, Max = 6.839 μs
IQR = 0.121 μs, LowerFence = 6.152 μs, UpperFence = 6.636 μs
ConfidenceInterval = [6.278 μs; 6.527 μs] (CI 99.9%), Margin = 0.125 μs (1.95% of Mean)
Skewness = 2.22, Kurtosis = 8.09, MValue = 2
-------------------- Histogram --------------------
[6.281 μs ; 6.412 μs) | @@@@@@@@@@@@
[6.412 μs ; 6.667 μs) | @@@@
[6.667 μs ; 6.905 μs) | @
---------------------------------------------------

SmokeBenchByte.Utf8Json_Ser: Energy(OutlierMode=DontRemove, Affinity=00000100, IterationTime=1s)
Runtime = .NET 10.0.8 (10.0.8, 10.0.826.23019), X64 RyuJIT x86-64-v3; GC = Concurrent Workstation
Mean = 6.867 μs, StdErr = 0.026 μs (0.38%), N = 15, StdDev = 0.100 μs
Min = 6.772 μs, Q1 = 6.809 μs, Median = 6.839 μs, Q3 = 6.889 μs, Max = 7.167 μs
IQR = 0.080 μs, LowerFence = 6.690 μs, UpperFence = 7.008 μs
ConfidenceInterval = [6.760 μs; 6.974 μs] (CI 99.9%), Margin = 0.107 μs (1.56% of Mean)
Skewness = 1.72, Kurtosis = 5.57, MValue = 2
-------------------- Histogram --------------------
[6.755 μs ; 7.000 μs) | @@@@@@@@@@@@@@
[7.000 μs ; 7.221 μs) | @
---------------------------------------------------

SmokeBenchByte.Newtonsoft_Ser: Energy(OutlierMode=DontRemove, Affinity=00000100, IterationTime=1s)
Runtime = .NET 10.0.8 (10.0.8, 10.0.826.23019), X64 RyuJIT x86-64-v3; GC = Concurrent Workstation
Mean = 12.047 μs, StdErr = 0.041 μs (0.34%), N = 15, StdDev = 0.159 μs
Min = 11.914 μs, Q1 = 11.945 μs, Median = 11.950 μs, Q3 = 12.136 μs, Max = 12.425 μs
IQR = 0.191 μs, LowerFence = 11.660 μs, UpperFence = 12.422 μs
ConfidenceInterval = [11.877 μs; 12.218 μs] (CI 99.9%), Margin = 0.170 μs (1.41% of Mean)
Skewness = 1.09, Kurtosis = 2.71, MValue = 2
-------------------- Histogram --------------------
[11.868 μs ; 12.510 μs) | @@@@@@@@@@@@@@@
---------------------------------------------------

// * Summary *

BenchmarkDotNet v0.15.5-develop (2026-05-26), Linux Ubuntu 24.04.4 LTS (Noble Numbat)
Intel Core i9-9900K CPU 3.60GHz (Coffee Lake), 1 CPU, 8 logical and 8 physical cores
.NET SDK 10.0.108
  [Host] : .NET 10.0.8 (10.0.8, 10.0.826.23019), X64 RyuJIT x86-64-v3
  Energy : .NET 10.0.8 (10.0.8, 10.0.826.23019), X64 RyuJIT x86-64-v3

Job=Energy  OutlierMode=DontRemove  Affinity=00000100  
IterationTime=1s  

| Method           | Mean      | Error     | StdDev    | Operations | Iterations | Metrion CPU Energy (uJ/op) | Metrion CPU Energy (uJ/iter) |
|----------------- |----------:|----------:|----------:|-----------:|-----------:|---------------------------:|-----------------------------:|
| SpanJson_Deser   |  7.367 μs | 0.0826 μs | 0.0773 μs |    137,382 |      15.00 |                      94.24 |                  12946941.18 |
| STJRefGen_Deser  |  9.871 μs | 0.1244 μs | 0.1164 μs |    102,384 |      15.00 |                     124.10 |                  12705359.07 |
| STJSrcGen_Deser  |  9.876 μs | 0.1099 μs | 0.1028 μs |    101,024 |      15.00 |                     125.16 |                  12643910.16 |
| Utf8Json_Deser   | 13.573 μs | 0.1736 μs | 0.1624 μs |     73,859 |      15.00 |                     190.89 |                  14098685.11 |
| Newtonsoft_Deser | 20.394 μs | 0.2521 μs | 0.2358 μs |     49,552 |      15.00 |                     269.80 |                  13369224.99 |
|                  |           |           |           |            |            |                            |                              |
| STJSrcGen_Ser    |  3.498 μs | 0.0418 μs | 0.0391 μs |    288,656 |      15.00 |                      46.48 |                  13416097.62 |
| STJRefGen_Ser    |  4.852 μs | 0.0588 μs | 0.0550 μs |    208,048 |      15.00 |                      54.48 |                  11335449.70 |
| SpanJson_Ser     |  6.403 μs | 0.1246 μs | 0.1280 μs |    159,103 |      17.00 |                      83.59 |                  13299401.09 |
| Utf8Json_Ser     |  6.867 μs | 0.1072 μs | 0.1002 μs |    146,493 |      15.00 |                      85.32 |                  12498789.75 |
| Newtonsoft_Ser   | 12.047 μs | 0.1702 μs | 0.1592 μs |     84,064 |      15.00 |                     171.09 |                  14382812.92 |

// * Hints *
Outliers
  SmokeBenchByte.STJRefGen_Deser: Energy  -> 1 outlier  was  detected (10.21 μs)
  SmokeBenchByte.Utf8Json_Deser: Energy   -> 1 outlier  was  detected (14.00 μs)
  SmokeBenchByte.Newtonsoft_Deser: Energy -> 1 outlier  was  detected (21.00 μs)
  SmokeBenchByte.STJSrcGen_Ser: Energy    -> 1 outlier  was  detected (3.61 μs)
  SmokeBenchByte.STJRefGen_Ser: Energy    -> 1 outlier  was  detected (5.02 μs)
  SmokeBenchByte.SpanJson_Ser: Energy     -> 1 outlier  was  detected (6.84 μs)
  SmokeBenchByte.Utf8Json_Ser: Energy     -> 1 outlier  was  detected (7.17 μs)
  SmokeBenchByte.Newtonsoft_Ser: Energy   -> 1 outlier  was  detected (12.43 μs)

// * Legends *
  Mean                         : Arithmetic mean of all measurements
  Error                        : Half of 99.9% confidence interval
  StdDev                       : Standard deviation of all measurements
  Operations                   : Actual invocations per measured iteration (from measurements)
  Iterations                   : Number of target iterations
  Metrion CPU Energy (uJ/op)   : Average CPU core energy consumed per benchmark operation (uJ), captured with Metrion.
  Metrion CPU Energy (uJ/iter) : Average CPU core energy consumed per benchmark iteration (uJ), captured with Metrion.
  1 μs                         : 1 Microsecond (0.000001 sec)

// * Diagnostic Output - MetrionEnergyProfiler *
Metrion measured the energy for a total of 10 benchmarks.
The measurements details of Actual Stage for each benchmark:
BenchmarkMethod - StartTimestamp - EndTimestamp - TotalEnergyFromSummary - TotalEnergyFromRawMeasurements
STJRefGen_Deser: 2026-05-26T18:39:12.545093 - 2026-05-26T18:39:27.740361 - 188.72351309617264 - 190.58038606814978
STJSrcGen_Deser: 2026-05-26T18:39:52.203032 - 2026-05-26T18:40:07.205273 - 182.3373019332464 - 189.65865244182496
Newtonsoft_Deser: 2026-05-26T18:40:36.748897 - 2026-05-26T18:40:51.937539 - 195.46607613954296 - 200.53837488793584
SpanJson_Deser: 2026-05-26T18:41:22.872390 - 2026-05-26T18:41:38.088177 - 200.14829053011428 - 194.2041177061227
Utf8Json_Deser: 2026-05-26T18:42:10.846653 - 2026-05-26T18:42:25.920171 - 212.76907199210268 - 211.48027659377712
STJRefGen_Ser: 2026-05-26T18:42:55.883939 - 2026-05-26T18:43:11.057618 - 177.63875572859936 - 170.03174556679238
STJSrcGen_Ser: 2026-05-26T18:43:40.179934 - 2026-05-26T18:43:55.362886 - 194.69136245976156 - 201.24146423320602
Newtonsoft_Ser: 2026-05-26T18:44:29.159806 - 2026-05-26T18:44:44.381327 - 209.6124744529722 - 215.74219377865495
SpanJson_Ser: 2026-05-26T18:45:17.888648 - 2026-05-26T18:45:35.238371 - 235.96307695795554 - 226.08981847517276
Utf8Json_Ser: 2026-05-26T18:46:05.320974 - 2026-05-26T18:46:20.440640 - 188.04932785487242 - 187.48184618597963


// ***** BenchmarkRunner: End *****
Run time: 00:07:39 (459.56 sec), executed benchmarks: 10

Global total time: 00:07:46 (466.71 sec), executed benchmarks: 10
// * Artifacts cleanup *
Artifacts cleanup is finished
