// Validating benchmarks:
// ***** BenchmarkRunner: Start   *****
// ***** Found 10 benchmark(s) in total *****
// ***** Building 1 exe(s) in Parallel: Start   *****
// start dotnet  restore --nodeReuse:false /p:UseSharedCompilation=false /p:Deterministic=true /p:Optimize=true /p:ArtifactsPath="/home/test/json-energy-bench/JsonBench/bin/Release/net10.0/JsonBench-Energy-1/" /p:OutDir="/home/test/json-energy-bench/JsonBench/bin/Release/net10.0/JsonBench-Energy-1/bin/Release/net10.0/" /p:OutputPath="/home/test/json-energy-bench/JsonBench/bin/Release/net10.0/JsonBench-Energy-1/bin/Release/net10.0/" /p:PublishDir="/home/test/json-energy-bench/JsonBench/bin/Release/net10.0/JsonBench-Energy-1/publish/" in /home/test/json-energy-bench/JsonBench/bin/Release/net10.0/JsonBench-Energy-1
// command took 1.63 sec and exited with 0
// start dotnet  build -c Release --no-restore --nodeReuse:false /p:UseSharedCompilation=false /p:Deterministic=true /p:Optimize=true /p:ArtifactsPath="/home/test/json-energy-bench/JsonBench/bin/Release/net10.0/JsonBench-Energy-1/" /p:OutDir="/home/test/json-energy-bench/JsonBench/bin/Release/net10.0/JsonBench-Energy-1/bin/Release/net10.0/" /p:OutputPath="/home/test/json-energy-bench/JsonBench/bin/Release/net10.0/JsonBench-Energy-1/bin/Release/net10.0/" /p:PublishDir="/home/test/json-energy-bench/JsonBench/bin/Release/net10.0/JsonBench-Energy-1/publish/" --output "/home/test/json-energy-bench/JsonBench/bin/Release/net10.0/JsonBench-Energy-1/bin/Release/net10.0/" in /home/test/json-energy-bench/JsonBench/bin/Release/net10.0/JsonBench-Energy-1
// command took 5.33 sec and exited with 0
// ***** Done, took 00:00:07 (7.03 sec)   *****
// Found 10 benchmarks:
//   SmokeBenchByte.STJRefGen_Deser: Energy(OutlierMode=DontRemove, Affinity=00000100, IterationTime=1s)
//   SmokeBenchByte.STJSrcGen_Deser: Energy(OutlierMode=DontRemove, Affinity=00000100, IterationTime=1s)
//   SmokeBenchByte.Newtonsoft_Deser: Energy(OutlierMode=DontRemove, Affinity=00000100, IterationTime=1s)
//   SmokeBenchByte.SpanJson_Deser: Energy(OutlierMode=DontRemove, Affinity=00000100, IterationTime=1s)
//   SmokeBenchByte.Utf8Json_Deser: Energy(OutlierMode=DontRemove, Affinity=00000100, IterationTime=1s)
//   SmokeBenchByte.STJRefGen_Ser: Energy(OutlierMode=DontRemove, Affinity=00000100, IterationTime=1s)
//   SmokeBenchByte.STJSrcGen_Ser: Energy(OutlierMode=DontRemove, Affinity=00000100, IterationTime=1s)
//   SmokeBenchByte.Newtonsoft_Ser: Energy(OutlierMode=DontRemove, Affinity=00000100, IterationTime=1s)
//   SmokeBenchByte.SpanJson_Ser: Energy(OutlierMode=DontRemove, Affinity=00000100, IterationTime=1s)
//   SmokeBenchByte.Utf8Json_Ser: Energy(OutlierMode=DontRemove, Affinity=00000100, IterationTime=1s)

// **************************
// Benchmark: SmokeBenchByte.STJRefGen_Deser: Energy(OutlierMode=DontRemove, Affinity=00000100, IterationTime=1s)
// *** Execute ***
// Launch: 1 / 1
// Execute: dotnet JsonBench-Energy-1.dll --anonymousPipes 158 159 --benchmarkName JsonBench.Benchmarks.SmokeBenchByte.STJRefGen_Deser --job Energy --benchmarkId 0 in /home/test/json-energy-bench/JsonBench/bin/Release/net10.0/JsonBench-Energy-1/bin/Release/net10.0
// BeforeAnythingElse

// Benchmark Process Environment Information:
// BenchmarkDotNet v0.15.5-develop (2026-05-17)
// Runtime=.NET 10.0.7 (10.0.7, 10.0.726.21808), X64 RyuJIT x86-64-v3
// GC=Concurrent Workstation
// HardwareIntrinsics=AVX2+BMI1+BMI2+F16C+FMA+LZCNT+MOVBE,AVX,SSE3+SSSE3+SSE4.1+SSE4.2+POPCNT,X86Base+SSE+SSE2,AES+PCLMUL VectorSize=256
// Job: Energy(OutlierMode=DontRemove, Affinity=100, IterationTime=1s)

OverheadJitting  1: 1 op, 245381.00 ns, 245.3810 us/op
WorkloadJitting  1: 1 op, 331054.00 ns, 331.0540 us/op

OverheadJitting  2: 16 op, 634179.00 ns, 39.6362 us/op
WorkloadJitting  2: 16 op, 1086405.00 ns, 67.9003 us/op

WorkloadPilot    1: 16 op, 375545.00 ns, 23.4716 us/op
WorkloadPilot    2: 42608 op, 958542504.00 ns, 22.4968 us/op
WorkloadPilot    3: 44464 op, 1033125695.00 ns, 23.2351 us/op
WorkloadPilot    4: 43040 op, 926819022.00 ns, 21.5339 us/op
WorkloadPilot    5: 46448 op, 1051553533.00 ns, 22.6394 us/op
WorkloadPilot    6: 44176 op, 539722102.00 ns, 12.2175 us/op
WorkloadPilot    7: 81856 op, 847931736.00 ns, 10.3588 us/op
WorkloadPilot    8: 96544 op, 999367880.00 ns, 10.3514 us/op
WorkloadPilot    9: 96608 op, 976139791.00 ns, 10.1041 us/op
WorkloadPilot   10: 98976 op, 996230912.00 ns, 10.0654 us/op
WorkloadPilot   11: 99360 op, 1005495372.00 ns, 10.1197 us/op

OverheadWarmup   1: 99360 op, 409612.00 ns, 4.1225 ns/op
OverheadWarmup   2: 99360 op, 409213.00 ns, 4.1185 ns/op
OverheadWarmup   3: 99360 op, 413893.00 ns, 4.1656 ns/op
OverheadWarmup   4: 99360 op, 408727.00 ns, 4.1136 ns/op
OverheadWarmup   5: 99360 op, 412409.00 ns, 4.1507 ns/op
OverheadWarmup   6: 99360 op, 411761.00 ns, 4.1441 ns/op

OverheadActual   1: 99360 op, 411248.00 ns, 4.1390 ns/op
OverheadActual   2: 99360 op, 409254.00 ns, 4.1189 ns/op
OverheadActual   3: 99360 op, 408497.00 ns, 4.1113 ns/op
OverheadActual   4: 99360 op, 409435.00 ns, 4.1207 ns/op
OverheadActual   5: 99360 op, 411849.00 ns, 4.1450 ns/op
OverheadActual   6: 99360 op, 408532.00 ns, 4.1116 ns/op
OverheadActual   7: 99360 op, 409224.00 ns, 4.1186 ns/op
OverheadActual   8: 99360 op, 412777.00 ns, 4.1544 ns/op
OverheadActual   9: 99360 op, 408498.00 ns, 4.1113 ns/op
OverheadActual  10: 99360 op, 409748.00 ns, 4.1239 ns/op
OverheadActual  11: 99360 op, 411783.00 ns, 4.1444 ns/op
OverheadActual  12: 99360 op, 408846.00 ns, 4.1148 ns/op
OverheadActual  13: 99360 op, 411922.00 ns, 4.1458 ns/op
OverheadActual  14: 99360 op, 412046.00 ns, 4.1470 ns/op
OverheadActual  15: 99360 op, 408033.00 ns, 4.1066 ns/op

WorkloadWarmup   1: 99360 op, 1004824292.00 ns, 10.1130 us/op
WorkloadWarmup   2: 99360 op, 1067665942.00 ns, 10.7454 us/op
WorkloadWarmup   3: 99360 op, 1038549168.00 ns, 10.4524 us/op
WorkloadWarmup   4: 99360 op, 1000008808.00 ns, 10.0645 us/op
WorkloadWarmup   5: 99360 op, 1000186587.00 ns, 10.0663 us/op
WorkloadWarmup   6: 99360 op, 999881775.00 ns, 10.0632 us/op

// BeforeActualRun
WorkloadActual   1: 99360 op, 1003889030.00 ns, 10.1036 us/op
WorkloadActual   2: 99360 op, 1018977773.00 ns, 10.2554 us/op
WorkloadActual   3: 99360 op, 1003506029.00 ns, 10.0997 us/op
WorkloadActual   4: 99360 op, 1003310083.00 ns, 10.0977 us/op
WorkloadActual   5: 99360 op, 1003473649.00 ns, 10.0994 us/op
WorkloadActual   6: 99360 op, 1003884664.00 ns, 10.1035 us/op
WorkloadActual   7: 99360 op, 1026328824.00 ns, 10.3294 us/op
WorkloadActual   8: 99360 op, 1003847802.00 ns, 10.1031 us/op
WorkloadActual   9: 99360 op, 1003125401.00 ns, 10.0959 us/op
WorkloadActual  10: 99360 op, 1003107785.00 ns, 10.0957 us/op
WorkloadActual  11: 99360 op, 1043126738.00 ns, 10.4985 us/op
WorkloadActual  12: 99360 op, 1019941910.00 ns, 10.2651 us/op
WorkloadActual  13: 99360 op, 1003197219.00 ns, 10.0966 us/op
WorkloadActual  14: 99360 op, 1002958650.00 ns, 10.0942 us/op
WorkloadActual  15: 99360 op, 1003006119.00 ns, 10.0947 us/op

// AfterActualRun
WorkloadResult   1: 99360 op, 1003479595.00 ns, 10.0994 us/op
WorkloadResult   2: 99360 op, 1018568338.00 ns, 10.2513 us/op
WorkloadResult   3: 99360 op, 1003096594.00 ns, 10.0956 us/op
WorkloadResult   4: 99360 op, 1002900648.00 ns, 10.0936 us/op
WorkloadResult   5: 99360 op, 1003064214.00 ns, 10.0953 us/op
WorkloadResult   6: 99360 op, 1003475229.00 ns, 10.0994 us/op
WorkloadResult   7: 99360 op, 1025919389.00 ns, 10.3253 us/op
WorkloadResult   8: 99360 op, 1003438367.00 ns, 10.0990 us/op
WorkloadResult   9: 99360 op, 1002715966.00 ns, 10.0917 us/op
WorkloadResult  10: 99360 op, 1002698350.00 ns, 10.0916 us/op
WorkloadResult  11: 99360 op, 1042717303.00 ns, 10.4943 us/op
WorkloadResult  12: 99360 op, 1019532475.00 ns, 10.2610 us/op
WorkloadResult  13: 99360 op, 1002787784.00 ns, 10.0925 us/op
WorkloadResult  14: 99360 op, 1002549215.00 ns, 10.0901 us/op
WorkloadResult  15: 99360 op, 1002596684.00 ns, 10.0905 us/op

// AfterAll
// Benchmark Process 982008 has exited with code 0.

Mean = 10.158 μs, StdErr = 0.031 μs (0.31%), N = 15, StdDev = 0.121 μs
Min = 10.090 μs, Q1 = 10.092 μs, Median = 10.096 μs, Q3 = 10.175 μs, Max = 10.494 μs
IQR = 0.083 μs, LowerFence = 9.967 μs, UpperFence = 10.300 μs
ConfidenceInterval = [10.029 μs; 10.287 μs] (CI 99.9%), Margin = 0.129 μs (1.27% of Mean)
Skewness = 1.57, Kurtosis = 4.34, MValue = 2

// ** Remained 9 (90.0 %) benchmark(s) to run. Estimated finish 2026-05-17 13:41 (0h 6m from now) **
// **************************
// Benchmark: SmokeBenchByte.STJSrcGen_Deser: Energy(OutlierMode=DontRemove, Affinity=00000100, IterationTime=1s)
// *** Execute ***
// Launch: 1 / 1
// Execute: dotnet JsonBench-Energy-1.dll --anonymousPipes 160 161 --benchmarkName JsonBench.Benchmarks.SmokeBenchByte.STJSrcGen_Deser --job Energy --benchmarkId 1 in /home/test/json-energy-bench/JsonBench/bin/Release/net10.0/JsonBench-Energy-1/bin/Release/net10.0
// BeforeAnythingElse

// Benchmark Process Environment Information:
// BenchmarkDotNet v0.15.5-develop (2026-05-17)
// Runtime=.NET 10.0.7 (10.0.7, 10.0.726.21808), X64 RyuJIT x86-64-v3
// GC=Concurrent Workstation
// HardwareIntrinsics=AVX2+BMI1+BMI2+F16C+FMA+LZCNT+MOVBE,AVX,SSE3+SSSE3+SSE4.1+SSE4.2+POPCNT,X86Base+SSE+SSE2,AES+PCLMUL VectorSize=256
// Job: Energy(OutlierMode=DontRemove, Affinity=100, IterationTime=1s)

OverheadJitting  1: 1 op, 237505.00 ns, 237.5050 us/op
WorkloadJitting  1: 1 op, 11200414.00 ns, 11.2004 ms/op

OverheadJitting  2: 16 op, 638931.00 ns, 39.9332 us/op
WorkloadJitting  2: 16 op, 1087508.00 ns, 67.9693 us/op

WorkloadPilot    1: 16 op, 448386.00 ns, 28.0241 us/op
WorkloadPilot    2: 35696 op, 808235686.00 ns, 22.6422 us/op
WorkloadPilot    3: 44176 op, 1008373811.00 ns, 22.8263 us/op
WorkloadPilot    4: 43824 op, 1429975227.00 ns, 32.6300 us/op
WorkloadPilot    5: 30656 op, 901644514.00 ns, 29.4117 us/op
WorkloadPilot    6: 34000 op, 347714643.00 ns, 10.2269 us/op
WorkloadPilot    7: 97792 op, 981185459.00 ns, 10.0334 us/op
WorkloadPilot    8: 99680 op, 998495571.00 ns, 10.0170 us/op
WorkloadPilot    9: 99840 op, 977689949.00 ns, 9.7926 us/op
WorkloadPilot   10: 102128 op, 1000303570.00 ns, 9.7946 us/op

OverheadWarmup   1: 102128 op, 426209.00 ns, 4.1733 ns/op
OverheadWarmup   2: 102128 op, 425136.00 ns, 4.1628 ns/op
OverheadWarmup   3: 102128 op, 420669.00 ns, 4.1190 ns/op
OverheadWarmup   4: 102128 op, 428109.00 ns, 4.1919 ns/op
OverheadWarmup   5: 102128 op, 419713.00 ns, 4.1097 ns/op
OverheadWarmup   6: 102128 op, 422599.00 ns, 4.1379 ns/op
OverheadWarmup   7: 102128 op, 418016.00 ns, 4.0931 ns/op

OverheadActual   1: 102128 op, 418561.00 ns, 4.0984 ns/op
OverheadActual   2: 102128 op, 425907.00 ns, 4.1703 ns/op
OverheadActual   3: 102128 op, 427702.00 ns, 4.1879 ns/op
OverheadActual   4: 102128 op, 421323.00 ns, 4.1254 ns/op
OverheadActual   5: 102128 op, 427333.00 ns, 4.1843 ns/op
OverheadActual   6: 102128 op, 418636.00 ns, 4.0991 ns/op
OverheadActual   7: 102128 op, 419421.00 ns, 4.1068 ns/op
OverheadActual   8: 102128 op, 428985.00 ns, 4.2005 ns/op
OverheadActual   9: 102128 op, 417532.00 ns, 4.0883 ns/op
OverheadActual  10: 102128 op, 424036.00 ns, 4.1520 ns/op
OverheadActual  11: 102128 op, 418152.00 ns, 4.0944 ns/op
OverheadActual  12: 102128 op, 421491.00 ns, 4.1271 ns/op
OverheadActual  13: 102128 op, 420674.00 ns, 4.1191 ns/op
OverheadActual  14: 102128 op, 428581.00 ns, 4.1965 ns/op
OverheadActual  15: 102128 op, 419375.00 ns, 4.1064 ns/op

WorkloadWarmup   1: 102128 op, 1004833738.00 ns, 9.8390 us/op
WorkloadWarmup   2: 102128 op, 1049702236.00 ns, 10.2783 us/op
WorkloadWarmup   3: 102128 op, 1044381948.00 ns, 10.2262 us/op
WorkloadWarmup   4: 102128 op, 1010003849.00 ns, 9.8896 us/op
WorkloadWarmup   5: 102128 op, 1000164018.00 ns, 9.7932 us/op
WorkloadWarmup   6: 102128 op, 1000721983.00 ns, 9.7987 us/op
WorkloadWarmup   7: 102128 op, 1000767843.00 ns, 9.7992 us/op
WorkloadWarmup   8: 102128 op, 1014346690.00 ns, 9.9321 us/op
WorkloadWarmup   9: 102128 op, 1002793954.00 ns, 9.8190 us/op

// BeforeActualRun
WorkloadActual   1: 102128 op, 1001654669.00 ns, 9.8078 us/op
WorkloadActual   2: 102128 op, 1007675726.00 ns, 9.8668 us/op
WorkloadActual   3: 102128 op, 1003291809.00 ns, 9.8239 us/op
WorkloadActual   4: 102128 op, 1005976068.00 ns, 9.8501 us/op
WorkloadActual   5: 102128 op, 1020895383.00 ns, 9.9962 us/op
WorkloadActual   6: 102128 op, 1004220466.00 ns, 9.8330 us/op
WorkloadActual   7: 102128 op, 1012061834.00 ns, 9.9097 us/op
WorkloadActual   8: 102128 op, 1040996048.00 ns, 10.1931 us/op
WorkloadActual   9: 102128 op, 1004530467.00 ns, 9.8360 us/op
WorkloadActual  10: 102128 op, 1018990439.00 ns, 9.9776 us/op
WorkloadActual  11: 102128 op, 1003905616.00 ns, 9.8299 us/op
WorkloadActual  12: 102128 op, 1004086330.00 ns, 9.8316 us/op
WorkloadActual  13: 102128 op, 1003782870.00 ns, 9.8287 us/op
WorkloadActual  14: 102128 op, 1002640537.00 ns, 9.8175 us/op
WorkloadActual  15: 102128 op, 1016936152.00 ns, 9.9575 us/op

// AfterActualRun
WorkloadResult   1: 102128 op, 1001233346.00 ns, 9.8037 us/op
WorkloadResult   2: 102128 op, 1007254403.00 ns, 9.8627 us/op
WorkloadResult   3: 102128 op, 1002870486.00 ns, 9.8197 us/op
WorkloadResult   4: 102128 op, 1005554745.00 ns, 9.8460 us/op
WorkloadResult   5: 102128 op, 1020474060.00 ns, 9.9921 us/op
WorkloadResult   6: 102128 op, 1003799143.00 ns, 9.8288 us/op
WorkloadResult   7: 102128 op, 1011640511.00 ns, 9.9056 us/op
WorkloadResult   8: 102128 op, 1040574725.00 ns, 10.1889 us/op
WorkloadResult   9: 102128 op, 1004109144.00 ns, 9.8319 us/op
WorkloadResult  10: 102128 op, 1018569116.00 ns, 9.9735 us/op
WorkloadResult  11: 102128 op, 1003484293.00 ns, 9.8258 us/op
WorkloadResult  12: 102128 op, 1003665007.00 ns, 9.8275 us/op
WorkloadResult  13: 102128 op, 1003361547.00 ns, 9.8245 us/op
WorkloadResult  14: 102128 op, 1002219214.00 ns, 9.8134 us/op
WorkloadResult  15: 102128 op, 1016514829.00 ns, 9.9533 us/op

// AfterAll
// Benchmark Process 982418 has exited with code 0.

Mean = 9.886 μs, StdErr = 0.027 μs (0.27%), N = 15, StdDev = 0.104 μs
Min = 9.804 μs, Q1 = 9.825 μs, Median = 9.832 μs, Q3 = 9.929 μs, Max = 10.189 μs
IQR = 0.104 μs, LowerFence = 9.669 μs, UpperFence = 10.086 μs
ConfidenceInterval = [9.775 μs; 9.998 μs] (CI 99.9%), Margin = 0.111 μs (1.12% of Mean)
Skewness = 1.63, Kurtosis = 4.99, MValue = 2

// ** Remained 8 (80.0 %) benchmark(s) to run. Estimated finish 2026-05-17 13:41 (0h 6m from now) **
// **************************
// Benchmark: SmokeBenchByte.Newtonsoft_Deser: Energy(OutlierMode=DontRemove, Affinity=00000100, IterationTime=1s)
// *** Execute ***
// Launch: 1 / 1
// Execute: dotnet JsonBench-Energy-1.dll --anonymousPipes 160 161 --benchmarkName JsonBench.Benchmarks.SmokeBenchByte.Newtonsoft_Deser --job Energy --benchmarkId 2 in /home/test/json-energy-bench/JsonBench/bin/Release/net10.0/JsonBench-Energy-1/bin/Release/net10.0
// BeforeAnythingElse

// Benchmark Process Environment Information:
// BenchmarkDotNet v0.15.5-develop (2026-05-17)
// Runtime=.NET 10.0.7 (10.0.7, 10.0.726.21808), X64 RyuJIT x86-64-v3
// GC=Concurrent Workstation
// HardwareIntrinsics=AVX2+BMI1+BMI2+F16C+FMA+LZCNT+MOVBE,AVX,SSE3+SSSE3+SSE4.1+SSE4.2+POPCNT,X86Base+SSE+SSE2,AES+PCLMUL VectorSize=256
// Job: Energy(OutlierMode=DontRemove, Affinity=100, IterationTime=1s)

OverheadJitting  1: 1 op, 242208.00 ns, 242.2080 us/op
WorkloadJitting  1: 1 op, 63130504.00 ns, 63.1305 ms/op

OverheadJitting  2: 16 op, 655821.00 ns, 40.9888 us/op
WorkloadJitting  2: 16 op, 2444515.00 ns, 152.7822 us/op

WorkloadPilot    1: 16 op, 1688826.00 ns, 105.5516 us/op
WorkloadPilot    2: 9488 op, 855720575.00 ns, 90.1898 us/op
WorkloadPilot    3: 11088 op, 1052007085.00 ns, 94.8780 us/op
WorkloadPilot    4: 10544 op, 1036389857.00 ns, 98.2919 us/op
WorkloadPilot    5: 10176 op, 1005301735.00 ns, 98.7914 us/op

OverheadWarmup   1: 10176 op, 43497.00 ns, 4.2745 ns/op
OverheadWarmup   2: 10176 op, 42229.00 ns, 4.1499 ns/op
OverheadWarmup   3: 10176 op, 42179.00 ns, 4.1449 ns/op
OverheadWarmup   4: 10176 op, 42199.00 ns, 4.1469 ns/op
OverheadWarmup   5: 10176 op, 42030.00 ns, 4.1303 ns/op
OverheadWarmup   6: 10176 op, 42198.00 ns, 4.1468 ns/op
OverheadWarmup   7: 10176 op, 43237.00 ns, 4.2489 ns/op
OverheadWarmup   8: 10176 op, 42559.00 ns, 4.1823 ns/op

OverheadActual   1: 10176 op, 42376.00 ns, 4.1643 ns/op
OverheadActual   2: 10176 op, 42296.00 ns, 4.1564 ns/op
OverheadActual   3: 10176 op, 42526.00 ns, 4.1790 ns/op
OverheadActual   4: 10176 op, 42274.00 ns, 4.1543 ns/op
OverheadActual   5: 10176 op, 43015.00 ns, 4.2271 ns/op
OverheadActual   6: 10176 op, 42070.00 ns, 4.1342 ns/op
OverheadActual   7: 10176 op, 46747.00 ns, 4.5938 ns/op
OverheadActual   8: 10176 op, 42044.00 ns, 4.1317 ns/op
OverheadActual   9: 10176 op, 41908.00 ns, 4.1183 ns/op
OverheadActual  10: 10176 op, 42406.00 ns, 4.1673 ns/op
OverheadActual  11: 10176 op, 42073.00 ns, 4.1345 ns/op
OverheadActual  12: 10176 op, 43617.00 ns, 4.2863 ns/op
OverheadActual  13: 10176 op, 42071.00 ns, 4.1343 ns/op
OverheadActual  14: 10176 op, 41951.00 ns, 4.1225 ns/op
OverheadActual  15: 10176 op, 42144.00 ns, 4.1415 ns/op

WorkloadWarmup   1: 10176 op, 321449247.00 ns, 31.5890 us/op
WorkloadWarmup   2: 10176 op, 328315660.00 ns, 32.2637 us/op
WorkloadWarmup   3: 10176 op, 316007141.00 ns, 31.0542 us/op
WorkloadWarmup   4: 10176 op, 315140493.00 ns, 30.9690 us/op
WorkloadWarmup   5: 10176 op, 316000786.00 ns, 31.0535 us/op
WorkloadWarmup   6: 10176 op, 312885324.00 ns, 30.7474 us/op

// BeforeActualRun
WorkloadActual   1: 10176 op, 317858555.00 ns, 31.2361 us/op
WorkloadActual   2: 10176 op, 309984427.00 ns, 30.4623 us/op
WorkloadActual   3: 10176 op, 308930522.00 ns, 30.3587 us/op
WorkloadActual   4: 10176 op, 380002388.00 ns, 37.3430 us/op
WorkloadActual   5: 10176 op, 191119712.00 ns, 18.7814 us/op
WorkloadActual   6: 10176 op, 190301503.00 ns, 18.7010 us/op
WorkloadActual   7: 10176 op, 193351146.00 ns, 19.0007 us/op
WorkloadActual   8: 10176 op, 190377296.00 ns, 18.7085 us/op
WorkloadActual   9: 10176 op, 191310642.00 ns, 18.8002 us/op
WorkloadActual  10: 10176 op, 190631724.00 ns, 18.7335 us/op
WorkloadActual  11: 10176 op, 189501655.00 ns, 18.6224 us/op
WorkloadActual  12: 10176 op, 198002247.00 ns, 19.4578 us/op
WorkloadActual  13: 10176 op, 191495166.00 ns, 18.8183 us/op
WorkloadActual  14: 10176 op, 189560732.00 ns, 18.6282 us/op
WorkloadActual  15: 10176 op, 189542502.00 ns, 18.6264 us/op
WorkloadActual  16: 10176 op, 189464394.00 ns, 18.6187 us/op
WorkloadActual  17: 10176 op, 190195698.00 ns, 18.6906 us/op
WorkloadActual  18: 10176 op, 191761555.00 ns, 18.8445 us/op
WorkloadActual  19: 10176 op, 227075902.00 ns, 22.3148 us/op
WorkloadActual  20: 10176 op, 189751949.00 ns, 18.6470 us/op
WorkloadActual  21: 10176 op, 189552759.00 ns, 18.6274 us/op
WorkloadActual  22: 10176 op, 190192656.00 ns, 18.6903 us/op
WorkloadActual  23: 10176 op, 189670322.00 ns, 18.6390 us/op
WorkloadActual  24: 10176 op, 189615174.00 ns, 18.6336 us/op
WorkloadActual  25: 10176 op, 204410951.00 ns, 20.0876 us/op
WorkloadActual  26: 10176 op, 195218678.00 ns, 19.1842 us/op
WorkloadActual  27: 10176 op, 193404336.00 ns, 19.0059 us/op
WorkloadActual  28: 10176 op, 193771943.00 ns, 19.0421 us/op
WorkloadActual  29: 10176 op, 190157375.00 ns, 18.6868 us/op
WorkloadActual  30: 10176 op, 189616760.00 ns, 18.6337 us/op
WorkloadActual  31: 10176 op, 189649906.00 ns, 18.6370 us/op
WorkloadActual  32: 10176 op, 189609124.00 ns, 18.6330 us/op
WorkloadActual  33: 10176 op, 193328348.00 ns, 18.9985 us/op
WorkloadActual  34: 10176 op, 262146412.00 ns, 25.7612 us/op
WorkloadActual  35: 10176 op, 190222826.00 ns, 18.6933 us/op
WorkloadActual  36: 10176 op, 189499305.00 ns, 18.6222 us/op
WorkloadActual  37: 10176 op, 189421449.00 ns, 18.6145 us/op
WorkloadActual  38: 10176 op, 189449921.00 ns, 18.6173 us/op
WorkloadActual  39: 10176 op, 189611399.00 ns, 18.6332 us/op
WorkloadActual  40: 10176 op, 189592275.00 ns, 18.6313 us/op
WorkloadActual  41: 10176 op, 189621529.00 ns, 18.6342 us/op
WorkloadActual  42: 10176 op, 192530808.00 ns, 18.9201 us/op
WorkloadActual  43: 10176 op, 190411538.00 ns, 18.7118 us/op
WorkloadActual  44: 10176 op, 190423105.00 ns, 18.7130 us/op
WorkloadActual  45: 10176 op, 189630134.00 ns, 18.6350 us/op
WorkloadActual  46: 10176 op, 189707936.00 ns, 18.6427 us/op
WorkloadActual  47: 10176 op, 189477760.00 ns, 18.6201 us/op
WorkloadActual  48: 10176 op, 191730532.00 ns, 18.8414 us/op
WorkloadActual  49: 10176 op, 189664146.00 ns, 18.6384 us/op
WorkloadActual  50: 10176 op, 189677192.00 ns, 18.6397 us/op
WorkloadActual  51: 10176 op, 189511653.00 ns, 18.6234 us/op
WorkloadActual  52: 10176 op, 205645270.00 ns, 20.2089 us/op
WorkloadActual  53: 10176 op, 192205728.00 ns, 18.8881 us/op
WorkloadActual  54: 10176 op, 189464664.00 ns, 18.6188 us/op
WorkloadActual  55: 10176 op, 189782984.00 ns, 18.6501 us/op
WorkloadActual  56: 10176 op, 195428991.00 ns, 19.2049 us/op
WorkloadActual  57: 10176 op, 189468010.00 ns, 18.6191 us/op
WorkloadActual  58: 10176 op, 189450087.00 ns, 18.6173 us/op
WorkloadActual  59: 10176 op, 189409833.00 ns, 18.6134 us/op
WorkloadActual  60: 10176 op, 189461351.00 ns, 18.6185 us/op
WorkloadActual  61: 10176 op, 189650308.00 ns, 18.6370 us/op
WorkloadActual  62: 10176 op, 189710157.00 ns, 18.6429 us/op
WorkloadActual  63: 10176 op, 190183328.00 ns, 18.6894 us/op
WorkloadActual  64: 10176 op, 197957181.00 ns, 19.4533 us/op
WorkloadActual  65: 10176 op, 189496289.00 ns, 18.6219 us/op
WorkloadActual  66: 10176 op, 189351787.00 ns, 18.6077 us/op
WorkloadActual  67: 10176 op, 189461960.00 ns, 18.6185 us/op
WorkloadActual  68: 10176 op, 189574095.00 ns, 18.6295 us/op
WorkloadActual  69: 10176 op, 189754965.00 ns, 18.6473 us/op
WorkloadActual  70: 10176 op, 189710209.00 ns, 18.6429 us/op
WorkloadActual  71: 10176 op, 189650659.00 ns, 18.6371 us/op
WorkloadActual  72: 10176 op, 191775462.00 ns, 18.8459 us/op
WorkloadActual  73: 10176 op, 189535334.00 ns, 18.6257 us/op
WorkloadActual  74: 10176 op, 189537790.00 ns, 18.6260 us/op
WorkloadActual  75: 10176 op, 189580784.00 ns, 18.6302 us/op
WorkloadActual  76: 10176 op, 189854872.00 ns, 18.6571 us/op
WorkloadActual  77: 10176 op, 189791495.00 ns, 18.6509 us/op
WorkloadActual  78: 10176 op, 195155733.00 ns, 19.1780 us/op
WorkloadActual  79: 10176 op, 206214811.00 ns, 20.2648 us/op
WorkloadActual  80: 10176 op, 192954452.00 ns, 18.9617 us/op
WorkloadActual  81: 10176 op, 189593543.00 ns, 18.6314 us/op
WorkloadActual  82: 10176 op, 189631908.00 ns, 18.6352 us/op
WorkloadActual  83: 10176 op, 189702206.00 ns, 18.6421 us/op
WorkloadActual  84: 10176 op, 189730820.00 ns, 18.6449 us/op
WorkloadActual  85: 10176 op, 189484802.00 ns, 18.6208 us/op
WorkloadActual  86: 10176 op, 189666524.00 ns, 18.6386 us/op
WorkloadActual  87: 10176 op, 189605160.00 ns, 18.6326 us/op
WorkloadActual  88: 10176 op, 189761279.00 ns, 18.6479 us/op
WorkloadActual  89: 10176 op, 189618904.00 ns, 18.6339 us/op
WorkloadActual  90: 10176 op, 189527000.00 ns, 18.6249 us/op
WorkloadActual  91: 10176 op, 191838989.00 ns, 18.8521 us/op
WorkloadActual  92: 10176 op, 189698155.00 ns, 18.6417 us/op
WorkloadActual  93: 10176 op, 189628290.00 ns, 18.6349 us/op
WorkloadActual  94: 10176 op, 189582638.00 ns, 18.6304 us/op
WorkloadActual  95: 10176 op, 189433341.00 ns, 18.6157 us/op
WorkloadActual  96: 10176 op, 189476663.00 ns, 18.6200 us/op
WorkloadActual  97: 10176 op, 191625683.00 ns, 18.8311 us/op
WorkloadActual  98: 10176 op, 189418455.00 ns, 18.6142 us/op
WorkloadActual  99: 10176 op, 189505405.00 ns, 18.6228 us/op
WorkloadActual  100: 10176 op, 189595139.00 ns, 18.6316 us/op

// AfterActualRun
WorkloadResult   1: 10176 op, 317816281.00 ns, 31.2319 us/op
WorkloadResult   2: 10176 op, 309942153.00 ns, 30.4582 us/op
WorkloadResult   3: 10176 op, 308888248.00 ns, 30.3546 us/op
WorkloadResult   4: 10176 op, 379960114.00 ns, 37.3388 us/op
WorkloadResult   5: 10176 op, 191077438.00 ns, 18.7773 us/op
WorkloadResult   6: 10176 op, 190259229.00 ns, 18.6969 us/op
WorkloadResult   7: 10176 op, 193308872.00 ns, 18.9965 us/op
WorkloadResult   8: 10176 op, 190335022.00 ns, 18.7043 us/op
WorkloadResult   9: 10176 op, 191268368.00 ns, 18.7960 us/op
WorkloadResult  10: 10176 op, 190589450.00 ns, 18.7293 us/op
WorkloadResult  11: 10176 op, 189459381.00 ns, 18.6183 us/op
WorkloadResult  12: 10176 op, 197959973.00 ns, 19.4536 us/op
WorkloadResult  13: 10176 op, 191452892.00 ns, 18.8142 us/op
WorkloadResult  14: 10176 op, 189518458.00 ns, 18.6241 us/op
WorkloadResult  15: 10176 op, 189500228.00 ns, 18.6223 us/op
WorkloadResult  16: 10176 op, 189422120.00 ns, 18.6146 us/op
WorkloadResult  17: 10176 op, 190153424.00 ns, 18.6865 us/op
WorkloadResult  18: 10176 op, 191719281.00 ns, 18.8403 us/op
WorkloadResult  19: 10176 op, 227033628.00 ns, 22.3107 us/op
WorkloadResult  20: 10176 op, 189709675.00 ns, 18.6429 us/op
WorkloadResult  21: 10176 op, 189510485.00 ns, 18.6233 us/op
WorkloadResult  22: 10176 op, 190150382.00 ns, 18.6862 us/op
WorkloadResult  23: 10176 op, 189628048.00 ns, 18.6348 us/op
WorkloadResult  24: 10176 op, 189572900.00 ns, 18.6294 us/op
WorkloadResult  25: 10176 op, 204368677.00 ns, 20.0834 us/op
WorkloadResult  26: 10176 op, 195176404.00 ns, 19.1801 us/op
WorkloadResult  27: 10176 op, 193362062.00 ns, 19.0018 us/op
WorkloadResult  28: 10176 op, 193729669.00 ns, 19.0379 us/op
WorkloadResult  29: 10176 op, 190115101.00 ns, 18.6827 us/op
WorkloadResult  30: 10176 op, 189574486.00 ns, 18.6296 us/op
WorkloadResult  31: 10176 op, 189607632.00 ns, 18.6328 us/op
WorkloadResult  32: 10176 op, 189566850.00 ns, 18.6288 us/op
WorkloadResult  33: 10176 op, 193286074.00 ns, 18.9943 us/op
WorkloadResult  34: 10176 op, 262104138.00 ns, 25.7571 us/op
WorkloadResult  35: 10176 op, 190180552.00 ns, 18.6891 us/op
WorkloadResult  36: 10176 op, 189457031.00 ns, 18.6180 us/op
WorkloadResult  37: 10176 op, 189379175.00 ns, 18.6104 us/op
WorkloadResult  38: 10176 op, 189407647.00 ns, 18.6132 us/op
WorkloadResult  39: 10176 op, 189569125.00 ns, 18.6290 us/op
WorkloadResult  40: 10176 op, 189550001.00 ns, 18.6272 us/op
WorkloadResult  41: 10176 op, 189579255.00 ns, 18.6300 us/op
WorkloadResult  42: 10176 op, 192488534.00 ns, 18.9159 us/op
WorkloadResult  43: 10176 op, 190369264.00 ns, 18.7077 us/op
WorkloadResult  44: 10176 op, 190380831.00 ns, 18.7088 us/op
WorkloadResult  45: 10176 op, 189587860.00 ns, 18.6309 us/op
WorkloadResult  46: 10176 op, 189665662.00 ns, 18.6385 us/op
WorkloadResult  47: 10176 op, 189435486.00 ns, 18.6159 us/op
WorkloadResult  48: 10176 op, 191688258.00 ns, 18.8373 us/op
WorkloadResult  49: 10176 op, 189621872.00 ns, 18.6342 us/op
WorkloadResult  50: 10176 op, 189634918.00 ns, 18.6355 us/op
WorkloadResult  51: 10176 op, 189469379.00 ns, 18.6192 us/op
WorkloadResult  52: 10176 op, 205602996.00 ns, 20.2047 us/op
WorkloadResult  53: 10176 op, 192163454.00 ns, 18.8840 us/op
WorkloadResult  54: 10176 op, 189422390.00 ns, 18.6146 us/op
WorkloadResult  55: 10176 op, 189740710.00 ns, 18.6459 us/op
WorkloadResult  56: 10176 op, 195386717.00 ns, 19.2007 us/op
WorkloadResult  57: 10176 op, 189425736.00 ns, 18.6150 us/op
WorkloadResult  58: 10176 op, 189407813.00 ns, 18.6132 us/op
WorkloadResult  59: 10176 op, 189367559.00 ns, 18.6092 us/op
WorkloadResult  60: 10176 op, 189419077.00 ns, 18.6143 us/op
WorkloadResult  61: 10176 op, 189608034.00 ns, 18.6329 us/op
WorkloadResult  62: 10176 op, 189667883.00 ns, 18.6387 us/op
WorkloadResult  63: 10176 op, 190141054.00 ns, 18.6852 us/op
WorkloadResult  64: 10176 op, 197914907.00 ns, 19.4492 us/op
WorkloadResult  65: 10176 op, 189454015.00 ns, 18.6177 us/op
WorkloadResult  66: 10176 op, 189309513.00 ns, 18.6035 us/op
WorkloadResult  67: 10176 op, 189419686.00 ns, 18.6144 us/op
WorkloadResult  68: 10176 op, 189531821.00 ns, 18.6254 us/op
WorkloadResult  69: 10176 op, 189712691.00 ns, 18.6431 us/op
WorkloadResult  70: 10176 op, 189667935.00 ns, 18.6388 us/op
WorkloadResult  71: 10176 op, 189608385.00 ns, 18.6329 us/op
WorkloadResult  72: 10176 op, 191733188.00 ns, 18.8417 us/op
WorkloadResult  73: 10176 op, 189493060.00 ns, 18.6216 us/op
WorkloadResult  74: 10176 op, 189495516.00 ns, 18.6218 us/op
WorkloadResult  75: 10176 op, 189538510.00 ns, 18.6260 us/op
WorkloadResult  76: 10176 op, 189812598.00 ns, 18.6530 us/op
WorkloadResult  77: 10176 op, 189749221.00 ns, 18.6467 us/op
WorkloadResult  78: 10176 op, 195113459.00 ns, 19.1739 us/op
WorkloadResult  79: 10176 op, 206172537.00 ns, 20.2607 us/op
WorkloadResult  80: 10176 op, 192912178.00 ns, 18.9576 us/op
WorkloadResult  81: 10176 op, 189551269.00 ns, 18.6273 us/op
WorkloadResult  82: 10176 op, 189589634.00 ns, 18.6311 us/op
WorkloadResult  83: 10176 op, 189659932.00 ns, 18.6380 us/op
WorkloadResult  84: 10176 op, 189688546.00 ns, 18.6408 us/op
WorkloadResult  85: 10176 op, 189442528.00 ns, 18.6166 us/op
WorkloadResult  86: 10176 op, 189624250.00 ns, 18.6345 us/op
WorkloadResult  87: 10176 op, 189562886.00 ns, 18.6284 us/op
WorkloadResult  88: 10176 op, 189719005.00 ns, 18.6438 us/op
WorkloadResult  89: 10176 op, 189576630.00 ns, 18.6298 us/op
WorkloadResult  90: 10176 op, 189484726.00 ns, 18.6207 us/op
WorkloadResult  91: 10176 op, 191796715.00 ns, 18.8479 us/op
WorkloadResult  92: 10176 op, 189655881.00 ns, 18.6376 us/op
WorkloadResult  93: 10176 op, 189586016.00 ns, 18.6307 us/op
WorkloadResult  94: 10176 op, 189540364.00 ns, 18.6262 us/op
WorkloadResult  95: 10176 op, 189391067.00 ns, 18.6115 us/op
WorkloadResult  96: 10176 op, 189434389.00 ns, 18.6158 us/op
WorkloadResult  97: 10176 op, 191583409.00 ns, 18.8270 us/op
WorkloadResult  98: 10176 op, 189376181.00 ns, 18.6101 us/op
WorkloadResult  99: 10176 op, 189463131.00 ns, 18.6186 us/op
WorkloadResult  100: 10176 op, 189552865.00 ns, 18.6274 us/op

// AfterAll
// Benchmark Process 982823 has exited with code 0.

Mean = 19.410 μs, StdErr = 0.284 μs (1.46%), N = 100, StdDev = 2.843 μs
Min = 18.604 μs, Q1 = 18.624 μs, Median = 18.638 μs, Q3 = 18.830 μs, Max = 37.339 μs
IQR = 0.206 μs, LowerFence = 18.315 μs, UpperFence = 19.138 μs
ConfidenceInterval = [18.446 μs; 20.375 μs] (CI 99.9%), Margin = 0.964 μs (4.97% of Mean)
Skewness = 4.49, Kurtosis = 23.53, MValue = 2

// ** Remained 7 (70.0 %) benchmark(s) to run. Estimated finish 2026-05-17 13:40 (0h 5m from now) **
// **************************
// Benchmark: SmokeBenchByte.SpanJson_Deser: Energy(OutlierMode=DontRemove, Affinity=00000100, IterationTime=1s)
// *** Execute ***
// Launch: 1 / 1
// Execute: dotnet JsonBench-Energy-1.dll --anonymousPipes 121 122 --benchmarkName JsonBench.Benchmarks.SmokeBenchByte.SpanJson_Deser --job Energy --benchmarkId 3 in /home/test/json-energy-bench/JsonBench/bin/Release/net10.0/JsonBench-Energy-1/bin/Release/net10.0
// BeforeAnythingElse

// Benchmark Process Environment Information:
// BenchmarkDotNet v0.15.5-develop (2026-05-17)
// Runtime=.NET 10.0.7 (10.0.7, 10.0.726.21808), X64 RyuJIT x86-64-v3
// GC=Concurrent Workstation
// HardwareIntrinsics=AVX2+BMI1+BMI2+F16C+FMA+LZCNT+MOVBE,AVX,SSE3+SSSE3+SSE4.1+SSE4.2+POPCNT,X86Base+SSE+SSE2,AES+PCLMUL VectorSize=256
// Job: Energy(OutlierMode=DontRemove, Affinity=100, IterationTime=1s)

OverheadJitting  1: 1 op, 237400.00 ns, 237.4000 us/op
WorkloadJitting  1: 1 op, 77354039.00 ns, 77.3540 ms/op

WorkloadPilot    1: 4 op, 122262.00 ns, 30.5655 us/op
WorkloadPilot    2: 32717 op, 610405346.00 ns, 18.6571 us/op
WorkloadPilot    3: 53599 op, 1003995650.00 ns, 18.7316 us/op
WorkloadPilot    4: 53386 op, 1239788031.00 ns, 23.2231 us/op
WorkloadPilot    5: 43061 op, 1008233613.00 ns, 23.4141 us/op

WorkloadWarmup   1: 43061 op, 328499057.00 ns, 7.6287 us/op
WorkloadWarmup   2: 43061 op, 332959075.00 ns, 7.7323 us/op
WorkloadWarmup   3: 43061 op, 326780241.00 ns, 7.5888 us/op
WorkloadWarmup   4: 43061 op, 325498221.00 ns, 7.5590 us/op
WorkloadWarmup   5: 43061 op, 325047600.00 ns, 7.5485 us/op
WorkloadWarmup   6: 43061 op, 324746006.00 ns, 7.5415 us/op
WorkloadWarmup   7: 43061 op, 321135669.00 ns, 7.4577 us/op
WorkloadWarmup   8: 43061 op, 315695118.00 ns, 7.3313 us/op
WorkloadWarmup   9: 43061 op, 316003632.00 ns, 7.3385 us/op
WorkloadWarmup  10: 43061 op, 330928445.00 ns, 7.6851 us/op
WorkloadWarmup  11: 43061 op, 315897031.00 ns, 7.3360 us/op

// BeforeActualRun
WorkloadActual   1: 43061 op, 316147878.00 ns, 7.3419 us/op
WorkloadActual   2: 43061 op, 316860936.00 ns, 7.3584 us/op
WorkloadActual   3: 43061 op, 317260161.00 ns, 7.3677 us/op
WorkloadActual   4: 43061 op, 317219919.00 ns, 7.3668 us/op
WorkloadActual   5: 43061 op, 316881912.00 ns, 7.3589 us/op
WorkloadActual   6: 43061 op, 317228242.00 ns, 7.3670 us/op
WorkloadActual   7: 43061 op, 365951049.00 ns, 8.4984 us/op
WorkloadActual   8: 43061 op, 316934910.00 ns, 7.3601 us/op
WorkloadActual   9: 43061 op, 317002637.00 ns, 7.3617 us/op
WorkloadActual  10: 43061 op, 317246200.00 ns, 7.3674 us/op
WorkloadActual  11: 43061 op, 316962379.00 ns, 7.3608 us/op
WorkloadActual  12: 43061 op, 332493927.00 ns, 7.7215 us/op
WorkloadActual  13: 43061 op, 320605388.00 ns, 7.4454 us/op
WorkloadActual  14: 43061 op, 321797945.00 ns, 7.4731 us/op
WorkloadActual  15: 43061 op, 321489227.00 ns, 7.4659 us/op
WorkloadActual  16: 43061 op, 316030858.00 ns, 7.3391 us/op
WorkloadActual  17: 43061 op, 315624753.00 ns, 7.3297 us/op
WorkloadActual  18: 43061 op, 331777641.00 ns, 7.7048 us/op
WorkloadActual  19: 43061 op, 316000767.00 ns, 7.3384 us/op
WorkloadActual  20: 43061 op, 315630111.00 ns, 7.3298 us/op
WorkloadActual  21: 43061 op, 315982116.00 ns, 7.3380 us/op
WorkloadActual  22: 43061 op, 352348116.00 ns, 8.1825 us/op
WorkloadActual  23: 43061 op, 315587845.00 ns, 7.3289 us/op
WorkloadActual  24: 43061 op, 316057088.00 ns, 7.3398 us/op
WorkloadActual  25: 43061 op, 315943812.00 ns, 7.3371 us/op
WorkloadActual  26: 43061 op, 315698240.00 ns, 7.3314 us/op
WorkloadActual  27: 43061 op, 315951597.00 ns, 7.3373 us/op
WorkloadActual  28: 43061 op, 332240316.00 ns, 7.7156 us/op
WorkloadActual  29: 43061 op, 318064668.00 ns, 7.3864 us/op
WorkloadActual  30: 43061 op, 315695836.00 ns, 7.3314 us/op
WorkloadActual  31: 43061 op, 316502811.00 ns, 7.3501 us/op
WorkloadActual  32: 43061 op, 315736819.00 ns, 7.3323 us/op
WorkloadActual  33: 43061 op, 316010932.00 ns, 7.3387 us/op
WorkloadActual  34: 43061 op, 315913506.00 ns, 7.3364 us/op
WorkloadActual  35: 43061 op, 315541712.00 ns, 7.3278 us/op
WorkloadActual  36: 43061 op, 317973574.00 ns, 7.3843 us/op

// AfterActualRun
WorkloadResult   1: 43061 op, 316147878.00 ns, 7.3419 us/op
WorkloadResult   2: 43061 op, 316860936.00 ns, 7.3584 us/op
WorkloadResult   3: 43061 op, 317260161.00 ns, 7.3677 us/op
WorkloadResult   4: 43061 op, 317219919.00 ns, 7.3668 us/op
WorkloadResult   5: 43061 op, 316881912.00 ns, 7.3589 us/op
WorkloadResult   6: 43061 op, 317228242.00 ns, 7.3670 us/op
WorkloadResult   7: 43061 op, 365951049.00 ns, 8.4984 us/op
WorkloadResult   8: 43061 op, 316934910.00 ns, 7.3601 us/op
WorkloadResult   9: 43061 op, 317002637.00 ns, 7.3617 us/op
WorkloadResult  10: 43061 op, 317246200.00 ns, 7.3674 us/op
WorkloadResult  11: 43061 op, 316962379.00 ns, 7.3608 us/op
WorkloadResult  12: 43061 op, 332493927.00 ns, 7.7215 us/op
WorkloadResult  13: 43061 op, 320605388.00 ns, 7.4454 us/op
WorkloadResult  14: 43061 op, 321797945.00 ns, 7.4731 us/op
WorkloadResult  15: 43061 op, 321489227.00 ns, 7.4659 us/op
WorkloadResult  16: 43061 op, 316030858.00 ns, 7.3391 us/op
WorkloadResult  17: 43061 op, 315624753.00 ns, 7.3297 us/op
WorkloadResult  18: 43061 op, 331777641.00 ns, 7.7048 us/op
WorkloadResult  19: 43061 op, 316000767.00 ns, 7.3384 us/op
WorkloadResult  20: 43061 op, 315630111.00 ns, 7.3298 us/op
WorkloadResult  21: 43061 op, 315982116.00 ns, 7.3380 us/op
WorkloadResult  22: 43061 op, 352348116.00 ns, 8.1825 us/op
WorkloadResult  23: 43061 op, 315587845.00 ns, 7.3289 us/op
WorkloadResult  24: 43061 op, 316057088.00 ns, 7.3398 us/op
WorkloadResult  25: 43061 op, 315943812.00 ns, 7.3371 us/op
WorkloadResult  26: 43061 op, 315698240.00 ns, 7.3314 us/op
WorkloadResult  27: 43061 op, 315951597.00 ns, 7.3373 us/op
WorkloadResult  28: 43061 op, 332240316.00 ns, 7.7156 us/op
WorkloadResult  29: 43061 op, 318064668.00 ns, 7.3864 us/op
WorkloadResult  30: 43061 op, 315695836.00 ns, 7.3314 us/op
WorkloadResult  31: 43061 op, 316502811.00 ns, 7.3501 us/op
WorkloadResult  32: 43061 op, 315736819.00 ns, 7.3323 us/op
WorkloadResult  33: 43061 op, 316010932.00 ns, 7.3387 us/op
WorkloadResult  34: 43061 op, 315913506.00 ns, 7.3364 us/op
WorkloadResult  35: 43061 op, 315541712.00 ns, 7.3278 us/op
WorkloadResult  36: 43061 op, 317973574.00 ns, 7.3843 us/op

// AfterAll
// Benchmark Process 983235 has exited with code 0.

Mean = 7.443 μs, StdErr = 0.041 μs (0.55%), N = 36, StdDev = 0.247 μs
Min = 7.328 μs, Q1 = 7.337 μs, Median = 7.359 μs, Q3 = 7.385 μs, Max = 8.498 μs
IQR = 0.048 μs, LowerFence = 7.266 μs, UpperFence = 7.456 μs
ConfidenceInterval = [7.295 μs; 7.591 μs] (CI 99.9%), Margin = 0.148 μs (1.99% of Mean)
Skewness = 2.96, Kurtosis = 11.54, MValue = 2

// ** Remained 6 (60.0 %) benchmark(s) to run. Estimated finish 2026-05-17 13:40 (0h 4m from now) **
// **************************
// Benchmark: SmokeBenchByte.Utf8Json_Deser: Energy(OutlierMode=DontRemove, Affinity=00000100, IterationTime=1s)
// *** Execute ***
// Launch: 1 / 1
// Execute: dotnet JsonBench-Energy-1.dll --anonymousPipes 123 124 --benchmarkName JsonBench.Benchmarks.SmokeBenchByte.Utf8Json_Deser --job Energy --benchmarkId 4 in /home/test/json-energy-bench/JsonBench/bin/Release/net10.0/JsonBench-Energy-1/bin/Release/net10.0
// BeforeAnythingElse

// Benchmark Process Environment Information:
// BenchmarkDotNet v0.15.5-develop (2026-05-17)
// Runtime=.NET 10.0.7 (10.0.7, 10.0.726.21808), X64 RyuJIT x86-64-v3
// GC=Concurrent Workstation
// HardwareIntrinsics=AVX2+BMI1+BMI2+F16C+FMA+LZCNT+MOVBE,AVX,SSE3+SSSE3+SSE4.1+SSE4.2+POPCNT,X86Base+SSE+SSE2,AES+PCLMUL VectorSize=256
// Job: Energy(OutlierMode=DontRemove, Affinity=100, IterationTime=1s)

OverheadJitting  1: 1 op, 239720.00 ns, 239.7200 us/op
WorkloadJitting  1: 1 op, 87590230.00 ns, 87.5902 ms/op

WorkloadPilot    1: 4 op, 286813.00 ns, 71.7033 us/op
WorkloadPilot    2: 13946 op, 697005088.00 ns, 49.9789 us/op
WorkloadPilot    3: 20008 op, 991357117.00 ns, 49.5480 us/op
WorkloadPilot    4: 20182 op, 1150635568.00 ns, 57.0130 us/op
WorkloadPilot    5: 17540 op, 1020797447.00 ns, 58.1983 us/op
WorkloadPilot    6: 17183 op, 216357349.00 ns, 12.5914 us/op
WorkloadPilot    7: 79420 op, 882804752.00 ns, 11.1156 us/op
WorkloadPilot    8: 89963 op, 986096967.00 ns, 10.9611 us/op
WorkloadPilot    9: 91231 op, 980394469.00 ns, 10.7463 us/op
WorkloadPilot   10: 93055 op, 996720678.00 ns, 10.7111 us/op
WorkloadPilot   11: 93361 op, 1004709896.00 ns, 10.7616 us/op

WorkloadWarmup   1: 93361 op, 997752198.00 ns, 10.6870 us/op
WorkloadWarmup   2: 93361 op, 1011944956.00 ns, 10.8391 us/op
WorkloadWarmup   3: 93361 op, 1027932603.00 ns, 11.0103 us/op
WorkloadWarmup   4: 93361 op, 1004182921.00 ns, 10.7559 us/op
WorkloadWarmup   5: 93361 op, 1005535178.00 ns, 10.7704 us/op
WorkloadWarmup   6: 93361 op, 1005555926.00 ns, 10.7706 us/op
WorkloadWarmup   7: 93361 op, 1006143193.00 ns, 10.7769 us/op
WorkloadWarmup   8: 93361 op, 1045214745.00 ns, 11.1954 us/op
WorkloadWarmup   9: 93361 op, 1006141022.00 ns, 10.7769 us/op

// BeforeActualRun
WorkloadActual   1: 93361 op, 1000266886.00 ns, 10.7140 us/op
WorkloadActual   2: 93361 op, 1003346344.00 ns, 10.7470 us/op
WorkloadActual   3: 93361 op, 1005557939.00 ns, 10.7706 us/op
WorkloadActual   4: 93361 op, 1036230360.00 ns, 11.0992 us/op
WorkloadActual   5: 93361 op, 1005015825.00 ns, 10.7648 us/op
WorkloadActual   6: 93361 op, 1002473227.00 ns, 10.7376 us/op
WorkloadActual   7: 93361 op, 1003599685.00 ns, 10.7497 us/op
WorkloadActual   8: 93361 op, 1002035640.00 ns, 10.7329 us/op
WorkloadActual   9: 93361 op, 1018925975.00 ns, 10.9138 us/op
WorkloadActual  10: 93361 op, 1006586361.00 ns, 10.7817 us/op
WorkloadActual  11: 93361 op, 1013772151.00 ns, 10.8586 us/op
WorkloadActual  12: 93361 op, 1005937660.00 ns, 10.7747 us/op
WorkloadActual  13: 93361 op, 1002105241.00 ns, 10.7337 us/op
WorkloadActual  14: 93361 op, 1069880553.00 ns, 11.4596 us/op
WorkloadActual  15: 93361 op, 1002416566.00 ns, 10.7370 us/op

// AfterActualRun
WorkloadResult   1: 93361 op, 1000266886.00 ns, 10.7140 us/op
WorkloadResult   2: 93361 op, 1003346344.00 ns, 10.7470 us/op
WorkloadResult   3: 93361 op, 1005557939.00 ns, 10.7706 us/op
WorkloadResult   4: 93361 op, 1036230360.00 ns, 11.0992 us/op
WorkloadResult   5: 93361 op, 1005015825.00 ns, 10.7648 us/op
WorkloadResult   6: 93361 op, 1002473227.00 ns, 10.7376 us/op
WorkloadResult   7: 93361 op, 1003599685.00 ns, 10.7497 us/op
WorkloadResult   8: 93361 op, 1002035640.00 ns, 10.7329 us/op
WorkloadResult   9: 93361 op, 1018925975.00 ns, 10.9138 us/op
WorkloadResult  10: 93361 op, 1006586361.00 ns, 10.7817 us/op
WorkloadResult  11: 93361 op, 1013772151.00 ns, 10.8586 us/op
WorkloadResult  12: 93361 op, 1005937660.00 ns, 10.7747 us/op
WorkloadResult  13: 93361 op, 1002105241.00 ns, 10.7337 us/op
WorkloadResult  14: 93361 op, 1069880553.00 ns, 11.4596 us/op
WorkloadResult  15: 93361 op, 1002416566.00 ns, 10.7370 us/op

// AfterAll
// Benchmark Process 983631 has exited with code 0.

Mean = 10.838 μs, StdErr = 0.051 μs (0.47%), N = 15, StdDev = 0.198 μs
Min = 10.714 μs, Q1 = 10.737 μs, Median = 10.765 μs, Q3 = 10.820 μs, Max = 11.460 μs
IQR = 0.083 μs, LowerFence = 10.613 μs, UpperFence = 10.944 μs
ConfidenceInterval = [10.626 μs; 11.051 μs] (CI 99.9%), Margin = 0.212 μs (1.96% of Mean)
Skewness = 2.12, Kurtosis = 6.64, MValue = 2

// ** Remained 5 (50.0 %) benchmark(s) to run. Estimated finish 2026-05-17 13:40 (0h 3m from now) **
// **************************
// Benchmark: SmokeBenchByte.STJRefGen_Ser: Energy(OutlierMode=DontRemove, Affinity=00000100, IterationTime=1s)
// *** Execute ***
// Launch: 1 / 1
// Execute: dotnet JsonBench-Energy-1.dll --anonymousPipes 123 124 --benchmarkName JsonBench.Benchmarks.SmokeBenchByte.STJRefGen_Ser --job Energy --benchmarkId 5 in /home/test/json-energy-bench/JsonBench/bin/Release/net10.0/JsonBench-Energy-1/bin/Release/net10.0
// BeforeAnythingElse

// Benchmark Process Environment Information:
// BenchmarkDotNet v0.15.5-develop (2026-05-17)
// Runtime=.NET 10.0.7 (10.0.7, 10.0.726.21808), X64 RyuJIT x86-64-v3
// GC=Concurrent Workstation
// HardwareIntrinsics=AVX2+BMI1+BMI2+F16C+FMA+LZCNT+MOVBE,AVX,SSE3+SSSE3+SSE4.1+SSE4.2+POPCNT,X86Base+SSE+SSE2,AES+PCLMUL VectorSize=256
// Job: Energy(OutlierMode=DontRemove, Affinity=100, IterationTime=1s)

OverheadJitting  1: 1 op, 235885.00 ns, 235.8850 us/op
WorkloadJitting  1: 1 op, 3774197.00 ns, 3.7742 ms/op

OverheadJitting  2: 16 op, 623542.00 ns, 38.9714 us/op
WorkloadJitting  2: 16 op, 973806.00 ns, 60.8629 us/op

WorkloadPilot    1: 16 op, 298613.00 ns, 18.6633 us/op
WorkloadPilot    2: 53584 op, 817849485.00 ns, 15.2629 us/op
WorkloadPilot    3: 65520 op, 1019908003.00 ns, 15.5664 us/op
WorkloadPilot    4: 64256 op, 1649172666.00 ns, 25.6657 us/op
WorkloadPilot    5: 38976 op, 649877081.00 ns, 16.6738 us/op
WorkloadPilot    6: 59984 op, 297408625.00 ns, 4.9581 us/op
WorkloadPilot    7: 201696 op, 1000097409.00 ns, 4.9584 us/op

OverheadWarmup   1: 201696 op, 838294.00 ns, 4.1562 ns/op
OverheadWarmup   2: 201696 op, 832921.00 ns, 4.1296 ns/op
OverheadWarmup   3: 201696 op, 840389.00 ns, 4.1666 ns/op
OverheadWarmup   4: 201696 op, 832957.00 ns, 4.1298 ns/op
OverheadWarmup   5: 201696 op, 835948.00 ns, 4.1446 ns/op
OverheadWarmup   6: 201696 op, 835694.00 ns, 4.1433 ns/op

OverheadActual   1: 201696 op, 835088.00 ns, 4.1403 ns/op
OverheadActual   2: 201696 op, 841489.00 ns, 4.1721 ns/op
OverheadActual   3: 201696 op, 842699.00 ns, 4.1781 ns/op
OverheadActual   4: 201696 op, 841193.00 ns, 4.1706 ns/op
OverheadActual   5: 201696 op, 840177.00 ns, 4.1656 ns/op
OverheadActual   6: 201696 op, 833634.00 ns, 4.1331 ns/op
OverheadActual   7: 201696 op, 841856.00 ns, 4.1739 ns/op
OverheadActual   8: 201696 op, 839096.00 ns, 4.1602 ns/op
OverheadActual   9: 201696 op, 840744.00 ns, 4.1684 ns/op
OverheadActual  10: 201696 op, 841956.00 ns, 4.1744 ns/op
OverheadActual  11: 201696 op, 830948.00 ns, 4.1198 ns/op
OverheadActual  12: 201696 op, 841300.00 ns, 4.1711 ns/op
OverheadActual  13: 201696 op, 833856.00 ns, 4.1342 ns/op
OverheadActual  14: 201696 op, 836307.00 ns, 4.1464 ns/op
OverheadActual  15: 201696 op, 843916.00 ns, 4.1841 ns/op

WorkloadWarmup   1: 201696 op, 988717797.00 ns, 4.9020 us/op
WorkloadWarmup   2: 201696 op, 984374293.00 ns, 4.8805 us/op
WorkloadWarmup   3: 201696 op, 1009392671.00 ns, 5.0045 us/op
WorkloadWarmup   4: 201696 op, 970146521.00 ns, 4.8099 us/op
WorkloadWarmup   5: 201696 op, 986355526.00 ns, 4.8903 us/op
WorkloadWarmup   6: 201696 op, 986988188.00 ns, 4.8934 us/op
WorkloadWarmup   7: 201696 op, 981062299.00 ns, 4.8641 us/op

// BeforeActualRun
WorkloadActual   1: 201696 op, 972487628.00 ns, 4.8216 us/op
WorkloadActual   2: 201696 op, 974936109.00 ns, 4.8337 us/op
WorkloadActual   3: 201696 op, 981236458.00 ns, 4.8649 us/op
WorkloadActual   4: 201696 op, 973539111.00 ns, 4.8268 us/op
WorkloadActual   5: 201696 op, 991093880.00 ns, 4.9138 us/op
WorkloadActual   6: 201696 op, 973844347.00 ns, 4.8283 us/op
WorkloadActual   7: 201696 op, 970316783.00 ns, 4.8108 us/op
WorkloadActual   8: 201696 op, 970370283.00 ns, 4.8111 us/op
WorkloadActual   9: 201696 op, 970975272.00 ns, 4.8141 us/op
WorkloadActual  10: 201696 op, 990557185.00 ns, 4.9111 us/op
WorkloadActual  11: 201696 op, 1006086774.00 ns, 4.9881 us/op
WorkloadActual  12: 201696 op, 970247589.00 ns, 4.8104 us/op
WorkloadActual  13: 201696 op, 970716013.00 ns, 4.8128 us/op
WorkloadActual  14: 201696 op, 970059362.00 ns, 4.8095 us/op
WorkloadActual  15: 201696 op, 987698454.00 ns, 4.8970 us/op

// AfterActualRun
WorkloadResult   1: 201696 op, 971646884.00 ns, 4.8174 us/op
WorkloadResult   2: 201696 op, 974095365.00 ns, 4.8295 us/op
WorkloadResult   3: 201696 op, 980395714.00 ns, 4.8608 us/op
WorkloadResult   4: 201696 op, 972698367.00 ns, 4.8226 us/op
WorkloadResult   5: 201696 op, 990253136.00 ns, 4.9096 us/op
WorkloadResult   6: 201696 op, 973003603.00 ns, 4.8241 us/op
WorkloadResult   7: 201696 op, 969476039.00 ns, 4.8066 us/op
WorkloadResult   8: 201696 op, 969529539.00 ns, 4.8069 us/op
WorkloadResult   9: 201696 op, 970134528.00 ns, 4.8099 us/op
WorkloadResult  10: 201696 op, 989716441.00 ns, 4.9070 us/op
WorkloadResult  11: 201696 op, 1005246030.00 ns, 4.9840 us/op
WorkloadResult  12: 201696 op, 969406845.00 ns, 4.8063 us/op
WorkloadResult  13: 201696 op, 969875269.00 ns, 4.8086 us/op
WorkloadResult  14: 201696 op, 969218618.00 ns, 4.8053 us/op
WorkloadResult  15: 201696 op, 986857710.00 ns, 4.8928 us/op

// AfterAll
// Benchmark Process 984034 has exited with code 0.

Mean = 4.846 μs, StdErr = 0.014 μs (0.29%), N = 15, StdDev = 0.054 μs
Min = 4.805 μs, Q1 = 4.808 μs, Median = 4.823 μs, Q3 = 4.877 μs, Max = 4.984 μs
IQR = 0.069 μs, LowerFence = 4.704 μs, UpperFence = 4.980 μs
ConfidenceInterval = [4.789 μs; 4.903 μs] (CI 99.9%), Margin = 0.057 μs (1.18% of Mean)
Skewness = 1.21, Kurtosis = 3.3, MValue = 2

// ** Remained 4 (40.0 %) benchmark(s) to run. Estimated finish 2026-05-17 13:40 (0h 2m from now) **
// **************************
// Benchmark: SmokeBenchByte.STJSrcGen_Ser: Energy(OutlierMode=DontRemove, Affinity=00000100, IterationTime=1s)
// *** Execute ***
// Launch: 1 / 1
// Execute: dotnet JsonBench-Energy-1.dll --anonymousPipes 123 124 --benchmarkName JsonBench.Benchmarks.SmokeBenchByte.STJSrcGen_Ser --job Energy --benchmarkId 6 in /home/test/json-energy-bench/JsonBench/bin/Release/net10.0/JsonBench-Energy-1/bin/Release/net10.0
// BeforeAnythingElse

// Benchmark Process Environment Information:
// BenchmarkDotNet v0.15.5-develop (2026-05-17)
// Runtime=.NET 10.0.7 (10.0.7, 10.0.726.21808), X64 RyuJIT x86-64-v3
// GC=Concurrent Workstation
// HardwareIntrinsics=AVX2+BMI1+BMI2+F16C+FMA+LZCNT+MOVBE,AVX,SSE3+SSSE3+SSE4.1+SSE4.2+POPCNT,X86Base+SSE+SSE2,AES+PCLMUL VectorSize=256
// Job: Energy(OutlierMode=DontRemove, Affinity=100, IterationTime=1s)

OverheadJitting  1: 1 op, 237112.00 ns, 237.1120 us/op
WorkloadJitting  1: 1 op, 11881787.00 ns, 11.8818 ms/op

OverheadJitting  2: 16 op, 644354.00 ns, 40.2721 us/op
WorkloadJitting  2: 16 op, 900502.00 ns, 56.2814 us/op

WorkloadPilot    1: 16 op, 231396.00 ns, 14.4623 us/op
WorkloadPilot    2: 69152 op, 751380196.00 ns, 10.8656 us/op
WorkloadPilot    3: 92048 op, 1012497224.00 ns, 10.9997 us/op
WorkloadPilot    4: 90912 op, 1277850227.00 ns, 14.0559 us/op
WorkloadPilot    5: 71152 op, 273574867.00 ns, 3.8449 us/op
WorkloadPilot    6: 260096 op, 995626379.00 ns, 3.8279 us/op
WorkloadPilot    7: 261248 op, 1005437093.00 ns, 3.8486 us/op

OverheadWarmup   1: 261248 op, 1085916.00 ns, 4.1566 ns/op
OverheadWarmup   2: 261248 op, 1090254.00 ns, 4.1733 ns/op
OverheadWarmup   3: 261248 op, 1086215.00 ns, 4.1578 ns/op
OverheadWarmup   4: 261248 op, 1084698.00 ns, 4.1520 ns/op
OverheadWarmup   5: 261248 op, 1084592.00 ns, 4.1516 ns/op
OverheadWarmup   6: 261248 op, 1089186.00 ns, 4.1692 ns/op
OverheadWarmup   7: 261248 op, 1095407.00 ns, 4.1930 ns/op
OverheadWarmup   8: 261248 op, 1087673.00 ns, 4.1634 ns/op

OverheadActual   1: 261248 op, 1086477.00 ns, 4.1588 ns/op
OverheadActual   2: 261248 op, 1091355.00 ns, 4.1775 ns/op
OverheadActual   3: 261248 op, 1087484.00 ns, 4.1627 ns/op
OverheadActual   4: 261248 op, 1088289.00 ns, 4.1657 ns/op
OverheadActual   5: 261248 op, 1086302.00 ns, 4.1581 ns/op
OverheadActual   6: 261248 op, 1088475.00 ns, 4.1664 ns/op
OverheadActual   7: 261248 op, 1090540.00 ns, 4.1743 ns/op
OverheadActual   8: 261248 op, 1090769.00 ns, 4.1752 ns/op
OverheadActual   9: 261248 op, 1085135.00 ns, 4.1537 ns/op
OverheadActual  10: 261248 op, 1090243.00 ns, 4.1732 ns/op
OverheadActual  11: 261248 op, 1096213.00 ns, 4.1961 ns/op
OverheadActual  12: 261248 op, 1085923.00 ns, 4.1567 ns/op
OverheadActual  13: 261248 op, 1085489.00 ns, 4.1550 ns/op
OverheadActual  14: 261248 op, 1086335.00 ns, 4.1583 ns/op
OverheadActual  15: 261248 op, 1091438.00 ns, 4.1778 ns/op

WorkloadWarmup   1: 261248 op, 995445772.00 ns, 3.8103 us/op
WorkloadWarmup   2: 261248 op, 999242243.00 ns, 3.8249 us/op
WorkloadWarmup   3: 261248 op, 994819625.00 ns, 3.8080 us/op
WorkloadWarmup   4: 261248 op, 987429578.00 ns, 3.7797 us/op
WorkloadWarmup   5: 261248 op, 972235441.00 ns, 3.7215 us/op
WorkloadWarmup   6: 261248 op, 983279149.00 ns, 3.7638 us/op
WorkloadWarmup   7: 261248 op, 986111678.00 ns, 3.7746 us/op
WorkloadWarmup   8: 261248 op, 971858201.00 ns, 3.7201 us/op

// BeforeActualRun
WorkloadActual   1: 261248 op, 975714189.00 ns, 3.7348 us/op
WorkloadActual   2: 261248 op, 989889035.00 ns, 3.7891 us/op
WorkloadActual   3: 261248 op, 972125736.00 ns, 3.7211 us/op
WorkloadActual   4: 261248 op, 990978227.00 ns, 3.7932 us/op
WorkloadActual   5: 261248 op, 972636802.00 ns, 3.7230 us/op
WorkloadActual   6: 261248 op, 972873893.00 ns, 3.7239 us/op
WorkloadActual   7: 261248 op, 976359618.00 ns, 3.7373 us/op
WorkloadActual   8: 261248 op, 975548780.00 ns, 3.7342 us/op
WorkloadActual   9: 261248 op, 1021372406.00 ns, 3.9096 us/op
WorkloadActual  10: 261248 op, 981863292.00 ns, 3.7584 us/op
WorkloadActual  11: 261248 op, 976687015.00 ns, 3.7385 us/op
WorkloadActual  12: 261248 op, 975329833.00 ns, 3.7333 us/op
WorkloadActual  13: 261248 op, 976343534.00 ns, 3.7372 us/op
WorkloadActual  14: 261248 op, 989291618.00 ns, 3.7868 us/op
WorkloadActual  15: 261248 op, 975372604.00 ns, 3.7335 us/op

// AfterActualRun
WorkloadResult   1: 261248 op, 974625900.00 ns, 3.7307 us/op
WorkloadResult   2: 261248 op, 988800746.00 ns, 3.7849 us/op
WorkloadResult   3: 261248 op, 971037447.00 ns, 3.7169 us/op
WorkloadResult   4: 261248 op, 989889938.00 ns, 3.7891 us/op
WorkloadResult   5: 261248 op, 971548513.00 ns, 3.7189 us/op
WorkloadResult   6: 261248 op, 971785604.00 ns, 3.7198 us/op
WorkloadResult   7: 261248 op, 975271329.00 ns, 3.7331 us/op
WorkloadResult   8: 261248 op, 974460491.00 ns, 3.7300 us/op
WorkloadResult   9: 261248 op, 1020284117.00 ns, 3.9054 us/op
WorkloadResult  10: 261248 op, 980775003.00 ns, 3.7542 us/op
WorkloadResult  11: 261248 op, 975598726.00 ns, 3.7344 us/op
WorkloadResult  12: 261248 op, 974241544.00 ns, 3.7292 us/op
WorkloadResult  13: 261248 op, 975255245.00 ns, 3.7331 us/op
WorkloadResult  14: 261248 op, 988203329.00 ns, 3.7826 us/op
WorkloadResult  15: 261248 op, 974284315.00 ns, 3.7293 us/op

// AfterAll
// Benchmark Process 984432 has exited with code 0.

Mean = 3.753 μs, StdErr = 0.013 μs (0.34%), N = 15, StdDev = 0.049 μs
Min = 3.717 μs, Q1 = 3.729 μs, Median = 3.733 μs, Q3 = 3.768 μs, Max = 3.905 μs
IQR = 0.039 μs, LowerFence = 3.671 μs, UpperFence = 3.827 μs
ConfidenceInterval = [3.701 μs; 3.805 μs] (CI 99.9%), Margin = 0.052 μs (1.39% of Mean)
Skewness = 2, Kurtosis = 6.51, MValue = 2

// ** Remained 3 (30.0 %) benchmark(s) to run. Estimated finish 2026-05-17 13:40 (0h 2m from now) **
// **************************
// Benchmark: SmokeBenchByte.Newtonsoft_Ser: Energy(OutlierMode=DontRemove, Affinity=00000100, IterationTime=1s)
// *** Execute ***
// Launch: 1 / 1
// Execute: dotnet JsonBench-Energy-1.dll --anonymousPipes 123 124 --benchmarkName JsonBench.Benchmarks.SmokeBenchByte.Newtonsoft_Ser --job Energy --benchmarkId 7 in /home/test/json-energy-bench/JsonBench/bin/Release/net10.0/JsonBench-Energy-1/bin/Release/net10.0
// BeforeAnythingElse

// Benchmark Process Environment Information:
// BenchmarkDotNet v0.15.5-develop (2026-05-17)
// Runtime=.NET 10.0.7 (10.0.7, 10.0.726.21808), X64 RyuJIT x86-64-v3
// GC=Concurrent Workstation
// HardwareIntrinsics=AVX2+BMI1+BMI2+F16C+FMA+LZCNT+MOVBE,AVX,SSE3+SSSE3+SSE4.1+SSE4.2+POPCNT,X86Base+SSE+SSE2,AES+PCLMUL VectorSize=256
// Job: Energy(OutlierMode=DontRemove, Affinity=100, IterationTime=1s)

OverheadJitting  1: 1 op, 233102.00 ns, 233.1020 us/op
WorkloadJitting  1: 1 op, 59087184.00 ns, 59.0872 ms/op

OverheadJitting  2: 16 op, 634583.00 ns, 39.6614 us/op
WorkloadJitting  2: 16 op, 1818070.00 ns, 113.6294 us/op

WorkloadPilot    1: 16 op, 1039915.00 ns, 64.9947 us/op
WorkloadPilot    2: 15392 op, 834812797.00 ns, 54.2368 us/op
WorkloadPilot    3: 18448 op, 1087890690.00 ns, 58.9707 us/op
WorkloadPilot    4: 16960 op, 1532560558.00 ns, 90.3632 us/op
WorkloadPilot    5: 11072 op, 594560564.00 ns, 53.6995 us/op
WorkloadPilot    6: 18624 op, 231874698.00 ns, 12.4503 us/op
WorkloadPilot    7: 80320 op, 1006796093.00 ns, 12.5348 us/op

OverheadWarmup   1: 80320 op, 342860.00 ns, 4.2687 ns/op
OverheadWarmup   2: 80320 op, 337237.00 ns, 4.1987 ns/op
OverheadWarmup   3: 80320 op, 332878.00 ns, 4.1444 ns/op
OverheadWarmup   4: 80320 op, 332941.00 ns, 4.1452 ns/op
OverheadWarmup   5: 80320 op, 333006.00 ns, 4.1460 ns/op
OverheadWarmup   6: 80320 op, 333066.00 ns, 4.1467 ns/op
OverheadWarmup   7: 80320 op, 332738.00 ns, 4.1427 ns/op
OverheadWarmup   8: 80320 op, 332076.00 ns, 4.1344 ns/op
OverheadWarmup   9: 80320 op, 332841.00 ns, 4.1439 ns/op
OverheadWarmup  10: 80320 op, 336073.00 ns, 4.1842 ns/op

OverheadActual   1: 80320 op, 332945.00 ns, 4.1452 ns/op
OverheadActual   2: 80320 op, 345452.00 ns, 4.3009 ns/op
OverheadActual   3: 80320 op, 337740.00 ns, 4.2049 ns/op
OverheadActual   4: 80320 op, 333692.00 ns, 4.1545 ns/op
OverheadActual   5: 80320 op, 332884.00 ns, 4.1445 ns/op
OverheadActual   6: 80320 op, 332987.00 ns, 4.1458 ns/op
OverheadActual   7: 80320 op, 333504.00 ns, 4.1522 ns/op
OverheadActual   8: 80320 op, 333319.00 ns, 4.1499 ns/op
OverheadActual   9: 80320 op, 336547.00 ns, 4.1901 ns/op
OverheadActual  10: 80320 op, 334093.00 ns, 4.1595 ns/op
OverheadActual  11: 80320 op, 334161.00 ns, 4.1604 ns/op
OverheadActual  12: 80320 op, 337933.00 ns, 4.2073 ns/op
OverheadActual  13: 80320 op, 341128.00 ns, 4.2471 ns/op
OverheadActual  14: 80320 op, 333059.00 ns, 4.1467 ns/op
OverheadActual  15: 80320 op, 332647.00 ns, 4.1415 ns/op

WorkloadWarmup   1: 80320 op, 986945159.00 ns, 12.2877 us/op
WorkloadWarmup   2: 80320 op, 960114193.00 ns, 11.9536 us/op
WorkloadWarmup   3: 80320 op, 1024542175.00 ns, 12.7558 us/op
WorkloadWarmup   4: 80320 op, 955345965.00 ns, 11.8942 us/op
WorkloadWarmup   5: 80320 op, 955156345.00 ns, 11.8919 us/op
WorkloadWarmup   6: 80320 op, 956373515.00 ns, 11.9070 us/op
WorkloadWarmup   7: 80320 op, 993420292.00 ns, 12.3683 us/op
WorkloadWarmup   8: 80320 op, 956062500.00 ns, 11.9032 us/op

// BeforeActualRun
WorkloadActual   1: 80320 op, 957770603.00 ns, 11.9244 us/op
WorkloadActual   2: 80320 op, 968300193.00 ns, 12.0555 us/op
WorkloadActual   3: 80320 op, 968327758.00 ns, 12.0559 us/op
WorkloadActual   4: 80320 op, 985743643.00 ns, 12.2727 us/op
WorkloadActual   5: 80320 op, 960208609.00 ns, 11.9548 us/op
WorkloadActual   6: 80320 op, 960219731.00 ns, 11.9549 us/op
WorkloadActual   7: 80320 op, 960476040.00 ns, 11.9581 us/op
WorkloadActual   8: 80320 op, 960488135.00 ns, 11.9583 us/op
WorkloadActual   9: 80320 op, 998489174.00 ns, 12.4314 us/op
WorkloadActual  10: 80320 op, 997506817.00 ns, 12.4192 us/op
WorkloadActual  11: 80320 op, 960528037.00 ns, 11.9588 us/op
WorkloadActual  12: 80320 op, 960353876.00 ns, 11.9566 us/op
WorkloadActual  13: 80320 op, 960459464.00 ns, 11.9579 us/op
WorkloadActual  14: 80320 op, 960672924.00 ns, 11.9606 us/op
WorkloadActual  15: 80320 op, 987083629.00 ns, 12.2894 us/op

// AfterActualRun
WorkloadResult   1: 80320 op, 957436911.00 ns, 11.9203 us/op
WorkloadResult   2: 80320 op, 967966501.00 ns, 12.0514 us/op
WorkloadResult   3: 80320 op, 967994066.00 ns, 12.0517 us/op
WorkloadResult   4: 80320 op, 985409951.00 ns, 12.2686 us/op
WorkloadResult   5: 80320 op, 959874917.00 ns, 11.9506 us/op
WorkloadResult   6: 80320 op, 959886039.00 ns, 11.9508 us/op
WorkloadResult   7: 80320 op, 960142348.00 ns, 11.9540 us/op
WorkloadResult   8: 80320 op, 960154443.00 ns, 11.9541 us/op
WorkloadResult   9: 80320 op, 998155482.00 ns, 12.4272 us/op
WorkloadResult  10: 80320 op, 997173125.00 ns, 12.4150 us/op
WorkloadResult  11: 80320 op, 960194345.00 ns, 11.9546 us/op
WorkloadResult  12: 80320 op, 960020184.00 ns, 11.9524 us/op
WorkloadResult  13: 80320 op, 960125772.00 ns, 11.9538 us/op
WorkloadResult  14: 80320 op, 960339232.00 ns, 11.9564 us/op
WorkloadResult  15: 80320 op, 986749937.00 ns, 12.2852 us/op

// AfterAll
// Benchmark Process 984836 has exited with code 0.

Mean = 12.070 μs, StdErr = 0.047 μs (0.39%), N = 15, StdDev = 0.182 μs
Min = 11.920 μs, Q1 = 11.953 μs, Median = 11.955 μs, Q3 = 12.160 μs, Max = 12.427 μs
IQR = 0.207 μs, LowerFence = 11.643 μs, UpperFence = 12.471 μs
ConfidenceInterval = [11.875 μs; 12.264 μs] (CI 99.9%), Margin = 0.195 μs (1.61% of Mean)
Skewness = 0.98, Kurtosis = 2.2, MValue = 2

// ** Remained 2 (20.0 %) benchmark(s) to run. Estimated finish 2026-05-17 13:40 (0h 1m from now) **
// **************************
// Benchmark: SmokeBenchByte.SpanJson_Ser: Energy(OutlierMode=DontRemove, Affinity=00000100, IterationTime=1s)
// *** Execute ***
// Launch: 1 / 1
// Execute: dotnet JsonBench-Energy-1.dll --anonymousPipes 123 124 --benchmarkName JsonBench.Benchmarks.SmokeBenchByte.SpanJson_Ser --job Energy --benchmarkId 8 in /home/test/json-energy-bench/JsonBench/bin/Release/net10.0/JsonBench-Energy-1/bin/Release/net10.0
// BeforeAnythingElse

// Benchmark Process Environment Information:
// BenchmarkDotNet v0.15.5-develop (2026-05-17)
// Runtime=.NET 10.0.7 (10.0.7, 10.0.726.21808), X64 RyuJIT x86-64-v3
// GC=Concurrent Workstation
// HardwareIntrinsics=AVX2+BMI1+BMI2+F16C+FMA+LZCNT+MOVBE,AVX,SSE3+SSSE3+SSE4.1+SSE4.2+POPCNT,X86Base+SSE+SSE2,AES+PCLMUL VectorSize=256
// Job: Energy(OutlierMode=DontRemove, Affinity=100, IterationTime=1s)

OverheadJitting  1: 1 op, 236873.00 ns, 236.8730 us/op
WorkloadJitting  1: 1 op, 77753685.00 ns, 77.7537 ms/op

WorkloadPilot    1: 4 op, 202932.00 ns, 50.7330 us/op
WorkloadPilot    2: 19711 op, 560790097.00 ns, 28.4506 us/op
WorkloadPilot    3: 35149 op, 998481216.00 ns, 28.4071 us/op
WorkloadPilot    4: 35202 op, 434717918.00 ns, 12.3492 us/op
WorkloadPilot    5: 80977 op, 505005143.00 ns, 6.2364 us/op
WorkloadPilot    6: 160349 op, 1000447886.00 ns, 6.2392 us/op
WorkloadPilot    7: 160277 op, 1022745180.00 ns, 6.3811 us/op
WorkloadPilot    8: 156713 op, 962763504.00 ns, 6.1435 us/op
WorkloadPilot    9: 162774 op, 991807794.00 ns, 6.0932 us/op
WorkloadPilot   10: 164118 op, 1011129205.00 ns, 6.1610 us/op

WorkloadWarmup   1: 164118 op, 997354658.00 ns, 6.0771 us/op
WorkloadWarmup   2: 164118 op, 993378345.00 ns, 6.0528 us/op
WorkloadWarmup   3: 164118 op, 1009267306.00 ns, 6.1496 us/op
WorkloadWarmup   4: 164118 op, 1024616096.00 ns, 6.2432 us/op
WorkloadWarmup   5: 164118 op, 1005595705.00 ns, 6.1273 us/op
WorkloadWarmup   6: 164118 op, 1007564905.00 ns, 6.1393 us/op
WorkloadWarmup   7: 164118 op, 1005305589.00 ns, 6.1255 us/op

// BeforeActualRun
WorkloadActual   1: 164118 op, 1004905753.00 ns, 6.1231 us/op
WorkloadActual   2: 164118 op, 1032238242.00 ns, 6.2896 us/op
WorkloadActual   3: 164118 op, 1010455606.00 ns, 6.1569 us/op
WorkloadActual   4: 164118 op, 1056976498.00 ns, 6.4403 us/op
WorkloadActual   5: 164118 op, 1003683853.00 ns, 6.1156 us/op
WorkloadActual   6: 164118 op, 991202743.00 ns, 6.0396 us/op
WorkloadActual   7: 164118 op, 1018523307.00 ns, 6.2060 us/op
WorkloadActual   8: 164118 op, 1013396796.00 ns, 6.1748 us/op
WorkloadActual   9: 164118 op, 985354629.00 ns, 6.0039 us/op
WorkloadActual  10: 164118 op, 1000657600.00 ns, 6.0972 us/op
WorkloadActual  11: 164118 op, 993055357.00 ns, 6.0509 us/op
WorkloadActual  12: 164118 op, 1001047400.00 ns, 6.0996 us/op
WorkloadActual  13: 164118 op, 1009238658.00 ns, 6.1495 us/op
WorkloadActual  14: 164118 op, 1032254328.00 ns, 6.2897 us/op
WorkloadActual  15: 164118 op, 985064449.00 ns, 6.0022 us/op
WorkloadActual  16: 164118 op, 1002181981.00 ns, 6.1065 us/op

// AfterActualRun
WorkloadResult   1: 164118 op, 1004905753.00 ns, 6.1231 us/op
WorkloadResult   2: 164118 op, 1032238242.00 ns, 6.2896 us/op
WorkloadResult   3: 164118 op, 1010455606.00 ns, 6.1569 us/op
WorkloadResult   4: 164118 op, 1056976498.00 ns, 6.4403 us/op
WorkloadResult   5: 164118 op, 1003683853.00 ns, 6.1156 us/op
WorkloadResult   6: 164118 op, 991202743.00 ns, 6.0396 us/op
WorkloadResult   7: 164118 op, 1018523307.00 ns, 6.2060 us/op
WorkloadResult   8: 164118 op, 1013396796.00 ns, 6.1748 us/op
WorkloadResult   9: 164118 op, 985354629.00 ns, 6.0039 us/op
WorkloadResult  10: 164118 op, 1000657600.00 ns, 6.0972 us/op
WorkloadResult  11: 164118 op, 993055357.00 ns, 6.0509 us/op
WorkloadResult  12: 164118 op, 1001047400.00 ns, 6.0996 us/op
WorkloadResult  13: 164118 op, 1009238658.00 ns, 6.1495 us/op
WorkloadResult  14: 164118 op, 1032254328.00 ns, 6.2897 us/op
WorkloadResult  15: 164118 op, 985064449.00 ns, 6.0022 us/op
WorkloadResult  16: 164118 op, 1002181981.00 ns, 6.1065 us/op

// AfterAll
// Benchmark Process 985237 has exited with code 0.

Mean = 6.147 μs, StdErr = 0.029 μs (0.47%), N = 16, StdDev = 0.116 μs
Min = 6.002 μs, Q1 = 6.086 μs, Median = 6.119 μs, Q3 = 6.183 μs, Max = 6.440 μs
IQR = 0.097 μs, LowerFence = 5.940 μs, UpperFence = 6.328 μs
ConfidenceInterval = [6.029 μs; 6.265 μs] (CI 99.9%), Margin = 0.118 μs (1.92% of Mean)
Skewness = 0.93, Kurtosis = 3.26, MValue = 2

// ** Remained 1 (10.0 %) benchmark(s) to run. Estimated finish 2026-05-17 13:40 (0h 0m from now) **
// **************************
// Benchmark: SmokeBenchByte.Utf8Json_Ser: Energy(OutlierMode=DontRemove, Affinity=00000100, IterationTime=1s)
// *** Execute ***
// Launch: 1 / 1
// Execute: dotnet JsonBench-Energy-1.dll --anonymousPipes 123 124 --benchmarkName JsonBench.Benchmarks.SmokeBenchByte.Utf8Json_Ser --job Energy --benchmarkId 9 in /home/test/json-energy-bench/JsonBench/bin/Release/net10.0/JsonBench-Energy-1/bin/Release/net10.0
// BeforeAnythingElse

// Benchmark Process Environment Information:
// BenchmarkDotNet v0.15.5-develop (2026-05-17)
// Runtime=.NET 10.0.7 (10.0.7, 10.0.726.21808), X64 RyuJIT x86-64-v3
// GC=Concurrent Workstation
// HardwareIntrinsics=AVX2+BMI1+BMI2+F16C+FMA+LZCNT+MOVBE,AVX,SSE3+SSSE3+SSE4.1+SSE4.2+POPCNT,X86Base+SSE+SSE2,AES+PCLMUL VectorSize=256
// Job: Energy(OutlierMode=DontRemove, Affinity=100, IterationTime=1s)

OverheadJitting  1: 1 op, 239590.00 ns, 239.5900 us/op
WorkloadJitting  1: 1 op, 85463033.00 ns, 85.4630 ms/op

WorkloadPilot    1: 4 op, 166852.00 ns, 41.7130 us/op
WorkloadPilot    2: 23973 op, 822518929.00 ns, 34.3102 us/op
WorkloadPilot    3: 29146 op, 1005178665.00 ns, 34.4877 us/op
WorkloadPilot    4: 28996 op, 211085756.00 ns, 7.2798 us/op
WorkloadPilot    5: 137366 op, 938962634.00 ns, 6.8355 us/op
WorkloadPilot    6: 146295 op, 1007689350.00 ns, 6.8881 us/op
WorkloadPilot    7: 145179 op, 1006928282.00 ns, 6.9358 us/op

WorkloadWarmup   1: 145179 op, 989337631.00 ns, 6.8146 us/op
WorkloadWarmup   2: 145179 op, 986602362.00 ns, 6.7958 us/op
WorkloadWarmup   3: 145179 op, 987359938.00 ns, 6.8010 us/op
WorkloadWarmup   4: 145179 op, 994650928.00 ns, 6.8512 us/op
WorkloadWarmup   5: 145179 op, 991152237.00 ns, 6.8271 us/op
WorkloadWarmup   6: 145179 op, 980615223.00 ns, 6.7545 us/op
WorkloadWarmup   7: 145179 op, 997091259.00 ns, 6.8680 us/op
WorkloadWarmup   8: 145179 op, 983755570.00 ns, 6.7762 us/op

// BeforeActualRun
WorkloadActual   1: 145179 op, 983710214.00 ns, 6.7758 us/op
WorkloadActual   2: 145179 op, 983643705.00 ns, 6.7754 us/op
WorkloadActual   3: 145179 op, 982770169.00 ns, 6.7694 us/op
WorkloadActual   4: 145179 op, 1033579202.00 ns, 7.1193 us/op
WorkloadActual   5: 145179 op, 987373384.00 ns, 6.8011 us/op
WorkloadActual   6: 145179 op, 986112814.00 ns, 6.7924 us/op
WorkloadActual   7: 145179 op, 983476749.00 ns, 6.7742 us/op
WorkloadActual   8: 145179 op, 986772488.00 ns, 6.7969 us/op
WorkloadActual   9: 145179 op, 1005248466.00 ns, 6.9242 us/op
WorkloadActual  10: 145179 op, 987185475.00 ns, 6.7998 us/op
WorkloadActual  11: 145179 op, 978714348.00 ns, 6.7414 us/op
WorkloadActual  12: 145179 op, 986682743.00 ns, 6.7963 us/op
WorkloadActual  13: 145179 op, 979980626.00 ns, 6.7502 us/op
WorkloadActual  14: 145179 op, 981042875.00 ns, 6.7575 us/op
WorkloadActual  15: 145179 op, 991596942.00 ns, 6.8302 us/op

// AfterActualRun
WorkloadResult   1: 145179 op, 983710214.00 ns, 6.7758 us/op
WorkloadResult   2: 145179 op, 983643705.00 ns, 6.7754 us/op
WorkloadResult   3: 145179 op, 982770169.00 ns, 6.7694 us/op
WorkloadResult   4: 145179 op, 1033579202.00 ns, 7.1193 us/op
WorkloadResult   5: 145179 op, 987373384.00 ns, 6.8011 us/op
WorkloadResult   6: 145179 op, 986112814.00 ns, 6.7924 us/op
WorkloadResult   7: 145179 op, 983476749.00 ns, 6.7742 us/op
WorkloadResult   8: 145179 op, 986772488.00 ns, 6.7969 us/op
WorkloadResult   9: 145179 op, 1005248466.00 ns, 6.9242 us/op
WorkloadResult  10: 145179 op, 987185475.00 ns, 6.7998 us/op
WorkloadResult  11: 145179 op, 978714348.00 ns, 6.7414 us/op
WorkloadResult  12: 145179 op, 986682743.00 ns, 6.7963 us/op
WorkloadResult  13: 145179 op, 979980626.00 ns, 6.7502 us/op
WorkloadResult  14: 145179 op, 981042875.00 ns, 6.7575 us/op
WorkloadResult  15: 145179 op, 991596942.00 ns, 6.8302 us/op

// AfterAll
// Benchmark Process 985643 has exited with code 0.

Mean = 6.814 μs, StdErr = 0.025 μs (0.36%), N = 15, StdDev = 0.095 μs
Min = 6.741 μs, Q1 = 6.772 μs, Median = 6.792 μs, Q3 = 6.800 μs, Max = 7.119 μs
IQR = 0.029 μs, LowerFence = 6.729 μs, UpperFence = 6.843 μs
ConfidenceInterval = [6.712 μs; 6.915 μs] (CI 99.9%), Margin = 0.101 μs (1.49% of Mean)
Skewness = 2.25, Kurtosis = 7.35, MValue = 2

// ** Remained 0 (0.0 %) benchmark(s) to run. Estimated finish 2026-05-17 13:40 (0h 0m from now) **
// ***** BenchmarkRunner: Finish  *****

// * Export *
  BenchmarkArtifacts/results/JsonBench.Benchmarks.SmokeBenchByte-report.csv
  BenchmarkArtifacts/results/JsonBench.Benchmarks.SmokeBenchByte-report-github.md
  BenchmarkArtifacts/results/JsonBench.Benchmarks.SmokeBenchByte-report.html
  BenchmarkArtifacts/results/JsonBench.Benchmarks.SmokeBenchByte-measurements.csv

// * Detailed results *
SmokeBenchByte.SpanJson_Deser: Energy(OutlierMode=DontRemove, Affinity=00000100, IterationTime=1s)
Runtime = .NET 10.0.7 (10.0.7, 10.0.726.21808), X64 RyuJIT x86-64-v3; GC = Concurrent Workstation
Mean = 7.443 μs, StdErr = 0.041 μs (0.55%), N = 36, StdDev = 0.247 μs
Min = 7.328 μs, Q1 = 7.337 μs, Median = 7.359 μs, Q3 = 7.385 μs, Max = 8.498 μs
IQR = 0.048 μs, LowerFence = 7.266 μs, UpperFence = 7.456 μs
ConfidenceInterval = [7.295 μs; 7.591 μs] (CI 99.9%), Margin = 0.148 μs (1.99% of Mean)
Skewness = 2.96, Kurtosis = 11.54, MValue = 2
-------------------- Histogram --------------------
[7.302 μs ; 7.499 μs) | @@@@@@@@@@@@@@@@@@@@@@@@@@@@@@@
[7.499 μs ; 7.811 μs) | @@@
[7.811 μs ; 8.008 μs) | 
[8.008 μs ; 8.281 μs) | @
[8.281 μs ; 8.597 μs) | @
---------------------------------------------------

SmokeBenchByte.STJSrcGen_Deser: Energy(OutlierMode=DontRemove, Affinity=00000100, IterationTime=1s)
Runtime = .NET 10.0.7 (10.0.7, 10.0.726.21808), X64 RyuJIT x86-64-v3; GC = Concurrent Workstation
Mean = 9.886 μs, StdErr = 0.027 μs (0.27%), N = 15, StdDev = 0.104 μs
Min = 9.804 μs, Q1 = 9.825 μs, Median = 9.832 μs, Q3 = 9.929 μs, Max = 10.189 μs
IQR = 0.104 μs, LowerFence = 9.669 μs, UpperFence = 10.086 μs
ConfidenceInterval = [9.775 μs; 9.998 μs] (CI 99.9%), Margin = 0.111 μs (1.12% of Mean)
Skewness = 1.63, Kurtosis = 4.99, MValue = 2
-------------------- Histogram --------------------
[9.748 μs ;  9.953 μs) | @@@@@@@@@@@
[9.953 μs ; 10.244 μs) | @@@@
---------------------------------------------------

SmokeBenchByte.STJRefGen_Deser: Energy(OutlierMode=DontRemove, Affinity=00000100, IterationTime=1s)
Runtime = .NET 10.0.7 (10.0.7, 10.0.726.21808), X64 RyuJIT x86-64-v3; GC = Concurrent Workstation
Mean = 10.158 μs, StdErr = 0.031 μs (0.31%), N = 15, StdDev = 0.121 μs
Min = 10.090 μs, Q1 = 10.092 μs, Median = 10.096 μs, Q3 = 10.175 μs, Max = 10.494 μs
IQR = 0.083 μs, LowerFence = 9.967 μs, UpperFence = 10.300 μs
ConfidenceInterval = [10.029 μs; 10.287 μs] (CI 99.9%), Margin = 0.129 μs (1.27% of Mean)
Skewness = 1.57, Kurtosis = 4.34, MValue = 2
-------------------- Histogram --------------------
[10.026 μs ; 10.559 μs) | @@@@@@@@@@@@@@@
---------------------------------------------------

SmokeBenchByte.Utf8Json_Deser: Energy(OutlierMode=DontRemove, Affinity=00000100, IterationTime=1s)
Runtime = .NET 10.0.7 (10.0.7, 10.0.726.21808), X64 RyuJIT x86-64-v3; GC = Concurrent Workstation
Mean = 10.838 μs, StdErr = 0.051 μs (0.47%), N = 15, StdDev = 0.198 μs
Min = 10.714 μs, Q1 = 10.737 μs, Median = 10.765 μs, Q3 = 10.820 μs, Max = 11.460 μs
IQR = 0.083 μs, LowerFence = 10.613 μs, UpperFence = 10.944 μs
ConfidenceInterval = [10.626 μs; 11.051 μs] (CI 99.9%), Margin = 0.212 μs (1.96% of Mean)
Skewness = 2.12, Kurtosis = 6.64, MValue = 2
-------------------- Histogram --------------------
[10.706 μs ; 10.988 μs) | @@@@@@@@@@@@@
[10.988 μs ; 11.210 μs) | @
[11.210 μs ; 11.565 μs) | @
---------------------------------------------------

SmokeBenchByte.Newtonsoft_Deser: Energy(OutlierMode=DontRemove, Affinity=00000100, IterationTime=1s)
Runtime = .NET 10.0.7 (10.0.7, 10.0.726.21808), X64 RyuJIT x86-64-v3; GC = Concurrent Workstation
Mean = 19.410 μs, StdErr = 0.284 μs (1.46%), N = 100, StdDev = 2.843 μs
Min = 18.604 μs, Q1 = 18.624 μs, Median = 18.638 μs, Q3 = 18.830 μs, Max = 37.339 μs
IQR = 0.206 μs, LowerFence = 18.315 μs, UpperFence = 19.138 μs
ConfidenceInterval = [18.446 μs; 20.375 μs] (CI 99.9%), Margin = 0.964 μs (4.97% of Mean)
Skewness = 4.49, Kurtosis = 23.53, MValue = 2
-------------------- Histogram --------------------
[18.600 μs ; 20.208 μs) | @@@@@@@@@@@@@@@@@@@@@@@@@@@@@@@@@@@@@@@@@@@@@@@@@@@@@@@@@@@@@@@@@@@@@@@@@@@@@@@@@@@@@@@@@@@@@
[20.208 μs ; 21.507 μs) | @
[21.507 μs ; 23.115 μs) | @
[23.115 μs ; 24.953 μs) | 
[24.953 μs ; 26.561 μs) | @
[26.561 μs ; 28.169 μs) | 
[28.169 μs ; 29.989 μs) | 
[29.989 μs ; 31.597 μs) | @@@
[31.597 μs ; 33.205 μs) | 
[33.205 μs ; 34.813 μs) | 
[34.813 μs ; 36.535 μs) | 
[36.535 μs ; 38.143 μs) | @
---------------------------------------------------

SmokeBenchByte.STJSrcGen_Ser: Energy(OutlierMode=DontRemove, Affinity=00000100, IterationTime=1s)
Runtime = .NET 10.0.7 (10.0.7, 10.0.726.21808), X64 RyuJIT x86-64-v3; GC = Concurrent Workstation
Mean = 3.753 μs, StdErr = 0.013 μs (0.34%), N = 15, StdDev = 0.049 μs
Min = 3.717 μs, Q1 = 3.729 μs, Median = 3.733 μs, Q3 = 3.768 μs, Max = 3.905 μs
IQR = 0.039 μs, LowerFence = 3.671 μs, UpperFence = 3.827 μs
ConfidenceInterval = [3.701 μs; 3.805 μs] (CI 99.9%), Margin = 0.052 μs (1.39% of Mean)
Skewness = 2, Kurtosis = 6.51, MValue = 2
-------------------- Histogram --------------------
[3.698 μs ; 3.824 μs) | @@@@@@@@@@@@@@
[3.824 μs ; 3.931 μs) | @
---------------------------------------------------

SmokeBenchByte.STJRefGen_Ser: Energy(OutlierMode=DontRemove, Affinity=00000100, IterationTime=1s)
Runtime = .NET 10.0.7 (10.0.7, 10.0.726.21808), X64 RyuJIT x86-64-v3; GC = Concurrent Workstation
Mean = 4.846 μs, StdErr = 0.014 μs (0.29%), N = 15, StdDev = 0.054 μs
Min = 4.805 μs, Q1 = 4.808 μs, Median = 4.823 μs, Q3 = 4.877 μs, Max = 4.984 μs
IQR = 0.069 μs, LowerFence = 4.704 μs, UpperFence = 4.980 μs
ConfidenceInterval = [4.789 μs; 4.903 μs] (CI 99.9%), Margin = 0.057 μs (1.18% of Mean)
Skewness = 1.21, Kurtosis = 3.3, MValue = 2
-------------------- Histogram --------------------
[4.785 μs ; 5.013 μs) | @@@@@@@@@@@@@@@
---------------------------------------------------

SmokeBenchByte.SpanJson_Ser: Energy(OutlierMode=DontRemove, Affinity=00000100, IterationTime=1s)
Runtime = .NET 10.0.7 (10.0.7, 10.0.726.21808), X64 RyuJIT x86-64-v3; GC = Concurrent Workstation
Mean = 6.147 μs, StdErr = 0.029 μs (0.47%), N = 16, StdDev = 0.116 μs
Min = 6.002 μs, Q1 = 6.086 μs, Median = 6.119 μs, Q3 = 6.183 μs, Max = 6.440 μs
IQR = 0.097 μs, LowerFence = 5.940 μs, UpperFence = 6.328 μs
ConfidenceInterval = [6.029 μs; 6.265 μs] (CI 99.9%), Margin = 0.118 μs (1.92% of Mean)
Skewness = 0.93, Kurtosis = 3.26, MValue = 2
-------------------- Histogram --------------------
[5.966 μs ; 6.090 μs) | @@@@
[6.090 μs ; 6.227 μs) | @@@@@@@@@
[6.227 μs ; 6.501 μs) | @@@
---------------------------------------------------

SmokeBenchByte.Utf8Json_Ser: Energy(OutlierMode=DontRemove, Affinity=00000100, IterationTime=1s)
Runtime = .NET 10.0.7 (10.0.7, 10.0.726.21808), X64 RyuJIT x86-64-v3; GC = Concurrent Workstation
Mean = 6.814 μs, StdErr = 0.025 μs (0.36%), N = 15, StdDev = 0.095 μs
Min = 6.741 μs, Q1 = 6.772 μs, Median = 6.792 μs, Q3 = 6.800 μs, Max = 7.119 μs
IQR = 0.029 μs, LowerFence = 6.729 μs, UpperFence = 6.843 μs
ConfidenceInterval = [6.712 μs; 6.915 μs] (CI 99.9%), Margin = 0.101 μs (1.49% of Mean)
Skewness = 2.25, Kurtosis = 7.35, MValue = 2
-------------------- Histogram --------------------
[6.718 μs ; 6.993 μs) | @@@@@@@@@@@@@@
[6.993 μs ; 7.170 μs) | @
---------------------------------------------------

SmokeBenchByte.Newtonsoft_Ser: Energy(OutlierMode=DontRemove, Affinity=00000100, IterationTime=1s)
Runtime = .NET 10.0.7 (10.0.7, 10.0.726.21808), X64 RyuJIT x86-64-v3; GC = Concurrent Workstation
Mean = 12.070 μs, StdErr = 0.047 μs (0.39%), N = 15, StdDev = 0.182 μs
Min = 11.920 μs, Q1 = 11.953 μs, Median = 11.955 μs, Q3 = 12.160 μs, Max = 12.427 μs
IQR = 0.207 μs, LowerFence = 11.643 μs, UpperFence = 12.471 μs
ConfidenceInterval = [11.875 μs; 12.264 μs] (CI 99.9%), Margin = 0.195 μs (1.61% of Mean)
Skewness = 0.98, Kurtosis = 2.2, MValue = 2
-------------------- Histogram --------------------
[11.866 μs ; 12.471 μs) | @@@@@@@@@@@@@@@
---------------------------------------------------

// * Summary *

BenchmarkDotNet v0.15.5-develop (2026-05-17), Linux Ubuntu 24.04.4 LTS (Noble Numbat)
Intel Core i9-9900K CPU 3.60GHz (Coffee Lake), 1 CPU, 8 logical and 8 physical cores
.NET SDK 10.0.107
  [Host] : .NET 10.0.7 (10.0.7, 10.0.726.21808), X64 RyuJIT x86-64-v3
  Energy : .NET 10.0.7 (10.0.7, 10.0.726.21808), X64 RyuJIT x86-64-v3

Job=Energy  OutlierMode=DontRemove  Affinity=00000100  
IterationTime=1s  

| Method           | Mean      | Error     | StdDev    | Operations | Median    | Iterations | Metrion CPU Energy (uJ/op) | Metrion CPU Energy (uJ/iter) |
|----------------- |----------:|----------:|----------:|-----------:|----------:|-----------:|---------------------------:|-----------------------------:|
| SpanJson_Deser   |  7.443 μs | 0.1481 μs | 0.2474 μs |     43,061 |  7.359 μs |      36.00 |                     118.59 |                   5106447.64 |
| STJSrcGen_Deser  |  9.886 μs | 0.1111 μs | 0.1039 μs |    102,128 |  9.832 μs |      15.00 |                     159.95 |                  16335852.49 |
| STJRefGen_Deser  | 10.158 μs | 0.1294 μs | 0.1210 μs |     99,360 | 10.096 μs |      15.00 |                     146.67 |                  14572783.14 |
| Utf8Json_Deser   | 10.838 μs | 0.2122 μs | 0.1985 μs |     93,361 | 10.765 μs |      15.00 |                     159.22 |                  14865266.16 |
| Newtonsoft_Deser | 19.410 μs | 0.9643 μs | 2.8433 μs |     10,176 | 18.638 μs |     100.00 |                     335.17 |                   3410717.86 |
|                  |           |           |           |            |           |            |                            |                              |
| STJSrcGen_Ser    |  3.753 μs | 0.0521 μs | 0.0488 μs |    261,248 |  3.733 μs |      15.00 |                      52.07 |                  13603128.91 |
| STJRefGen_Ser    |  4.846 μs | 0.0574 μs | 0.0537 μs |    201,696 |  4.823 μs |      15.00 |                      59.63 |                  12027048.59 |
| SpanJson_Ser     |  6.147 μs | 0.1179 μs | 0.1158 μs |    164,118 |  6.119 μs |      16.00 |                      82.40 |                  13523504.73 |
| Utf8Json_Ser     |  6.814 μs | 0.1015 μs | 0.0949 μs |    145,179 |  6.792 μs |      15.00 |                      91.00 |                  13211177.63 |
| Newtonsoft_Ser   | 12.070 μs | 0.1947 μs | 0.1821 μs |     80,320 | 11.955 μs |      15.00 |                     166.59 |                  13380435.46 |

// * Hints *
Outliers
  SmokeBenchByte.SpanJson_Deser: Energy   -> 7 outliers were detected (7.47 μs..8.50 μs)
  SmokeBenchByte.STJSrcGen_Deser: Energy  -> 1 outlier  was  detected (10.19 μs)
  SmokeBenchByte.STJRefGen_Deser: Energy  -> 2 outliers were detected (10.33 μs, 10.50 μs)
  SmokeBenchByte.Utf8Json_Deser: Energy   -> 2 outliers were detected (11.10 μs, 11.46 μs)
  SmokeBenchByte.Newtonsoft_Deser: Energy -> 14 outliers were detected (19.18 μs..37.34 μs)
  SmokeBenchByte.STJSrcGen_Ser: Energy    -> 1 outlier  was  detected (3.91 μs)
  SmokeBenchByte.STJRefGen_Ser: Energy    -> 1 outlier  was  detected (4.99 μs)
  SmokeBenchByte.SpanJson_Ser: Energy     -> 1 outlier  was  detected (6.44 μs)
  SmokeBenchByte.Utf8Json_Ser: Energy     -> 2 outliers were detected (6.92 μs, 7.12 μs)

// * Legends *
  Mean                         : Arithmetic mean of all measurements
  Error                        : Half of 99.9% confidence interval
  StdDev                       : Standard deviation of all measurements
  Operations                   : Actual invocations per measured iteration (from measurements)
  Median                       : Value separating the higher half of all measurements (50th percentile)
  Iterations                   : Number of target iterations
  Metrion CPU Energy (uJ/op)   : Average CPU core energy consumed per benchmark operation (uJ), captured with Metrion.
  Metrion CPU Energy (uJ/iter) : Average CPU core energy consumed per benchmark iteration (uJ), captured with Metrion.
  1 μs                         : 1 Microsecond (0.000001 sec)

// * Diagnostic Output - MetrionEnergyProfiler *
Metrion measured the energy for a total of 10 benchmarks.
The database files for each benchmark were stored in the Artifacts folder. e.g: 
/home/test/json-energy-bench/BenchmarkArtifacts/metrion/JsonBench.Benchmarks.SmokeBenchByte.STJRefGen_Deser-20260517-133420.pid982008.db
The measurements details of Actual Stage for each benchmark:
BenchmarkMethod - StartTimestamp - EndTimestamp - TotalEnergyFromSummary - TotalEnergyFromRawMeasurements
STJRefGen_Deser: 2026-05-17T13:33:54.319677 - 2026-05-17T13:34:09.498190 - 212.90166809184257 - 218.59174712380883
STJSrcGen_Deser: 2026-05-17T13:34:41.424856 - 2026-05-17T13:34:56.616897 - 236.42633349552204 - 245.03778739947188
Newtonsoft_Deser: 2026-05-17T13:35:16.585179 - 2026-05-17T13:35:36.519354 - 338.84714430665 - 341.07178560647895
SpanJson_Deser: 2026-05-17T13:35:56.504979 - 2026-05-17T13:36:08.136074 - 187.32093087920538 - 183.8321149930761
Utf8Json_Deser: 2026-05-17T13:36:40.143429 - 2026-05-17T13:36:55.367398 - 223.32772974330487 - 222.978992386362
STJRefGen_Ser: 2026-05-17T13:37:19.815340 - 2026-05-17T13:37:34.520777 - 180.50202702353926 - 180.40572889234772
STJSrcGen_Ser: 2026-05-17T13:38:02.610203 - 2026-05-17T13:38:17.362687 - 207.96053497414042 - 204.0469335840577
Newtonsoft_Ser: 2026-05-17T13:38:44.417474 - 2026-05-17T13:38:58.996169 - 186.80599165295638 - 200.70653189971742
SpanJson_Ser: 2026-05-17T13:39:24.985481 - 2026-05-17T13:39:41.163463 - 224.51772960525145 - 216.37607560077993
Utf8Json_Ser: 2026-05-17T13:40:06.248107 - 2026-05-17T13:40:21.122238 - 196.57777280562132 - 198.16766446963476


// ***** BenchmarkRunner: End *****
Run time: 00:06:53 (413.67 sec), executed benchmarks: 10

Global total time: 00:07:00 (420.88 sec), executed benchmarks: 10
// * Artifacts cleanup *
Artifacts cleanup is finished
