// Validating benchmarks:
// ***** BenchmarkRunner: Start   *****
// ***** Found 10 benchmark(s) in total *****
// ***** Building 1 exe(s) in Parallel: Start   *****
// start dotnet  restore --nodeReuse:false /p:UseSharedCompilation=false /p:Deterministic=true /p:Optimize=true /p:ArtifactsPath="/home/test/json-energy-bench/JsonBench/bin/Release/net10.0/JsonBench-Energy-1/" /p:OutDir="/home/test/json-energy-bench/JsonBench/bin/Release/net10.0/JsonBench-Energy-1/bin/Release/net10.0/" /p:OutputPath="/home/test/json-energy-bench/JsonBench/bin/Release/net10.0/JsonBench-Energy-1/bin/Release/net10.0/" /p:PublishDir="/home/test/json-energy-bench/JsonBench/bin/Release/net10.0/JsonBench-Energy-1/publish/" in /home/test/json-energy-bench/JsonBench/bin/Release/net10.0/JsonBench-Energy-1
// command took 1.6 sec and exited with 0
// start dotnet  build -c Release --no-restore --nodeReuse:false /p:UseSharedCompilation=false /p:Deterministic=true /p:Optimize=true /p:ArtifactsPath="/home/test/json-energy-bench/JsonBench/bin/Release/net10.0/JsonBench-Energy-1/" /p:OutDir="/home/test/json-energy-bench/JsonBench/bin/Release/net10.0/JsonBench-Energy-1/bin/Release/net10.0/" /p:OutputPath="/home/test/json-energy-bench/JsonBench/bin/Release/net10.0/JsonBench-Energy-1/bin/Release/net10.0/" /p:PublishDir="/home/test/json-energy-bench/JsonBench/bin/Release/net10.0/JsonBench-Energy-1/publish/" --output "/home/test/json-energy-bench/JsonBench/bin/Release/net10.0/JsonBench-Energy-1/bin/Release/net10.0/" in /home/test/json-energy-bench/JsonBench/bin/Release/net10.0/JsonBench-Energy-1
// command took 5.34 sec and exited with 0
// ***** Done, took 00:00:07 (7.02 sec)   *****
// Found 10 benchmarks:
//   SmokeBenchByte.STJRefGen_Deser: Energy(OutlierMode=DontRemove, Affinity=00000100, IterationTime=1s)
//   SmokeBenchByte.STJSrcGen_Deser: Energy(OutlierMode=DontRemove, Affinity=00000100, IterationTime=1s)
//   SmokeBenchByte.Newtonsoft_Deser: Energy(OutlierMode=DontRemove, Affinity=00000100, IterationTime=1s)
//   SmokeBenchByte.SpanJson_Deser: Energy(OutlierMode=DontRemove, Affinity=00000100, IterationTime=1s)
//   SmokeBenchByte.Utf8Json_Deser: Energy(OutlierMode=DontRemove, Affinity=00000100, IterationTime=1s)
//   SmokeBenchByte.STJRefGen_Ser: Energy(OutlierMode=DontRemove, Affinity=00000100, IterationTime=1s)
//   SmokeBenchByte.STJSrcGen_Ser: Energy(OutlierMode=DontRemove, Affinity=00000100, IterationTime=1s)
//   SmokeBenchByte.Newtonsoft_Ser: Energy(OutlierMode=DontRemove, Affinity=00000100, IterationTime=1s)
//   SmokeBenchByte.SpanJson_Ser: Energy(OutlierMode=DontRemove, Affinity=00000100, IterationTime=1s)
//   SmokeBenchByte.Utf8Json_Ser: Energy(OutlierMode=DontRemove, Affinity=00000100, IterationTime=1s)

// **************************
// Benchmark: SmokeBenchByte.STJRefGen_Deser: Energy(OutlierMode=DontRemove, Affinity=00000100, IterationTime=1s)
// *** Execute ***
// Launch: 1 / 1
// Execute: dotnet JsonBench-Energy-1.dll --anonymousPipes 160 161 --benchmarkName JsonBench.Benchmarks.SmokeBenchByte.STJRefGen_Deser --job Energy --benchmarkId 0 in /home/test/json-energy-bench/JsonBench/bin/Release/net10.0/JsonBench-Energy-1/bin/Release/net10.0
// BeforeAnythingElse

// Benchmark Process Environment Information:
// BenchmarkDotNet v0.15.5-develop (2026-05-26)
// Runtime=.NET 10.0.8 (10.0.8, 10.0.826.23019), X64 RyuJIT x86-64-v3
// GC=Concurrent Workstation
// HardwareIntrinsics=AVX2+BMI1+BMI2+F16C+FMA+LZCNT+MOVBE,AVX,SSE3+SSSE3+SSE4.1+SSE4.2+POPCNT,X86Base+SSE+SSE2,AES+PCLMUL VectorSize=256
// Job: Energy(OutlierMode=DontRemove, Affinity=100, IterationTime=1s)

OverheadJitting  1: 1 op, 239046.00 ns, 239.0460 us/op
WorkloadJitting  1: 1 op, 331324.00 ns, 331.3240 us/op

OverheadJitting  2: 16 op, 648213.00 ns, 40.5133 us/op
WorkloadJitting  2: 16 op, 1097975.00 ns, 68.6234 us/op

WorkloadPilot    1: 16 op, 379808.00 ns, 23.7380 us/op
WorkloadPilot    2: 42128 op, 945090932.00 ns, 22.4338 us/op
WorkloadPilot    3: 44576 op, 1103054002.00 ns, 24.7455 us/op
WorkloadPilot    4: 40416 op, 1397835856.00 ns, 34.5862 us/op
WorkloadPilot    5: 28928 op, 794520543.00 ns, 27.4655 us/op
WorkloadPilot    6: 36416 op, 387412514.00 ns, 10.6385 us/op
WorkloadPilot    7: 94000 op, 961006837.00 ns, 10.2235 us/op
WorkloadPilot    8: 97824 op, 989748492.00 ns, 10.1176 us/op
WorkloadPilot    9: 98848 op, 997814196.00 ns, 10.0944 us/op
WorkloadPilot   10: 99072 op, 999508739.00 ns, 10.0887 us/op
WorkloadPilot   11: 99136 op, 1005933596.00 ns, 10.1470 us/op

OverheadWarmup   1: 99136 op, 410582.00 ns, 4.1416 ns/op
OverheadWarmup   2: 99136 op, 410079.00 ns, 4.1365 ns/op
OverheadWarmup   3: 99136 op, 416875.00 ns, 4.2051 ns/op
OverheadWarmup   4: 99136 op, 409593.00 ns, 4.1316 ns/op
OverheadWarmup   5: 99136 op, 412750.00 ns, 4.1635 ns/op
OverheadWarmup   6: 99136 op, 409290.00 ns, 4.1286 ns/op

OverheadActual   1: 99136 op, 409285.00 ns, 4.1285 ns/op
OverheadActual   2: 99136 op, 409405.00 ns, 4.1297 ns/op
OverheadActual   3: 99136 op, 409873.00 ns, 4.1345 ns/op
OverheadActual   4: 99136 op, 417545.00 ns, 4.2118 ns/op
OverheadActual   5: 99136 op, 409528.00 ns, 4.1310 ns/op
OverheadActual   6: 99136 op, 409427.00 ns, 4.1300 ns/op
OverheadActual   7: 99136 op, 415150.00 ns, 4.1877 ns/op
OverheadActual   8: 99136 op, 409280.00 ns, 4.1285 ns/op
OverheadActual   9: 99136 op, 409011.00 ns, 4.1258 ns/op
OverheadActual  10: 99136 op, 415802.00 ns, 4.1943 ns/op
OverheadActual  11: 99136 op, 409034.00 ns, 4.1260 ns/op
OverheadActual  12: 99136 op, 413936.00 ns, 4.1754 ns/op
OverheadActual  13: 99136 op, 408948.00 ns, 4.1251 ns/op
OverheadActual  14: 99136 op, 409373.00 ns, 4.1294 ns/op
OverheadActual  15: 99136 op, 416693.00 ns, 4.2032 ns/op

WorkloadWarmup   1: 99136 op, 1004199151.00 ns, 10.1295 us/op
WorkloadWarmup   2: 99136 op, 1069385677.00 ns, 10.7871 us/op
WorkloadWarmup   3: 99136 op, 1031708958.00 ns, 10.4070 us/op
WorkloadWarmup   4: 99136 op, 999429669.00 ns, 10.0814 us/op
WorkloadWarmup   5: 99136 op, 999138518.00 ns, 10.0785 us/op
WorkloadWarmup   6: 99136 op, 999206191.00 ns, 10.0791 us/op
WorkloadWarmup   7: 99136 op, 1019155259.00 ns, 10.2804 us/op
WorkloadWarmup   8: 99136 op, 1000157656.00 ns, 10.0887 us/op

// BeforeActualRun
WorkloadActual   1: 99136 op, 1001294814.00 ns, 10.1002 us/op
WorkloadActual   2: 99136 op, 1003151364.00 ns, 10.1189 us/op
WorkloadActual   3: 99136 op, 1002677882.00 ns, 10.1142 us/op
WorkloadActual   4: 99136 op, 1020895574.00 ns, 10.2979 us/op
WorkloadActual   5: 99136 op, 1009280064.00 ns, 10.1808 us/op
WorkloadActual   6: 99136 op, 1003968560.00 ns, 10.1272 us/op
WorkloadActual   7: 99136 op, 1002735365.00 ns, 10.1147 us/op
WorkloadActual   8: 99136 op, 1002761091.00 ns, 10.1150 us/op
WorkloadActual   9: 99136 op, 1047790469.00 ns, 10.5692 us/op
WorkloadActual  10: 99136 op, 1017777080.00 ns, 10.2665 us/op
WorkloadActual  11: 99136 op, 1002629698.00 ns, 10.1137 us/op
WorkloadActual  12: 99136 op, 1002650625.00 ns, 10.1139 us/op
WorkloadActual  13: 99136 op, 1002919056.00 ns, 10.1166 us/op
WorkloadActual  14: 99136 op, 1006958738.00 ns, 10.1573 us/op
WorkloadActual  15: 99136 op, 1021355368.00 ns, 10.3026 us/op

// AfterActualRun
WorkloadResult   1: 99136 op, 1000885387.00 ns, 10.0961 us/op
WorkloadResult   2: 99136 op, 1002741937.00 ns, 10.1148 us/op
WorkloadResult   3: 99136 op, 1002268455.00 ns, 10.1100 us/op
WorkloadResult   4: 99136 op, 1020486147.00 ns, 10.2938 us/op
WorkloadResult   5: 99136 op, 1008870637.00 ns, 10.1766 us/op
WorkloadResult   6: 99136 op, 1003559133.00 ns, 10.1231 us/op
WorkloadResult   7: 99136 op, 1002325938.00 ns, 10.1106 us/op
WorkloadResult   8: 99136 op, 1002351664.00 ns, 10.1109 us/op
WorkloadResult   9: 99136 op, 1047381042.00 ns, 10.5651 us/op
WorkloadResult  10: 99136 op, 1017367653.00 ns, 10.2623 us/op
WorkloadResult  11: 99136 op, 1002220271.00 ns, 10.1095 us/op
WorkloadResult  12: 99136 op, 1002241198.00 ns, 10.1098 us/op
WorkloadResult  13: 99136 op, 1002509629.00 ns, 10.1125 us/op
WorkloadResult  14: 99136 op, 1006549311.00 ns, 10.1532 us/op
WorkloadResult  15: 99136 op, 1020945941.00 ns, 10.2984 us/op

// AfterAll
// Benchmark Process 1034054 has exited with code 0.

Mean = 10.183 μs, StdErr = 0.033 μs (0.32%), N = 15, StdDev = 0.127 μs
Min = 10.096 μs, Q1 = 10.110 μs, Median = 10.115 μs, Q3 = 10.219 μs, Max = 10.565 μs
IQR = 0.109 μs, LowerFence = 9.947 μs, UpperFence = 10.383 μs
ConfidenceInterval = [10.047 μs; 10.319 μs] (CI 99.9%), Margin = 0.136 μs (1.33% of Mean)
Skewness = 1.81, Kurtosis = 5.6, MValue = 2

// ** Remained 9 (90.0 %) benchmark(s) to run. Estimated finish 2026-05-26 19:18 (0h 6m from now) **
// **************************
// Benchmark: SmokeBenchByte.STJSrcGen_Deser: Energy(OutlierMode=DontRemove, Affinity=00000100, IterationTime=1s)
// *** Execute ***
// Launch: 1 / 1
// Execute: dotnet JsonBench-Energy-1.dll --anonymousPipes 125 126 --benchmarkName JsonBench.Benchmarks.SmokeBenchByte.STJSrcGen_Deser --job Energy --benchmarkId 1 in /home/test/json-energy-bench/JsonBench/bin/Release/net10.0/JsonBench-Energy-1/bin/Release/net10.0
// BeforeAnythingElse

// Benchmark Process Environment Information:
// BenchmarkDotNet v0.15.5-develop (2026-05-26)
// Runtime=.NET 10.0.8 (10.0.8, 10.0.826.23019), X64 RyuJIT x86-64-v3
// GC=Concurrent Workstation
// HardwareIntrinsics=AVX2+BMI1+BMI2+F16C+FMA+LZCNT+MOVBE,AVX,SSE3+SSSE3+SSE4.1+SSE4.2+POPCNT,X86Base+SSE+SSE2,AES+PCLMUL VectorSize=256
// Job: Energy(OutlierMode=DontRemove, Affinity=100, IterationTime=1s)

OverheadJitting  1: 1 op, 239071.00 ns, 239.0710 us/op
WorkloadJitting  1: 1 op, 11122841.00 ns, 11.1228 ms/op

OverheadJitting  2: 16 op, 650023.00 ns, 40.6264 us/op
WorkloadJitting  2: 16 op, 1085167.00 ns, 67.8229 us/op

WorkloadPilot    1: 16 op, 448864.00 ns, 28.0540 us/op
WorkloadPilot    2: 35648 op, 812449120.00 ns, 22.7909 us/op
WorkloadPilot    3: 43888 op, 1005306978.00 ns, 22.9062 us/op
WorkloadPilot    4: 43664 op, 1641970540.00 ns, 37.6047 us/op
WorkloadPilot    5: 26592 op, 766562858.00 ns, 28.8268 us/op
WorkloadPilot    6: 34704 op, 358597503.00 ns, 10.3330 us/op
WorkloadPilot    7: 96784 op, 956625334.00 ns, 9.8841 us/op
WorkloadPilot    8: 101184 op, 1002991015.00 ns, 9.9125 us/op

OverheadWarmup   1: 101184 op, 444862.00 ns, 4.3966 ns/op
OverheadWarmup   2: 101184 op, 444343.00 ns, 4.3914 ns/op
OverheadWarmup   3: 101184 op, 447392.00 ns, 4.4216 ns/op
OverheadWarmup   4: 101184 op, 444182.00 ns, 4.3898 ns/op
OverheadWarmup   5: 101184 op, 447453.00 ns, 4.4222 ns/op
OverheadWarmup   6: 101184 op, 444292.00 ns, 4.3909 ns/op

OverheadActual   1: 101184 op, 444158.00 ns, 4.3896 ns/op
OverheadActual   2: 101184 op, 451816.00 ns, 4.4653 ns/op
OverheadActual   3: 101184 op, 445856.00 ns, 4.4064 ns/op
OverheadActual   4: 101184 op, 444236.00 ns, 4.3904 ns/op
OverheadActual   5: 101184 op, 447853.00 ns, 4.4261 ns/op
OverheadActual   6: 101184 op, 444239.00 ns, 4.3904 ns/op
OverheadActual   7: 101184 op, 447444.00 ns, 4.4221 ns/op
OverheadActual   8: 101184 op, 444057.00 ns, 4.3886 ns/op
OverheadActual   9: 101184 op, 444213.00 ns, 4.3902 ns/op
OverheadActual  10: 101184 op, 447202.00 ns, 4.4197 ns/op
OverheadActual  11: 101184 op, 444335.00 ns, 4.3914 ns/op
OverheadActual  12: 101184 op, 447959.00 ns, 4.4272 ns/op
OverheadActual  13: 101184 op, 444305.00 ns, 4.3911 ns/op
OverheadActual  14: 101184 op, 447222.00 ns, 4.4199 ns/op
OverheadActual  15: 101184 op, 444255.00 ns, 4.3906 ns/op

WorkloadWarmup   1: 101184 op, 1003294864.00 ns, 9.9155 us/op
WorkloadWarmup   2: 101184 op, 1013081406.00 ns, 10.0123 us/op
WorkloadWarmup   3: 101184 op, 1024210151.00 ns, 10.1223 us/op
WorkloadWarmup   4: 101184 op, 991467084.00 ns, 9.7987 us/op
WorkloadWarmup   5: 101184 op, 1033964453.00 ns, 10.2187 us/op
WorkloadWarmup   6: 101184 op, 995867895.00 ns, 9.8421 us/op

// BeforeActualRun
WorkloadActual   1: 101184 op, 994286352.00 ns, 9.8265 us/op
WorkloadActual   2: 101184 op, 999242558.00 ns, 9.8755 us/op
WorkloadActual   3: 101184 op, 997006488.00 ns, 9.8534 us/op
WorkloadActual   4: 101184 op, 1022775134.00 ns, 10.1081 us/op
WorkloadActual   5: 101184 op, 996535386.00 ns, 9.8487 us/op
WorkloadActual   6: 101184 op, 997807946.00 ns, 9.8613 us/op
WorkloadActual   7: 101184 op, 996760718.00 ns, 9.8510 us/op
WorkloadActual   8: 101184 op, 997934320.00 ns, 9.8626 us/op
WorkloadActual   9: 101184 op, 1007075198.00 ns, 9.9529 us/op
WorkloadActual  10: 101184 op, 1002853362.00 ns, 9.9112 us/op
WorkloadActual  11: 101184 op, 1010394469.00 ns, 9.9857 us/op
WorkloadActual  12: 101184 op, 1014845657.00 ns, 10.0297 us/op
WorkloadActual  13: 101184 op, 992856023.00 ns, 9.8124 us/op
WorkloadActual  14: 101184 op, 994325609.00 ns, 9.8269 us/op
WorkloadActual  15: 101184 op, 1010536434.00 ns, 9.9871 us/op

// AfterActualRun
WorkloadResult   1: 101184 op, 993842017.00 ns, 9.8221 us/op
WorkloadResult   2: 101184 op, 998798223.00 ns, 9.8711 us/op
WorkloadResult   3: 101184 op, 996562153.00 ns, 9.8490 us/op
WorkloadResult   4: 101184 op, 1022330799.00 ns, 10.1037 us/op
WorkloadResult   5: 101184 op, 996091051.00 ns, 9.8444 us/op
WorkloadResult   6: 101184 op, 997363611.00 ns, 9.8569 us/op
WorkloadResult   7: 101184 op, 996316383.00 ns, 9.8466 us/op
WorkloadResult   8: 101184 op, 997489985.00 ns, 9.8582 us/op
WorkloadResult   9: 101184 op, 1006630863.00 ns, 9.9485 us/op
WorkloadResult  10: 101184 op, 1002409027.00 ns, 9.9068 us/op
WorkloadResult  11: 101184 op, 1009950134.00 ns, 9.9813 us/op
WorkloadResult  12: 101184 op, 1014401322.00 ns, 10.0253 us/op
WorkloadResult  13: 101184 op, 992411688.00 ns, 9.8080 us/op
WorkloadResult  14: 101184 op, 993881274.00 ns, 9.8225 us/op
WorkloadResult  15: 101184 op, 1010092099.00 ns, 9.9827 us/op

// AfterAll
// Benchmark Process 1034439 has exited with code 0.

Mean = 9.902 μs, StdErr = 0.023 μs (0.23%), N = 15, StdDev = 0.087 μs
Min = 9.808 μs, Q1 = 9.845 μs, Median = 9.858 μs, Q3 = 9.965 μs, Max = 10.104 μs
IQR = 0.119 μs, LowerFence = 9.666 μs, UpperFence = 10.144 μs
ConfidenceInterval = [9.809 μs; 9.995 μs] (CI 99.9%), Margin = 0.093 μs (0.94% of Mean)
Skewness = 0.87, Kurtosis = 2.5, MValue = 2

// ** Remained 8 (80.0 %) benchmark(s) to run. Estimated finish 2026-05-26 19:17 (0h 5m from now) **
// **************************
// Benchmark: SmokeBenchByte.Newtonsoft_Deser: Energy(OutlierMode=DontRemove, Affinity=00000100, IterationTime=1s)
// *** Execute ***
// Launch: 1 / 1
// Execute: dotnet JsonBench-Energy-1.dll --anonymousPipes 125 126 --benchmarkName JsonBench.Benchmarks.SmokeBenchByte.Newtonsoft_Deser --job Energy --benchmarkId 2 in /home/test/json-energy-bench/JsonBench/bin/Release/net10.0/JsonBench-Energy-1/bin/Release/net10.0
// BeforeAnythingElse

// Benchmark Process Environment Information:
// BenchmarkDotNet v0.15.5-develop (2026-05-26)
// Runtime=.NET 10.0.8 (10.0.8, 10.0.826.23019), X64 RyuJIT x86-64-v3
// GC=Concurrent Workstation
// HardwareIntrinsics=AVX2+BMI1+BMI2+F16C+FMA+LZCNT+MOVBE,AVX,SSE3+SSSE3+SSE4.1+SSE4.2+POPCNT,X86Base+SSE+SSE2,AES+PCLMUL VectorSize=256
// Job: Energy(OutlierMode=DontRemove, Affinity=100, IterationTime=1s)

OverheadJitting  1: 1 op, 239739.00 ns, 239.7390 us/op
WorkloadJitting  1: 1 op, 62470660.00 ns, 62.4707 ms/op

OverheadJitting  2: 16 op, 654593.00 ns, 40.9121 us/op
WorkloadJitting  2: 16 op, 2469727.00 ns, 154.3579 us/op

WorkloadPilot    1: 16 op, 1712554.00 ns, 107.0346 us/op
WorkloadPilot    2: 9344 op, 841921397.00 ns, 90.1029 us/op
WorkloadPilot    3: 11104 op, 1064131136.00 ns, 95.8331 us/op
WorkloadPilot    4: 10448 op, 1435846219.00 ns, 137.4279 us/op
WorkloadPilot    5: 7280 op, 746614979.00 ns, 102.5570 us/op
WorkloadPilot    6: 9760 op, 248136416.00 ns, 25.4238 us/op
WorkloadPilot    7: 39344 op, 744302415.00 ns, 18.9178 us/op
WorkloadPilot    8: 52864 op, 986076224.00 ns, 18.6531 us/op
WorkloadPilot    9: 53616 op, 996790774.00 ns, 18.5913 us/op
WorkloadPilot   10: 53792 op, 998951978.00 ns, 18.5706 us/op
WorkloadPilot   11: 53856 op, 1005878746.00 ns, 18.6772 us/op

OverheadWarmup   1: 53856 op, 227394.00 ns, 4.2223 ns/op
OverheadWarmup   2: 53856 op, 222834.00 ns, 4.1376 ns/op
OverheadWarmup   3: 53856 op, 223508.00 ns, 4.1501 ns/op
OverheadWarmup   4: 53856 op, 226942.00 ns, 4.2139 ns/op
OverheadWarmup   5: 53856 op, 222952.00 ns, 4.1398 ns/op
OverheadWarmup   6: 53856 op, 222221.00 ns, 4.1262 ns/op
OverheadWarmup   7: 53856 op, 225940.00 ns, 4.1953 ns/op
OverheadWarmup   8: 53856 op, 222800.00 ns, 4.1370 ns/op

OverheadActual   1: 53856 op, 223319.00 ns, 4.1466 ns/op
OverheadActual   2: 53856 op, 223104.00 ns, 4.1426 ns/op
OverheadActual   3: 53856 op, 222829.00 ns, 4.1375 ns/op
OverheadActual   4: 53856 op, 222245.00 ns, 4.1267 ns/op
OverheadActual   5: 53856 op, 222854.00 ns, 4.1380 ns/op
OverheadActual   6: 53856 op, 222706.00 ns, 4.1352 ns/op
OverheadActual   7: 53856 op, 222798.00 ns, 4.1369 ns/op
OverheadActual   8: 53856 op, 222776.00 ns, 4.1365 ns/op
OverheadActual   9: 53856 op, 229713.00 ns, 4.2653 ns/op
OverheadActual  10: 53856 op, 222844.00 ns, 4.1378 ns/op
OverheadActual  11: 53856 op, 222775.00 ns, 4.1365 ns/op
OverheadActual  12: 53856 op, 230575.00 ns, 4.2813 ns/op
OverheadActual  13: 53856 op, 222817.00 ns, 4.1373 ns/op
OverheadActual  14: 53856 op, 222770.00 ns, 4.1364 ns/op
OverheadActual  15: 53856 op, 222206.00 ns, 4.1259 ns/op

WorkloadWarmup   1: 53856 op, 1003619681.00 ns, 18.6352 us/op
WorkloadWarmup   2: 53856 op, 1044136623.00 ns, 19.3876 us/op
WorkloadWarmup   3: 53856 op, 1067906992.00 ns, 19.8289 us/op
WorkloadWarmup   4: 53856 op, 999720031.00 ns, 18.5628 us/op
WorkloadWarmup   5: 53856 op, 1000068556.00 ns, 18.5693 us/op
WorkloadWarmup   6: 53856 op, 1000063053.00 ns, 18.5692 us/op

// BeforeActualRun
WorkloadActual   1: 53856 op, 1004900774.00 ns, 18.6590 us/op
WorkloadActual   2: 53856 op, 1028430232.00 ns, 19.0959 us/op
WorkloadActual   3: 53856 op, 1003592511.00 ns, 18.6347 us/op
WorkloadActual   4: 53856 op, 999508157.00 ns, 18.5589 us/op
WorkloadActual   5: 53856 op, 1000283020.00 ns, 18.5733 us/op
WorkloadActual   6: 53856 op, 1003056831.00 ns, 18.6248 us/op
WorkloadActual   7: 53856 op, 1025690384.00 ns, 19.0451 us/op
WorkloadActual   8: 53856 op, 1001090584.00 ns, 18.5883 us/op
WorkloadActual   9: 53856 op, 999679361.00 ns, 18.5621 us/op
WorkloadActual  10: 53856 op, 999703105.00 ns, 18.5625 us/op
WorkloadActual  11: 53856 op, 1029862995.00 ns, 19.1225 us/op
WorkloadActual  12: 53856 op, 1029826942.00 ns, 19.1219 us/op
WorkloadActual  13: 53856 op, 1000263763.00 ns, 18.5729 us/op
WorkloadActual  14: 53856 op, 1000173391.00 ns, 18.5713 us/op
WorkloadActual  15: 53856 op, 999835719.00 ns, 18.5650 us/op

// AfterActualRun
WorkloadResult   1: 53856 op, 1004677957.00 ns, 18.6549 us/op
WorkloadResult   2: 53856 op, 1028207415.00 ns, 19.0918 us/op
WorkloadResult   3: 53856 op, 1003369694.00 ns, 18.6306 us/op
WorkloadResult   4: 53856 op, 999285340.00 ns, 18.5548 us/op
WorkloadResult   5: 53856 op, 1000060203.00 ns, 18.5692 us/op
WorkloadResult   6: 53856 op, 1002834014.00 ns, 18.6207 us/op
WorkloadResult   7: 53856 op, 1025467567.00 ns, 19.0409 us/op
WorkloadResult   8: 53856 op, 1000867767.00 ns, 18.5841 us/op
WorkloadResult   9: 53856 op, 999456544.00 ns, 18.5579 us/op
WorkloadResult  10: 53856 op, 999480288.00 ns, 18.5584 us/op
WorkloadResult  11: 53856 op, 1029640178.00 ns, 19.1184 us/op
WorkloadResult  12: 53856 op, 1029604125.00 ns, 19.1177 us/op
WorkloadResult  13: 53856 op, 1000040946.00 ns, 18.5688 us/op
WorkloadResult  14: 53856 op, 999950574.00 ns, 18.5671 us/op
WorkloadResult  15: 53856 op, 999612902.00 ns, 18.5608 us/op

// AfterAll
// Benchmark Process 1034823 has exited with code 0.

Mean = 18.720 μs, StdErr = 0.061 μs (0.32%), N = 15, StdDev = 0.235 μs
Min = 18.555 μs, Q1 = 18.564 μs, Median = 18.584 μs, Q3 = 18.848 μs, Max = 19.118 μs
IQR = 0.284 μs, LowerFence = 18.138 μs, UpperFence = 19.274 μs
ConfidenceInterval = [18.469 μs; 18.971 μs] (CI 99.9%), Margin = 0.251 μs (1.34% of Mean)
Skewness = 0.92, Kurtosis = 1.86, MValue = 2

// ** Remained 7 (70.0 %) benchmark(s) to run. Estimated finish 2026-05-26 19:17 (0h 4m from now) **
// **************************
// Benchmark: SmokeBenchByte.SpanJson_Deser: Energy(OutlierMode=DontRemove, Affinity=00000100, IterationTime=1s)
// *** Execute ***
// Launch: 1 / 1
// Execute: dotnet JsonBench-Energy-1.dll --anonymousPipes 127 128 --benchmarkName JsonBench.Benchmarks.SmokeBenchByte.SpanJson_Deser --job Energy --benchmarkId 3 in /home/test/json-energy-bench/JsonBench/bin/Release/net10.0/JsonBench-Energy-1/bin/Release/net10.0
// BeforeAnythingElse

// Benchmark Process Environment Information:
// BenchmarkDotNet v0.15.5-develop (2026-05-26)
// Runtime=.NET 10.0.8 (10.0.8, 10.0.826.23019), X64 RyuJIT x86-64-v3
// GC=Concurrent Workstation
// HardwareIntrinsics=AVX2+BMI1+BMI2+F16C+FMA+LZCNT+MOVBE,AVX,SSE3+SSSE3+SSE4.1+SSE4.2+POPCNT,X86Base+SSE+SSE2,AES+PCLMUL VectorSize=256
// Job: Energy(OutlierMode=DontRemove, Affinity=100, IterationTime=1s)

OverheadJitting  1: 1 op, 239838.00 ns, 239.8380 us/op
WorkloadJitting  1: 1 op, 77338960.00 ns, 77.3390 ms/op

WorkloadPilot    1: 4 op, 115078.00 ns, 28.7695 us/op
WorkloadPilot    2: 34759 op, 651663659.00 ns, 18.7481 us/op
WorkloadPilot    3: 53339 op, 1002619385.00 ns, 18.7971 us/op
WorkloadPilot    4: 53200 op, 1203811516.00 ns, 22.6280 us/op
WorkloadPilot    5: 44193 op, 1009999144.00 ns, 22.8543 us/op

WorkloadWarmup   1: 44193 op, 337675423.00 ns, 7.6409 us/op
WorkloadWarmup   2: 44193 op, 338971512.00 ns, 7.6703 us/op
WorkloadWarmup   3: 44193 op, 329372911.00 ns, 7.4531 us/op
WorkloadWarmup   4: 44193 op, 327528595.00 ns, 7.4113 us/op
WorkloadWarmup   5: 44193 op, 325213482.00 ns, 7.3589 us/op
WorkloadWarmup   6: 44193 op, 325018977.00 ns, 7.3545 us/op
WorkloadWarmup   7: 44193 op, 326705052.00 ns, 7.3927 us/op
WorkloadWarmup   8: 44193 op, 325255517.00 ns, 7.3599 us/op

// BeforeActualRun
WorkloadActual   1: 44193 op, 323846188.00 ns, 7.3280 us/op
WorkloadActual   2: 44193 op, 325275946.00 ns, 7.3603 us/op
WorkloadActual   3: 44193 op, 324782615.00 ns, 7.3492 us/op
WorkloadActual   4: 44193 op, 324967403.00 ns, 7.3534 us/op
WorkloadActual   5: 44193 op, 325008622.00 ns, 7.3543 us/op
WorkloadActual   6: 44193 op, 324771118.00 ns, 7.3489 us/op
WorkloadActual   7: 44193 op, 324985046.00 ns, 7.3538 us/op
WorkloadActual   8: 44193 op, 372254688.00 ns, 8.4234 us/op
WorkloadActual   9: 44193 op, 325312276.00 ns, 7.3612 us/op
WorkloadActual  10: 44193 op, 324138263.00 ns, 7.3346 us/op
WorkloadActual  11: 44193 op, 327060642.00 ns, 7.4007 us/op
WorkloadActual  12: 44193 op, 324362178.00 ns, 7.3397 us/op
WorkloadActual  13: 44193 op, 324834078.00 ns, 7.3504 us/op
WorkloadActual  14: 44193 op, 332300618.00 ns, 7.5193 us/op
WorkloadActual  15: 44193 op, 339978960.00 ns, 7.6931 us/op
WorkloadActual  16: 44193 op, 335797006.00 ns, 7.5984 us/op
WorkloadActual  17: 44193 op, 324820874.00 ns, 7.3501 us/op
WorkloadActual  18: 44193 op, 334655521.00 ns, 7.5726 us/op
WorkloadActual  19: 44193 op, 324333450.00 ns, 7.3390 us/op
WorkloadActual  20: 44193 op, 325267431.00 ns, 7.3602 us/op
WorkloadActual  21: 44193 op, 342158061.00 ns, 7.7424 us/op
WorkloadActual  22: 44193 op, 325249604.00 ns, 7.3598 us/op
WorkloadActual  23: 44193 op, 363862596.00 ns, 8.2335 us/op
WorkloadActual  24: 44193 op, 323757159.00 ns, 7.3260 us/op
WorkloadActual  25: 44193 op, 323373303.00 ns, 7.3173 us/op
WorkloadActual  26: 44193 op, 323507082.00 ns, 7.3203 us/op
WorkloadActual  27: 44193 op, 323700261.00 ns, 7.3247 us/op
WorkloadActual  28: 44193 op, 323804488.00 ns, 7.3271 us/op
WorkloadActual  29: 44193 op, 326042029.00 ns, 7.3777 us/op
WorkloadActual  30: 44193 op, 340472392.00 ns, 7.7042 us/op
WorkloadActual  31: 44193 op, 325852794.00 ns, 7.3734 us/op
WorkloadActual  32: 44193 op, 323712119.00 ns, 7.3250 us/op
WorkloadActual  33: 44193 op, 323425977.00 ns, 7.3185 us/op
WorkloadActual  34: 44193 op, 324174900.00 ns, 7.3354 us/op
WorkloadActual  35: 44193 op, 323613601.00 ns, 7.3227 us/op
WorkloadActual  36: 44193 op, 326330466.00 ns, 7.3842 us/op

// AfterActualRun
WorkloadResult   1: 44193 op, 323846188.00 ns, 7.3280 us/op
WorkloadResult   2: 44193 op, 325275946.00 ns, 7.3603 us/op
WorkloadResult   3: 44193 op, 324782615.00 ns, 7.3492 us/op
WorkloadResult   4: 44193 op, 324967403.00 ns, 7.3534 us/op
WorkloadResult   5: 44193 op, 325008622.00 ns, 7.3543 us/op
WorkloadResult   6: 44193 op, 324771118.00 ns, 7.3489 us/op
WorkloadResult   7: 44193 op, 324985046.00 ns, 7.3538 us/op
WorkloadResult   8: 44193 op, 372254688.00 ns, 8.4234 us/op
WorkloadResult   9: 44193 op, 325312276.00 ns, 7.3612 us/op
WorkloadResult  10: 44193 op, 324138263.00 ns, 7.3346 us/op
WorkloadResult  11: 44193 op, 327060642.00 ns, 7.4007 us/op
WorkloadResult  12: 44193 op, 324362178.00 ns, 7.3397 us/op
WorkloadResult  13: 44193 op, 324834078.00 ns, 7.3504 us/op
WorkloadResult  14: 44193 op, 332300618.00 ns, 7.5193 us/op
WorkloadResult  15: 44193 op, 339978960.00 ns, 7.6931 us/op
WorkloadResult  16: 44193 op, 335797006.00 ns, 7.5984 us/op
WorkloadResult  17: 44193 op, 324820874.00 ns, 7.3501 us/op
WorkloadResult  18: 44193 op, 334655521.00 ns, 7.5726 us/op
WorkloadResult  19: 44193 op, 324333450.00 ns, 7.3390 us/op
WorkloadResult  20: 44193 op, 325267431.00 ns, 7.3602 us/op
WorkloadResult  21: 44193 op, 342158061.00 ns, 7.7424 us/op
WorkloadResult  22: 44193 op, 325249604.00 ns, 7.3598 us/op
WorkloadResult  23: 44193 op, 363862596.00 ns, 8.2335 us/op
WorkloadResult  24: 44193 op, 323757159.00 ns, 7.3260 us/op
WorkloadResult  25: 44193 op, 323373303.00 ns, 7.3173 us/op
WorkloadResult  26: 44193 op, 323507082.00 ns, 7.3203 us/op
WorkloadResult  27: 44193 op, 323700261.00 ns, 7.3247 us/op
WorkloadResult  28: 44193 op, 323804488.00 ns, 7.3271 us/op
WorkloadResult  29: 44193 op, 326042029.00 ns, 7.3777 us/op
WorkloadResult  30: 44193 op, 340472392.00 ns, 7.7042 us/op
WorkloadResult  31: 44193 op, 325852794.00 ns, 7.3734 us/op
WorkloadResult  32: 44193 op, 323712119.00 ns, 7.3250 us/op
WorkloadResult  33: 44193 op, 323425977.00 ns, 7.3185 us/op
WorkloadResult  34: 44193 op, 324174900.00 ns, 7.3354 us/op
WorkloadResult  35: 44193 op, 323613601.00 ns, 7.3227 us/op
WorkloadResult  36: 44193 op, 326330466.00 ns, 7.3842 us/op

// AfterAll
// Benchmark Process 1035208 has exited with code 0.

Mean = 7.450 μs, StdErr = 0.041 μs (0.55%), N = 36, StdDev = 0.246 μs
Min = 7.317 μs, Q1 = 7.333 μs, Median = 7.354 μs, Q3 = 7.388 μs, Max = 8.423 μs
IQR = 0.055 μs, LowerFence = 7.250 μs, UpperFence = 7.471 μs
ConfidenceInterval = [7.302 μs; 7.597 μs] (CI 99.9%), Margin = 0.148 μs (1.98% of Mean)
Skewness = 2.66, Kurtosis = 9.76, MValue = 2

// ** Remained 6 (60.0 %) benchmark(s) to run. Estimated finish 2026-05-26 19:17 (0h 3m from now) **
// **************************
// Benchmark: SmokeBenchByte.Utf8Json_Deser: Energy(OutlierMode=DontRemove, Affinity=00000100, IterationTime=1s)
// *** Execute ***
// Launch: 1 / 1
// Execute: dotnet JsonBench-Energy-1.dll --anonymousPipes 127 128 --benchmarkName JsonBench.Benchmarks.SmokeBenchByte.Utf8Json_Deser --job Energy --benchmarkId 4 in /home/test/json-energy-bench/JsonBench/bin/Release/net10.0/JsonBench-Energy-1/bin/Release/net10.0
// BeforeAnythingElse

// Benchmark Process Environment Information:
// BenchmarkDotNet v0.15.5-develop (2026-05-26)
// Runtime=.NET 10.0.8 (10.0.8, 10.0.826.23019), X64 RyuJIT x86-64-v3
// GC=Concurrent Workstation
// HardwareIntrinsics=AVX2+BMI1+BMI2+F16C+FMA+LZCNT+MOVBE,AVX,SSE3+SSSE3+SSE4.1+SSE4.2+POPCNT,X86Base+SSE+SSE2,AES+PCLMUL VectorSize=256
// Job: Energy(OutlierMode=DontRemove, Affinity=100, IterationTime=1s)

OverheadJitting  1: 1 op, 245173.00 ns, 245.1730 us/op
WorkloadJitting  1: 1 op, 87351515.00 ns, 87.3515 ms/op

WorkloadPilot    1: 4 op, 281865.00 ns, 70.4663 us/op
WorkloadPilot    2: 14191 op, 706065827.00 ns, 49.7545 us/op
WorkloadPilot    3: 20099 op, 986530687.00 ns, 49.0836 us/op
WorkloadPilot    4: 20373 op, 1296459709.00 ns, 63.6362 us/op
WorkloadPilot    5: 15714 op, 938398675.00 ns, 59.7174 us/op
WorkloadPilot    6: 16746 op, 215221617.00 ns, 12.8521 us/op
WorkloadPilot    7: 77808 op, 980107340.00 ns, 12.5965 us/op
WorkloadPilot    8: 79387 op, 978955635.00 ns, 12.3314 us/op
WorkloadPilot    9: 81094 op, 1000850966.00 ns, 12.3419 us/op
WorkloadPilot   10: 81025 op, 997289946.00 ns, 12.3084 us/op
WorkloadPilot   11: 81245 op, 1001431559.00 ns, 12.3261 us/op

WorkloadWarmup   1: 81245 op, 999062832.00 ns, 12.2969 us/op
WorkloadWarmup   2: 81245 op, 1015899332.00 ns, 12.5041 us/op
WorkloadWarmup   3: 81245 op, 1018241674.00 ns, 12.5330 us/op
WorkloadWarmup   4: 81245 op, 1002051573.00 ns, 12.3337 us/op
WorkloadWarmup   5: 81245 op, 1002016257.00 ns, 12.3333 us/op
WorkloadWarmup   6: 81245 op, 1001278989.00 ns, 12.3242 us/op
WorkloadWarmup   7: 81245 op, 1001611675.00 ns, 12.3283 us/op
WorkloadWarmup   8: 81245 op, 1045492591.00 ns, 12.8684 us/op
WorkloadWarmup   9: 81245 op, 1002378895.00 ns, 12.3377 us/op

// BeforeActualRun
WorkloadActual   1: 81245 op, 999072818.00 ns, 12.2970 us/op
WorkloadActual   2: 81245 op, 1001919685.00 ns, 12.3321 us/op
WorkloadActual   3: 81245 op, 1003411645.00 ns, 12.3504 us/op
WorkloadActual   4: 81245 op, 1032269918.00 ns, 12.7056 us/op
WorkloadActual   5: 81245 op, 1001556011.00 ns, 12.3276 us/op
WorkloadActual   6: 81245 op, 1001833007.00 ns, 12.3310 us/op
WorkloadActual   7: 81245 op, 1002123705.00 ns, 12.3346 us/op
WorkloadActual   8: 81245 op, 1001666066.00 ns, 12.3290 us/op
WorkloadActual   9: 81245 op, 1016538993.00 ns, 12.5120 us/op
WorkloadActual  10: 81245 op, 1003438036.00 ns, 12.3508 us/op
WorkloadActual  11: 81245 op, 1012114530.00 ns, 12.4576 us/op
WorkloadActual  12: 81245 op, 1001927949.00 ns, 12.3322 us/op
WorkloadActual  13: 81245 op, 1001898416.00 ns, 12.3318 us/op
WorkloadActual  14: 81245 op, 1072559123.00 ns, 13.2015 us/op
WorkloadActual  15: 81245 op, 999250116.00 ns, 12.2992 us/op
WorkloadActual  16: 81245 op, 999164815.00 ns, 12.2982 us/op

// AfterActualRun
WorkloadResult   1: 81245 op, 999072818.00 ns, 12.2970 us/op
WorkloadResult   2: 81245 op, 1001919685.00 ns, 12.3321 us/op
WorkloadResult   3: 81245 op, 1003411645.00 ns, 12.3504 us/op
WorkloadResult   4: 81245 op, 1032269918.00 ns, 12.7056 us/op
WorkloadResult   5: 81245 op, 1001556011.00 ns, 12.3276 us/op
WorkloadResult   6: 81245 op, 1001833007.00 ns, 12.3310 us/op
WorkloadResult   7: 81245 op, 1002123705.00 ns, 12.3346 us/op
WorkloadResult   8: 81245 op, 1001666066.00 ns, 12.3290 us/op
WorkloadResult   9: 81245 op, 1016538993.00 ns, 12.5120 us/op
WorkloadResult  10: 81245 op, 1003438036.00 ns, 12.3508 us/op
WorkloadResult  11: 81245 op, 1012114530.00 ns, 12.4576 us/op
WorkloadResult  12: 81245 op, 1001927949.00 ns, 12.3322 us/op
WorkloadResult  13: 81245 op, 1001898416.00 ns, 12.3318 us/op
WorkloadResult  14: 81245 op, 1072559123.00 ns, 13.2015 us/op
WorkloadResult  15: 81245 op, 999250116.00 ns, 12.2992 us/op
WorkloadResult  16: 81245 op, 999164815.00 ns, 12.2982 us/op

// AfterAll
// Benchmark Process 1035585 has exited with code 0.

Mean = 12.424 μs, StdErr = 0.058 μs (0.47%), N = 16, StdDev = 0.233 μs
Min = 12.297 μs, Q1 = 12.329 μs, Median = 12.332 μs, Q3 = 12.377 μs, Max = 13.202 μs
IQR = 0.049 μs, LowerFence = 12.255 μs, UpperFence = 12.451 μs
ConfidenceInterval = [12.188 μs; 12.661 μs] (CI 99.9%), Margin = 0.237 μs (1.91% of Mean)
Skewness = 2.38, Kurtosis = 7.95, MValue = 2

// ** Remained 5 (50.0 %) benchmark(s) to run. Estimated finish 2026-05-26 19:17 (0h 3m from now) **
// **************************
// Benchmark: SmokeBenchByte.STJRefGen_Ser: Energy(OutlierMode=DontRemove, Affinity=00000100, IterationTime=1s)
// *** Execute ***
// Launch: 1 / 1
// Execute: dotnet JsonBench-Energy-1.dll --anonymousPipes 127 128 --benchmarkName JsonBench.Benchmarks.SmokeBenchByte.STJRefGen_Ser --job Energy --benchmarkId 5 in /home/test/json-energy-bench/JsonBench/bin/Release/net10.0/JsonBench-Energy-1/bin/Release/net10.0
// BeforeAnythingElse

// Benchmark Process Environment Information:
// BenchmarkDotNet v0.15.5-develop (2026-05-26)
// Runtime=.NET 10.0.8 (10.0.8, 10.0.826.23019), X64 RyuJIT x86-64-v3
// GC=Concurrent Workstation
// HardwareIntrinsics=AVX2+BMI1+BMI2+F16C+FMA+LZCNT+MOVBE,AVX,SSE3+SSSE3+SSE4.1+SSE4.2+POPCNT,X86Base+SSE+SSE2,AES+PCLMUL VectorSize=256
// Job: Energy(OutlierMode=DontRemove, Affinity=100, IterationTime=1s)

OverheadJitting  1: 1 op, 239889.00 ns, 239.8890 us/op
WorkloadJitting  1: 1 op, 3909612.00 ns, 3.9096 ms/op

OverheadJitting  2: 16 op, 629286.00 ns, 39.3304 us/op
WorkloadJitting  2: 16 op, 981918.00 ns, 61.3699 us/op

WorkloadPilot    1: 16 op, 293593.00 ns, 18.3496 us/op
WorkloadPilot    2: 54512 op, 834540389.00 ns, 15.3093 us/op
WorkloadPilot    3: 65328 op, 1009063311.00 ns, 15.4461 us/op
WorkloadPilot    4: 64752 op, 1662742387.00 ns, 25.6786 us/op
WorkloadPilot    5: 38944 op, 669370883.00 ns, 17.1880 us/op
WorkloadPilot    6: 58192 op, 299701603.00 ns, 5.1502 us/op
WorkloadPilot    7: 194176 op, 952744157.00 ns, 4.9066 us/op
WorkloadPilot    8: 203808 op, 992002018.00 ns, 4.8673 us/op
WorkloadPilot    9: 205456 op, 998696255.00 ns, 4.8609 us/op
WorkloadPilot   10: 205728 op, 999068080.00 ns, 4.8563 us/op
WorkloadPilot   11: 205920 op, 1003068085.00 ns, 4.8712 us/op

OverheadWarmup   1: 205920 op, 841879.00 ns, 4.0884 ns/op
OverheadWarmup   2: 205920 op, 849034.00 ns, 4.1231 ns/op
OverheadWarmup   3: 205920 op, 844163.00 ns, 4.0995 ns/op
OverheadWarmup   4: 205920 op, 841546.00 ns, 4.0868 ns/op
OverheadWarmup   5: 205920 op, 846754.00 ns, 4.1121 ns/op
OverheadWarmup   6: 205920 op, 849972.00 ns, 4.1277 ns/op
OverheadWarmup   7: 205920 op, 848139.00 ns, 4.1188 ns/op

OverheadActual   1: 205920 op, 853113.00 ns, 4.1429 ns/op
OverheadActual   2: 205920 op, 848684.00 ns, 4.1214 ns/op
OverheadActual   3: 205920 op, 846197.00 ns, 4.1093 ns/op
OverheadActual   4: 205920 op, 850010.00 ns, 4.1279 ns/op
OverheadActual   5: 205920 op, 856077.00 ns, 4.1573 ns/op
OverheadActual   6: 205920 op, 874051.00 ns, 4.2446 ns/op
OverheadActual   7: 205920 op, 858429.00 ns, 4.1688 ns/op
OverheadActual   8: 205920 op, 850338.00 ns, 4.1295 ns/op
OverheadActual   9: 205920 op, 847505.00 ns, 4.1157 ns/op
OverheadActual  10: 205920 op, 856265.00 ns, 4.1582 ns/op
OverheadActual  11: 205920 op, 847968.00 ns, 4.1179 ns/op
OverheadActual  12: 205920 op, 841347.00 ns, 4.0858 ns/op
OverheadActual  13: 205920 op, 851564.00 ns, 4.1354 ns/op
OverheadActual  14: 205920 op, 847046.00 ns, 4.1135 ns/op
OverheadActual  15: 205920 op, 850606.00 ns, 4.1308 ns/op

WorkloadWarmup   1: 205920 op, 1002898556.00 ns, 4.8703 us/op
WorkloadWarmup   2: 205920 op, 1069699046.00 ns, 5.1947 us/op
WorkloadWarmup   3: 205920 op, 1025650091.00 ns, 4.9808 us/op
WorkloadWarmup   4: 205920 op, 999374366.00 ns, 4.8532 us/op
WorkloadWarmup   5: 205920 op, 998715351.00 ns, 4.8500 us/op
WorkloadWarmup   6: 205920 op, 999654693.00 ns, 4.8546 us/op
WorkloadWarmup   7: 205920 op, 1015336285.00 ns, 4.9307 us/op
WorkloadWarmup   8: 205920 op, 998712799.00 ns, 4.8500 us/op

// BeforeActualRun
WorkloadActual   1: 205920 op, 1000915154.00 ns, 4.8607 us/op
WorkloadActual   2: 205920 op, 1005992734.00 ns, 4.8854 us/op
WorkloadActual   3: 205920 op, 1002105626.00 ns, 4.8665 us/op
WorkloadActual   4: 205920 op, 1011048614.00 ns, 4.9099 us/op
WorkloadActual   5: 205920 op, 1014129701.00 ns, 4.9249 us/op
WorkloadActual   6: 205920 op, 999484028.00 ns, 4.8537 us/op
WorkloadActual   7: 205920 op, 998495738.00 ns, 4.8489 us/op
WorkloadActual   8: 205920 op, 1000449423.00 ns, 4.8584 us/op
WorkloadActual   9: 205920 op, 1040044613.00 ns, 5.0507 us/op
WorkloadActual  10: 205920 op, 1018840894.00 ns, 4.9478 us/op
WorkloadActual  11: 205920 op, 998790876.00 ns, 4.8504 us/op
WorkloadActual  12: 205920 op, 998806960.00 ns, 4.8505 us/op
WorkloadActual  13: 205920 op, 999390749.00 ns, 4.8533 us/op
WorkloadActual  14: 205920 op, 1002482781.00 ns, 4.8683 us/op
WorkloadActual  15: 205920 op, 1018696881.00 ns, 4.9471 us/op

// AfterActualRun
WorkloadResult   1: 205920 op, 1000064816.00 ns, 4.8566 us/op
WorkloadResult   2: 205920 op, 1005142396.00 ns, 4.8812 us/op
WorkloadResult   3: 205920 op, 1001255288.00 ns, 4.8624 us/op
WorkloadResult   4: 205920 op, 1010198276.00 ns, 4.9058 us/op
WorkloadResult   5: 205920 op, 1013279363.00 ns, 4.9207 us/op
WorkloadResult   6: 205920 op, 998633690.00 ns, 4.8496 us/op
WorkloadResult   7: 205920 op, 997645400.00 ns, 4.8448 us/op
WorkloadResult   8: 205920 op, 999599085.00 ns, 4.8543 us/op
WorkloadResult   9: 205920 op, 1039194275.00 ns, 5.0466 us/op
WorkloadResult  10: 205920 op, 1017990556.00 ns, 4.9436 us/op
WorkloadResult  11: 205920 op, 997940538.00 ns, 4.8463 us/op
WorkloadResult  12: 205920 op, 997956622.00 ns, 4.8463 us/op
WorkloadResult  13: 205920 op, 998540411.00 ns, 4.8492 us/op
WorkloadResult  14: 205920 op, 1001632443.00 ns, 4.8642 us/op
WorkloadResult  15: 205920 op, 1017846543.00 ns, 4.9429 us/op

// AfterAll
// Benchmark Process 1035971 has exited with code 0.

Mean = 4.888 μs, StdErr = 0.015 μs (0.30%), N = 15, StdDev = 0.056 μs
Min = 4.845 μs, Q1 = 4.849 μs, Median = 4.862 μs, Q3 = 4.913 μs, Max = 5.047 μs
IQR = 0.064 μs, LowerFence = 4.754 μs, UpperFence = 5.009 μs
ConfidenceInterval = [4.827 μs; 4.948 μs] (CI 99.9%), Margin = 0.060 μs (1.23% of Mean)
Skewness = 1.49, Kurtosis = 4.48, MValue = 2

// ** Remained 4 (40.0 %) benchmark(s) to run. Estimated finish 2026-05-26 19:17 (0h 2m from now) **
// **************************
// Benchmark: SmokeBenchByte.STJSrcGen_Ser: Energy(OutlierMode=DontRemove, Affinity=00000100, IterationTime=1s)
// *** Execute ***
// Launch: 1 / 1
// Execute: dotnet JsonBench-Energy-1.dll --anonymousPipes 127 128 --benchmarkName JsonBench.Benchmarks.SmokeBenchByte.STJSrcGen_Ser --job Energy --benchmarkId 6 in /home/test/json-energy-bench/JsonBench/bin/Release/net10.0/JsonBench-Energy-1/bin/Release/net10.0
// BeforeAnythingElse

// Benchmark Process Environment Information:
// BenchmarkDotNet v0.15.5-develop (2026-05-26)
// Runtime=.NET 10.0.8 (10.0.8, 10.0.826.23019), X64 RyuJIT x86-64-v3
// GC=Concurrent Workstation
// HardwareIntrinsics=AVX2+BMI1+BMI2+F16C+FMA+LZCNT+MOVBE,AVX,SSE3+SSSE3+SSE4.1+SSE4.2+POPCNT,X86Base+SSE+SSE2,AES+PCLMUL VectorSize=256
// Job: Energy(OutlierMode=DontRemove, Affinity=100, IterationTime=1s)

OverheadJitting  1: 1 op, 236021.00 ns, 236.0210 us/op
WorkloadJitting  1: 1 op, 11820041.00 ns, 11.8200 ms/op

OverheadJitting  2: 16 op, 638245.00 ns, 39.8903 us/op
WorkloadJitting  2: 16 op, 909017.00 ns, 56.8136 us/op

WorkloadPilot    1: 16 op, 219135.00 ns, 13.6959 us/op
WorkloadPilot    2: 73024 op, 781611253.00 ns, 10.7035 us/op
WorkloadPilot    3: 93440 op, 1001469742.00 ns, 10.7178 us/op
WorkloadPilot    4: 93312 op, 1327606344.00 ns, 14.2276 us/op
WorkloadPilot    5: 70288 op, 260869598.00 ns, 3.7114 us/op
WorkloadPilot    6: 269440 op, 1000560797.00 ns, 3.7135 us/op

OverheadWarmup   1: 269440 op, 1219925.00 ns, 4.5276 ns/op
OverheadWarmup   2: 269440 op, 1228951.00 ns, 4.5611 ns/op
OverheadWarmup   3: 269440 op, 1216085.00 ns, 4.5134 ns/op
OverheadWarmup   4: 269440 op, 1222849.00 ns, 4.5385 ns/op
OverheadWarmup   5: 269440 op, 1215619.00 ns, 4.5117 ns/op

OverheadActual   1: 269440 op, 1221535.00 ns, 4.5336 ns/op
OverheadActual   2: 269440 op, 1222285.00 ns, 4.5364 ns/op
OverheadActual   3: 269440 op, 1224340.00 ns, 4.5440 ns/op
OverheadActual   4: 269440 op, 1215038.00 ns, 4.5095 ns/op
OverheadActual   5: 269440 op, 1220878.00 ns, 4.5312 ns/op
OverheadActual   6: 269440 op, 1216194.00 ns, 4.5138 ns/op
OverheadActual   7: 269440 op, 1220502.00 ns, 4.5298 ns/op
OverheadActual   8: 269440 op, 1217512.00 ns, 4.5187 ns/op
OverheadActual   9: 269440 op, 1219227.00 ns, 4.5250 ns/op
OverheadActual  10: 269440 op, 1221764.00 ns, 4.5345 ns/op
OverheadActual  11: 269440 op, 1227382.00 ns, 4.5553 ns/op
OverheadActual  12: 269440 op, 1220232.00 ns, 4.5288 ns/op
OverheadActual  13: 269440 op, 1233436.00 ns, 4.5778 ns/op
OverheadActual  14: 269440 op, 1223004.00 ns, 4.5391 ns/op
OverheadActual  15: 269440 op, 1217137.00 ns, 4.5173 ns/op

WorkloadWarmup   1: 269440 op, 981099139.00 ns, 3.6413 us/op
WorkloadWarmup   2: 269440 op, 977979270.00 ns, 3.6297 us/op
WorkloadWarmup   3: 269440 op, 1000779802.00 ns, 3.7143 us/op
WorkloadWarmup   4: 269440 op, 965739468.00 ns, 3.5842 us/op
WorkloadWarmup   5: 269440 op, 973518175.00 ns, 3.6131 us/op
WorkloadWarmup   6: 269440 op, 965736297.00 ns, 3.5842 us/op

// BeforeActualRun
WorkloadActual   1: 269440 op, 983163185.00 ns, 3.6489 us/op
WorkloadActual   2: 269440 op, 1002865778.00 ns, 3.7220 us/op
WorkloadActual   3: 269440 op, 969641615.00 ns, 3.5987 us/op
WorkloadActual   4: 269440 op, 969985147.00 ns, 3.6000 us/op
WorkloadActual   5: 269440 op, 974540133.00 ns, 3.6169 us/op
WorkloadActual   6: 269440 op, 966230460.00 ns, 3.5861 us/op
WorkloadActual   7: 269440 op, 985057281.00 ns, 3.6559 us/op
WorkloadActual   8: 269440 op, 966463656.00 ns, 3.5869 us/op
WorkloadActual   9: 269440 op, 966211684.00 ns, 3.5860 us/op
WorkloadActual  10: 269440 op, 965539535.00 ns, 3.5835 us/op
WorkloadActual  11: 269440 op, 965486223.00 ns, 3.5833 us/op
WorkloadActual  12: 269440 op, 1023908532.00 ns, 3.8001 us/op
WorkloadActual  13: 269440 op, 966558358.00 ns, 3.5873 us/op
WorkloadActual  14: 269440 op, 966336117.00 ns, 3.5865 us/op
WorkloadActual  15: 269440 op, 965562231.00 ns, 3.5836 us/op

// AfterActualRun
WorkloadResult   1: 269440 op, 981942307.00 ns, 3.6444 us/op
WorkloadResult   2: 269440 op, 1001644900.00 ns, 3.7175 us/op
WorkloadResult   3: 269440 op, 968420737.00 ns, 3.5942 us/op
WorkloadResult   4: 269440 op, 968764269.00 ns, 3.5955 us/op
WorkloadResult   5: 269440 op, 973319255.00 ns, 3.6124 us/op
WorkloadResult   6: 269440 op, 965009582.00 ns, 3.5815 us/op
WorkloadResult   7: 269440 op, 983836403.00 ns, 3.6514 us/op
WorkloadResult   8: 269440 op, 965242778.00 ns, 3.5824 us/op
WorkloadResult   9: 269440 op, 964990806.00 ns, 3.5815 us/op
WorkloadResult  10: 269440 op, 964318657.00 ns, 3.5790 us/op
WorkloadResult  11: 269440 op, 964265345.00 ns, 3.5788 us/op
WorkloadResult  12: 269440 op, 1022687654.00 ns, 3.7956 us/op
WorkloadResult  13: 269440 op, 965337480.00 ns, 3.5828 us/op
WorkloadResult  14: 269440 op, 965115239.00 ns, 3.5819 us/op
WorkloadResult  15: 269440 op, 964341353.00 ns, 3.5791 us/op

// AfterAll
// Benchmark Process 1036351 has exited with code 0.

Mean = 3.617 μs, StdErr = 0.016 μs (0.45%), N = 15, StdDev = 0.063 μs
Min = 3.579 μs, Q1 = 3.582 μs, Median = 3.583 μs, Q3 = 3.628 μs, Max = 3.796 μs
IQR = 0.047 μs, LowerFence = 3.511 μs, UpperFence = 3.699 μs
ConfidenceInterval = [3.550 μs; 3.684 μs] (CI 99.9%), Margin = 0.067 μs (1.86% of Mean)
Skewness = 1.7, Kurtosis = 4.81, MValue = 2

// ** Remained 3 (30.0 %) benchmark(s) to run. Estimated finish 2026-05-26 19:17 (0h 2m from now) **
// **************************
// Benchmark: SmokeBenchByte.Newtonsoft_Ser: Energy(OutlierMode=DontRemove, Affinity=00000100, IterationTime=1s)
// *** Execute ***
// Launch: 1 / 1
// Execute: dotnet JsonBench-Energy-1.dll --anonymousPipes 127 128 --benchmarkName JsonBench.Benchmarks.SmokeBenchByte.Newtonsoft_Ser --job Energy --benchmarkId 7 in /home/test/json-energy-bench/JsonBench/bin/Release/net10.0/JsonBench-Energy-1/bin/Release/net10.0
// BeforeAnythingElse

// Benchmark Process Environment Information:
// BenchmarkDotNet v0.15.5-develop (2026-05-26)
// Runtime=.NET 10.0.8 (10.0.8, 10.0.826.23019), X64 RyuJIT x86-64-v3
// GC=Concurrent Workstation
// HardwareIntrinsics=AVX2+BMI1+BMI2+F16C+FMA+LZCNT+MOVBE,AVX,SSE3+SSSE3+SSE4.1+SSE4.2+POPCNT,X86Base+SSE+SSE2,AES+PCLMUL VectorSize=256
// Job: Energy(OutlierMode=DontRemove, Affinity=100, IterationTime=1s)

OverheadJitting  1: 1 op, 237408.00 ns, 237.4080 us/op
WorkloadJitting  1: 1 op, 59248770.00 ns, 59.2488 ms/op

OverheadJitting  2: 16 op, 640151.00 ns, 40.0094 us/op
WorkloadJitting  2: 16 op, 1879160.00 ns, 117.4475 us/op

WorkloadPilot    1: 16 op, 1053710.00 ns, 65.8569 us/op
WorkloadPilot    2: 15184 op, 855785248.00 ns, 56.3610 us/op
WorkloadPilot    3: 17744 op, 1072416388.00 ns, 60.4383 us/op
WorkloadPilot    4: 16560 op, 1437209211.00 ns, 86.7880 us/op
WorkloadPilot    5: 11536 op, 706188179.00 ns, 61.2160 us/op
WorkloadPilot    6: 16336 op, 224954694.00 ns, 13.7705 us/op
WorkloadPilot    7: 72624 op, 882800572.00 ns, 12.1558 us/op
WorkloadPilot    8: 82272 op, 979675216.00 ns, 11.9078 us/op
WorkloadPilot    9: 83984 op, 996799416.00 ns, 11.8689 us/op
WorkloadPilot   10: 84256 op, 997484070.00 ns, 11.8387 us/op
WorkloadPilot   11: 84480 op, 1007110491.00 ns, 11.9213 us/op

OverheadWarmup   1: 84480 op, 374641.00 ns, 4.4347 ns/op
OverheadWarmup   2: 84480 op, 377158.00 ns, 4.4645 ns/op
OverheadWarmup   3: 84480 op, 377325.00 ns, 4.4664 ns/op
OverheadWarmup   4: 84480 op, 374019.00 ns, 4.4273 ns/op
OverheadWarmup   5: 84480 op, 377305.00 ns, 4.4662 ns/op
OverheadWarmup   6: 84480 op, 374008.00 ns, 4.4272 ns/op

OverheadActual   1: 84480 op, 377485.00 ns, 4.4683 ns/op
OverheadActual   2: 84480 op, 374031.00 ns, 4.4275 ns/op
OverheadActual   3: 84480 op, 373265.00 ns, 4.4184 ns/op
OverheadActual   4: 84480 op, 381733.00 ns, 4.5186 ns/op
OverheadActual   5: 84480 op, 374094.00 ns, 4.4282 ns/op
OverheadActual   6: 84480 op, 376374.00 ns, 4.4552 ns/op
OverheadActual   7: 84480 op, 373843.00 ns, 4.4252 ns/op
OverheadActual   8: 84480 op, 377927.00 ns, 4.4736 ns/op
OverheadActual   9: 84480 op, 373977.00 ns, 4.4268 ns/op
OverheadActual  10: 84480 op, 389770.00 ns, 4.6138 ns/op
OverheadActual  11: 84480 op, 373899.00 ns, 4.4259 ns/op
OverheadActual  12: 84480 op, 377656.00 ns, 4.4704 ns/op
OverheadActual  13: 84480 op, 373935.00 ns, 4.4263 ns/op
OverheadActual  14: 84480 op, 377642.00 ns, 4.4702 ns/op
OverheadActual  15: 84480 op, 374156.00 ns, 4.4289 ns/op

WorkloadWarmup   1: 84480 op, 1004251754.00 ns, 11.8874 us/op
WorkloadWarmup   2: 84480 op, 1069022753.00 ns, 12.6542 us/op
WorkloadWarmup   3: 84480 op, 1046523061.00 ns, 12.3878 us/op
WorkloadWarmup   4: 84480 op, 1000502339.00 ns, 11.8431 us/op
WorkloadWarmup   5: 84480 op, 1000190360.00 ns, 11.8394 us/op
WorkloadWarmup   6: 84480 op, 999685381.00 ns, 11.8334 us/op
WorkloadWarmup   7: 84480 op, 1005110911.00 ns, 11.8976 us/op
WorkloadWarmup   8: 84480 op, 1023818458.00 ns, 12.1191 us/op
WorkloadWarmup   9: 84480 op, 1000730680.00 ns, 11.8458 us/op

// BeforeActualRun
WorkloadActual   1: 84480 op, 1004168103.00 ns, 11.8865 us/op
WorkloadActual   2: 84480 op, 1004552626.00 ns, 11.8910 us/op
WorkloadActual   3: 84480 op, 1012536755.00 ns, 11.9855 us/op
WorkloadActual   4: 84480 op, 1038260782.00 ns, 12.2900 us/op
WorkloadActual   5: 84480 op, 1010691600.00 ns, 11.9637 us/op
WorkloadActual   6: 84480 op, 1004353448.00 ns, 11.8887 us/op
WorkloadActual   7: 84480 op, 1005517566.00 ns, 11.9024 us/op
WorkloadActual   8: 84480 op, 1044947722.00 ns, 12.3692 us/op
WorkloadActual   9: 84480 op, 1032875264.00 ns, 12.2263 us/op
WorkloadActual  10: 84480 op, 1005218956.00 ns, 11.8989 us/op
WorkloadActual  11: 84480 op, 1005283616.00 ns, 11.8997 us/op
WorkloadActual  12: 84480 op, 1004334999.00 ns, 11.8884 us/op
WorkloadActual  13: 84480 op, 1011227702.00 ns, 11.9700 us/op
WorkloadActual  14: 84480 op, 1031322419.00 ns, 12.2079 us/op
WorkloadActual  15: 84480 op, 1002024869.00 ns, 11.8611 us/op

// AfterActualRun
WorkloadResult   1: 84480 op, 1003793947.00 ns, 11.8820 us/op
WorkloadResult   2: 84480 op, 1004178470.00 ns, 11.8866 us/op
WorkloadResult   3: 84480 op, 1012162599.00 ns, 11.9811 us/op
WorkloadResult   4: 84480 op, 1037886626.00 ns, 12.2856 us/op
WorkloadResult   5: 84480 op, 1010317444.00 ns, 11.9593 us/op
WorkloadResult   6: 84480 op, 1003979292.00 ns, 11.8842 us/op
WorkloadResult   7: 84480 op, 1005143410.00 ns, 11.8980 us/op
WorkloadResult   8: 84480 op, 1044573566.00 ns, 12.3647 us/op
WorkloadResult   9: 84480 op, 1032501108.00 ns, 12.2218 us/op
WorkloadResult  10: 84480 op, 1004844800.00 ns, 11.8945 us/op
WorkloadResult  11: 84480 op, 1004909460.00 ns, 11.8952 us/op
WorkloadResult  12: 84480 op, 1003960843.00 ns, 11.8840 us/op
WorkloadResult  13: 84480 op, 1010853546.00 ns, 11.9656 us/op
WorkloadResult  14: 84480 op, 1030948263.00 ns, 12.2035 us/op
WorkloadResult  15: 84480 op, 1001650713.00 ns, 11.8567 us/op

// AfterAll
// Benchmark Process 1036730 has exited with code 0.

Mean = 12.004 μs, StdErr = 0.044 μs (0.37%), N = 15, StdDev = 0.172 μs
Min = 11.857 μs, Q1 = 11.885 μs, Median = 11.898 μs, Q3 = 12.092 μs, Max = 12.365 μs
IQR = 0.207 μs, LowerFence = 11.575 μs, UpperFence = 12.403 μs
ConfidenceInterval = [11.820 μs; 12.188 μs] (CI 99.9%), Margin = 0.184 μs (1.53% of Mean)
Skewness = 0.96, Kurtosis = 2.18, MValue = 2

// ** Remained 2 (20.0 %) benchmark(s) to run. Estimated finish 2026-05-26 19:17 (0h 1m from now) **
// **************************
// Benchmark: SmokeBenchByte.SpanJson_Ser: Energy(OutlierMode=DontRemove, Affinity=00000100, IterationTime=1s)
// *** Execute ***
// Launch: 1 / 1
// Execute: dotnet JsonBench-Energy-1.dll --anonymousPipes 127 128 --benchmarkName JsonBench.Benchmarks.SmokeBenchByte.SpanJson_Ser --job Energy --benchmarkId 8 in /home/test/json-energy-bench/JsonBench/bin/Release/net10.0/JsonBench-Energy-1/bin/Release/net10.0
// BeforeAnythingElse

// Benchmark Process Environment Information:
// BenchmarkDotNet v0.15.5-develop (2026-05-26)
// Runtime=.NET 10.0.8 (10.0.8, 10.0.826.23019), X64 RyuJIT x86-64-v3
// GC=Concurrent Workstation
// HardwareIntrinsics=AVX2+BMI1+BMI2+F16C+FMA+LZCNT+MOVBE,AVX,SSE3+SSSE3+SSE4.1+SSE4.2+POPCNT,X86Base+SSE+SSE2,AES+PCLMUL VectorSize=256
// Job: Energy(OutlierMode=DontRemove, Affinity=100, IterationTime=1s)

OverheadJitting  1: 1 op, 237198.00 ns, 237.1980 us/op
WorkloadJitting  1: 1 op, 78130933.00 ns, 78.1309 ms/op

WorkloadPilot    1: 4 op, 202964.00 ns, 50.7410 us/op
WorkloadPilot    2: 19708 op, 548340671.00 ns, 27.8233 us/op
WorkloadPilot    3: 35941 op, 992377414.00 ns, 27.6113 us/op
WorkloadPilot    4: 36217 op, 485192775.00 ns, 13.3968 us/op
WorkloadPilot    5: 74645 op, 531222781.00 ns, 7.1167 us/op
WorkloadPilot    6: 140515 op, 996292578.00 ns, 7.0903 us/op
WorkloadPilot    7: 141038 op, 1015269845.00 ns, 7.1986 us/op
WorkloadPilot    8: 138917 op, 981382927.00 ns, 7.0645 us/op
WorkloadPilot    9: 141552 op, 994424184.00 ns, 7.0252 us/op
WorkloadPilot   10: 142346 op, 991240000.00 ns, 6.9636 us/op
WorkloadPilot   11: 143604 op, 1003230401.00 ns, 6.9861 us/op
WorkloadPilot   12: 143142 op, 1021135998.00 ns, 7.1337 us/op

WorkloadWarmup   1: 143142 op, 998415325.00 ns, 6.9750 us/op
WorkloadWarmup   2: 143142 op, 1009339043.00 ns, 7.0513 us/op
WorkloadWarmup   3: 143142 op, 1012484552.00 ns, 7.0733 us/op
WorkloadWarmup   4: 143142 op, 1008126373.00 ns, 7.0428 us/op
WorkloadWarmup   5: 143142 op, 1003076240.00 ns, 7.0076 us/op
WorkloadWarmup   6: 143142 op, 1008480558.00 ns, 7.0453 us/op
WorkloadWarmup   7: 143142 op, 1019168683.00 ns, 7.1200 us/op
WorkloadWarmup   8: 143142 op, 1041474034.00 ns, 7.2758 us/op
WorkloadWarmup   9: 143142 op, 1005344971.00 ns, 7.0234 us/op

// BeforeActualRun
WorkloadActual   1: 143142 op, 1008344920.00 ns, 7.0444 us/op
WorkloadActual   2: 143142 op, 1016928611.00 ns, 7.1043 us/op
WorkloadActual   3: 143142 op, 1020211523.00 ns, 7.1273 us/op
WorkloadActual   4: 143142 op, 1010837365.00 ns, 7.0618 us/op
WorkloadActual   5: 143142 op, 1017983643.00 ns, 7.1117 us/op
WorkloadActual   6: 143142 op, 1006886656.00 ns, 7.0342 us/op
WorkloadActual   7: 143142 op, 1009247563.00 ns, 7.0507 us/op
WorkloadActual   8: 143142 op, 1007015777.00 ns, 7.0351 us/op
WorkloadActual   9: 143142 op, 1002660263.00 ns, 7.0047 us/op
WorkloadActual  10: 143142 op, 1008485400.00 ns, 7.0453 us/op
WorkloadActual  11: 143142 op, 1000657717.00 ns, 6.9907 us/op
WorkloadActual  12: 143142 op, 1007827424.00 ns, 7.0408 us/op
WorkloadActual  13: 143142 op, 1050479940.00 ns, 7.3387 us/op
WorkloadActual  14: 143142 op, 1045860188.00 ns, 7.3065 us/op
WorkloadActual  15: 143142 op, 1006724426.00 ns, 7.0330 us/op

// AfterActualRun
WorkloadResult   1: 143142 op, 1008344920.00 ns, 7.0444 us/op
WorkloadResult   2: 143142 op, 1016928611.00 ns, 7.1043 us/op
WorkloadResult   3: 143142 op, 1020211523.00 ns, 7.1273 us/op
WorkloadResult   4: 143142 op, 1010837365.00 ns, 7.0618 us/op
WorkloadResult   5: 143142 op, 1017983643.00 ns, 7.1117 us/op
WorkloadResult   6: 143142 op, 1006886656.00 ns, 7.0342 us/op
WorkloadResult   7: 143142 op, 1009247563.00 ns, 7.0507 us/op
WorkloadResult   8: 143142 op, 1007015777.00 ns, 7.0351 us/op
WorkloadResult   9: 143142 op, 1002660263.00 ns, 7.0047 us/op
WorkloadResult  10: 143142 op, 1008485400.00 ns, 7.0453 us/op
WorkloadResult  11: 143142 op, 1000657717.00 ns, 6.9907 us/op
WorkloadResult  12: 143142 op, 1007827424.00 ns, 7.0408 us/op
WorkloadResult  13: 143142 op, 1050479940.00 ns, 7.3387 us/op
WorkloadResult  14: 143142 op, 1045860188.00 ns, 7.3065 us/op
WorkloadResult  15: 143142 op, 1006724426.00 ns, 7.0330 us/op

// AfterAll
// Benchmark Process 1037089 has exited with code 0.

Mean = 7.089 μs, StdErr = 0.026 μs (0.37%), N = 15, StdDev = 0.102 μs
Min = 6.991 μs, Q1 = 7.035 μs, Median = 7.045 μs, Q3 = 7.108 μs, Max = 7.339 μs
IQR = 0.073 μs, LowerFence = 6.925 μs, UpperFence = 7.218 μs
ConfidenceInterval = [6.979 μs; 7.198 μs] (CI 99.9%), Margin = 0.109 μs (1.54% of Mean)
Skewness = 1.48, Kurtosis = 3.89, MValue = 2

// ** Remained 1 (10.0 %) benchmark(s) to run. Estimated finish 2026-05-26 19:17 (0h 0m from now) **
// **************************
// Benchmark: SmokeBenchByte.Utf8Json_Ser: Energy(OutlierMode=DontRemove, Affinity=00000100, IterationTime=1s)
// *** Execute ***
// Launch: 1 / 1
// Execute: dotnet JsonBench-Energy-1.dll --anonymousPipes 127 128 --benchmarkName JsonBench.Benchmarks.SmokeBenchByte.Utf8Json_Ser --job Energy --benchmarkId 9 in /home/test/json-energy-bench/JsonBench/bin/Release/net10.0/JsonBench-Energy-1/bin/Release/net10.0
// BeforeAnythingElse

// Benchmark Process Environment Information:
// BenchmarkDotNet v0.15.5-develop (2026-05-26)
// Runtime=.NET 10.0.8 (10.0.8, 10.0.826.23019), X64 RyuJIT x86-64-v3
// GC=Concurrent Workstation
// HardwareIntrinsics=AVX2+BMI1+BMI2+F16C+FMA+LZCNT+MOVBE,AVX,SSE3+SSSE3+SSE4.1+SSE4.2+POPCNT,X86Base+SSE+SSE2,AES+PCLMUL VectorSize=256
// Job: Energy(OutlierMode=DontRemove, Affinity=100, IterationTime=1s)

OverheadJitting  1: 1 op, 237076.00 ns, 237.0760 us/op
WorkloadJitting  1: 1 op, 85397094.00 ns, 85.3971 ms/op

WorkloadPilot    1: 4 op, 164982.00 ns, 41.2455 us/op
WorkloadPilot    2: 24245 op, 822242452.00 ns, 33.9139 us/op
WorkloadPilot    3: 29486 op, 996042581.00 ns, 33.7802 us/op
WorkloadPilot    4: 29603 op, 226444485.00 ns, 7.6494 us/op
WorkloadPilot    5: 130730 op, 890656254.00 ns, 6.8129 us/op
WorkloadPilot    6: 146779 op, 1007070676.00 ns, 6.8611 us/op
WorkloadPilot    7: 145748 op, 993557557.00 ns, 6.8170 us/op
WorkloadPilot    8: 146693 op, 987917101.00 ns, 6.7346 us/op
WorkloadPilot    9: 148487 op, 999162613.00 ns, 6.7290 us/op
WorkloadPilot   10: 148611 op, 996752990.00 ns, 6.7071 us/op
WorkloadPilot   11: 149095 op, 1015078608.00 ns, 6.8083 us/op
WorkloadPilot   12: 146880 op, 996686425.00 ns, 6.7857 us/op
WorkloadPilot   13: 147368 op, 992359323.00 ns, 6.7339 us/op
WorkloadPilot   14: 148503 op, 1013192834.00 ns, 6.8227 us/op

WorkloadWarmup   1: 148503 op, 993847745.00 ns, 6.6924 us/op
WorkloadWarmup   2: 148503 op, 1001461044.00 ns, 6.7437 us/op
WorkloadWarmup   3: 148503 op, 1004269777.00 ns, 6.7626 us/op
WorkloadWarmup   4: 148503 op, 1037335100.00 ns, 6.9853 us/op
WorkloadWarmup   5: 148503 op, 1013774704.00 ns, 6.8266 us/op
WorkloadWarmup   6: 148503 op, 1004418086.00 ns, 6.7636 us/op
WorkloadWarmup   7: 148503 op, 996899124.00 ns, 6.7130 us/op
WorkloadWarmup   8: 148503 op, 1003597280.00 ns, 6.7581 us/op
WorkloadWarmup   9: 148503 op, 998383007.00 ns, 6.7230 us/op

// BeforeActualRun
WorkloadActual   1: 148503 op, 1013466028.00 ns, 6.8245 us/op
WorkloadActual   2: 148503 op, 995776781.00 ns, 6.7054 us/op
WorkloadActual   3: 148503 op, 1005505349.00 ns, 6.7709 us/op
WorkloadActual   4: 148503 op, 994815078.00 ns, 6.6990 us/op
WorkloadActual   5: 148503 op, 998910084.00 ns, 6.7265 us/op
WorkloadActual   6: 148503 op, 1011882655.00 ns, 6.8139 us/op
WorkloadActual   7: 148503 op, 1010221681.00 ns, 6.8027 us/op
WorkloadActual   8: 148503 op, 1001190673.00 ns, 6.7419 us/op
WorkloadActual   9: 148503 op, 1000924543.00 ns, 6.7401 us/op
WorkloadActual  10: 148503 op, 1058608136.00 ns, 7.1285 us/op
WorkloadActual  11: 148503 op, 1015615994.00 ns, 6.8390 us/op
WorkloadActual  12: 148503 op, 997817906.00 ns, 6.7192 us/op
WorkloadActual  13: 148503 op, 992728396.00 ns, 6.6849 us/op
WorkloadActual  14: 148503 op, 999895852.00 ns, 6.7332 us/op
WorkloadActual  15: 148503 op, 992817736.00 ns, 6.6855 us/op

// AfterActualRun
WorkloadResult   1: 148503 op, 1013466028.00 ns, 6.8245 us/op
WorkloadResult   2: 148503 op, 995776781.00 ns, 6.7054 us/op
WorkloadResult   3: 148503 op, 1005505349.00 ns, 6.7709 us/op
WorkloadResult   4: 148503 op, 994815078.00 ns, 6.6990 us/op
WorkloadResult   5: 148503 op, 998910084.00 ns, 6.7265 us/op
WorkloadResult   6: 148503 op, 1011882655.00 ns, 6.8139 us/op
WorkloadResult   7: 148503 op, 1010221681.00 ns, 6.8027 us/op
WorkloadResult   8: 148503 op, 1001190673.00 ns, 6.7419 us/op
WorkloadResult   9: 148503 op, 1000924543.00 ns, 6.7401 us/op
WorkloadResult  10: 148503 op, 1058608136.00 ns, 7.1285 us/op
WorkloadResult  11: 148503 op, 1015615994.00 ns, 6.8390 us/op
WorkloadResult  12: 148503 op, 997817906.00 ns, 6.7192 us/op
WorkloadResult  13: 148503 op, 992728396.00 ns, 6.6849 us/op
WorkloadResult  14: 148503 op, 999895852.00 ns, 6.7332 us/op
WorkloadResult  15: 148503 op, 992817736.00 ns, 6.6855 us/op

// AfterAll
// Benchmark Process 1037449 has exited with code 0.

Mean = 6.774 μs, StdErr = 0.028 μs (0.42%), N = 15, StdDev = 0.110 μs
Min = 6.685 μs, Q1 = 6.712 μs, Median = 6.740 μs, Q3 = 6.808 μs, Max = 7.129 μs
IQR = 0.096 μs, LowerFence = 6.568 μs, UpperFence = 6.952 μs
ConfidenceInterval = [6.657 μs; 6.892 μs] (CI 99.9%), Margin = 0.118 μs (1.74% of Mean)
Skewness = 2.11, Kurtosis = 7.21, MValue = 2

// ** Remained 0 (0.0 %) benchmark(s) to run. Estimated finish 2026-05-26 19:17 (0h 0m from now) **
// ***** BenchmarkRunner: Finish  *****

// * Export *
  BenchmarkArtifacts/results/JsonBench.Benchmarks.SmokeBenchByte-report.csv
  BenchmarkArtifacts/results/JsonBench.Benchmarks.SmokeBenchByte-report-github.md
  BenchmarkArtifacts/results/JsonBench.Benchmarks.SmokeBenchByte-report.html
  BenchmarkArtifacts/results/JsonBench.Benchmarks.SmokeBenchByte-measurements.csv

// * Detailed results *
SmokeBenchByte.SpanJson_Deser: Energy(OutlierMode=DontRemove, Affinity=00000100, IterationTime=1s)
Runtime = .NET 10.0.8 (10.0.8, 10.0.826.23019), X64 RyuJIT x86-64-v3; GC = Concurrent Workstation
Mean = 7.450 μs, StdErr = 0.041 μs (0.55%), N = 36, StdDev = 0.246 μs
Min = 7.317 μs, Q1 = 7.333 μs, Median = 7.354 μs, Q3 = 7.388 μs, Max = 8.423 μs
IQR = 0.055 μs, LowerFence = 7.250 μs, UpperFence = 7.471 μs
ConfidenceInterval = [7.302 μs; 7.597 μs] (CI 99.9%), Margin = 0.148 μs (1.98% of Mean)
Skewness = 2.66, Kurtosis = 9.76, MValue = 2
-------------------- Histogram --------------------
[7.261 μs ; 7.457 μs) | @@@@@@@@@@@@@@@@@@@@@@@@@@@@
[7.457 μs ; 7.755 μs) | @@@@@@
[7.755 μs ; 7.951 μs) | 
[7.951 μs ; 8.147 μs) | 
[8.147 μs ; 8.426 μs) | @@
---------------------------------------------------

SmokeBenchByte.STJSrcGen_Deser: Energy(OutlierMode=DontRemove, Affinity=00000100, IterationTime=1s)
Runtime = .NET 10.0.8 (10.0.8, 10.0.826.23019), X64 RyuJIT x86-64-v3; GC = Concurrent Workstation
Mean = 9.902 μs, StdErr = 0.023 μs (0.23%), N = 15, StdDev = 0.087 μs
Min = 9.808 μs, Q1 = 9.845 μs, Median = 9.858 μs, Q3 = 9.965 μs, Max = 10.104 μs
IQR = 0.119 μs, LowerFence = 9.666 μs, UpperFence = 10.144 μs
ConfidenceInterval = [9.809 μs; 9.995 μs] (CI 99.9%), Margin = 0.093 μs (0.94% of Mean)
Skewness = 0.87, Kurtosis = 2.5, MValue = 2
-------------------- Histogram --------------------
[9.762 μs ; 10.150 μs) | @@@@@@@@@@@@@@@
---------------------------------------------------

SmokeBenchByte.STJRefGen_Deser: Energy(OutlierMode=DontRemove, Affinity=00000100, IterationTime=1s)
Runtime = .NET 10.0.8 (10.0.8, 10.0.826.23019), X64 RyuJIT x86-64-v3; GC = Concurrent Workstation
Mean = 10.183 μs, StdErr = 0.033 μs (0.32%), N = 15, StdDev = 0.127 μs
Min = 10.096 μs, Q1 = 10.110 μs, Median = 10.115 μs, Q3 = 10.219 μs, Max = 10.565 μs
IQR = 0.109 μs, LowerFence = 9.947 μs, UpperFence = 10.383 μs
ConfidenceInterval = [10.047 μs; 10.319 μs] (CI 99.9%), Margin = 0.136 μs (1.33% of Mean)
Skewness = 1.81, Kurtosis = 5.6, MValue = 2
-------------------- Histogram --------------------
[10.028 μs ; 10.238 μs) | @@@@@@@@@@@
[10.238 μs ; 10.633 μs) | @@@@
---------------------------------------------------

SmokeBenchByte.Utf8Json_Deser: Energy(OutlierMode=DontRemove, Affinity=00000100, IterationTime=1s)
Runtime = .NET 10.0.8 (10.0.8, 10.0.826.23019), X64 RyuJIT x86-64-v3; GC = Concurrent Workstation
Mean = 12.424 μs, StdErr = 0.058 μs (0.47%), N = 16, StdDev = 0.233 μs
Min = 12.297 μs, Q1 = 12.329 μs, Median = 12.332 μs, Q3 = 12.377 μs, Max = 13.202 μs
IQR = 0.049 μs, LowerFence = 12.255 μs, UpperFence = 12.451 μs
ConfidenceInterval = [12.188 μs; 12.661 μs] (CI 99.9%), Margin = 0.237 μs (1.91% of Mean)
Skewness = 2.38, Kurtosis = 7.95, MValue = 2
-------------------- Histogram --------------------
[12.280 μs ; 12.579 μs) | @@@@@@@@@@@@@@
[12.579 μs ; 12.833 μs) | @
[12.833 μs ; 13.323 μs) | @
---------------------------------------------------

SmokeBenchByte.Newtonsoft_Deser: Energy(OutlierMode=DontRemove, Affinity=00000100, IterationTime=1s)
Runtime = .NET 10.0.8 (10.0.8, 10.0.826.23019), X64 RyuJIT x86-64-v3; GC = Concurrent Workstation
Mean = 18.720 μs, StdErr = 0.061 μs (0.32%), N = 15, StdDev = 0.235 μs
Min = 18.555 μs, Q1 = 18.564 μs, Median = 18.584 μs, Q3 = 18.848 μs, Max = 19.118 μs
IQR = 0.284 μs, LowerFence = 18.138 μs, UpperFence = 19.274 μs
ConfidenceInterval = [18.469 μs; 18.971 μs] (CI 99.9%), Margin = 0.251 μs (1.34% of Mean)
Skewness = 0.92, Kurtosis = 1.86, MValue = 2
-------------------- Histogram --------------------
[18.430 μs ; 19.243 μs) | @@@@@@@@@@@@@@@
---------------------------------------------------

SmokeBenchByte.STJSrcGen_Ser: Energy(OutlierMode=DontRemove, Affinity=00000100, IterationTime=1s)
Runtime = .NET 10.0.8 (10.0.8, 10.0.826.23019), X64 RyuJIT x86-64-v3; GC = Concurrent Workstation
Mean = 3.617 μs, StdErr = 0.016 μs (0.45%), N = 15, StdDev = 0.063 μs
Min = 3.579 μs, Q1 = 3.582 μs, Median = 3.583 μs, Q3 = 3.628 μs, Max = 3.796 μs
IQR = 0.047 μs, LowerFence = 3.511 μs, UpperFence = 3.699 μs
ConfidenceInterval = [3.550 μs; 3.684 μs] (CI 99.9%), Margin = 0.067 μs (1.86% of Mean)
Skewness = 1.7, Kurtosis = 4.81, MValue = 2
-------------------- Histogram --------------------
[3.575 μs ; 3.721 μs) | @@@@@@@@@@@@@@
[3.721 μs ; 3.829 μs) | @
---------------------------------------------------

SmokeBenchByte.STJRefGen_Ser: Energy(OutlierMode=DontRemove, Affinity=00000100, IterationTime=1s)
Runtime = .NET 10.0.8 (10.0.8, 10.0.826.23019), X64 RyuJIT x86-64-v3; GC = Concurrent Workstation
Mean = 4.888 μs, StdErr = 0.015 μs (0.30%), N = 15, StdDev = 0.056 μs
Min = 4.845 μs, Q1 = 4.849 μs, Median = 4.862 μs, Q3 = 4.913 μs, Max = 5.047 μs
IQR = 0.064 μs, LowerFence = 4.754 μs, UpperFence = 5.009 μs
ConfidenceInterval = [4.827 μs; 4.948 μs] (CI 99.9%), Margin = 0.060 μs (1.23% of Mean)
Skewness = 1.49, Kurtosis = 4.48, MValue = 2
-------------------- Histogram --------------------
[4.815 μs ; 5.077 μs) | @@@@@@@@@@@@@@@
---------------------------------------------------

SmokeBenchByte.Utf8Json_Ser: Energy(OutlierMode=DontRemove, Affinity=00000100, IterationTime=1s)
Runtime = .NET 10.0.8 (10.0.8, 10.0.826.23019), X64 RyuJIT x86-64-v3; GC = Concurrent Workstation
Mean = 6.774 μs, StdErr = 0.028 μs (0.42%), N = 15, StdDev = 0.110 μs
Min = 6.685 μs, Q1 = 6.712 μs, Median = 6.740 μs, Q3 = 6.808 μs, Max = 7.129 μs
IQR = 0.096 μs, LowerFence = 6.568 μs, UpperFence = 6.952 μs
ConfidenceInterval = [6.657 μs; 6.892 μs] (CI 99.9%), Margin = 0.118 μs (1.74% of Mean)
Skewness = 2.11, Kurtosis = 7.21, MValue = 2
-------------------- Histogram --------------------
[6.661 μs ; 6.889 μs) | @@@@@@@@@@@@@@
[6.889 μs ; 7.187 μs) | @
---------------------------------------------------

SmokeBenchByte.SpanJson_Ser: Energy(OutlierMode=DontRemove, Affinity=00000100, IterationTime=1s)
Runtime = .NET 10.0.8 (10.0.8, 10.0.826.23019), X64 RyuJIT x86-64-v3; GC = Concurrent Workstation
Mean = 7.089 μs, StdErr = 0.026 μs (0.37%), N = 15, StdDev = 0.102 μs
Min = 6.991 μs, Q1 = 7.035 μs, Median = 7.045 μs, Q3 = 7.108 μs, Max = 7.339 μs
IQR = 0.073 μs, LowerFence = 6.925 μs, UpperFence = 7.218 μs
ConfidenceInterval = [6.979 μs; 7.198 μs] (CI 99.9%), Margin = 0.109 μs (1.54% of Mean)
Skewness = 1.48, Kurtosis = 3.89, MValue = 2
-------------------- Histogram --------------------
[6.936 μs ; 7.151 μs) | @@@@@@@@@@@@@
[7.151 μs ; 7.393 μs) | @@
---------------------------------------------------

SmokeBenchByte.Newtonsoft_Ser: Energy(OutlierMode=DontRemove, Affinity=00000100, IterationTime=1s)
Runtime = .NET 10.0.8 (10.0.8, 10.0.826.23019), X64 RyuJIT x86-64-v3; GC = Concurrent Workstation
Mean = 12.004 μs, StdErr = 0.044 μs (0.37%), N = 15, StdDev = 0.172 μs
Min = 11.857 μs, Q1 = 11.885 μs, Median = 11.898 μs, Q3 = 12.092 μs, Max = 12.365 μs
IQR = 0.207 μs, LowerFence = 11.575 μs, UpperFence = 12.403 μs
ConfidenceInterval = [11.820 μs; 12.188 μs] (CI 99.9%), Margin = 0.184 μs (1.53% of Mean)
Skewness = 0.96, Kurtosis = 2.18, MValue = 2
-------------------- Histogram --------------------
[11.800 μs ; 12.407 μs) | @@@@@@@@@@@@@@@
---------------------------------------------------

// * Summary *

BenchmarkDotNet v0.15.5-develop (2026-05-26), Linux Ubuntu 24.04.4 LTS (Noble Numbat)
Intel Core i9-9900K CPU 3.60GHz (Coffee Lake), 1 CPU, 8 logical and 8 physical cores
.NET SDK 10.0.108
  [Host] : .NET 10.0.8 (10.0.8, 10.0.826.23019), X64 RyuJIT x86-64-v3
  Energy : .NET 10.0.8 (10.0.8, 10.0.826.23019), X64 RyuJIT x86-64-v3

Job=Energy  OutlierMode=DontRemove  Affinity=00000100  
IterationTime=1s  

| Method           | Mean      | Error     | StdDev    | Operations | Iterations | Metrion CPU Energy (uJ/op) | Metrion CPU Energy (uJ/iter) |
|----------------- |----------:|----------:|----------:|-----------:|-----------:|---------------------------:|-----------------------------:|
| SpanJson_Deser   |  7.450 μs | 0.1475 μs | 0.2465 μs |     44,193 |      36.00 |                     113.42 |                   5012227.55 |
| STJSrcGen_Deser  |  9.902 μs | 0.0933 μs | 0.0872 μs |    101,184 |      15.00 |                     138.22 |                  13985244.22 |
| STJRefGen_Deser  | 10.183 μs | 0.1359 μs | 0.1271 μs |     99,136 |      15.00 |                     115.70 |                  11469725.10 |
| Utf8Json_Deser   | 12.424 μs | 0.2368 μs | 0.2326 μs |     81,245 |      16.00 |                     167.08 |                  13574807.22 |
| Newtonsoft_Deser | 18.720 μs | 0.2512 μs | 0.2349 μs |     53,856 |      15.00 |                     220.06 |                  11851595.02 |
|                  |           |           |           |            |            |                            |                              |
| STJSrcGen_Ser    |  3.617 μs | 0.0673 μs | 0.0629 μs |    269,440 |      15.00 |                      53.40 |                  14387755.93 |
| STJRefGen_Ser    |  4.888 μs | 0.0602 μs | 0.0563 μs |    205,920 |      15.00 |                      50.73 |                  10446886.10 |
| Utf8Json_Ser     |  6.774 μs | 0.1178 μs | 0.1102 μs |    148,503 |      15.00 |                      85.40 |                  12682390.87 |
| SpanJson_Ser     |  7.089 μs | 0.1092 μs | 0.1022 μs |    143,142 |      15.00 |                      76.64 |                  10970080.27 |
| Newtonsoft_Ser   | 12.004 μs | 0.1840 μs | 0.1721 μs |     84,480 |      15.00 |                     116.30 |                   9825023.75 |

// * Hints *
Outliers
  SmokeBenchByte.SpanJson_Deser: Energy  -> 8 outliers were detected (7.52 μs..8.42 μs)
  SmokeBenchByte.STJRefGen_Deser: Energy -> 1 outlier  was  detected (10.57 μs)
  SmokeBenchByte.Utf8Json_Deser: Energy  -> 4 outliers were detected (12.46 μs..13.20 μs)
  SmokeBenchByte.STJSrcGen_Ser: Energy   -> 2 outliers were detected (3.72 μs, 3.80 μs)
  SmokeBenchByte.STJRefGen_Ser: Energy   -> 1 outlier  was  detected (5.05 μs)
  SmokeBenchByte.Utf8Json_Ser: Energy    -> 1 outlier  was  detected (7.13 μs)
  SmokeBenchByte.SpanJson_Ser: Energy    -> 2 outliers were detected (7.31 μs, 7.34 μs)

// * Legends *
  Mean                         : Arithmetic mean of all measurements
  Error                        : Half of 99.9% confidence interval
  StdDev                       : Standard deviation of all measurements
  Operations                   : Actual invocations per measured iteration (from measurements)
  Iterations                   : Number of target iterations
  Metrion CPU Energy (uJ/op)   : Average CPU core energy consumed per benchmark operation (uJ), captured with Metrion.
  Metrion CPU Energy (uJ/iter) : Average CPU core energy consumed per benchmark iteration (uJ), captured with Metrion.
  1 μs                         : 1 Microsecond (0.000001 sec)

// * Diagnostic Output - MetrionEnergyProfiler *
Metrion measured the energy for a total of 10 benchmarks.
The measurements details of Actual Stage for each benchmark:
BenchmarkMethod - StartTimestamp - EndTimestamp - TotalEnergyFromSummary - TotalEnergyFromRawMeasurements
STJRefGen_Deser: 2026-05-26T19:10:52.693290 - 2026-05-26T19:11:07.863527 - 167.84441938767628 - 172.04587644841277
STJSrcGen_Deser: 2026-05-26T19:11:32.471351 - 2026-05-26T19:11:47.536858 - 204.33276256238733 - 209.77866332132956
Newtonsoft_Deser: 2026-05-26T19:12:14.377397 - 2026-05-26T19:12:29.529615 - 173.28689616214544 - 177.77392526786122
SpanJson_Deser: 2026-05-26T19:12:48.107860 - 2026-05-26T19:13:00.049400 - 173.38718449720218 - 180.44019179401877
Utf8Json_Deser: 2026-05-26T19:13:31.855633 - 2026-05-26T19:13:48.042885 - 221.47660273462387 - 217.19691545412593
STJRefGen_Ser: 2026-05-26T19:14:19.667231 - 2026-05-26T19:14:34.794820 - 149.88978950745175 - 156.70329155466075
STJSrcGen_Ser: 2026-05-26T19:14:56.905202 - 2026-05-26T19:15:11.570743 - 217.76043758110038 - 215.81633891729388
Newtonsoft_Ser: 2026-05-26T19:15:44.495228 - 2026-05-26T19:15:59.733738 - 149.34574021194732 - 147.37535629908692
SpanJson_Ser: 2026-05-26T19:16:30.141416 - 2026-05-26T19:16:45.388560 - 160.1811492213206 - 164.55120405141832
Utf8Json_Ser: 2026-05-26T19:17:18.105806 - 2026-05-26T19:17:33.225002 - 191.1968435402134 - 190.23586308077023


// ***** BenchmarkRunner: End *****
Run time: 00:07:12 (432.68 sec), executed benchmarks: 10

Global total time: 00:07:19 (439.86 sec), executed benchmarks: 10
// * Artifacts cleanup *
Artifacts cleanup is finished
