// Validating benchmarks:
// ***** BenchmarkRunner: Start   *****
// ***** Found 10 benchmark(s) in total *****
// ***** Building 1 exe(s) in Parallel: Start   *****
// start dotnet  restore --nodeReuse:false /p:UseSharedCompilation=false /p:Deterministic=true /p:Optimize=true /p:ArtifactsPath="/home/test/json-energy-bench/JsonBench/bin/Release/net10.0/JsonBench-Energy-1/" /p:OutDir="/home/test/json-energy-bench/JsonBench/bin/Release/net10.0/JsonBench-Energy-1/bin/Release/net10.0/" /p:OutputPath="/home/test/json-energy-bench/JsonBench/bin/Release/net10.0/JsonBench-Energy-1/bin/Release/net10.0/" /p:PublishDir="/home/test/json-energy-bench/JsonBench/bin/Release/net10.0/JsonBench-Energy-1/publish/" in /home/test/json-energy-bench/JsonBench/bin/Release/net10.0/JsonBench-Energy-1
// command took 3.72 sec and exited with 0
// start dotnet  build -c Release --no-restore --nodeReuse:false /p:UseSharedCompilation=false /p:Deterministic=true /p:Optimize=true /p:ArtifactsPath="/home/test/json-energy-bench/JsonBench/bin/Release/net10.0/JsonBench-Energy-1/" /p:OutDir="/home/test/json-energy-bench/JsonBench/bin/Release/net10.0/JsonBench-Energy-1/bin/Release/net10.0/" /p:OutputPath="/home/test/json-energy-bench/JsonBench/bin/Release/net10.0/JsonBench-Energy-1/bin/Release/net10.0/" /p:PublishDir="/home/test/json-energy-bench/JsonBench/bin/Release/net10.0/JsonBench-Energy-1/publish/" --output "/home/test/json-energy-bench/JsonBench/bin/Release/net10.0/JsonBench-Energy-1/bin/Release/net10.0/" in /home/test/json-energy-bench/JsonBench/bin/Release/net10.0/JsonBench-Energy-1
// command took 10.99 sec and exited with 0
// ***** Done, took 00:00:14 (14.88 sec)   *****
// Found 10 benchmarks:
//   SmokeBenchByte.STJRefGen_Deser: Energy(OutlierMode=DontRemove, IterationTime=1s)
//   SmokeBenchByte.STJSrcGen_Deser: Energy(OutlierMode=DontRemove, IterationTime=1s)
//   SmokeBenchByte.Newtonsoft_Deser: Energy(OutlierMode=DontRemove, IterationTime=1s)
//   SmokeBenchByte.SpanJson_Deser: Energy(OutlierMode=DontRemove, IterationTime=1s)
//   SmokeBenchByte.Utf8Json_Deser: Energy(OutlierMode=DontRemove, IterationTime=1s)
//   SmokeBenchByte.STJRefGen_Ser: Energy(OutlierMode=DontRemove, IterationTime=1s)
//   SmokeBenchByte.STJSrcGen_Ser: Energy(OutlierMode=DontRemove, IterationTime=1s)
//   SmokeBenchByte.Newtonsoft_Ser: Energy(OutlierMode=DontRemove, IterationTime=1s)
//   SmokeBenchByte.SpanJson_Ser: Energy(OutlierMode=DontRemove, IterationTime=1s)
//   SmokeBenchByte.Utf8Json_Ser: Energy(OutlierMode=DontRemove, IterationTime=1s)

// **************************
// Benchmark: SmokeBenchByte.STJRefGen_Deser: Energy(OutlierMode=DontRemove, IterationTime=1s)
// *** Execute ***
// Launch: 1 / 1
// Execute: dotnet JsonBench-Energy-1.dll --anonymousPipes 160 161 --benchmarkName JsonBench.Benchmarks.SmokeBenchByte.STJRefGen_Deser --job Energy --benchmarkId 0 in /home/test/json-energy-bench/JsonBench/bin/Release/net10.0/JsonBench-Energy-1/bin/Release/net10.0
// BeforeAnythingElse

// Benchmark Process Environment Information:
// BenchmarkDotNet v0.15.5-develop (2026-05-17)
// Runtime=.NET 10.0.7 (10.0.7, 10.0.726.21808), X64 RyuJIT x86-64-v3
// GC=Concurrent Workstation
// HardwareIntrinsics=AVX2+BMI1+BMI2+F16C+FMA+LZCNT+MOVBE,AVX,SSE3+SSSE3+SSE4.1+SSE4.2+POPCNT,X86Base+SSE+SSE2,AES+PCLMUL VectorSize=256
// Job: Energy(OutlierMode=DontRemove, IterationTime=1s)

OverheadJitting  1: 1 op, 302963.00 ns, 302.9630 us/op
WorkloadJitting  1: 1 op, 395293.00 ns, 395.2930 us/op

OverheadJitting  2: 16 op, 892352.00 ns, 55.7720 us/op
WorkloadJitting  2: 16 op, 1314004.00 ns, 82.1253 us/op

WorkloadPilot    1: 16 op, 581433.00 ns, 36.3396 us/op
WorkloadPilot    2: 27520 op, 770214285.00 ns, 27.9874 us/op
WorkloadPilot    3: 35744 op, 557795809.00 ns, 15.6053 us/op
WorkloadPilot    4: 64096 op, 992005159.00 ns, 15.4769 us/op
WorkloadPilot    5: 64624 op, 1009581591.00 ns, 15.6224 us/op
WorkloadPilot    6: 64016 op, 995618097.00 ns, 15.5526 us/op
WorkloadPilot    7: 64304 op, 998392275.00 ns, 15.5261 us/op
WorkloadPilot    8: 64416 op, 999469493.00 ns, 15.5159 us/op
WorkloadPilot    9: 64464 op, 1003757024.00 ns, 15.5708 us/op
WorkloadPilot   10: 64224 op, 1000670010.00 ns, 15.5809 us/op

OverheadWarmup   1: 64224 op, 444579.00 ns, 6.9223 ns/op
OverheadWarmup   2: 64224 op, 441073.00 ns, 6.8677 ns/op
OverheadWarmup   3: 64224 op, 349152.00 ns, 5.4365 ns/op
OverheadWarmup   4: 64224 op, 377511.00 ns, 5.8780 ns/op
OverheadWarmup   5: 64224 op, 368927.00 ns, 5.7444 ns/op
OverheadWarmup   6: 64224 op, 371480.00 ns, 5.7841 ns/op
OverheadWarmup   7: 64224 op, 525138.00 ns, 8.1767 ns/op
OverheadWarmup   8: 64224 op, 502690.00 ns, 7.8271 ns/op

OverheadActual   1: 64224 op, 563603.00 ns, 8.7756 ns/op
OverheadActual   2: 64224 op, 487661.00 ns, 7.5931 ns/op
OverheadActual   3: 64224 op, 403093.00 ns, 6.2764 ns/op
OverheadActual   4: 64224 op, 457042.00 ns, 7.1164 ns/op
OverheadActual   5: 64224 op, 486852.00 ns, 7.5805 ns/op
OverheadActual   6: 64224 op, 510842.00 ns, 7.9541 ns/op
OverheadActual   7: 64224 op, 521501.00 ns, 8.1200 ns/op
OverheadActual   8: 64224 op, 381498.00 ns, 5.9401 ns/op
OverheadActual   9: 64224 op, 438048.00 ns, 6.8206 ns/op
OverheadActual  10: 64224 op, 389791.00 ns, 6.0692 ns/op
OverheadActual  11: 64224 op, 395934.00 ns, 6.1649 ns/op
OverheadActual  12: 64224 op, 376930.00 ns, 5.8690 ns/op
OverheadActual  13: 64224 op, 418427.00 ns, 6.5151 ns/op
OverheadActual  14: 64224 op, 498600.00 ns, 7.7635 ns/op
OverheadActual  15: 64224 op, 519350.00 ns, 8.0865 ns/op
OverheadActual  16: 64224 op, 475726.00 ns, 7.4073 ns/op
OverheadActual  17: 64224 op, 464885.00 ns, 7.2385 ns/op
OverheadActual  18: 64224 op, 519371.00 ns, 8.0869 ns/op
OverheadActual  19: 64224 op, 488389.00 ns, 7.6045 ns/op
OverheadActual  20: 64224 op, 397260.00 ns, 6.1855 ns/op

WorkloadWarmup   1: 64224 op, 1007513878.00 ns, 15.6875 us/op
WorkloadWarmup   2: 64224 op, 1014163470.00 ns, 15.7910 us/op
WorkloadWarmup   3: 64224 op, 1012166463.00 ns, 15.7599 us/op
WorkloadWarmup   4: 64224 op, 1006533376.00 ns, 15.6722 us/op
WorkloadWarmup   5: 64224 op, 1008300319.00 ns, 15.6997 us/op
WorkloadWarmup   6: 64224 op, 1021275022.00 ns, 15.9018 us/op
WorkloadWarmup   7: 64224 op, 1008937161.00 ns, 15.7097 us/op

// BeforeActualRun
WorkloadActual   1: 64224 op, 1006659349.00 ns, 15.6742 us/op
WorkloadActual   2: 64224 op, 1004267670.00 ns, 15.6370 us/op
WorkloadActual   3: 64224 op, 1007553137.00 ns, 15.6881 us/op
WorkloadActual   4: 64224 op, 1008053265.00 ns, 15.6959 us/op
WorkloadActual   5: 64224 op, 1000674034.00 ns, 15.5810 us/op
WorkloadActual   6: 64224 op, 999215563.00 ns, 15.5583 us/op
WorkloadActual   7: 64224 op, 997161004.00 ns, 15.5263 us/op
WorkloadActual   8: 64224 op, 1001155456.00 ns, 15.5885 us/op
WorkloadActual   9: 64224 op, 1083669033.00 ns, 16.8733 us/op
WorkloadActual  10: 64224 op, 1095488369.00 ns, 17.0573 us/op
WorkloadActual  11: 64224 op, 1110902160.00 ns, 17.2973 us/op
WorkloadActual  12: 64224 op, 1108639351.00 ns, 17.2621 us/op
WorkloadActual  13: 64224 op, 1110238508.00 ns, 17.2870 us/op
WorkloadActual  14: 64224 op, 1050322830.00 ns, 16.3541 us/op
WorkloadActual  15: 64224 op, 999020327.00 ns, 15.5552 us/op
WorkloadActual  16: 64224 op, 998812878.00 ns, 15.5520 us/op
WorkloadActual  17: 64224 op, 998119306.00 ns, 15.5412 us/op
WorkloadActual  18: 64224 op, 1018119565.00 ns, 15.8526 us/op
WorkloadActual  19: 64224 op, 1006241878.00 ns, 15.6677 us/op
WorkloadActual  20: 64224 op, 1012109948.00 ns, 15.7591 us/op
WorkloadActual  21: 64224 op, 998624632.00 ns, 15.5491 us/op
WorkloadActual  22: 64224 op, 999233447.00 ns, 15.5586 us/op
WorkloadActual  23: 64224 op, 994822236.00 ns, 15.4899 us/op
WorkloadActual  24: 64224 op, 1000590191.00 ns, 15.5797 us/op
WorkloadActual  25: 64224 op, 1005612283.00 ns, 15.6579 us/op
WorkloadActual  26: 64224 op, 1001312306.00 ns, 15.5909 us/op
WorkloadActual  27: 64224 op, 996032105.00 ns, 15.5087 us/op
WorkloadActual  28: 64224 op, 1006421625.00 ns, 15.6705 us/op
WorkloadActual  29: 64224 op, 1001413170.00 ns, 15.5925 us/op
WorkloadActual  30: 64224 op, 1022079620.00 ns, 15.9143 us/op
WorkloadActual  31: 64224 op, 1076736003.00 ns, 16.7653 us/op
WorkloadActual  32: 64224 op, 1108819708.00 ns, 17.2649 us/op
WorkloadActual  33: 64224 op, 1107150047.00 ns, 17.2389 us/op
WorkloadActual  34: 64224 op, 1107246040.00 ns, 17.2404 us/op
WorkloadActual  35: 64224 op, 1107877489.00 ns, 17.2502 us/op
WorkloadActual  36: 64224 op, 1114883043.00 ns, 17.3593 us/op
WorkloadActual  37: 64224 op, 1094926267.00 ns, 17.0486 us/op
WorkloadActual  38: 64224 op, 1106830997.00 ns, 17.2339 us/op
WorkloadActual  39: 64224 op, 999949585.00 ns, 15.5697 us/op
WorkloadActual  40: 64224 op, 997362271.00 ns, 15.5294 us/op
WorkloadActual  41: 64224 op, 1001387518.00 ns, 15.5921 us/op
WorkloadActual  42: 64224 op, 998483235.00 ns, 15.5469 us/op
WorkloadActual  43: 64224 op, 995027583.00 ns, 15.4931 us/op
WorkloadActual  44: 64224 op, 996106220.00 ns, 15.5099 us/op
WorkloadActual  45: 64224 op, 995388535.00 ns, 15.4987 us/op
WorkloadActual  46: 64224 op, 996895692.00 ns, 15.5222 us/op
WorkloadActual  47: 64224 op, 1006967096.00 ns, 15.6790 us/op
WorkloadActual  48: 64224 op, 1012607175.00 ns, 15.7668 us/op
WorkloadActual  49: 64224 op, 996975476.00 ns, 15.5234 us/op
WorkloadActual  50: 64224 op, 996235101.00 ns, 15.5119 us/op
WorkloadActual  51: 64224 op, 995743506.00 ns, 15.5042 us/op
WorkloadActual  52: 64224 op, 1002975948.00 ns, 15.6168 us/op
WorkloadActual  53: 64224 op, 996268201.00 ns, 15.5124 us/op
WorkloadActual  54: 64224 op, 998279073.00 ns, 15.5437 us/op
WorkloadActual  55: 64224 op, 996912836.00 ns, 15.5224 us/op
WorkloadActual  56: 64224 op, 998762128.00 ns, 15.5512 us/op

// AfterActualRun
WorkloadResult   1: 64224 op, 1006189043.50 ns, 15.6669 us/op
WorkloadResult   2: 64224 op, 1003797364.50 ns, 15.6296 us/op
WorkloadResult   3: 64224 op, 1007082831.50 ns, 15.6808 us/op
WorkloadResult   4: 64224 op, 1007582959.50 ns, 15.6886 us/op
WorkloadResult   5: 64224 op, 1000203728.50 ns, 15.5737 us/op
WorkloadResult   6: 64224 op, 998745257.50 ns, 15.5510 us/op
WorkloadResult   7: 64224 op, 996690698.50 ns, 15.5190 us/op
WorkloadResult   8: 64224 op, 1000685150.50 ns, 15.5812 us/op
WorkloadResult   9: 64224 op, 1083198727.50 ns, 16.8659 us/op
WorkloadResult  10: 64224 op, 1095018063.50 ns, 17.0500 us/op
WorkloadResult  11: 64224 op, 1110431854.50 ns, 17.2900 us/op
WorkloadResult  12: 64224 op, 1108169045.50 ns, 17.2547 us/op
WorkloadResult  13: 64224 op, 1109768202.50 ns, 17.2796 us/op
WorkloadResult  14: 64224 op, 1049852524.50 ns, 16.3467 us/op
WorkloadResult  15: 64224 op, 998550021.50 ns, 15.5479 us/op
WorkloadResult  16: 64224 op, 998342572.50 ns, 15.5447 us/op
WorkloadResult  17: 64224 op, 997649000.50 ns, 15.5339 us/op
WorkloadResult  18: 64224 op, 1017649259.50 ns, 15.8453 us/op
WorkloadResult  19: 64224 op, 1005771572.50 ns, 15.6604 us/op
WorkloadResult  20: 64224 op, 1011639642.50 ns, 15.7517 us/op
WorkloadResult  21: 64224 op, 998154326.50 ns, 15.5418 us/op
WorkloadResult  22: 64224 op, 998763141.50 ns, 15.5512 us/op
WorkloadResult  23: 64224 op, 994351930.50 ns, 15.4826 us/op
WorkloadResult  24: 64224 op, 1000119885.50 ns, 15.5724 us/op
WorkloadResult  25: 64224 op, 1005141977.50 ns, 15.6506 us/op
WorkloadResult  26: 64224 op, 1000842000.50 ns, 15.5836 us/op
WorkloadResult  27: 64224 op, 995561799.50 ns, 15.5014 us/op
WorkloadResult  28: 64224 op, 1005951319.50 ns, 15.6632 us/op
WorkloadResult  29: 64224 op, 1000942864.50 ns, 15.5852 us/op
WorkloadResult  30: 64224 op, 1021609314.50 ns, 15.9070 us/op
WorkloadResult  31: 64224 op, 1076265697.50 ns, 16.7580 us/op
WorkloadResult  32: 64224 op, 1108349402.50 ns, 17.2576 us/op
WorkloadResult  33: 64224 op, 1106679741.50 ns, 17.2316 us/op
WorkloadResult  34: 64224 op, 1106775734.50 ns, 17.2331 us/op
WorkloadResult  35: 64224 op, 1107407183.50 ns, 17.2429 us/op
WorkloadResult  36: 64224 op, 1114412737.50 ns, 17.3520 us/op
WorkloadResult  37: 64224 op, 1094455961.50 ns, 17.0412 us/op
WorkloadResult  38: 64224 op, 1106360691.50 ns, 17.2266 us/op
WorkloadResult  39: 64224 op, 999479279.50 ns, 15.5624 us/op
WorkloadResult  40: 64224 op, 996891965.50 ns, 15.5221 us/op
WorkloadResult  41: 64224 op, 1000917212.50 ns, 15.5848 us/op
WorkloadResult  42: 64224 op, 998012929.50 ns, 15.5396 us/op
WorkloadResult  43: 64224 op, 994557277.50 ns, 15.4858 us/op
WorkloadResult  44: 64224 op, 995635914.50 ns, 15.5026 us/op
WorkloadResult  45: 64224 op, 994918229.50 ns, 15.4914 us/op
WorkloadResult  46: 64224 op, 996425386.50 ns, 15.5148 us/op
WorkloadResult  47: 64224 op, 1006496790.50 ns, 15.6717 us/op
WorkloadResult  48: 64224 op, 1012136869.50 ns, 15.7595 us/op
WorkloadResult  49: 64224 op, 996505170.50 ns, 15.5161 us/op
WorkloadResult  50: 64224 op, 995764795.50 ns, 15.5046 us/op
WorkloadResult  51: 64224 op, 995273200.50 ns, 15.4969 us/op
WorkloadResult  52: 64224 op, 1002505642.50 ns, 15.6095 us/op
WorkloadResult  53: 64224 op, 995797895.50 ns, 15.5051 us/op
WorkloadResult  54: 64224 op, 997808767.50 ns, 15.5364 us/op
WorkloadResult  55: 64224 op, 996442530.50 ns, 15.5151 us/op
WorkloadResult  56: 64224 op, 998291822.50 ns, 15.5439 us/op

// AfterAll
// Benchmark Process 1113671 has exited with code 0.

Mean = 15.966 μs, StdErr = 0.091 μs (0.57%), N = 56, StdDev = 0.681 μs
Min = 15.483 μs, Q1 = 15.536 μs, Median = 15.585 μs, Q3 = 16.017 μs, Max = 17.352 μs
IQR = 0.481 μs, LowerFence = 14.814 μs, UpperFence = 16.739 μs
ConfidenceInterval = [15.650 μs; 16.282 μs] (CI 99.9%), Margin = 0.316 μs (1.98% of Mean)
Skewness = 1.18, Kurtosis = 2.54, MValue = 2

// ** Remained 9 (90.0 %) benchmark(s) to run. Estimated finish 2026-05-17 20:19 (0h 13m from now) **
// **************************
// Benchmark: SmokeBenchByte.STJSrcGen_Deser: Energy(OutlierMode=DontRemove, IterationTime=1s)
// *** Execute ***
// Launch: 1 / 1
// Execute: dotnet JsonBench-Energy-1.dll --anonymousPipes 162 163 --benchmarkName JsonBench.Benchmarks.SmokeBenchByte.STJSrcGen_Deser --job Energy --benchmarkId 1 in /home/test/json-energy-bench/JsonBench/bin/Release/net10.0/JsonBench-Energy-1/bin/Release/net10.0
// BeforeAnythingElse

// Benchmark Process Environment Information:
// BenchmarkDotNet v0.15.5-develop (2026-05-17)
// Runtime=.NET 10.0.7 (10.0.7, 10.0.726.21808), X64 RyuJIT x86-64-v3
// GC=Concurrent Workstation
// HardwareIntrinsics=AVX2+BMI1+BMI2+F16C+FMA+LZCNT+MOVBE,AVX,SSE3+SSSE3+SSE4.1+SSE4.2+POPCNT,X86Base+SSE+SSE2,AES+PCLMUL VectorSize=256
// Job: Energy(OutlierMode=DontRemove, IterationTime=1s)

OverheadJitting  1: 1 op, 271671.00 ns, 271.6710 us/op
WorkloadJitting  1: 1 op, 15425111.00 ns, 15.4251 ms/op

OverheadJitting  2: 16 op, 855880.00 ns, 53.4925 us/op
WorkloadJitting  2: 16 op, 1466409.00 ns, 91.6506 us/op

WorkloadPilot    1: 16 op, 592124.00 ns, 37.0078 us/op
WorkloadPilot    2: 27024 op, 831424145.00 ns, 30.7661 us/op
WorkloadPilot    3: 32512 op, 510374394.00 ns, 15.6980 us/op
WorkloadPilot    4: 63712 op, 995099438.00 ns, 15.6187 us/op
WorkloadPilot    5: 64032 op, 998496031.00 ns, 15.5937 us/op
WorkloadPilot    6: 64128 op, 1005081644.00 ns, 15.6731 us/op
WorkloadPilot    7: 63808 op, 995240812.00 ns, 15.5974 us/op
WorkloadPilot    8: 64128 op, 1003747062.00 ns, 15.6522 us/op
WorkloadPilot    9: 63904 op, 996389373.00 ns, 15.5920 us/op
WorkloadPilot   10: 64144 op, 1012142402.00 ns, 15.7792 us/op

OverheadWarmup   1: 64144 op, 437255.00 ns, 6.8168 ns/op
OverheadWarmup   2: 64144 op, 442867.00 ns, 6.9043 ns/op
OverheadWarmup   3: 64144 op, 486907.00 ns, 7.5908 ns/op
OverheadWarmup   4: 64144 op, 446736.00 ns, 6.9646 ns/op
OverheadWarmup   5: 64144 op, 360664.00 ns, 5.6227 ns/op
OverheadWarmup   6: 64144 op, 346140.00 ns, 5.3963 ns/op
OverheadWarmup   7: 64144 op, 355770.00 ns, 5.5464 ns/op
OverheadWarmup   8: 64144 op, 410059.00 ns, 6.3928 ns/op
OverheadWarmup   9: 64144 op, 421561.00 ns, 6.5721 ns/op
OverheadWarmup  10: 64144 op, 374532.00 ns, 5.8389 ns/op

OverheadActual   1: 64144 op, 479250.00 ns, 7.4715 ns/op
OverheadActual   2: 64144 op, 513703.00 ns, 8.0086 ns/op
OverheadActual   3: 64144 op, 472207.00 ns, 7.3617 ns/op
OverheadActual   4: 64144 op, 486470.00 ns, 7.5840 ns/op
OverheadActual   5: 64144 op, 443964.00 ns, 6.9214 ns/op
OverheadActual   6: 64144 op, 463633.00 ns, 7.2280 ns/op
OverheadActual   7: 64144 op, 456026.00 ns, 7.1094 ns/op
OverheadActual   8: 64144 op, 497141.00 ns, 7.7504 ns/op
OverheadActual   9: 64144 op, 506076.00 ns, 7.8897 ns/op
OverheadActual  10: 64144 op, 511299.00 ns, 7.9711 ns/op
OverheadActual  11: 64144 op, 381844.00 ns, 5.9529 ns/op
OverheadActual  12: 64144 op, 375361.00 ns, 5.8518 ns/op
OverheadActual  13: 64144 op, 389775.00 ns, 6.0766 ns/op
OverheadActual  14: 64144 op, 447012.00 ns, 6.9689 ns/op
OverheadActual  15: 64144 op, 505651.00 ns, 7.8831 ns/op
OverheadActual  16: 64144 op, 426561.00 ns, 6.6501 ns/op
OverheadActual  17: 64144 op, 485305.00 ns, 7.5659 ns/op
OverheadActual  18: 64144 op, 485464.00 ns, 7.5683 ns/op
OverheadActual  19: 64144 op, 430677.00 ns, 6.7142 ns/op
OverheadActual  20: 64144 op, 436002.00 ns, 6.7972 ns/op

WorkloadWarmup   1: 64144 op, 1020128741.00 ns, 15.9037 us/op
WorkloadWarmup   2: 64144 op, 1008183537.00 ns, 15.7175 us/op
WorkloadWarmup   3: 64144 op, 1009425788.00 ns, 15.7369 us/op
WorkloadWarmup   4: 64144 op, 1028735974.00 ns, 16.0379 us/op
WorkloadWarmup   5: 64144 op, 1006180543.00 ns, 15.6863 us/op
WorkloadWarmup   6: 64144 op, 1003645505.00 ns, 15.6468 us/op
WorkloadWarmup   7: 64144 op, 1005796178.00 ns, 15.6803 us/op
WorkloadWarmup   8: 64144 op, 1004302465.00 ns, 15.6570 us/op

// BeforeActualRun
WorkloadActual   1: 64144 op, 1020984423.00 ns, 15.9171 us/op
WorkloadActual   2: 64144 op, 1012666475.00 ns, 15.7874 us/op
WorkloadActual   3: 64144 op, 999051457.00 ns, 15.5751 us/op
WorkloadActual   4: 64144 op, 997442748.00 ns, 15.5501 us/op
WorkloadActual   5: 64144 op, 998699348.00 ns, 15.5696 us/op
WorkloadActual   6: 64144 op, 999012560.00 ns, 15.5745 us/op
WorkloadActual   7: 64144 op, 1019616270.00 ns, 15.8957 us/op
WorkloadActual   8: 64144 op, 1041951523.00 ns, 16.2439 us/op
WorkloadActual   9: 64144 op, 1003782986.00 ns, 15.6489 us/op
WorkloadActual  10: 64144 op, 1002469660.00 ns, 15.6284 us/op
WorkloadActual  11: 64144 op, 996526936.00 ns, 15.5358 us/op
WorkloadActual  12: 64144 op, 997497460.00 ns, 15.5509 us/op
WorkloadActual  13: 64144 op, 1005065626.00 ns, 15.6689 us/op
WorkloadActual  14: 64144 op, 996750981.00 ns, 15.5393 us/op
WorkloadActual  15: 64144 op, 995984581.00 ns, 15.5273 us/op

// AfterActualRun
WorkloadResult   1: 64144 op, 1020516503.00 ns, 15.9098 us/op
WorkloadResult   2: 64144 op, 1012198555.00 ns, 15.7801 us/op
WorkloadResult   3: 64144 op, 998583537.00 ns, 15.5678 us/op
WorkloadResult   4: 64144 op, 996974828.00 ns, 15.5428 us/op
WorkloadResult   5: 64144 op, 998231428.00 ns, 15.5624 us/op
WorkloadResult   6: 64144 op, 998544640.00 ns, 15.5672 us/op
WorkloadResult   7: 64144 op, 1019148350.00 ns, 15.8884 us/op
WorkloadResult   8: 64144 op, 1041483603.00 ns, 16.2366 us/op
WorkloadResult   9: 64144 op, 1003315066.00 ns, 15.6416 us/op
WorkloadResult  10: 64144 op, 1002001740.00 ns, 15.6211 us/op
WorkloadResult  11: 64144 op, 996059016.00 ns, 15.5285 us/op
WorkloadResult  12: 64144 op, 997029540.00 ns, 15.5436 us/op
WorkloadResult  13: 64144 op, 1004597706.00 ns, 15.6616 us/op
WorkloadResult  14: 64144 op, 996283061.00 ns, 15.5320 us/op
WorkloadResult  15: 64144 op, 995516661.00 ns, 15.5200 us/op

// AfterAll
// Benchmark Process 1114418 has exited with code 0.

Mean = 15.674 μs, StdErr = 0.052 μs (0.33%), N = 15, StdDev = 0.201 μs
Min = 15.520 μs, Q1 = 15.543 μs, Median = 15.568 μs, Q3 = 15.721 μs, Max = 16.237 μs
IQR = 0.178 μs, LowerFence = 15.277 μs, UpperFence = 15.987 μs
ConfidenceInterval = [15.458 μs; 15.889 μs] (CI 99.9%), Margin = 0.215 μs (1.37% of Mean)
Skewness = 1.51, Kurtosis = 4.39, MValue = 2

// ** Remained 8 (80.0 %) benchmark(s) to run. Estimated finish 2026-05-17 20:15 (0h 9m from now) **
// **************************
// Benchmark: SmokeBenchByte.Newtonsoft_Deser: Energy(OutlierMode=DontRemove, IterationTime=1s)
// *** Execute ***
// Launch: 1 / 1
// Execute: dotnet JsonBench-Energy-1.dll --anonymousPipes 123 124 --benchmarkName JsonBench.Benchmarks.SmokeBenchByte.Newtonsoft_Deser --job Energy --benchmarkId 2 in /home/test/json-energy-bench/JsonBench/bin/Release/net10.0/JsonBench-Energy-1/bin/Release/net10.0
// BeforeAnythingElse

// Benchmark Process Environment Information:
// BenchmarkDotNet v0.15.5-develop (2026-05-17)
// Runtime=.NET 10.0.7 (10.0.7, 10.0.726.21808), X64 RyuJIT x86-64-v3
// GC=Concurrent Workstation
// HardwareIntrinsics=AVX2+BMI1+BMI2+F16C+FMA+LZCNT+MOVBE,AVX,SSE3+SSSE3+SSE4.1+SSE4.2+POPCNT,X86Base+SSE+SSE2,AES+PCLMUL VectorSize=256
// Job: Energy(OutlierMode=DontRemove, IterationTime=1s)

OverheadJitting  1: 1 op, 301816.00 ns, 301.8160 us/op
WorkloadJitting  1: 1 op, 91846531.00 ns, 91.8465 ms/op

WorkloadPilot    1: 4 op, 649955.00 ns, 162.4888 us/op
WorkloadPilot    2: 6154 op, 559606158.00 ns, 90.9337 us/op
WorkloadPilot    3: 10997 op, 315164870.00 ns, 28.6592 us/op
WorkloadPilot    4: 34893 op, 985057372.00 ns, 28.2308 us/op
WorkloadPilot    5: 35422 op, 1008596126.00 ns, 28.4737 us/op
WorkloadPilot    6: 35120 op, 998918078.00 ns, 28.4430 us/op
WorkloadPilot    7: 35158 op, 1013873998.00 ns, 28.8376 us/op
WorkloadPilot    8: 34677 op, 987938542.00 ns, 28.4897 us/op
WorkloadPilot    9: 35100 op, 998814318.00 ns, 28.4562 us/op
WorkloadPilot   10: 35142 op, 1000518206.00 ns, 28.4707 us/op

WorkloadWarmup   1: 35142 op, 1005927784.00 ns, 28.6247 us/op
WorkloadWarmup   2: 35142 op, 1003614715.00 ns, 28.5588 us/op
WorkloadWarmup   3: 35142 op, 1006618327.00 ns, 28.6443 us/op
WorkloadWarmup   4: 35142 op, 1006544420.00 ns, 28.6422 us/op
WorkloadWarmup   5: 35142 op, 1027403919.00 ns, 29.2358 us/op
WorkloadWarmup   6: 35142 op, 1006039531.00 ns, 28.6278 us/op

// BeforeActualRun
WorkloadActual   1: 35142 op, 1004166631.00 ns, 28.5745 us/op
WorkloadActual   2: 35142 op, 1012958158.00 ns, 28.8247 us/op
WorkloadActual   3: 35142 op, 1000711974.00 ns, 28.4762 us/op
WorkloadActual   4: 35142 op, 1005272256.00 ns, 28.6060 us/op
WorkloadActual   5: 35142 op, 1002568066.00 ns, 28.5291 us/op
WorkloadActual   6: 35142 op, 995106462.00 ns, 28.3167 us/op
WorkloadActual   7: 35142 op, 997766479.00 ns, 28.3924 us/op
WorkloadActual   8: 35142 op, 995868168.00 ns, 28.3384 us/op
WorkloadActual   9: 35142 op, 1007051561.00 ns, 28.6566 us/op
WorkloadActual  10: 35142 op, 1030018063.00 ns, 29.3102 us/op
WorkloadActual  11: 35142 op, 999977207.00 ns, 28.4553 us/op
WorkloadActual  12: 35142 op, 994495127.00 ns, 28.2993 us/op
WorkloadActual  13: 35142 op, 991892188.00 ns, 28.2253 us/op
WorkloadActual  14: 35142 op, 990911155.00 ns, 28.1973 us/op
WorkloadActual  15: 35142 op, 1001531275.00 ns, 28.4996 us/op

// AfterActualRun
WorkloadResult   1: 35142 op, 1004166631.00 ns, 28.5745 us/op
WorkloadResult   2: 35142 op, 1012958158.00 ns, 28.8247 us/op
WorkloadResult   3: 35142 op, 1000711974.00 ns, 28.4762 us/op
WorkloadResult   4: 35142 op, 1005272256.00 ns, 28.6060 us/op
WorkloadResult   5: 35142 op, 1002568066.00 ns, 28.5291 us/op
WorkloadResult   6: 35142 op, 995106462.00 ns, 28.3167 us/op
WorkloadResult   7: 35142 op, 997766479.00 ns, 28.3924 us/op
WorkloadResult   8: 35142 op, 995868168.00 ns, 28.3384 us/op
WorkloadResult   9: 35142 op, 1007051561.00 ns, 28.6566 us/op
WorkloadResult  10: 35142 op, 1030018063.00 ns, 29.3102 us/op
WorkloadResult  11: 35142 op, 999977207.00 ns, 28.4553 us/op
WorkloadResult  12: 35142 op, 994495127.00 ns, 28.2993 us/op
WorkloadResult  13: 35142 op, 991892188.00 ns, 28.2253 us/op
WorkloadResult  14: 35142 op, 990911155.00 ns, 28.1973 us/op
WorkloadResult  15: 35142 op, 1001531275.00 ns, 28.4996 us/op

// AfterAll
// Benchmark Process 1115142 has exited with code 0.

Mean = 28.513 μs, StdErr = 0.072 μs (0.25%), N = 15, StdDev = 0.278 μs
Min = 28.197 μs, Q1 = 28.328 μs, Median = 28.476 μs, Q3 = 28.590 μs, Max = 29.310 μs
IQR = 0.263 μs, LowerFence = 27.934 μs, UpperFence = 28.984 μs
ConfidenceInterval = [28.216 μs; 28.811 μs] (CI 99.9%), Margin = 0.297 μs (1.04% of Mean)
Skewness = 1.42, Kurtosis = 4.85, MValue = 2

// ** Remained 7 (70.0 %) benchmark(s) to run. Estimated finish 2026-05-17 20:14 (0h 7m from now) **
// **************************
// Benchmark: SmokeBenchByte.SpanJson_Deser: Energy(OutlierMode=DontRemove, IterationTime=1s)
// *** Execute ***
// Launch: 1 / 1
// Execute: dotnet JsonBench-Energy-1.dll --anonymousPipes 123 124 --benchmarkName JsonBench.Benchmarks.SmokeBenchByte.SpanJson_Deser --job Energy --benchmarkId 3 in /home/test/json-energy-bench/JsonBench/bin/Release/net10.0/JsonBench-Energy-1/bin/Release/net10.0
// BeforeAnythingElse

// Benchmark Process Environment Information:
// BenchmarkDotNet v0.15.5-develop (2026-05-17)
// Runtime=.NET 10.0.7 (10.0.7, 10.0.726.21808), X64 RyuJIT x86-64-v3
// GC=Concurrent Workstation
// HardwareIntrinsics=AVX2+BMI1+BMI2+F16C+FMA+LZCNT+MOVBE,AVX,SSE3+SSSE3+SSE4.1+SSE4.2+POPCNT,X86Base+SSE+SSE2,AES+PCLMUL VectorSize=256
// Job: Energy(OutlierMode=DontRemove, IterationTime=1s)

OverheadJitting  1: 1 op, 300033.00 ns, 300.0330 us/op
WorkloadJitting  1: 1 op, 108266931.00 ns, 108.2669 ms/op

WorkloadPilot    1: 4 op, 136365.00 ns, 34.0913 us/op
WorkloadPilot    2: 29333 op, 631624658.00 ns, 21.5329 us/op
WorkloadPilot    3: 46441 op, 572640162.00 ns, 12.3305 us/op
WorkloadPilot    4: 81100 op, 1007089246.00 ns, 12.4179 us/op
WorkloadPilot    5: 80529 op, 959175392.00 ns, 11.9109 us/op
WorkloadPilot    6: 83956 op, 995329881.00 ns, 11.8554 us/op
WorkloadPilot    7: 84350 op, 998052544.00 ns, 11.8323 us/op
WorkloadPilot    8: 84515 op, 998174612.00 ns, 11.8106 us/op
WorkloadPilot    9: 84670 op, 1003484752.00 ns, 11.8517 us/op
WorkloadPilot   10: 84376 op, 996675352.00 ns, 11.8123 us/op
WorkloadPilot   11: 84657 op, 1007477048.00 ns, 11.9007 us/op

WorkloadWarmup   1: 84657 op, 1026523706.00 ns, 12.1257 us/op
WorkloadWarmup   2: 84657 op, 1001725082.00 ns, 11.8327 us/op
WorkloadWarmup   3: 84657 op, 1007372820.00 ns, 11.8995 us/op
WorkloadWarmup   4: 84657 op, 1012894792.00 ns, 11.9647 us/op
WorkloadWarmup   5: 84657 op, 999002960.00 ns, 11.8006 us/op
WorkloadWarmup   6: 84657 op, 1001266009.00 ns, 11.8273 us/op
WorkloadWarmup   7: 84657 op, 1004068784.00 ns, 11.8604 us/op
WorkloadWarmup   8: 84657 op, 998480772.00 ns, 11.7944 us/op

// BeforeActualRun
WorkloadActual   1: 84657 op, 1013265138.00 ns, 11.9691 us/op
WorkloadActual   2: 84657 op, 998921762.00 ns, 11.7996 us/op
WorkloadActual   3: 84657 op, 993560639.00 ns, 11.7363 us/op
WorkloadActual   4: 84657 op, 995064478.00 ns, 11.7541 us/op
WorkloadActual   5: 84657 op, 996845391.00 ns, 11.7751 us/op
WorkloadActual   6: 84657 op, 998032461.00 ns, 11.7891 us/op
WorkloadActual   7: 84657 op, 1000454317.00 ns, 11.8177 us/op
WorkloadActual   8: 84657 op, 999479473.00 ns, 11.8062 us/op
WorkloadActual   9: 84657 op, 996396334.00 ns, 11.7698 us/op
WorkloadActual  10: 84657 op, 993769244.00 ns, 11.7388 us/op
WorkloadActual  11: 84657 op, 991791574.00 ns, 11.7154 us/op
WorkloadActual  12: 84657 op, 997905283.00 ns, 11.7876 us/op
WorkloadActual  13: 84657 op, 998911289.00 ns, 11.7995 us/op
WorkloadActual  14: 84657 op, 992972030.00 ns, 11.7294 us/op
WorkloadActual  15: 84657 op, 994863042.00 ns, 11.7517 us/op

// AfterActualRun
WorkloadResult   1: 84657 op, 1013265138.00 ns, 11.9691 us/op
WorkloadResult   2: 84657 op, 998921762.00 ns, 11.7996 us/op
WorkloadResult   3: 84657 op, 993560639.00 ns, 11.7363 us/op
WorkloadResult   4: 84657 op, 995064478.00 ns, 11.7541 us/op
WorkloadResult   5: 84657 op, 996845391.00 ns, 11.7751 us/op
WorkloadResult   6: 84657 op, 998032461.00 ns, 11.7891 us/op
WorkloadResult   7: 84657 op, 1000454317.00 ns, 11.8177 us/op
WorkloadResult   8: 84657 op, 999479473.00 ns, 11.8062 us/op
WorkloadResult   9: 84657 op, 996396334.00 ns, 11.7698 us/op
WorkloadResult  10: 84657 op, 993769244.00 ns, 11.7388 us/op
WorkloadResult  11: 84657 op, 991791574.00 ns, 11.7154 us/op
WorkloadResult  12: 84657 op, 997905283.00 ns, 11.7876 us/op
WorkloadResult  13: 84657 op, 998911289.00 ns, 11.7995 us/op
WorkloadResult  14: 84657 op, 992972030.00 ns, 11.7294 us/op
WorkloadResult  15: 84657 op, 994863042.00 ns, 11.7517 us/op

// AfterAll
// Benchmark Process 1115863 has exited with code 0.

Mean = 11.783 μs, StdErr = 0.016 μs (0.13%), N = 15, StdDev = 0.060 μs
Min = 11.715 μs, Q1 = 11.745 μs, Median = 11.775 μs, Q3 = 11.800 μs, Max = 11.969 μs
IQR = 0.054 μs, LowerFence = 11.664 μs, UpperFence = 11.881 μs
ConfidenceInterval = [11.718 μs; 11.847 μs] (CI 99.9%), Margin = 0.064 μs (0.55% of Mean)
Skewness = 1.8, Kurtosis = 6.37, MValue = 2

// ** Remained 6 (60.0 %) benchmark(s) to run. Estimated finish 2026-05-17 20:13 (0h 5m from now) **
// **************************
// Benchmark: SmokeBenchByte.Utf8Json_Deser: Energy(OutlierMode=DontRemove, IterationTime=1s)
// *** Execute ***
// Launch: 1 / 1
// Execute: dotnet JsonBench-Energy-1.dll --anonymousPipes 123 124 --benchmarkName JsonBench.Benchmarks.SmokeBenchByte.Utf8Json_Deser --job Energy --benchmarkId 4 in /home/test/json-energy-bench/JsonBench/bin/Release/net10.0/JsonBench-Energy-1/bin/Release/net10.0
// BeforeAnythingElse

// Benchmark Process Environment Information:
// BenchmarkDotNet v0.15.5-develop (2026-05-17)
// Runtime=.NET 10.0.7 (10.0.7, 10.0.726.21808), X64 RyuJIT x86-64-v3
// GC=Concurrent Workstation
// HardwareIntrinsics=AVX2+BMI1+BMI2+F16C+FMA+LZCNT+MOVBE,AVX,SSE3+SSSE3+SSE4.1+SSE4.2+POPCNT,X86Base+SSE+SSE2,AES+PCLMUL VectorSize=256
// Job: Energy(OutlierMode=DontRemove, IterationTime=1s)

OverheadJitting  1: 1 op, 265701.00 ns, 265.7010 us/op
WorkloadJitting  1: 1 op, 108992065.00 ns, 108.9921 ms/op

WorkloadPilot    1: 4 op, 300603.00 ns, 75.1508 us/op
WorkloadPilot    2: 13307 op, 631521932.00 ns, 47.4579 us/op
WorkloadPilot    3: 21071 op, 381596117.00 ns, 18.1100 us/op
WorkloadPilot    4: 55218 op, 996653367.00 ns, 18.0494 us/op
WorkloadPilot    5: 55403 op, 1016489909.00 ns, 18.3472 us/op
WorkloadPilot    6: 54504 op, 1030883794.00 ns, 18.9139 us/op
WorkloadPilot    7: 52871 op, 961471866.00 ns, 18.1852 us/op
WorkloadPilot    8: 54990 op, 1001588986.00 ns, 18.2140 us/op

WorkloadWarmup   1: 54990 op, 999409837.00 ns, 18.1744 us/op
WorkloadWarmup   2: 54990 op, 1004902023.00 ns, 18.2743 us/op
WorkloadWarmup   3: 54990 op, 1002126594.00 ns, 18.2238 us/op
WorkloadWarmup   4: 54990 op, 999052560.00 ns, 18.1679 us/op
WorkloadWarmup   5: 54990 op, 1001597078.00 ns, 18.2142 us/op
WorkloadWarmup   6: 54990 op, 1000551287.00 ns, 18.1951 us/op

// BeforeActualRun
WorkloadActual   1: 54990 op, 1018209078.00 ns, 18.5163 us/op
WorkloadActual   2: 54990 op, 1002260749.00 ns, 18.2262 us/op
WorkloadActual   3: 54990 op, 1001570712.00 ns, 18.2137 us/op
WorkloadActual   4: 54990 op, 1001347800.00 ns, 18.2096 us/op
WorkloadActual   5: 54990 op, 1000756304.00 ns, 18.1989 us/op
WorkloadActual   6: 54990 op, 1005657031.00 ns, 18.2880 us/op
WorkloadActual   7: 54990 op, 1000944028.00 ns, 18.2023 us/op
WorkloadActual   8: 54990 op, 999894265.00 ns, 18.1832 us/op
WorkloadActual   9: 54990 op, 997161681.00 ns, 18.1335 us/op
WorkloadActual  10: 54990 op, 995149515.00 ns, 18.0969 us/op
WorkloadActual  11: 54990 op, 1034832212.00 ns, 18.8186 us/op
WorkloadActual  12: 54990 op, 1008908670.00 ns, 18.3471 us/op
WorkloadActual  13: 54990 op, 1005447706.00 ns, 18.2842 us/op
WorkloadActual  14: 54990 op, 1002054989.00 ns, 18.2225 us/op
WorkloadActual  15: 54990 op, 1000560893.00 ns, 18.1953 us/op

// AfterActualRun
WorkloadResult   1: 54990 op, 1018209078.00 ns, 18.5163 us/op
WorkloadResult   2: 54990 op, 1002260749.00 ns, 18.2262 us/op
WorkloadResult   3: 54990 op, 1001570712.00 ns, 18.2137 us/op
WorkloadResult   4: 54990 op, 1001347800.00 ns, 18.2096 us/op
WorkloadResult   5: 54990 op, 1000756304.00 ns, 18.1989 us/op
WorkloadResult   6: 54990 op, 1005657031.00 ns, 18.2880 us/op
WorkloadResult   7: 54990 op, 1000944028.00 ns, 18.2023 us/op
WorkloadResult   8: 54990 op, 999894265.00 ns, 18.1832 us/op
WorkloadResult   9: 54990 op, 997161681.00 ns, 18.1335 us/op
WorkloadResult  10: 54990 op, 995149515.00 ns, 18.0969 us/op
WorkloadResult  11: 54990 op, 1034832212.00 ns, 18.8186 us/op
WorkloadResult  12: 54990 op, 1008908670.00 ns, 18.3471 us/op
WorkloadResult  13: 54990 op, 1005447706.00 ns, 18.2842 us/op
WorkloadResult  14: 54990 op, 1002054989.00 ns, 18.2225 us/op
WorkloadResult  15: 54990 op, 1000560893.00 ns, 18.1953 us/op

// AfterAll
// Benchmark Process 1116585 has exited with code 0.

Mean = 18.276 μs, StdErr = 0.046 μs (0.25%), N = 15, StdDev = 0.179 μs
Min = 18.097 μs, Q1 = 18.197 μs, Median = 18.214 μs, Q3 = 18.286 μs, Max = 18.819 μs
IQR = 0.089 μs, LowerFence = 18.064 μs, UpperFence = 18.420 μs
ConfidenceInterval = [18.084 μs; 18.467 μs] (CI 99.9%), Margin = 0.192 μs (1.05% of Mean)
Skewness = 1.88, Kurtosis = 5.93, MValue = 2

// ** Remained 5 (50.0 %) benchmark(s) to run. Estimated finish 2026-05-17 20:13 (0h 4m from now) **
// **************************
// Benchmark: SmokeBenchByte.STJRefGen_Ser: Energy(OutlierMode=DontRemove, IterationTime=1s)
// *** Execute ***
// Launch: 1 / 1
// Execute: dotnet JsonBench-Energy-1.dll --anonymousPipes 123 124 --benchmarkName JsonBench.Benchmarks.SmokeBenchByte.STJRefGen_Ser --job Energy --benchmarkId 5 in /home/test/json-energy-bench/JsonBench/bin/Release/net10.0/JsonBench-Energy-1/bin/Release/net10.0
// BeforeAnythingElse

// Benchmark Process Environment Information:
// BenchmarkDotNet v0.15.5-develop (2026-05-17)
// Runtime=.NET 10.0.7 (10.0.7, 10.0.726.21808), X64 RyuJIT x86-64-v3
// GC=Concurrent Workstation
// HardwareIntrinsics=AVX2+BMI1+BMI2+F16C+FMA+LZCNT+MOVBE,AVX,SSE3+SSSE3+SSE4.1+SSE4.2+POPCNT,X86Base+SSE+SSE2,AES+PCLMUL VectorSize=256
// Job: Energy(OutlierMode=DontRemove, IterationTime=1s)

OverheadJitting  1: 1 op, 276817.00 ns, 276.8170 us/op
WorkloadJitting  1: 1 op, 4501260.00 ns, 4.5013 ms/op

OverheadJitting  2: 16 op, 929852.00 ns, 58.1158 us/op
WorkloadJitting  2: 16 op, 1408682.00 ns, 88.0426 us/op

WorkloadPilot    1: 16 op, 433059.00 ns, 27.0662 us/op
WorkloadPilot    2: 36960 op, 678670892.00 ns, 18.3623 us/op
WorkloadPilot    3: 54464 op, 427748000.00 ns, 7.8538 us/op
WorkloadPilot    4: 127328 op, 993939428.00 ns, 7.8061 us/op
WorkloadPilot    5: 128112 op, 1008324381.00 ns, 7.8706 us/op
WorkloadPilot    6: 127056 op, 993760365.00 ns, 7.8214 us/op
WorkloadPilot    7: 127856 op, 1002491796.00 ns, 7.8408 us/op
WorkloadPilot    8: 127552 op, 1001125500.00 ns, 7.8488 us/op

OverheadWarmup   1: 127552 op, 942179.00 ns, 7.3866 ns/op
OverheadWarmup   2: 127552 op, 896056.00 ns, 7.0250 ns/op
OverheadWarmup   3: 127552 op, 949698.00 ns, 7.4456 ns/op
OverheadWarmup   4: 127552 op, 916820.00 ns, 7.1878 ns/op
OverheadWarmup   5: 127552 op, 970516.00 ns, 7.6088 ns/op
OverheadWarmup   6: 127552 op, 806162.00 ns, 6.3203 ns/op

OverheadActual   1: 127552 op, 734306.00 ns, 5.7569 ns/op
OverheadActual   2: 127552 op, 928473.00 ns, 7.2792 ns/op
OverheadActual   3: 127552 op, 938784.00 ns, 7.3600 ns/op
OverheadActual   4: 127552 op, 1025633.00 ns, 8.0409 ns/op
OverheadActual   5: 127552 op, 884481.00 ns, 6.9343 ns/op
OverheadActual   6: 127552 op, 829984.00 ns, 6.5070 ns/op
OverheadActual   7: 127552 op, 725014.00 ns, 5.6841 ns/op
OverheadActual   8: 127552 op, 746393.00 ns, 5.8517 ns/op
OverheadActual   9: 127552 op, 776028.00 ns, 6.0840 ns/op
OverheadActual  10: 127552 op, 755368.00 ns, 5.9220 ns/op
OverheadActual  11: 127552 op, 750002.00 ns, 5.8800 ns/op
OverheadActual  12: 127552 op, 970928.00 ns, 7.6120 ns/op
OverheadActual  13: 127552 op, 966241.00 ns, 7.5753 ns/op
OverheadActual  14: 127552 op, 974944.00 ns, 7.6435 ns/op
OverheadActual  15: 127552 op, 980425.00 ns, 7.6865 ns/op
OverheadActual  16: 127552 op, 988053.00 ns, 7.7463 ns/op
OverheadActual  17: 127552 op, 987146.00 ns, 7.7392 ns/op
OverheadActual  18: 127552 op, 897267.00 ns, 7.0345 ns/op
OverheadActual  19: 127552 op, 873887.00 ns, 6.8512 ns/op
OverheadActual  20: 127552 op, 1016929.00 ns, 7.9727 ns/op

WorkloadWarmup   1: 127552 op, 1001793172.00 ns, 7.8540 us/op
WorkloadWarmup   2: 127552 op, 1005291148.00 ns, 7.8814 us/op
WorkloadWarmup   3: 127552 op, 1002883862.00 ns, 7.8625 us/op
WorkloadWarmup   4: 127552 op, 1007978263.00 ns, 7.9025 us/op
WorkloadWarmup   5: 127552 op, 1006830496.00 ns, 7.8935 us/op
WorkloadWarmup   6: 127552 op, 1005309669.00 ns, 7.8816 us/op

// BeforeActualRun
WorkloadActual   1: 127552 op, 1041080465.00 ns, 8.1620 us/op
WorkloadActual   2: 127552 op, 998311877.00 ns, 7.8267 us/op
WorkloadActual   3: 127552 op, 1012108885.00 ns, 7.9349 us/op
WorkloadActual   4: 127552 op, 995026194.00 ns, 7.8009 us/op
WorkloadActual   5: 127552 op, 994682923.00 ns, 7.7983 us/op
WorkloadActual   6: 127552 op, 1009218455.00 ns, 7.9122 us/op
WorkloadActual   7: 127552 op, 991506643.00 ns, 7.7734 us/op
WorkloadActual   8: 127552 op, 992312009.00 ns, 7.7797 us/op
WorkloadActual   9: 127552 op, 989672393.00 ns, 7.7590 us/op
WorkloadActual  10: 127552 op, 998121268.00 ns, 7.8252 us/op
WorkloadActual  11: 127552 op, 995027861.00 ns, 7.8010 us/op
WorkloadActual  12: 127552 op, 1005425694.00 ns, 7.8825 us/op
WorkloadActual  13: 127552 op, 996929998.00 ns, 7.8159 us/op
WorkloadActual  14: 127552 op, 998025205.00 ns, 7.8245 us/op
WorkloadActual  15: 127552 op, 994834097.00 ns, 7.7994 us/op

// AfterActualRun
WorkloadResult   1: 127552 op, 1040167595.00 ns, 8.1549 us/op
WorkloadResult   2: 127552 op, 997399007.00 ns, 7.8195 us/op
WorkloadResult   3: 127552 op, 1011196015.00 ns, 7.9277 us/op
WorkloadResult   4: 127552 op, 994113324.00 ns, 7.7938 us/op
WorkloadResult   5: 127552 op, 993770053.00 ns, 7.7911 us/op
WorkloadResult   6: 127552 op, 1008305585.00 ns, 7.9051 us/op
WorkloadResult   7: 127552 op, 990593773.00 ns, 7.7662 us/op
WorkloadResult   8: 127552 op, 991399139.00 ns, 7.7725 us/op
WorkloadResult   9: 127552 op, 988759523.00 ns, 7.7518 us/op
WorkloadResult  10: 127552 op, 997208398.00 ns, 7.8181 us/op
WorkloadResult  11: 127552 op, 994114991.00 ns, 7.7938 us/op
WorkloadResult  12: 127552 op, 1004512824.00 ns, 7.8753 us/op
WorkloadResult  13: 127552 op, 996017128.00 ns, 7.8087 us/op
WorkloadResult  14: 127552 op, 997112335.00 ns, 7.8173 us/op
WorkloadResult  15: 127552 op, 993921227.00 ns, 7.7923 us/op

// AfterAll
// Benchmark Process 1117308 has exited with code 0.

Mean = 7.839 μs, StdErr = 0.026 μs (0.33%), N = 15, StdDev = 0.101 μs
Min = 7.752 μs, Q1 = 7.792 μs, Median = 7.809 μs, Q3 = 7.847 μs, Max = 8.155 μs
IQR = 0.056 μs, LowerFence = 7.708 μs, UpperFence = 7.931 μs
ConfidenceInterval = [7.732 μs; 7.947 μs] (CI 99.9%), Margin = 0.107 μs (1.37% of Mean)
Skewness = 2.01, Kurtosis = 6.62, MValue = 2

// ** Remained 4 (40.0 %) benchmark(s) to run. Estimated finish 2026-05-17 20:13 (0h 3m from now) **
// **************************
// Benchmark: SmokeBenchByte.STJSrcGen_Ser: Energy(OutlierMode=DontRemove, IterationTime=1s)
// *** Execute ***
// Launch: 1 / 1
// Execute: dotnet JsonBench-Energy-1.dll --anonymousPipes 123 124 --benchmarkName JsonBench.Benchmarks.SmokeBenchByte.STJSrcGen_Ser --job Energy --benchmarkId 6 in /home/test/json-energy-bench/JsonBench/bin/Release/net10.0/JsonBench-Energy-1/bin/Release/net10.0
// BeforeAnythingElse

// Benchmark Process Environment Information:
// BenchmarkDotNet v0.15.5-develop (2026-05-17)
// Runtime=.NET 10.0.7 (10.0.7, 10.0.726.21808), X64 RyuJIT x86-64-v3
// GC=Concurrent Workstation
// HardwareIntrinsics=AVX2+BMI1+BMI2+F16C+FMA+LZCNT+MOVBE,AVX,SSE3+SSSE3+SSE4.1+SSE4.2+POPCNT,X86Base+SSE+SSE2,AES+PCLMUL VectorSize=256
// Job: Energy(OutlierMode=DontRemove, IterationTime=1s)

OverheadJitting  1: 1 op, 246125.00 ns, 246.1250 us/op
WorkloadJitting  1: 1 op, 15882141.00 ns, 15.8821 ms/op

OverheadJitting  2: 16 op, 907791.00 ns, 56.7369 us/op
WorkloadJitting  2: 16 op, 1104998.00 ns, 69.0624 us/op

WorkloadPilot    1: 16 op, 279452.00 ns, 17.4658 us/op
WorkloadPilot    2: 57264 op, 587699073.00 ns, 10.2630 us/op
WorkloadPilot    3: 97440 op, 548949556.00 ns, 5.6337 us/op
WorkloadPilot    4: 177504 op, 992763579.00 ns, 5.5929 us/op
WorkloadPilot    5: 178800 op, 996050751.00 ns, 5.5708 us/op
WorkloadPilot    6: 179520 op, 1009783009.00 ns, 5.6249 us/op
WorkloadPilot    7: 177792 op, 998484041.00 ns, 5.6160 us/op
WorkloadPilot    8: 178064 op, 997318946.00 ns, 5.6009 us/op
WorkloadPilot    9: 178544 op, 998922158.00 ns, 5.5948 us/op
WorkloadPilot   10: 178752 op, 1000421285.00 ns, 5.5967 us/op
WorkloadPilot   11: 178688 op, 1006818422.00 ns, 5.6345 us/op

OverheadWarmup   1: 178688 op, 1190243.00 ns, 6.6610 ns/op
OverheadWarmup   2: 178688 op, 1220460.00 ns, 6.8301 ns/op
OverheadWarmup   3: 178688 op, 1312240.00 ns, 7.3438 ns/op
OverheadWarmup   4: 178688 op, 1066983.00 ns, 5.9712 ns/op
OverheadWarmup   5: 178688 op, 1012074.00 ns, 5.6639 ns/op
OverheadWarmup   6: 178688 op, 1017058.00 ns, 5.6918 ns/op
OverheadWarmup   7: 178688 op, 1145040.00 ns, 6.4080 ns/op
OverheadWarmup   8: 178688 op, 1253863.00 ns, 7.0171 ns/op
OverheadWarmup   9: 178688 op, 1308958.00 ns, 7.3254 ns/op
OverheadWarmup  10: 178688 op, 1272501.00 ns, 7.1214 ns/op

OverheadActual   1: 178688 op, 1249152.00 ns, 6.9907 ns/op
OverheadActual   2: 178688 op, 1019245.00 ns, 5.7040 ns/op
OverheadActual   3: 178688 op, 1047720.00 ns, 5.8634 ns/op
OverheadActual   4: 178688 op, 1070719.00 ns, 5.9921 ns/op
OverheadActual   5: 178688 op, 1360110.00 ns, 7.6116 ns/op
OverheadActual   6: 178688 op, 1324202.00 ns, 7.4107 ns/op
OverheadActual   7: 178688 op, 1298264.00 ns, 7.2655 ns/op
OverheadActual   8: 178688 op, 1218525.00 ns, 6.8193 ns/op
OverheadActual   9: 178688 op, 1380515.00 ns, 7.7258 ns/op
OverheadActual  10: 178688 op, 1475890.00 ns, 8.2596 ns/op
OverheadActual  11: 178688 op, 1238254.00 ns, 6.9297 ns/op
OverheadActual  12: 178688 op, 1234230.00 ns, 6.9072 ns/op
OverheadActual  13: 178688 op, 1253018.00 ns, 7.0123 ns/op
OverheadActual  14: 178688 op, 1266694.00 ns, 7.0889 ns/op
OverheadActual  15: 178688 op, 1279632.00 ns, 7.1613 ns/op
OverheadActual  16: 178688 op, 1261323.00 ns, 7.0588 ns/op
OverheadActual  17: 178688 op, 1052608.00 ns, 5.8908 ns/op
OverheadActual  18: 178688 op, 995754.00 ns, 5.5726 ns/op
OverheadActual  19: 178688 op, 1056172.00 ns, 5.9107 ns/op
OverheadActual  20: 178688 op, 1195758.00 ns, 6.6919 ns/op

WorkloadWarmup   1: 178688 op, 1015550574.00 ns, 5.6834 us/op
WorkloadWarmup   2: 178688 op, 1012338115.00 ns, 5.6654 us/op
WorkloadWarmup   3: 178688 op, 1037383890.00 ns, 5.8056 us/op
WorkloadWarmup   4: 178688 op, 1012406459.00 ns, 5.6658 us/op
WorkloadWarmup   5: 178688 op, 1008380647.00 ns, 5.6432 us/op
WorkloadWarmup   6: 178688 op, 1006078094.00 ns, 5.6304 us/op
WorkloadWarmup   7: 178688 op, 1006521417.00 ns, 5.6328 us/op
WorkloadWarmup   8: 178688 op, 1001718326.00 ns, 5.6060 us/op

// BeforeActualRun
WorkloadActual   1: 178688 op, 1037130943.00 ns, 5.8041 us/op
WorkloadActual   2: 178688 op, 1011881376.00 ns, 5.6628 us/op
WorkloadActual   3: 178688 op, 1004672214.00 ns, 5.6225 us/op
WorkloadActual   4: 178688 op, 1001420771.00 ns, 5.6043 us/op
WorkloadActual   5: 178688 op, 999388369.00 ns, 5.5929 us/op
WorkloadActual   6: 178688 op, 1009792374.00 ns, 5.6511 us/op
WorkloadActual   7: 178688 op, 1010243227.00 ns, 5.6537 us/op
WorkloadActual   8: 178688 op, 1040303321.00 ns, 5.8219 us/op
WorkloadActual   9: 178688 op, 994322908.00 ns, 5.5646 us/op
WorkloadActual  10: 178688 op, 999652939.00 ns, 5.5944 us/op
WorkloadActual  11: 178688 op, 995399521.00 ns, 5.5706 us/op
WorkloadActual  12: 178688 op, 1014795046.00 ns, 5.6791 us/op
WorkloadActual  13: 178688 op, 998551709.00 ns, 5.5882 us/op
WorkloadActual  14: 178688 op, 996702285.00 ns, 5.5779 us/op
WorkloadActual  15: 178688 op, 996669684.00 ns, 5.5777 us/op

// AfterActualRun
WorkloadResult   1: 178688 op, 1035887240.00 ns, 5.7972 us/op
WorkloadResult   2: 178688 op, 1010637673.00 ns, 5.6559 us/op
WorkloadResult   3: 178688 op, 1003428511.00 ns, 5.6155 us/op
WorkloadResult   4: 178688 op, 1000177068.00 ns, 5.5973 us/op
WorkloadResult   5: 178688 op, 998144666.00 ns, 5.5860 us/op
WorkloadResult   6: 178688 op, 1008548671.00 ns, 5.6442 us/op
WorkloadResult   7: 178688 op, 1008999524.00 ns, 5.6467 us/op
WorkloadResult   8: 178688 op, 1039059618.00 ns, 5.8149 us/op
WorkloadResult   9: 178688 op, 993079205.00 ns, 5.5576 us/op
WorkloadResult  10: 178688 op, 998409236.00 ns, 5.5874 us/op
WorkloadResult  11: 178688 op, 994155818.00 ns, 5.5636 us/op
WorkloadResult  12: 178688 op, 1013551343.00 ns, 5.6722 us/op
WorkloadResult  13: 178688 op, 997308006.00 ns, 5.5813 us/op
WorkloadResult  14: 178688 op, 995458582.00 ns, 5.5709 us/op
WorkloadResult  15: 178688 op, 995425981.00 ns, 5.5707 us/op

// AfterAll
// Benchmark Process 1118027 has exited with code 0.

Mean = 5.631 μs, StdErr = 0.021 μs (0.37%), N = 15, StdDev = 0.080 μs
Min = 5.558 μs, Q1 = 5.576 μs, Median = 5.597 μs, Q3 = 5.651 μs, Max = 5.815 μs
IQR = 0.075 μs, LowerFence = 5.463 μs, UpperFence = 5.764 μs
ConfidenceInterval = [5.545 μs; 5.716 μs] (CI 99.9%), Margin = 0.085 μs (1.51% of Mean)
Skewness = 1.25, Kurtosis = 3.31, MValue = 2

// ** Remained 3 (30.0 %) benchmark(s) to run. Estimated finish 2026-05-17 20:13 (0h 2m from now) **
// **************************
// Benchmark: SmokeBenchByte.Newtonsoft_Ser: Energy(OutlierMode=DontRemove, IterationTime=1s)
// *** Execute ***
// Launch: 1 / 1
// Execute: dotnet JsonBench-Energy-1.dll --anonymousPipes 123 124 --benchmarkName JsonBench.Benchmarks.SmokeBenchByte.Newtonsoft_Ser --job Energy --benchmarkId 7 in /home/test/json-energy-bench/JsonBench/bin/Release/net10.0/JsonBench-Energy-1/bin/Release/net10.0
// BeforeAnythingElse

// Benchmark Process Environment Information:
// BenchmarkDotNet v0.15.5-develop (2026-05-17)
// Runtime=.NET 10.0.7 (10.0.7, 10.0.726.21808), X64 RyuJIT x86-64-v3
// GC=Concurrent Workstation
// HardwareIntrinsics=AVX2+BMI1+BMI2+F16C+FMA+LZCNT+MOVBE,AVX,SSE3+SSSE3+SSE4.1+SSE4.2+POPCNT,X86Base+SSE+SSE2,AES+PCLMUL VectorSize=256
// Job: Energy(OutlierMode=DontRemove, IterationTime=1s)

OverheadJitting  1: 1 op, 263232.00 ns, 263.2320 us/op
WorkloadJitting  1: 1 op, 74972744.00 ns, 74.9727 ms/op

WorkloadPilot    1: 4 op, 354019.00 ns, 88.5048 us/op
WorkloadPilot    2: 11299 op, 539388838.00 ns, 47.7378 us/op
WorkloadPilot    3: 20948 op, 345442230.00 ns, 16.4905 us/op
WorkloadPilot    4: 60641 op, 996574717.00 ns, 16.4340 us/op
WorkloadPilot    5: 60849 op, 1006729901.00 ns, 16.5447 us/op
WorkloadPilot    6: 60442 op, 1004447784.00 ns, 16.6184 us/op
WorkloadPilot    7: 60174 op, 1000862405.00 ns, 16.6328 us/op

WorkloadWarmup   1: 60174 op, 1001177338.00 ns, 16.6380 us/op
WorkloadWarmup   2: 60174 op, 1002034598.00 ns, 16.6523 us/op
WorkloadWarmup   3: 60174 op, 1003593002.00 ns, 16.6782 us/op
WorkloadWarmup   4: 60174 op, 1008793595.00 ns, 16.7646 us/op
WorkloadWarmup   5: 60174 op, 1006836235.00 ns, 16.7321 us/op
WorkloadWarmup   6: 60174 op, 1003813851.00 ns, 16.6819 us/op
WorkloadWarmup   7: 60174 op, 1004553457.00 ns, 16.6941 us/op
WorkloadWarmup   8: 60174 op, 1018954504.00 ns, 16.9335 us/op
WorkloadWarmup   9: 60174 op, 998762801.00 ns, 16.5979 us/op

// BeforeActualRun
WorkloadActual   1: 60174 op, 1022122093.00 ns, 16.9861 us/op
WorkloadActual   2: 60174 op, 1225608939.00 ns, 20.3677 us/op
WorkloadActual   3: 60174 op, 1140821643.00 ns, 18.9587 us/op
WorkloadActual   4: 60174 op, 1066999897.00 ns, 17.7319 us/op
WorkloadActual   5: 60174 op, 997153150.00 ns, 16.5712 us/op
WorkloadActual   6: 60174 op, 1004885554.00 ns, 16.6997 us/op
WorkloadActual   7: 60174 op, 991231485.00 ns, 16.4728 us/op
WorkloadActual   8: 60174 op, 984390294.00 ns, 16.3591 us/op
WorkloadActual   9: 60174 op, 1012968400.00 ns, 16.8340 us/op
WorkloadActual  10: 60174 op, 1004290339.00 ns, 16.6898 us/op
WorkloadActual  11: 60174 op, 988238236.00 ns, 16.4230 us/op
WorkloadActual  12: 60174 op, 979426325.00 ns, 16.2766 us/op
WorkloadActual  13: 60174 op, 983014732.00 ns, 16.3362 us/op
WorkloadActual  14: 60174 op, 980833020.00 ns, 16.2999 us/op
WorkloadActual  15: 60174 op, 1008280014.00 ns, 16.7561 us/op
WorkloadActual  16: 60174 op, 981375006.00 ns, 16.3090 us/op
WorkloadActual  17: 60174 op, 983794352.00 ns, 16.3492 us/op
WorkloadActual  18: 60174 op, 982925519.00 ns, 16.3347 us/op
WorkloadActual  19: 60174 op, 1000315250.00 ns, 16.6237 us/op
WorkloadActual  20: 60174 op, 996289622.00 ns, 16.5568 us/op
WorkloadActual  21: 60174 op, 1008233781.00 ns, 16.7553 us/op
WorkloadActual  22: 60174 op, 983316780.00 ns, 16.3412 us/op
WorkloadActual  23: 60174 op, 982173106.00 ns, 16.3222 us/op
WorkloadActual  24: 60174 op, 983087312.00 ns, 16.3374 us/op
WorkloadActual  25: 60174 op, 979988536.00 ns, 16.2859 us/op
WorkloadActual  26: 60174 op, 997324063.00 ns, 16.5740 us/op
WorkloadActual  27: 60174 op, 996535200.00 ns, 16.5609 us/op
WorkloadActual  28: 60174 op, 983981512.00 ns, 16.3523 us/op
WorkloadActual  29: 60174 op, 994660721.00 ns, 16.5297 us/op
WorkloadActual  30: 60174 op, 996441410.00 ns, 16.5593 us/op
WorkloadActual  31: 60174 op, 999985728.00 ns, 16.6182 us/op
WorkloadActual  32: 60174 op, 1020601142.00 ns, 16.9608 us/op
WorkloadActual  33: 60174 op, 1000195142.00 ns, 16.6217 us/op
WorkloadActual  34: 60174 op, 980373216.00 ns, 16.2923 us/op
WorkloadActual  35: 60174 op, 984045376.00 ns, 16.3533 us/op
WorkloadActual  36: 60174 op, 982091018.00 ns, 16.3209 us/op
WorkloadActual  37: 60174 op, 992522199.00 ns, 16.4942 us/op
WorkloadActual  38: 60174 op, 1010986832.00 ns, 16.8011 us/op
WorkloadActual  39: 60174 op, 1060498147.00 ns, 17.6239 us/op
WorkloadActual  40: 60174 op, 992833277.00 ns, 16.4994 us/op
WorkloadActual  41: 60174 op, 984293229.00 ns, 16.3575 us/op
WorkloadActual  42: 60174 op, 985777820.00 ns, 16.3821 us/op
WorkloadActual  43: 60174 op, 1029611397.00 ns, 17.1106 us/op
WorkloadActual  44: 60174 op, 985105544.00 ns, 16.3709 us/op
WorkloadActual  45: 60174 op, 984334840.00 ns, 16.3581 us/op
WorkloadActual  46: 60174 op, 1006513242.00 ns, 16.7267 us/op
WorkloadActual  47: 60174 op, 980823294.00 ns, 16.2998 us/op
WorkloadActual  48: 60174 op, 980360028.00 ns, 16.2921 us/op
WorkloadActual  49: 60174 op, 1028622954.00 ns, 17.0941 us/op
WorkloadActual  50: 60174 op, 996301373.00 ns, 16.5570 us/op
WorkloadActual  51: 60174 op, 983667096.00 ns, 16.3470 us/op
WorkloadActual  52: 60174 op, 985844413.00 ns, 16.3832 us/op
WorkloadActual  53: 60174 op, 981882029.00 ns, 16.3174 us/op

// AfterActualRun
WorkloadResult   1: 60174 op, 1022122093.00 ns, 16.9861 us/op
WorkloadResult   2: 60174 op, 1225608939.00 ns, 20.3677 us/op
WorkloadResult   3: 60174 op, 1140821643.00 ns, 18.9587 us/op
WorkloadResult   4: 60174 op, 1066999897.00 ns, 17.7319 us/op
WorkloadResult   5: 60174 op, 997153150.00 ns, 16.5712 us/op
WorkloadResult   6: 60174 op, 1004885554.00 ns, 16.6997 us/op
WorkloadResult   7: 60174 op, 991231485.00 ns, 16.4728 us/op
WorkloadResult   8: 60174 op, 984390294.00 ns, 16.3591 us/op
WorkloadResult   9: 60174 op, 1012968400.00 ns, 16.8340 us/op
WorkloadResult  10: 60174 op, 1004290339.00 ns, 16.6898 us/op
WorkloadResult  11: 60174 op, 988238236.00 ns, 16.4230 us/op
WorkloadResult  12: 60174 op, 979426325.00 ns, 16.2766 us/op
WorkloadResult  13: 60174 op, 983014732.00 ns, 16.3362 us/op
WorkloadResult  14: 60174 op, 980833020.00 ns, 16.2999 us/op
WorkloadResult  15: 60174 op, 1008280014.00 ns, 16.7561 us/op
WorkloadResult  16: 60174 op, 981375006.00 ns, 16.3090 us/op
WorkloadResult  17: 60174 op, 983794352.00 ns, 16.3492 us/op
WorkloadResult  18: 60174 op, 982925519.00 ns, 16.3347 us/op
WorkloadResult  19: 60174 op, 1000315250.00 ns, 16.6237 us/op
WorkloadResult  20: 60174 op, 996289622.00 ns, 16.5568 us/op
WorkloadResult  21: 60174 op, 1008233781.00 ns, 16.7553 us/op
WorkloadResult  22: 60174 op, 983316780.00 ns, 16.3412 us/op
WorkloadResult  23: 60174 op, 982173106.00 ns, 16.3222 us/op
WorkloadResult  24: 60174 op, 983087312.00 ns, 16.3374 us/op
WorkloadResult  25: 60174 op, 979988536.00 ns, 16.2859 us/op
WorkloadResult  26: 60174 op, 997324063.00 ns, 16.5740 us/op
WorkloadResult  27: 60174 op, 996535200.00 ns, 16.5609 us/op
WorkloadResult  28: 60174 op, 983981512.00 ns, 16.3523 us/op
WorkloadResult  29: 60174 op, 994660721.00 ns, 16.5297 us/op
WorkloadResult  30: 60174 op, 996441410.00 ns, 16.5593 us/op
WorkloadResult  31: 60174 op, 999985728.00 ns, 16.6182 us/op
WorkloadResult  32: 60174 op, 1020601142.00 ns, 16.9608 us/op
WorkloadResult  33: 60174 op, 1000195142.00 ns, 16.6217 us/op
WorkloadResult  34: 60174 op, 980373216.00 ns, 16.2923 us/op
WorkloadResult  35: 60174 op, 984045376.00 ns, 16.3533 us/op
WorkloadResult  36: 60174 op, 982091018.00 ns, 16.3209 us/op
WorkloadResult  37: 60174 op, 992522199.00 ns, 16.4942 us/op
WorkloadResult  38: 60174 op, 1010986832.00 ns, 16.8011 us/op
WorkloadResult  39: 60174 op, 1060498147.00 ns, 17.6239 us/op
WorkloadResult  40: 60174 op, 992833277.00 ns, 16.4994 us/op
WorkloadResult  41: 60174 op, 984293229.00 ns, 16.3575 us/op
WorkloadResult  42: 60174 op, 985777820.00 ns, 16.3821 us/op
WorkloadResult  43: 60174 op, 1029611397.00 ns, 17.1106 us/op
WorkloadResult  44: 60174 op, 985105544.00 ns, 16.3709 us/op
WorkloadResult  45: 60174 op, 984334840.00 ns, 16.3581 us/op
WorkloadResult  46: 60174 op, 1006513242.00 ns, 16.7267 us/op
WorkloadResult  47: 60174 op, 980823294.00 ns, 16.2998 us/op
WorkloadResult  48: 60174 op, 980360028.00 ns, 16.2921 us/op
WorkloadResult  49: 60174 op, 1028622954.00 ns, 17.0941 us/op
WorkloadResult  50: 60174 op, 996301373.00 ns, 16.5570 us/op
WorkloadResult  51: 60174 op, 983667096.00 ns, 16.3470 us/op
WorkloadResult  52: 60174 op, 985844413.00 ns, 16.3832 us/op
WorkloadResult  53: 60174 op, 981882029.00 ns, 16.3174 us/op

// AfterAll
// Benchmark Process 1118752 has exited with code 0.

Mean = 16.674 μs, StdErr = 0.094 μs (0.57%), N = 53, StdDev = 0.688 μs
Min = 16.277 μs, Q1 = 16.341 μs, Median = 16.494 μs, Q3 = 16.700 μs, Max = 20.368 μs
IQR = 0.358 μs, LowerFence = 15.804 μs, UpperFence = 17.237 μs
ConfidenceInterval = [16.345 μs; 17.004 μs] (CI 99.9%), Margin = 0.329 μs (1.98% of Mean)
Skewness = 3.69, Kurtosis = 18.22, MValue = 2

// ** Remained 2 (20.0 %) benchmark(s) to run. Estimated finish 2026-05-17 20:13 (0h 1m from now) **
// **************************
// Benchmark: SmokeBenchByte.SpanJson_Ser: Energy(OutlierMode=DontRemove, IterationTime=1s)
// *** Execute ***
// Launch: 1 / 1
// Execute: dotnet JsonBench-Energy-1.dll --anonymousPipes 123 124 --benchmarkName JsonBench.Benchmarks.SmokeBenchByte.SpanJson_Ser --job Energy --benchmarkId 8 in /home/test/json-energy-bench/JsonBench/bin/Release/net10.0/JsonBench-Energy-1/bin/Release/net10.0
// BeforeAnythingElse

// Benchmark Process Environment Information:
// BenchmarkDotNet v0.15.5-develop (2026-05-17)
// Runtime=.NET 10.0.7 (10.0.7, 10.0.726.21808), X64 RyuJIT x86-64-v3
// GC=Concurrent Workstation
// HardwareIntrinsics=AVX2+BMI1+BMI2+F16C+FMA+LZCNT+MOVBE,AVX,SSE3+SSSE3+SSE4.1+SSE4.2+POPCNT,X86Base+SSE+SSE2,AES+PCLMUL VectorSize=256
// Job: Energy(OutlierMode=DontRemove, IterationTime=1s)

OverheadJitting  1: 1 op, 271626.00 ns, 271.6260 us/op
WorkloadJitting  1: 1 op, 97742932.00 ns, 97.7429 ms/op

WorkloadPilot    1: 4 op, 217870.00 ns, 54.4675 us/op
WorkloadPilot    2: 18360 op, 266917141.00 ns, 14.5380 us/op
WorkloadPilot    3: 68785 op, 572085590.00 ns, 8.3170 us/op
WorkloadPilot    4: 120236 op, 989547865.00 ns, 8.2300 us/op
WorkloadPilot    5: 121506 op, 1008224997.00 ns, 8.2977 us/op
WorkloadPilot    6: 120515 op, 998985379.00 ns, 8.2893 us/op
WorkloadPilot    7: 120637 op, 997805985.00 ns, 8.2711 us/op
WorkloadPilot    8: 120902 op, 1002526869.00 ns, 8.2921 us/op
WorkloadPilot    9: 120597 op, 995231772.00 ns, 8.2525 us/op
WorkloadPilot   10: 121175 op, 1002253441.00 ns, 8.2711 us/op

WorkloadWarmup   1: 121175 op, 1006214437.00 ns, 8.3038 us/op
WorkloadWarmup   2: 121175 op, 1007075067.00 ns, 8.3109 us/op
WorkloadWarmup   3: 121175 op, 1011277107.00 ns, 8.3456 us/op
WorkloadWarmup   4: 121175 op, 1005966265.00 ns, 8.3018 us/op
WorkloadWarmup   5: 121175 op, 1014548439.00 ns, 8.3726 us/op
WorkloadWarmup   6: 121175 op, 1020869762.00 ns, 8.4248 us/op
WorkloadWarmup   7: 121175 op, 1025704025.00 ns, 8.4647 us/op
WorkloadWarmup   8: 121175 op, 1031068335.00 ns, 8.5089 us/op
WorkloadWarmup   9: 121175 op, 1002637770.00 ns, 8.2743 us/op

// BeforeActualRun
WorkloadActual   1: 121175 op, 1017709682.00 ns, 8.3987 us/op
WorkloadActual   2: 121175 op, 1004248620.00 ns, 8.2876 us/op
WorkloadActual   3: 121175 op, 1004024754.00 ns, 8.2857 us/op
WorkloadActual   4: 121175 op, 1002906697.00 ns, 8.2765 us/op
WorkloadActual   5: 121175 op, 996719817.00 ns, 8.2255 us/op
WorkloadActual   6: 121175 op, 1009484279.00 ns, 8.3308 us/op
WorkloadActual   7: 121175 op, 1016518544.00 ns, 8.3888 us/op
WorkloadActual   8: 121175 op, 1000141194.00 ns, 8.2537 us/op
WorkloadActual   9: 121175 op, 1005283691.00 ns, 8.2961 us/op
WorkloadActual  10: 121175 op, 999342439.00 ns, 8.2471 us/op
WorkloadActual  11: 121175 op, 1003978779.00 ns, 8.2854 us/op
WorkloadActual  12: 121175 op, 1012106182.00 ns, 8.3524 us/op
WorkloadActual  13: 121175 op, 1007218459.00 ns, 8.3121 us/op
WorkloadActual  14: 121175 op, 1014154149.00 ns, 8.3693 us/op
WorkloadActual  15: 121175 op, 1001333493.00 ns, 8.2635 us/op

// AfterActualRun
WorkloadResult   1: 121175 op, 1017709682.00 ns, 8.3987 us/op
WorkloadResult   2: 121175 op, 1004248620.00 ns, 8.2876 us/op
WorkloadResult   3: 121175 op, 1004024754.00 ns, 8.2857 us/op
WorkloadResult   4: 121175 op, 1002906697.00 ns, 8.2765 us/op
WorkloadResult   5: 121175 op, 996719817.00 ns, 8.2255 us/op
WorkloadResult   6: 121175 op, 1009484279.00 ns, 8.3308 us/op
WorkloadResult   7: 121175 op, 1016518544.00 ns, 8.3888 us/op
WorkloadResult   8: 121175 op, 1000141194.00 ns, 8.2537 us/op
WorkloadResult   9: 121175 op, 1005283691.00 ns, 8.2961 us/op
WorkloadResult  10: 121175 op, 999342439.00 ns, 8.2471 us/op
WorkloadResult  11: 121175 op, 1003978779.00 ns, 8.2854 us/op
WorkloadResult  12: 121175 op, 1012106182.00 ns, 8.3524 us/op
WorkloadResult  13: 121175 op, 1007218459.00 ns, 8.3121 us/op
WorkloadResult  14: 121175 op, 1014154149.00 ns, 8.3693 us/op
WorkloadResult  15: 121175 op, 1001333493.00 ns, 8.2635 us/op

// AfterAll
// Benchmark Process 1119491 has exited with code 0.

Mean = 8.305 μs, StdErr = 0.014 μs (0.16%), N = 15, StdDev = 0.053 μs
Min = 8.225 μs, Q1 = 8.270 μs, Median = 8.288 μs, Q3 = 8.342 μs, Max = 8.399 μs
IQR = 0.072 μs, LowerFence = 8.163 μs, UpperFence = 8.449 μs
ConfidenceInterval = [8.249 μs; 8.361 μs] (CI 99.9%), Margin = 0.056 μs (0.68% of Mean)
Skewness = 0.4, Kurtosis = 1.83, MValue = 2

// ** Remained 1 (10.0 %) benchmark(s) to run. Estimated finish 2026-05-17 20:13 (0h 0m from now) **
// **************************
// Benchmark: SmokeBenchByte.Utf8Json_Ser: Energy(OutlierMode=DontRemove, IterationTime=1s)
// *** Execute ***
// Launch: 1 / 1
// Execute: dotnet JsonBench-Energy-1.dll --anonymousPipes 123 124 --benchmarkName JsonBench.Benchmarks.SmokeBenchByte.Utf8Json_Ser --job Energy --benchmarkId 9 in /home/test/json-energy-bench/JsonBench/bin/Release/net10.0/JsonBench-Energy-1/bin/Release/net10.0
// BeforeAnythingElse

// Benchmark Process Environment Information:
// BenchmarkDotNet v0.15.5-develop (2026-05-17)
// Runtime=.NET 10.0.7 (10.0.7, 10.0.726.21808), X64 RyuJIT x86-64-v3
// GC=Concurrent Workstation
// HardwareIntrinsics=AVX2+BMI1+BMI2+F16C+FMA+LZCNT+MOVBE,AVX,SSE3+SSSE3+SSE4.1+SSE4.2+POPCNT,X86Base+SSE+SSE2,AES+PCLMUL VectorSize=256
// Job: Energy(OutlierMode=DontRemove, IterationTime=1s)

OverheadJitting  1: 1 op, 279824.00 ns, 279.8240 us/op
WorkloadJitting  1: 1 op, 104542635.00 ns, 104.5426 ms/op

WorkloadPilot    1: 4 op, 198557.00 ns, 49.6393 us/op
WorkloadPilot    2: 20145 op, 437356912.00 ns, 21.7104 us/op
WorkloadPilot    3: 46061 op, 483218105.00 ns, 10.4908 us/op
WorkloadPilot    4: 95321 op, 999033995.00 ns, 10.4807 us/op
WorkloadPilot    5: 95413 op, 1047478592.00 ns, 10.9784 us/op
WorkloadPilot    6: 91088 op, 963210170.00 ns, 10.5745 us/op
WorkloadPilot    7: 94567 op, 996084259.00 ns, 10.5331 us/op
WorkloadPilot    8: 94939 op, 993652013.00 ns, 10.4662 us/op
WorkloadPilot    9: 95546 op, 1006840673.00 ns, 10.5378 us/op
WorkloadPilot   10: 94897 op, 998727182.00 ns, 10.5243 us/op
WorkloadPilot   11: 95018 op, 997269821.00 ns, 10.4956 us/op
WorkloadPilot   12: 95278 op, 1006113291.00 ns, 10.5598 us/op

WorkloadWarmup   1: 95278 op, 1001148494.00 ns, 10.5077 us/op
WorkloadWarmup   2: 95278 op, 1008051404.00 ns, 10.5801 us/op
WorkloadWarmup   3: 95278 op, 1026711961.00 ns, 10.7760 us/op
WorkloadWarmup   4: 95278 op, 1006546995.00 ns, 10.5643 us/op
WorkloadWarmup   5: 95278 op, 998651700.00 ns, 10.4815 us/op
WorkloadWarmup   6: 95278 op, 1005889452.00 ns, 10.5574 us/op
WorkloadWarmup   7: 95278 op, 999046634.00 ns, 10.4856 us/op

// BeforeActualRun
WorkloadActual   1: 95278 op, 1018294291.00 ns, 10.6876 us/op
WorkloadActual   2: 95278 op, 1003857674.00 ns, 10.5361 us/op
WorkloadActual   3: 95278 op, 998116861.00 ns, 10.4758 us/op
WorkloadActual   4: 95278 op, 997972650.00 ns, 10.4743 us/op
WorkloadActual   5: 95278 op, 1001175821.00 ns, 10.5079 us/op
WorkloadActual   6: 95278 op, 1001208539.00 ns, 10.5083 us/op
WorkloadActual   7: 95278 op, 1007226161.00 ns, 10.5714 us/op
WorkloadActual   8: 95278 op, 1005022698.00 ns, 10.5483 us/op
WorkloadActual   9: 95278 op, 997994543.00 ns, 10.4746 us/op
WorkloadActual  10: 95278 op, 996292651.00 ns, 10.4567 us/op
WorkloadActual  11: 95278 op, 1001067268.00 ns, 10.5068 us/op
WorkloadActual  12: 95278 op, 1005647277.00 ns, 10.5549 us/op
WorkloadActual  13: 95278 op, 994771299.00 ns, 10.4407 us/op
WorkloadActual  14: 95278 op, 995044009.00 ns, 10.4436 us/op
WorkloadActual  15: 95278 op, 994959546.00 ns, 10.4427 us/op

// AfterActualRun
WorkloadResult   1: 95278 op, 1018294291.00 ns, 10.6876 us/op
WorkloadResult   2: 95278 op, 1003857674.00 ns, 10.5361 us/op
WorkloadResult   3: 95278 op, 998116861.00 ns, 10.4758 us/op
WorkloadResult   4: 95278 op, 997972650.00 ns, 10.4743 us/op
WorkloadResult   5: 95278 op, 1001175821.00 ns, 10.5079 us/op
WorkloadResult   6: 95278 op, 1001208539.00 ns, 10.5083 us/op
WorkloadResult   7: 95278 op, 1007226161.00 ns, 10.5714 us/op
WorkloadResult   8: 95278 op, 1005022698.00 ns, 10.5483 us/op
WorkloadResult   9: 95278 op, 997994543.00 ns, 10.4746 us/op
WorkloadResult  10: 95278 op, 996292651.00 ns, 10.4567 us/op
WorkloadResult  11: 95278 op, 1001067268.00 ns, 10.5068 us/op
WorkloadResult  12: 95278 op, 1005647277.00 ns, 10.5549 us/op
WorkloadResult  13: 95278 op, 994771299.00 ns, 10.4407 us/op
WorkloadResult  14: 95278 op, 995044009.00 ns, 10.4436 us/op
WorkloadResult  15: 95278 op, 994959546.00 ns, 10.4427 us/op

// AfterAll
// Benchmark Process 1120163 has exited with code 0.

Mean = 10.509 μs, StdErr = 0.017 μs (0.16%), N = 15, StdDev = 0.065 μs
Min = 10.441 μs, Q1 = 10.466 μs, Median = 10.507 μs, Q3 = 10.542 μs, Max = 10.688 μs
IQR = 0.077 μs, LowerFence = 10.350 μs, UpperFence = 10.657 μs
ConfidenceInterval = [10.439 μs; 10.578 μs] (CI 99.9%), Margin = 0.070 μs (0.66% of Mean)
Skewness = 1.2, Kurtosis = 4.09, MValue = 2

// ** Remained 0 (0.0 %) benchmark(s) to run. Estimated finish 2026-05-17 20:13 (0h 0m from now) **
// ***** BenchmarkRunner: Finish  *****

// * Export *
  BenchmarkArtifacts/results/JsonBench.Benchmarks.SmokeBenchByte-report.csv
  BenchmarkArtifacts/results/JsonBench.Benchmarks.SmokeBenchByte-report-github.md
  BenchmarkArtifacts/results/JsonBench.Benchmarks.SmokeBenchByte-report.html
  BenchmarkArtifacts/results/JsonBench.Benchmarks.SmokeBenchByte-measurements.csv

// * Detailed results *
SmokeBenchByte.SpanJson_Deser: Energy(OutlierMode=DontRemove, IterationTime=1s)
Runtime = .NET 10.0.7 (10.0.7, 10.0.726.21808), X64 RyuJIT x86-64-v3; GC = Concurrent Workstation
Mean = 11.783 μs, StdErr = 0.016 μs (0.13%), N = 15, StdDev = 0.060 μs
Min = 11.715 μs, Q1 = 11.745 μs, Median = 11.775 μs, Q3 = 11.800 μs, Max = 11.969 μs
IQR = 0.054 μs, LowerFence = 11.664 μs, UpperFence = 11.881 μs
ConfidenceInterval = [11.718 μs; 11.847 μs] (CI 99.9%), Margin = 0.064 μs (0.55% of Mean)
Skewness = 1.8, Kurtosis = 6.37, MValue = 2
-------------------- Histogram --------------------
[11.683 μs ; 12.001 μs) | @@@@@@@@@@@@@@@
---------------------------------------------------

SmokeBenchByte.STJSrcGen_Deser: Energy(OutlierMode=DontRemove, IterationTime=1s)
Runtime = .NET 10.0.7 (10.0.7, 10.0.726.21808), X64 RyuJIT x86-64-v3; GC = Concurrent Workstation
Mean = 15.674 μs, StdErr = 0.052 μs (0.33%), N = 15, StdDev = 0.201 μs
Min = 15.520 μs, Q1 = 15.543 μs, Median = 15.568 μs, Q3 = 15.721 μs, Max = 16.237 μs
IQR = 0.178 μs, LowerFence = 15.277 μs, UpperFence = 15.987 μs
ConfidenceInterval = [15.458 μs; 15.889 μs] (CI 99.9%), Margin = 0.215 μs (1.37% of Mean)
Skewness = 1.51, Kurtosis = 4.39, MValue = 2
-------------------- Histogram --------------------
[15.435 μs ; 16.003 μs) | @@@@@@@@@@@@@@
[16.003 μs ; 16.344 μs) | @
---------------------------------------------------

SmokeBenchByte.STJRefGen_Deser: Energy(OutlierMode=DontRemove, IterationTime=1s)
Runtime = .NET 10.0.7 (10.0.7, 10.0.726.21808), X64 RyuJIT x86-64-v3; GC = Concurrent Workstation
Mean = 15.966 μs, StdErr = 0.091 μs (0.57%), N = 56, StdDev = 0.681 μs
Min = 15.483 μs, Q1 = 15.536 μs, Median = 15.585 μs, Q3 = 16.017 μs, Max = 17.352 μs
IQR = 0.481 μs, LowerFence = 14.814 μs, UpperFence = 16.739 μs
ConfidenceInterval = [15.650 μs; 16.282 μs] (CI 99.9%), Margin = 0.316 μs (1.98% of Mean)
Skewness = 1.18, Kurtosis = 2.54, MValue = 2
-------------------- Histogram --------------------
[15.461 μs ; 15.928 μs) | @@@@@@@@@@@@@@@@@@@@@@@@@@@@@@@@@@@@@@@@@@
[15.928 μs ; 16.579 μs) | @
[16.579 μs ; 16.963 μs) | @@
[16.963 μs ; 17.430 μs) | @@@@@@@@@@@
---------------------------------------------------

SmokeBenchByte.Utf8Json_Deser: Energy(OutlierMode=DontRemove, IterationTime=1s)
Runtime = .NET 10.0.7 (10.0.7, 10.0.726.21808), X64 RyuJIT x86-64-v3; GC = Concurrent Workstation
Mean = 18.276 μs, StdErr = 0.046 μs (0.25%), N = 15, StdDev = 0.179 μs
Min = 18.097 μs, Q1 = 18.197 μs, Median = 18.214 μs, Q3 = 18.286 μs, Max = 18.819 μs
IQR = 0.089 μs, LowerFence = 18.064 μs, UpperFence = 18.420 μs
ConfidenceInterval = [18.084 μs; 18.467 μs] (CI 99.9%), Margin = 0.192 μs (1.05% of Mean)
Skewness = 1.88, Kurtosis = 5.93, MValue = 2
-------------------- Histogram --------------------
[18.029 μs ; 18.914 μs) | @@@@@@@@@@@@@@@
---------------------------------------------------

SmokeBenchByte.Newtonsoft_Deser: Energy(OutlierMode=DontRemove, IterationTime=1s)
Runtime = .NET 10.0.7 (10.0.7, 10.0.726.21808), X64 RyuJIT x86-64-v3; GC = Concurrent Workstation
Mean = 28.513 μs, StdErr = 0.072 μs (0.25%), N = 15, StdDev = 0.278 μs
Min = 28.197 μs, Q1 = 28.328 μs, Median = 28.476 μs, Q3 = 28.590 μs, Max = 29.310 μs
IQR = 0.263 μs, LowerFence = 27.934 μs, UpperFence = 28.984 μs
ConfidenceInterval = [28.216 μs; 28.811 μs] (CI 99.9%), Margin = 0.297 μs (1.04% of Mean)
Skewness = 1.42, Kurtosis = 4.85, MValue = 2
-------------------- Histogram --------------------
[28.153 μs ; 29.458 μs) | @@@@@@@@@@@@@@@
---------------------------------------------------

SmokeBenchByte.STJSrcGen_Ser: Energy(OutlierMode=DontRemove, IterationTime=1s)
Runtime = .NET 10.0.7 (10.0.7, 10.0.726.21808), X64 RyuJIT x86-64-v3; GC = Concurrent Workstation
Mean = 5.631 μs, StdErr = 0.021 μs (0.37%), N = 15, StdDev = 0.080 μs
Min = 5.558 μs, Q1 = 5.576 μs, Median = 5.597 μs, Q3 = 5.651 μs, Max = 5.815 μs
IQR = 0.075 μs, LowerFence = 5.463 μs, UpperFence = 5.764 μs
ConfidenceInterval = [5.545 μs; 5.716 μs] (CI 99.9%), Margin = 0.085 μs (1.51% of Mean)
Skewness = 1.25, Kurtosis = 3.31, MValue = 2
-------------------- Histogram --------------------
[5.549 μs ; 5.857 μs) | @@@@@@@@@@@@@@@
---------------------------------------------------

SmokeBenchByte.STJRefGen_Ser: Energy(OutlierMode=DontRemove, IterationTime=1s)
Runtime = .NET 10.0.7 (10.0.7, 10.0.726.21808), X64 RyuJIT x86-64-v3; GC = Concurrent Workstation
Mean = 7.839 μs, StdErr = 0.026 μs (0.33%), N = 15, StdDev = 0.101 μs
Min = 7.752 μs, Q1 = 7.792 μs, Median = 7.809 μs, Q3 = 7.847 μs, Max = 8.155 μs
IQR = 0.056 μs, LowerFence = 7.708 μs, UpperFence = 7.931 μs
ConfidenceInterval = [7.732 μs; 7.947 μs] (CI 99.9%), Margin = 0.107 μs (1.37% of Mean)
Skewness = 2.01, Kurtosis = 6.62, MValue = 2
-------------------- Histogram --------------------
[7.698 μs ; 7.864 μs) | @@@@@@@@@@@
[7.864 μs ; 8.208 μs) | @@@@
---------------------------------------------------

SmokeBenchByte.SpanJson_Ser: Energy(OutlierMode=DontRemove, IterationTime=1s)
Runtime = .NET 10.0.7 (10.0.7, 10.0.726.21808), X64 RyuJIT x86-64-v3; GC = Concurrent Workstation
Mean = 8.305 μs, StdErr = 0.014 μs (0.16%), N = 15, StdDev = 0.053 μs
Min = 8.225 μs, Q1 = 8.270 μs, Median = 8.288 μs, Q3 = 8.342 μs, Max = 8.399 μs
IQR = 0.072 μs, LowerFence = 8.163 μs, UpperFence = 8.449 μs
ConfidenceInterval = [8.249 μs; 8.361 μs] (CI 99.9%), Margin = 0.056 μs (0.68% of Mean)
Skewness = 0.4, Kurtosis = 1.83, MValue = 2
-------------------- Histogram --------------------
[8.197 μs ; 8.427 μs) | @@@@@@@@@@@@@@@
---------------------------------------------------

SmokeBenchByte.Utf8Json_Ser: Energy(OutlierMode=DontRemove, IterationTime=1s)
Runtime = .NET 10.0.7 (10.0.7, 10.0.726.21808), X64 RyuJIT x86-64-v3; GC = Concurrent Workstation
Mean = 10.509 μs, StdErr = 0.017 μs (0.16%), N = 15, StdDev = 0.065 μs
Min = 10.441 μs, Q1 = 10.466 μs, Median = 10.507 μs, Q3 = 10.542 μs, Max = 10.688 μs
IQR = 0.077 μs, LowerFence = 10.350 μs, UpperFence = 10.657 μs
ConfidenceInterval = [10.439 μs; 10.578 μs] (CI 99.9%), Margin = 0.070 μs (0.66% of Mean)
Skewness = 1.2, Kurtosis = 4.09, MValue = 2
-------------------- Histogram --------------------
[10.406 μs ; 10.722 μs) | @@@@@@@@@@@@@@@
---------------------------------------------------

SmokeBenchByte.Newtonsoft_Ser: Energy(OutlierMode=DontRemove, IterationTime=1s)
Runtime = .NET 10.0.7 (10.0.7, 10.0.726.21808), X64 RyuJIT x86-64-v3; GC = Concurrent Workstation
Mean = 16.674 μs, StdErr = 0.094 μs (0.57%), N = 53, StdDev = 0.688 μs
Min = 16.277 μs, Q1 = 16.341 μs, Median = 16.494 μs, Q3 = 16.700 μs, Max = 20.368 μs
IQR = 0.358 μs, LowerFence = 15.804 μs, UpperFence = 17.237 μs
ConfidenceInterval = [16.345 μs; 17.004 μs] (CI 99.9%), Margin = 0.329 μs (1.98% of Mean)
Skewness = 3.69, Kurtosis = 18.22, MValue = 2
-------------------- Histogram --------------------
[16.276 μs ; 16.757 μs) | @@@@@@@@@@@@@@@@@@@@@@@@@@@@@@@@@@@@@@@@@@@
[16.757 μs ; 17.438 μs) | @@@@@@
[17.438 μs ; 17.918 μs) | @@
[17.918 μs ; 18.718 μs) | 
[18.718 μs ; 19.199 μs) | @
[19.199 μs ; 19.679 μs) | 
[19.679 μs ; 20.128 μs) | 
[20.128 μs ; 20.608 μs) | @
---------------------------------------------------

// * Summary *

BenchmarkDotNet v0.15.5-develop (2026-05-17), Linux Ubuntu 24.04.4 LTS (Noble Numbat)
Intel Core i9-9900K CPU 3.60GHz (Max: 4.20GHz) (Coffee Lake), 1 CPU, 16 logical and 8 physical cores
.NET SDK 10.0.107
  [Host] : .NET 10.0.7 (10.0.7, 10.0.726.21808), X64 RyuJIT x86-64-v3
  Energy : .NET 10.0.7 (10.0.7, 10.0.726.21808), X64 RyuJIT x86-64-v3

Job=Energy  OutlierMode=DontRemove  IterationTime=1s  

| Method           | Mean      | Error     | StdDev    | Operations | Median    | Iterations | Metrion CPU Energy (uJ/op) | Metrion CPU Energy (uJ/iter) |
|----------------- |----------:|----------:|----------:|-----------:|----------:|-----------:|---------------------------:|-----------------------------:|
| SpanJson_Deser   | 11.783 μs | 0.0643 μs | 0.0601 μs |     84,657 | 11.775 μs |      15.00 |                      64.65 |                   5473357.37 |
| STJSrcGen_Deser  | 15.674 μs | 0.2153 μs | 0.2014 μs |     64,144 | 15.568 μs |      15.00 |                      86.25 |                   5532401.53 |
| STJRefGen_Deser  | 15.966 μs | 0.3161 μs | 0.6805 μs |     64,224 | 15.585 μs |      56.00 |                      88.47 |                   5681911.18 |
| Utf8Json_Deser   | 18.276 μs | 0.1916 μs | 0.1793 μs |     54,990 | 18.214 μs |      15.00 |                     103.09 |                   5668656.99 |
| Newtonsoft_Deser | 28.513 μs | 0.2973 μs | 0.2781 μs |     35,142 | 28.476 μs |      15.00 |                     155.04 |                   5448495.09 |
|                  |           |           |           |            |           |            |                            |                              |
| STJSrcGen_Ser    |  5.631 μs | 0.0853 μs | 0.0798 μs |    178,688 |  5.597 μs |      15.00 |                      31.97 |                   5712050.19 |
| STJRefGen_Ser    |  7.839 μs | 0.1074 μs | 0.1005 μs |    127,552 |  7.809 μs |      15.00 |                      41.61 |                   5306896.60 |
| SpanJson_Ser     |  8.305 μs | 0.0563 μs | 0.0527 μs |    121,175 |  8.288 μs |      15.00 |                      47.08 |                   5704344.92 |
| Utf8Json_Ser     | 10.509 μs | 0.0698 μs | 0.0653 μs |     95,278 | 10.507 μs |      15.00 |                      55.13 |                   5252789.19 |
| Newtonsoft_Ser   | 16.674 μs | 0.3294 μs | 0.6876 μs |     60,174 | 16.494 μs |      53.00 |                      90.55 |                   5448808.99 |

// * Hints *
Outliers
  SmokeBenchByte.SpanJson_Deser: Energy   -> 1 outlier  was  detected (11.97 μs)
  SmokeBenchByte.STJSrcGen_Deser: Energy  -> 1 outlier  was  detected (16.24 μs)
  SmokeBenchByte.STJRefGen_Deser: Energy  -> 13 outliers were detected (16.77 μs..17.36 μs)
  SmokeBenchByte.Utf8Json_Deser: Energy   -> 2 outliers were detected (18.52 μs, 18.82 μs)
  SmokeBenchByte.Newtonsoft_Deser: Energy -> 1 outlier  was  detected (29.31 μs)
  SmokeBenchByte.STJSrcGen_Ser: Energy    -> 2 outliers were detected (5.80 μs, 5.82 μs)
  SmokeBenchByte.STJRefGen_Ser: Energy    -> 1 outlier  was  detected (8.16 μs)
  SmokeBenchByte.Utf8Json_Ser: Energy     -> 1 outlier  was  detected (10.69 μs)
  SmokeBenchByte.Newtonsoft_Ser: Energy   -> 4 outliers were detected (17.62 μs..20.37 μs)

// * Legends *
  Mean                         : Arithmetic mean of all measurements
  Error                        : Half of 99.9% confidence interval
  StdDev                       : Standard deviation of all measurements
  Operations                   : Actual invocations per measured iteration (from measurements)
  Median                       : Value separating the higher half of all measurements (50th percentile)
  Iterations                   : Number of target iterations
  Metrion CPU Energy (uJ/op)   : Average CPU core energy consumed per benchmark operation (uJ), captured with Metrion.
  Metrion CPU Energy (uJ/iter) : Average CPU core energy consumed per benchmark iteration (uJ), captured with Metrion.
  1 μs                         : 1 Microsecond (0.000001 sec)

// * Diagnostic Output - MetrionEnergyProfiler *
Metrion measured the energy for a total of 10 benchmarks.
The database files for each benchmark were stored in the Artifacts folder. e.g: 
/home/test/json-energy-bench/BenchmarkArtifacts/metrion/JsonBench.Benchmarks.SmokeBenchByte.STJRefGen_Deser-20260517-200520.pid1113671.db
The measurements details of Actual Stage for each benchmark:
BenchmarkMethod - StartTimestamp - EndTimestamp - TotalEnergyFromSummary - TotalEnergyFromRawMeasurements
STJRefGen_Deser: 2026-05-17T20:04:12.276404 - 2026-05-17T20:05:09.808985 - 317.15513333303954 - 318.1870258303069
STJSrcGen_Deser: 2026-05-17T20:05:44.202875 - 2026-05-17T20:05:59.330654 - 81.66758505871196 - 82.98602289013601
Newtonsoft_Deser: 2026-05-17T20:06:31.620883 - 2026-05-17T20:06:46.685418 - 81.77125334777784 - 81.72742627812136
SpanJson_Deser: 2026-05-17T20:07:22.286688 - 2026-05-17T20:07:37.284549 - 78.27728888145764 - 82.10036061220896
Utf8Json_Deser: 2026-05-17T20:08:07.578653 - 2026-05-17T20:08:22.694428 - 83.94253407582005 - 85.02985490632481
STJRefGen_Ser: 2026-05-17T20:08:55.025478 - 2026-05-17T20:09:10.061664 - 73.91385496388423 - 79.60344893410468
STJSrcGen_Ser: 2026-05-17T20:09:47.450839 - 2026-05-17T20:10:02.589656 - 84.3433009441614 - 85.68075291432937
Newtonsoft_Ser: 2026-05-17T20:10:36.348029 - 2026-05-17T20:11:29.641520 - 287.23652943564025 - 288.7868764303518
SpanJson_Ser: 2026-05-17T20:12:05.432747 - 2026-05-17T20:12:20.556646 - 84.5379497769059 - 85.56517382759225
Utf8Json_Ser: 2026-05-17T20:12:55.366803 - 2026-05-17T20:13:10.416933 - 78.16450285754068 - 78.79183789713088


// ***** BenchmarkRunner: End *****
Run time: 00:09:32 (572.59 sec), executed benchmarks: 10

Global total time: 00:09:47 (587.91 sec), executed benchmarks: 10
// * Artifacts cleanup *
Artifacts cleanup is finished
