// Validating benchmarks:
// ***** BenchmarkRunner: Start   *****
// ***** Found 10 benchmark(s) in total *****
// ***** Building 1 exe(s) in Parallel: Start   *****
// start dotnet  restore --nodeReuse:false /p:UseSharedCompilation=false /p:Deterministic=true /p:Optimize=true /p:ArtifactsPath="/home/test/json-energy-bench/JsonBench/bin/Release/net10.0/JsonBench-Energy-1/" /p:OutDir="/home/test/json-energy-bench/JsonBench/bin/Release/net10.0/JsonBench-Energy-1/bin/Release/net10.0/" /p:OutputPath="/home/test/json-energy-bench/JsonBench/bin/Release/net10.0/JsonBench-Energy-1/bin/Release/net10.0/" /p:PublishDir="/home/test/json-energy-bench/JsonBench/bin/Release/net10.0/JsonBench-Energy-1/publish/" in /home/test/json-energy-bench/JsonBench/bin/Release/net10.0/JsonBench-Energy-1
// command took 1.6 sec and exited with 0
// start dotnet  build -c Release --no-restore --nodeReuse:false /p:UseSharedCompilation=false /p:Deterministic=true /p:Optimize=true /p:ArtifactsPath="/home/test/json-energy-bench/JsonBench/bin/Release/net10.0/JsonBench-Energy-1/" /p:OutDir="/home/test/json-energy-bench/JsonBench/bin/Release/net10.0/JsonBench-Energy-1/bin/Release/net10.0/" /p:OutputPath="/home/test/json-energy-bench/JsonBench/bin/Release/net10.0/JsonBench-Energy-1/bin/Release/net10.0/" /p:PublishDir="/home/test/json-energy-bench/JsonBench/bin/Release/net10.0/JsonBench-Energy-1/publish/" --output "/home/test/json-energy-bench/JsonBench/bin/Release/net10.0/JsonBench-Energy-1/bin/Release/net10.0/" in /home/test/json-energy-bench/JsonBench/bin/Release/net10.0/JsonBench-Energy-1
// command took 5.31 sec and exited with 0
// ***** Done, took 00:00:06 (6.99 sec)   *****
// Found 10 benchmarks:
//   SmokeBenchByte.STJRefGen_Deser: Energy(OutlierMode=DontRemove, Affinity=00000100, IterationTime=1s)
//   SmokeBenchByte.STJSrcGen_Deser: Energy(OutlierMode=DontRemove, Affinity=00000100, IterationTime=1s)
//   SmokeBenchByte.Newtonsoft_Deser: Energy(OutlierMode=DontRemove, Affinity=00000100, IterationTime=1s)
//   SmokeBenchByte.SpanJson_Deser: Energy(OutlierMode=DontRemove, Affinity=00000100, IterationTime=1s)
//   SmokeBenchByte.Utf8Json_Deser: Energy(OutlierMode=DontRemove, Affinity=00000100, IterationTime=1s)
//   SmokeBenchByte.STJRefGen_Ser: Energy(OutlierMode=DontRemove, Affinity=00000100, IterationTime=1s)
//   SmokeBenchByte.STJSrcGen_Ser: Energy(OutlierMode=DontRemove, Affinity=00000100, IterationTime=1s)
//   SmokeBenchByte.Newtonsoft_Ser: Energy(OutlierMode=DontRemove, Affinity=00000100, IterationTime=1s)
//   SmokeBenchByte.SpanJson_Ser: Energy(OutlierMode=DontRemove, Affinity=00000100, IterationTime=1s)
//   SmokeBenchByte.Utf8Json_Ser: Energy(OutlierMode=DontRemove, Affinity=00000100, IterationTime=1s)

// **************************
// Benchmark: SmokeBenchByte.STJRefGen_Deser: Energy(OutlierMode=DontRemove, Affinity=00000100, IterationTime=1s)
// *** Execute ***
// Launch: 1 / 1
// Execute: dotnet JsonBench-Energy-1.dll --anonymousPipes 160 161 --benchmarkName JsonBench.Benchmarks.SmokeBenchByte.STJRefGen_Deser --job Energy --benchmarkId 0 in /home/test/json-energy-bench/JsonBench/bin/Release/net10.0/JsonBench-Energy-1/bin/Release/net10.0
// BeforeAnythingElse

// Benchmark Process Environment Information:
// BenchmarkDotNet v0.15.5-develop (2026-05-26)
// Runtime=.NET 10.0.8 (10.0.8, 10.0.826.23019), X64 RyuJIT x86-64-v3
// GC=Concurrent Workstation
// HardwareIntrinsics=AVX2+BMI1+BMI2+F16C+FMA+LZCNT+MOVBE,AVX,SSE3+SSSE3+SSE4.1+SSE4.2+POPCNT,X86Base+SSE+SSE2,AES+PCLMUL VectorSize=256
// Job: Energy(OutlierMode=DontRemove, Affinity=100, IterationTime=1s)

OverheadJitting  1: 1 op, 245788.00 ns, 245.7880 us/op
WorkloadJitting  1: 1 op, 326379.00 ns, 326.3790 us/op

OverheadJitting  2: 16 op, 642426.00 ns, 40.1516 us/op
WorkloadJitting  2: 16 op, 1097762.00 ns, 68.6101 us/op

WorkloadPilot    1: 16 op, 375030.00 ns, 23.4394 us/op
WorkloadPilot    2: 42672 op, 959982759.00 ns, 22.4968 us/op
WorkloadPilot    3: 44464 op, 1086338481.00 ns, 24.4319 us/op
WorkloadPilot    4: 40944 op, 1292015429.00 ns, 31.5557 us/op
WorkloadPilot    5: 31696 op, 886525502.00 ns, 27.9696 us/op
WorkloadPilot    6: 35760 op, 374531445.00 ns, 10.4735 us/op
WorkloadPilot    7: 95488 op, 964860148.00 ns, 10.1045 us/op
WorkloadPilot    8: 98976 op, 990584615.00 ns, 10.0083 us/op
WorkloadPilot    9: 99920 op, 996021743.00 ns, 9.9682 us/op
WorkloadPilot   10: 100320 op, 999448034.00 ns, 9.9626 us/op
WorkloadPilot   11: 100384 op, 1005152967.00 ns, 10.0131 us/op

OverheadWarmup   1: 100384 op, 420572.00 ns, 4.1896 ns/op
OverheadWarmup   2: 100384 op, 414349.00 ns, 4.1276 ns/op
OverheadWarmup   3: 100384 op, 414195.00 ns, 4.1261 ns/op
OverheadWarmup   4: 100384 op, 418565.00 ns, 4.1696 ns/op
OverheadWarmup   5: 100384 op, 414375.00 ns, 4.1279 ns/op
OverheadWarmup   6: 100384 op, 414583.00 ns, 4.1300 ns/op
OverheadWarmup   7: 100384 op, 417122.00 ns, 4.1553 ns/op
OverheadWarmup   8: 100384 op, 415313.00 ns, 4.1372 ns/op

OverheadActual   1: 100384 op, 414345.00 ns, 4.1276 ns/op
OverheadActual   2: 100384 op, 414741.00 ns, 4.1315 ns/op
OverheadActual   3: 100384 op, 419211.00 ns, 4.1761 ns/op
OverheadActual   4: 100384 op, 415523.00 ns, 4.1393 ns/op
OverheadActual   5: 100384 op, 414626.00 ns, 4.1304 ns/op
OverheadActual   6: 100384 op, 423082.00 ns, 4.2146 ns/op
OverheadActual   7: 100384 op, 414895.00 ns, 4.1331 ns/op
OverheadActual   8: 100384 op, 415388.00 ns, 4.1380 ns/op
OverheadActual   9: 100384 op, 418446.00 ns, 4.1685 ns/op
OverheadActual  10: 100384 op, 415332.00 ns, 4.1374 ns/op
OverheadActual  11: 100384 op, 414380.00 ns, 4.1279 ns/op
OverheadActual  12: 100384 op, 418723.00 ns, 4.1712 ns/op
OverheadActual  13: 100384 op, 415087.00 ns, 4.1350 ns/op
OverheadActual  14: 100384 op, 419222.00 ns, 4.1762 ns/op
OverheadActual  15: 100384 op, 415177.00 ns, 4.1359 ns/op

WorkloadWarmup   1: 100384 op, 1004295052.00 ns, 10.0045 us/op
WorkloadWarmup   2: 100384 op, 1074126310.00 ns, 10.7002 us/op
WorkloadWarmup   3: 100384 op, 1029512508.00 ns, 10.2557 us/op
WorkloadWarmup   4: 100384 op, 999618663.00 ns, 9.9579 us/op
WorkloadWarmup   5: 100384 op, 999296387.00 ns, 9.9547 us/op
WorkloadWarmup   6: 100384 op, 999410457.00 ns, 9.9559 us/op
WorkloadWarmup   7: 100384 op, 1023787487.00 ns, 10.1987 us/op
WorkloadWarmup   8: 100384 op, 999747445.00 ns, 9.9592 us/op

// BeforeActualRun
WorkloadActual   1: 100384 op, 1002334307.00 ns, 9.9850 us/op
WorkloadActual   2: 100384 op, 1003110807.00 ns, 9.9927 us/op
WorkloadActual   3: 100384 op, 1002773022.00 ns, 9.9894 us/op
WorkloadActual   4: 100384 op, 1021459066.00 ns, 10.1755 us/op
WorkloadActual   5: 100384 op, 1002809308.00 ns, 9.9897 us/op
WorkloadActual   6: 100384 op, 1000864322.00 ns, 9.9704 us/op
WorkloadActual   7: 100384 op, 999947479.00 ns, 9.9612 us/op
WorkloadActual   8: 100384 op, 1000988296.00 ns, 9.9716 us/op
WorkloadActual   9: 100384 op, 1041740010.00 ns, 10.3776 us/op
WorkloadActual  10: 100384 op, 1016473513.00 ns, 10.1259 us/op
WorkloadActual  11: 100384 op, 999500900.00 ns, 9.9568 us/op
WorkloadActual  12: 100384 op, 1000472129.00 ns, 9.9665 us/op
WorkloadActual  13: 100384 op, 1000091356.00 ns, 9.9627 us/op
WorkloadActual  14: 100384 op, 1001633339.00 ns, 9.9780 us/op
WorkloadActual  15: 100384 op, 1017428727.00 ns, 10.1354 us/op

// AfterActualRun
WorkloadResult   1: 100384 op, 1001918975.00 ns, 9.9809 us/op
WorkloadResult   2: 100384 op, 1002695475.00 ns, 9.9886 us/op
WorkloadResult   3: 100384 op, 1002357690.00 ns, 9.9852 us/op
WorkloadResult   4: 100384 op, 1021043734.00 ns, 10.1714 us/op
WorkloadResult   5: 100384 op, 1002393976.00 ns, 9.9856 us/op
WorkloadResult   6: 100384 op, 1000448990.00 ns, 9.9662 us/op
WorkloadResult   7: 100384 op, 999532147.00 ns, 9.9571 us/op
WorkloadResult   8: 100384 op, 1000572964.00 ns, 9.9675 us/op
WorkloadResult   9: 100384 op, 1041324678.00 ns, 10.3734 us/op
WorkloadResult  10: 100384 op, 1016058181.00 ns, 10.1217 us/op
WorkloadResult  11: 100384 op, 999085568.00 ns, 9.9526 us/op
WorkloadResult  12: 100384 op, 1000056797.00 ns, 9.9623 us/op
WorkloadResult  13: 100384 op, 999676024.00 ns, 9.9585 us/op
WorkloadResult  14: 100384 op, 1001218007.00 ns, 9.9739 us/op
WorkloadResult  15: 100384 op, 1017013395.00 ns, 10.1312 us/op

// AfterAll
// Benchmark Process 1029936 has exited with code 0.

Mean = 10.032 μs, StdErr = 0.031 μs (0.31%), N = 15, StdDev = 0.119 μs
Min = 9.953 μs, Q1 = 9.964 μs, Median = 9.981 μs, Q3 = 10.055 μs, Max = 10.373 μs
IQR = 0.091 μs, LowerFence = 9.828 μs, UpperFence = 10.191 μs
ConfidenceInterval = [9.905 μs; 10.158 μs] (CI 99.9%), Margin = 0.127 μs (1.26% of Mean)
Skewness = 1.66, Kurtosis = 4.85, MValue = 2

// ** Remained 9 (90.0 %) benchmark(s) to run. Estimated finish 2026-05-26 19:10 (0h 6m from now) **
// **************************
// Benchmark: SmokeBenchByte.STJSrcGen_Deser: Energy(OutlierMode=DontRemove, Affinity=00000100, IterationTime=1s)
// *** Execute ***
// Launch: 1 / 1
// Execute: dotnet JsonBench-Energy-1.dll --anonymousPipes 125 126 --benchmarkName JsonBench.Benchmarks.SmokeBenchByte.STJSrcGen_Deser --job Energy --benchmarkId 1 in /home/test/json-energy-bench/JsonBench/bin/Release/net10.0/JsonBench-Energy-1/bin/Release/net10.0
// BeforeAnythingElse

// Benchmark Process Environment Information:
// BenchmarkDotNet v0.15.5-develop (2026-05-26)
// Runtime=.NET 10.0.8 (10.0.8, 10.0.826.23019), X64 RyuJIT x86-64-v3
// GC=Concurrent Workstation
// HardwareIntrinsics=AVX2+BMI1+BMI2+F16C+FMA+LZCNT+MOVBE,AVX,SSE3+SSSE3+SSE4.1+SSE4.2+POPCNT,X86Base+SSE+SSE2,AES+PCLMUL VectorSize=256
// Job: Energy(OutlierMode=DontRemove, Affinity=100, IterationTime=1s)

OverheadJitting  1: 1 op, 239527.00 ns, 239.5270 us/op
WorkloadJitting  1: 1 op, 11159039.00 ns, 11.1590 ms/op

OverheadJitting  2: 16 op, 651749.00 ns, 40.7343 us/op
WorkloadJitting  2: 16 op, 1103256.00 ns, 68.9535 us/op

WorkloadPilot    1: 16 op, 446299.00 ns, 27.8937 us/op
WorkloadPilot    2: 35856 op, 813435153.00 ns, 22.6862 us/op
WorkloadPilot    3: 44080 op, 1004075877.00 ns, 22.7785 us/op
WorkloadPilot    4: 43904 op, 1485997149.00 ns, 33.8465 us/op
WorkloadPilot    5: 29552 op, 894397184.00 ns, 30.2652 us/op
WorkloadPilot    6: 33056 op, 342725359.00 ns, 10.3680 us/op
WorkloadPilot    7: 96464 op, 949884278.00 ns, 9.8470 us/op
WorkloadPilot    8: 101568 op, 997090220.00 ns, 9.8170 us/op
WorkloadPilot    9: 101872 op, 994793690.00 ns, 9.7651 us/op
WorkloadPilot   10: 102416 op, 998644768.00 ns, 9.7509 us/op
WorkloadPilot   11: 102560 op, 1002548334.00 ns, 9.7752 us/op

OverheadWarmup   1: 102560 op, 450837.00 ns, 4.3958 ns/op
OverheadWarmup   2: 102560 op, 450421.00 ns, 4.3918 ns/op
OverheadWarmup   3: 102560 op, 448215.00 ns, 4.3703 ns/op
OverheadWarmup   4: 102560 op, 450294.00 ns, 4.3905 ns/op
OverheadWarmup   5: 102560 op, 453421.00 ns, 4.4210 ns/op
OverheadWarmup   6: 102560 op, 450302.00 ns, 4.3906 ns/op
OverheadWarmup   7: 102560 op, 454125.00 ns, 4.4279 ns/op
OverheadWarmup   8: 102560 op, 450157.00 ns, 4.3892 ns/op

OverheadActual   1: 102560 op, 450406.00 ns, 4.3916 ns/op
OverheadActual   2: 102560 op, 450572.00 ns, 4.3933 ns/op
OverheadActual   3: 102560 op, 450569.00 ns, 4.3932 ns/op
OverheadActual   4: 102560 op, 457992.00 ns, 4.4656 ns/op
OverheadActual   5: 102560 op, 450274.00 ns, 4.3903 ns/op
OverheadActual   6: 102560 op, 453836.00 ns, 4.4251 ns/op
OverheadActual   7: 102560 op, 450378.00 ns, 4.3914 ns/op
OverheadActual   8: 102560 op, 450290.00 ns, 4.3905 ns/op
OverheadActual   9: 102560 op, 454001.00 ns, 4.4267 ns/op
OverheadActual  10: 102560 op, 450403.00 ns, 4.3916 ns/op
OverheadActual  11: 102560 op, 453601.00 ns, 4.4228 ns/op
OverheadActual  12: 102560 op, 450337.00 ns, 4.3910 ns/op
OverheadActual  13: 102560 op, 453407.00 ns, 4.4209 ns/op
OverheadActual  14: 102560 op, 450295.00 ns, 4.3906 ns/op
OverheadActual  15: 102560 op, 453404.00 ns, 4.4209 ns/op

WorkloadWarmup   1: 102560 op, 1003952276.00 ns, 9.7889 us/op
WorkloadWarmup   2: 102560 op, 1072042652.00 ns, 10.4528 us/op
WorkloadWarmup   3: 102560 op, 1025186392.00 ns, 9.9960 us/op
WorkloadWarmup   4: 102560 op, 1000175898.00 ns, 9.7521 us/op
WorkloadWarmup   5: 102560 op, 999858662.00 ns, 9.7490 us/op
WorkloadWarmup   6: 102560 op, 999760879.00 ns, 9.7481 us/op
WorkloadWarmup   7: 102560 op, 1019274918.00 ns, 9.9383 us/op
WorkloadWarmup   8: 102560 op, 999716483.00 ns, 9.7476 us/op

// BeforeActualRun
WorkloadActual   1: 102560 op, 1001549263.00 ns, 9.7655 us/op
WorkloadActual   2: 102560 op, 1006335268.00 ns, 9.8122 us/op
WorkloadActual   3: 102560 op, 1003698750.00 ns, 9.7865 us/op
WorkloadActual   4: 102560 op, 1020320585.00 ns, 9.9485 us/op
WorkloadActual   5: 102560 op, 1004844586.00 ns, 9.7976 us/op
WorkloadActual   6: 102560 op, 1000381882.00 ns, 9.7541 us/op
WorkloadActual   7: 102560 op, 1000249181.00 ns, 9.7528 us/op
WorkloadActual   8: 102560 op, 1001342707.00 ns, 9.7635 us/op
WorkloadActual   9: 102560 op, 1038489664.00 ns, 10.1257 us/op
WorkloadActual  10: 102560 op, 1019252207.00 ns, 9.9381 us/op
WorkloadActual  11: 102560 op, 999522610.00 ns, 9.7457 us/op
WorkloadActual  12: 102560 op, 1000002535.00 ns, 9.7504 us/op
WorkloadActual  13: 102560 op, 999749426.00 ns, 9.7479 us/op
WorkloadActual  14: 102560 op, 1001746282.00 ns, 9.7674 us/op
WorkloadActual  15: 102560 op, 1020623009.00 ns, 9.9515 us/op

// AfterActualRun
WorkloadResult   1: 102560 op, 1001098694.00 ns, 9.7611 us/op
WorkloadResult   2: 102560 op, 1005884699.00 ns, 9.8078 us/op
WorkloadResult   3: 102560 op, 1003248181.00 ns, 9.7821 us/op
WorkloadResult   4: 102560 op, 1019870016.00 ns, 9.9441 us/op
WorkloadResult   5: 102560 op, 1004394017.00 ns, 9.7932 us/op
WorkloadResult   6: 102560 op, 999931313.00 ns, 9.7497 us/op
WorkloadResult   7: 102560 op, 999798612.00 ns, 9.7484 us/op
WorkloadResult   8: 102560 op, 1000892138.00 ns, 9.7591 us/op
WorkloadResult   9: 102560 op, 1038039095.00 ns, 10.1213 us/op
WorkloadResult  10: 102560 op, 1018801638.00 ns, 9.9337 us/op
WorkloadResult  11: 102560 op, 999072041.00 ns, 9.7413 us/op
WorkloadResult  12: 102560 op, 999551966.00 ns, 9.7460 us/op
WorkloadResult  13: 102560 op, 999298857.00 ns, 9.7436 us/op
WorkloadResult  14: 102560 op, 1001295713.00 ns, 9.7630 us/op
WorkloadResult  15: 102560 op, 1020172440.00 ns, 9.9471 us/op

// AfterAll
// Benchmark Process 1030295 has exited with code 0.

Mean = 9.823 μs, StdErr = 0.029 μs (0.29%), N = 15, StdDev = 0.112 μs
Min = 9.741 μs, Q1 = 9.749 μs, Median = 9.763 μs, Q3 = 9.871 μs, Max = 10.121 μs
IQR = 0.122 μs, LowerFence = 9.567 μs, UpperFence = 10.053 μs
ConfidenceInterval = [9.703 μs; 9.942 μs] (CI 99.9%), Margin = 0.120 μs (1.22% of Mean)
Skewness = 1.36, Kurtosis = 3.72, MValue = 2

// ** Remained 8 (80.0 %) benchmark(s) to run. Estimated finish 2026-05-26 19:10 (0h 5m from now) **
// **************************
// Benchmark: SmokeBenchByte.Newtonsoft_Deser: Energy(OutlierMode=DontRemove, Affinity=00000100, IterationTime=1s)
// *** Execute ***
// Launch: 1 / 1
// Execute: dotnet JsonBench-Energy-1.dll --anonymousPipes 125 126 --benchmarkName JsonBench.Benchmarks.SmokeBenchByte.Newtonsoft_Deser --job Energy --benchmarkId 2 in /home/test/json-energy-bench/JsonBench/bin/Release/net10.0/JsonBench-Energy-1/bin/Release/net10.0
// BeforeAnythingElse

// Benchmark Process Environment Information:
// BenchmarkDotNet v0.15.5-develop (2026-05-26)
// Runtime=.NET 10.0.8 (10.0.8, 10.0.826.23019), X64 RyuJIT x86-64-v3
// GC=Concurrent Workstation
// HardwareIntrinsics=AVX2+BMI1+BMI2+F16C+FMA+LZCNT+MOVBE,AVX,SSE3+SSSE3+SSE4.1+SSE4.2+POPCNT,X86Base+SSE+SSE2,AES+PCLMUL VectorSize=256
// Job: Energy(OutlierMode=DontRemove, Affinity=100, IterationTime=1s)

OverheadJitting  1: 1 op, 248215.00 ns, 248.2150 us/op
WorkloadJitting  1: 1 op, 62484748.00 ns, 62.4847 ms/op

OverheadJitting  2: 16 op, 642974.00 ns, 40.1859 us/op
WorkloadJitting  2: 16 op, 2475721.00 ns, 154.7326 us/op

WorkloadPilot    1: 16 op, 1734595.00 ns, 108.4122 us/op
WorkloadPilot    2: 9232 op, 850952827.00 ns, 92.1743 us/op
WorkloadPilot    3: 10864 op, 1053285587.00 ns, 96.9519 us/op
WorkloadPilot    4: 10320 op, 1349656549.00 ns, 130.7807 us/op
WorkloadPilot    5: 7648 op, 817901346.00 ns, 106.9432 us/op
WorkloadPilot    6: 9360 op, 244324904.00 ns, 26.1031 us/op
WorkloadPilot    7: 38320 op, 718432962.00 ns, 18.7483 us/op
WorkloadPilot    8: 53344 op, 988942271.00 ns, 18.5390 us/op
WorkloadPilot    9: 53952 op, 995228099.00 ns, 18.4465 us/op
WorkloadPilot   10: 54224 op, 999291684.00 ns, 18.4290 us/op
WorkloadPilot   11: 54272 op, 1004140547.00 ns, 18.5020 us/op

OverheadWarmup   1: 54272 op, 229070.00 ns, 4.2208 ns/op
OverheadWarmup   2: 54272 op, 224536.00 ns, 4.1372 ns/op
OverheadWarmup   3: 54272 op, 225450.00 ns, 4.1541 ns/op
OverheadWarmup   4: 54272 op, 228783.00 ns, 4.2155 ns/op
OverheadWarmup   5: 54272 op, 224627.00 ns, 4.1389 ns/op
OverheadWarmup   6: 54272 op, 223887.00 ns, 4.1253 ns/op
OverheadWarmup   7: 54272 op, 229238.00 ns, 4.2239 ns/op
OverheadWarmup   8: 54272 op, 225348.00 ns, 4.1522 ns/op

OverheadActual   1: 54272 op, 224522.00 ns, 4.1370 ns/op
OverheadActual   2: 54272 op, 225136.00 ns, 4.1483 ns/op
OverheadActual   3: 54272 op, 224756.00 ns, 4.1413 ns/op
OverheadActual   4: 54272 op, 227652.00 ns, 4.1946 ns/op
OverheadActual   5: 54272 op, 225517.00 ns, 4.1553 ns/op
OverheadActual   6: 54272 op, 225443.00 ns, 4.1539 ns/op
OverheadActual   7: 54272 op, 228595.00 ns, 4.2120 ns/op
OverheadActual   8: 54272 op, 224787.00 ns, 4.1419 ns/op
OverheadActual   9: 54272 op, 224380.00 ns, 4.1344 ns/op
OverheadActual  10: 54272 op, 227833.00 ns, 4.1980 ns/op
OverheadActual  11: 54272 op, 224416.00 ns, 4.1350 ns/op
OverheadActual  12: 54272 op, 229038.00 ns, 4.2202 ns/op
OverheadActual  13: 54272 op, 228236.00 ns, 4.2054 ns/op
OverheadActual  14: 54272 op, 224834.00 ns, 4.1427 ns/op
OverheadActual  15: 54272 op, 233942.00 ns, 4.3105 ns/op

WorkloadWarmup   1: 54272 op, 1004784577.00 ns, 18.5139 us/op
WorkloadWarmup   2: 54272 op, 1042070482.00 ns, 19.2009 us/op
WorkloadWarmup   3: 54272 op, 1078639279.00 ns, 19.8747 us/op
WorkloadWarmup   4: 54272 op, 1000750138.00 ns, 18.4395 us/op
WorkloadWarmup   5: 54272 op, 1000984656.00 ns, 18.4439 us/op
WorkloadWarmup   6: 54272 op, 1002184227.00 ns, 18.4660 us/op
WorkloadWarmup   7: 54272 op, 1001121670.00 ns, 18.4464 us/op

// BeforeActualRun
WorkloadActual   1: 54272 op, 1025824160.00 ns, 18.9015 us/op
WorkloadActual   2: 54272 op, 1005654928.00 ns, 18.5299 us/op
WorkloadActual   3: 54272 op, 1004519834.00 ns, 18.5090 us/op
WorkloadActual   4: 54272 op, 1004729261.00 ns, 18.5128 us/op
WorkloadActual   5: 54272 op, 1009447056.00 ns, 18.5998 us/op
WorkloadActual   6: 54272 op, 1030560173.00 ns, 18.9888 us/op
WorkloadActual   7: 54272 op, 1005549614.00 ns, 18.5280 us/op
WorkloadActual   8: 54272 op, 1005933626.00 ns, 18.5350 us/op
WorkloadActual   9: 54272 op, 1005353783.00 ns, 18.5244 us/op
WorkloadActual  10: 54272 op, 1027512621.00 ns, 18.9326 us/op
WorkloadActual  11: 54272 op, 1030245247.00 ns, 18.9830 us/op
WorkloadActual  12: 54272 op, 1002119694.00 ns, 18.4648 us/op
WorkloadActual  13: 54272 op, 1002203003.00 ns, 18.4663 us/op
WorkloadActual  14: 54272 op, 1000406085.00 ns, 18.4332 us/op
WorkloadActual  15: 54272 op, 1005050731.00 ns, 18.5188 us/op

// AfterActualRun
WorkloadResult   1: 54272 op, 1025598717.00 ns, 18.8974 us/op
WorkloadResult   2: 54272 op, 1005429485.00 ns, 18.5257 us/op
WorkloadResult   3: 54272 op, 1004294391.00 ns, 18.5048 us/op
WorkloadResult   4: 54272 op, 1004503818.00 ns, 18.5087 us/op
WorkloadResult   5: 54272 op, 1009221613.00 ns, 18.5956 us/op
WorkloadResult   6: 54272 op, 1030334730.00 ns, 18.9846 us/op
WorkloadResult   7: 54272 op, 1005324171.00 ns, 18.5238 us/op
WorkloadResult   8: 54272 op, 1005708183.00 ns, 18.5309 us/op
WorkloadResult   9: 54272 op, 1005128340.00 ns, 18.5202 us/op
WorkloadResult  10: 54272 op, 1027287178.00 ns, 18.9285 us/op
WorkloadResult  11: 54272 op, 1030019804.00 ns, 18.9788 us/op
WorkloadResult  12: 54272 op, 1001894251.00 ns, 18.4606 us/op
WorkloadResult  13: 54272 op, 1001977560.00 ns, 18.4621 us/op
WorkloadResult  14: 54272 op, 1000180642.00 ns, 18.4290 us/op
WorkloadResult  15: 54272 op, 1004825288.00 ns, 18.5146 us/op

// AfterAll
// Benchmark Process 1030678 has exited with code 0.

Mean = 18.624 μs, StdErr = 0.053 μs (0.29%), N = 15, StdDev = 0.206 μs
Min = 18.429 μs, Q1 = 18.507 μs, Median = 18.524 μs, Q3 = 18.747 μs, Max = 18.985 μs
IQR = 0.240 μs, LowerFence = 18.147 μs, UpperFence = 19.106 μs
ConfidenceInterval = [18.404 μs; 18.845 μs] (CI 99.9%), Margin = 0.220 μs (1.18% of Mean)
Skewness = 0.88, Kurtosis = 1.87, MValue = 2

// ** Remained 7 (70.0 %) benchmark(s) to run. Estimated finish 2026-05-26 19:10 (0h 5m from now) **
// **************************
// Benchmark: SmokeBenchByte.SpanJson_Deser: Energy(OutlierMode=DontRemove, Affinity=00000100, IterationTime=1s)
// *** Execute ***
// Launch: 1 / 1
// Execute: dotnet JsonBench-Energy-1.dll --anonymousPipes 127 128 --benchmarkName JsonBench.Benchmarks.SmokeBenchByte.SpanJson_Deser --job Energy --benchmarkId 3 in /home/test/json-energy-bench/JsonBench/bin/Release/net10.0/JsonBench-Energy-1/bin/Release/net10.0
// BeforeAnythingElse

// Benchmark Process Environment Information:
// BenchmarkDotNet v0.15.5-develop (2026-05-26)
// Runtime=.NET 10.0.8 (10.0.8, 10.0.826.23019), X64 RyuJIT x86-64-v3
// GC=Concurrent Workstation
// HardwareIntrinsics=AVX2+BMI1+BMI2+F16C+FMA+LZCNT+MOVBE,AVX,SSE3+SSSE3+SSE4.1+SSE4.2+POPCNT,X86Base+SSE+SSE2,AES+PCLMUL VectorSize=256
// Job: Energy(OutlierMode=DontRemove, Affinity=100, IterationTime=1s)

OverheadJitting  1: 1 op, 240467.00 ns, 240.4670 us/op
WorkloadJitting  1: 1 op, 77555712.00 ns, 77.5557 ms/op

WorkloadPilot    1: 4 op, 114383.00 ns, 28.5958 us/op
WorkloadPilot    2: 34970 op, 651916549.00 ns, 18.6422 us/op
WorkloadPilot    3: 53642 op, 999603064.00 ns, 18.6347 us/op
WorkloadPilot    4: 53663 op, 1208398102.00 ns, 22.5183 us/op
WorkloadPilot    5: 44408 op, 1013283880.00 ns, 22.8176 us/op
WorkloadPilot    6: 43826 op, 336622213.00 ns, 7.6809 us/op
WorkloadPilot    7: 130193 op, 976089922.00 ns, 7.4973 us/op
WorkloadPilot    8: 133382 op, 978001748.00 ns, 7.3323 us/op
WorkloadPilot    9: 136382 op, 998242487.00 ns, 7.3195 us/op
WorkloadPilot   10: 136622 op, 999362995.00 ns, 7.3148 us/op
WorkloadPilot   11: 136709 op, 998188462.00 ns, 7.3016 us/op
WorkloadPilot   12: 136957 op, 1004907011.00 ns, 7.3374 us/op

WorkloadWarmup   1: 136957 op, 1016825859.00 ns, 7.4244 us/op
WorkloadWarmup   2: 136957 op, 1018246139.00 ns, 7.4348 us/op
WorkloadWarmup   3: 136957 op, 1003828413.00 ns, 7.3295 us/op
WorkloadWarmup   4: 136957 op, 1003942237.00 ns, 7.3303 us/op
WorkloadWarmup   5: 136957 op, 1004198733.00 ns, 7.3322 us/op
WorkloadWarmup   6: 136957 op, 1003733259.00 ns, 7.3288 us/op

// BeforeActualRun
WorkloadActual   1: 136957 op, 1019673145.00 ns, 7.4452 us/op
WorkloadActual   2: 136957 op, 1004626791.00 ns, 7.3353 us/op
WorkloadActual   3: 136957 op, 1004037728.00 ns, 7.3310 us/op
WorkloadActual   4: 136957 op, 1031786614.00 ns, 7.5337 us/op
WorkloadActual   5: 136957 op, 1023590383.00 ns, 7.4738 us/op
WorkloadActual   6: 136957 op, 1027554327.00 ns, 7.5028 us/op
WorkloadActual   7: 136957 op, 1004387875.00 ns, 7.3336 us/op
WorkloadActual   8: 136957 op, 1003497793.00 ns, 7.3271 us/op
WorkloadActual   9: 136957 op, 1003953260.00 ns, 7.3304 us/op
WorkloadActual  10: 136957 op, 1004175299.00 ns, 7.3320 us/op
WorkloadActual  11: 136957 op, 1022231997.00 ns, 7.4639 us/op
WorkloadActual  12: 136957 op, 1005653637.00 ns, 7.3428 us/op
WorkloadActual  13: 136957 op, 1013458828.00 ns, 7.3998 us/op
WorkloadActual  14: 136957 op, 1000064177.00 ns, 7.3020 us/op
WorkloadActual  15: 136957 op, 1005811158.00 ns, 7.3440 us/op

// AfterActualRun
WorkloadResult   1: 136957 op, 1019673145.00 ns, 7.4452 us/op
WorkloadResult   2: 136957 op, 1004626791.00 ns, 7.3353 us/op
WorkloadResult   3: 136957 op, 1004037728.00 ns, 7.3310 us/op
WorkloadResult   4: 136957 op, 1031786614.00 ns, 7.5337 us/op
WorkloadResult   5: 136957 op, 1023590383.00 ns, 7.4738 us/op
WorkloadResult   6: 136957 op, 1027554327.00 ns, 7.5028 us/op
WorkloadResult   7: 136957 op, 1004387875.00 ns, 7.3336 us/op
WorkloadResult   8: 136957 op, 1003497793.00 ns, 7.3271 us/op
WorkloadResult   9: 136957 op, 1003953260.00 ns, 7.3304 us/op
WorkloadResult  10: 136957 op, 1004175299.00 ns, 7.3320 us/op
WorkloadResult  11: 136957 op, 1022231997.00 ns, 7.4639 us/op
WorkloadResult  12: 136957 op, 1005653637.00 ns, 7.3428 us/op
WorkloadResult  13: 136957 op, 1013458828.00 ns, 7.3998 us/op
WorkloadResult  14: 136957 op, 1000064177.00 ns, 7.3020 us/op
WorkloadResult  15: 136957 op, 1005811158.00 ns, 7.3440 us/op

// AfterAll
// Benchmark Process 1031059 has exited with code 0.

Mean = 7.387 μs, StdErr = 0.020 μs (0.27%), N = 15, StdDev = 0.076 μs
Min = 7.302 μs, Q1 = 7.332 μs, Median = 7.343 μs, Q3 = 7.455 μs, Max = 7.534 μs
IQR = 0.123 μs, LowerFence = 7.147 μs, UpperFence = 7.639 μs
ConfidenceInterval = [7.305 μs; 7.468 μs] (CI 99.9%), Margin = 0.082 μs (1.10% of Mean)
Skewness = 0.65, Kurtosis = 1.72, MValue = 2

// ** Remained 6 (60.0 %) benchmark(s) to run. Estimated finish 2026-05-26 19:10 (0h 4m from now) **
// **************************
// Benchmark: SmokeBenchByte.Utf8Json_Deser: Energy(OutlierMode=DontRemove, Affinity=00000100, IterationTime=1s)
// *** Execute ***
// Launch: 1 / 1
// Execute: dotnet JsonBench-Energy-1.dll --anonymousPipes 127 128 --benchmarkName JsonBench.Benchmarks.SmokeBenchByte.Utf8Json_Deser --job Energy --benchmarkId 4 in /home/test/json-energy-bench/JsonBench/bin/Release/net10.0/JsonBench-Energy-1/bin/Release/net10.0
// BeforeAnythingElse

// Benchmark Process Environment Information:
// BenchmarkDotNet v0.15.5-develop (2026-05-26)
// Runtime=.NET 10.0.8 (10.0.8, 10.0.826.23019), X64 RyuJIT x86-64-v3
// GC=Concurrent Workstation
// HardwareIntrinsics=AVX2+BMI1+BMI2+F16C+FMA+LZCNT+MOVBE,AVX,SSE3+SSSE3+SSE4.1+SSE4.2+POPCNT,X86Base+SSE+SSE2,AES+PCLMUL VectorSize=256
// Job: Energy(OutlierMode=DontRemove, Affinity=100, IterationTime=1s)

OverheadJitting  1: 1 op, 237760.00 ns, 237.7600 us/op
WorkloadJitting  1: 1 op, 87904528.00 ns, 87.9045 ms/op

WorkloadPilot    1: 4 op, 285828.00 ns, 71.4570 us/op
WorkloadPilot    2: 13994 op, 691762722.00 ns, 49.4328 us/op
WorkloadPilot    3: 20229 op, 988550325.00 ns, 48.8680 us/op
WorkloadPilot    4: 20463 op, 1279815923.00 ns, 62.5429 us/op
WorkloadPilot    5: 15989 op, 960094250.00 ns, 60.0472 us/op
WorkloadPilot    6: 16654 op, 183118211.00 ns, 10.9954 us/op
WorkloadPilot    7: 90947 op, 990572645.00 ns, 10.8918 us/op
WorkloadPilot    8: 91813 op, 974130698.00 ns, 10.6099 us/op
WorkloadPilot    9: 94251 op, 1001147034.00 ns, 10.6221 us/op
WorkloadPilot   10: 94143 op, 996128090.00 ns, 10.5810 us/op
WorkloadPilot   11: 94509 op, 1002278124.00 ns, 10.6051 us/op

WorkloadWarmup   1: 94509 op, 999042304.00 ns, 10.5709 us/op
WorkloadWarmup   2: 94509 op, 1013086565.00 ns, 10.7195 us/op
WorkloadWarmup   3: 94509 op, 1021341927.00 ns, 10.8068 us/op
WorkloadWarmup   4: 94509 op, 1002519892.00 ns, 10.6077 us/op
WorkloadWarmup   5: 94509 op, 1002609275.00 ns, 10.6086 us/op
WorkloadWarmup   6: 94509 op, 1002159459.00 ns, 10.6039 us/op

// BeforeActualRun
WorkloadActual   1: 94509 op, 999620972.00 ns, 10.5770 us/op
WorkloadActual   2: 94509 op, 1019313990.00 ns, 10.7854 us/op
WorkloadActual   3: 94509 op, 1002307460.00 ns, 10.6054 us/op
WorkloadActual   4: 94509 op, 1024811755.00 ns, 10.8435 us/op
WorkloadActual   5: 94509 op, 1020372900.00 ns, 10.7966 us/op
WorkloadActual   6: 94509 op, 1004333582.00 ns, 10.6269 us/op
WorkloadActual   7: 94509 op, 1025811798.00 ns, 10.8541 us/op
WorkloadActual   8: 94509 op, 1002341689.00 ns, 10.6058 us/op
WorkloadActual   9: 94509 op, 1003528326.00 ns, 10.6183 us/op
WorkloadActual  10: 94509 op, 1003263539.00 ns, 10.6155 us/op
WorkloadActual  11: 94509 op, 1002326716.00 ns, 10.6056 us/op
WorkloadActual  12: 94509 op, 1020092517.00 ns, 10.7936 us/op
WorkloadActual  13: 94509 op, 1000407612.00 ns, 10.5853 us/op
WorkloadActual  14: 94509 op, 1008914151.00 ns, 10.6753 us/op
WorkloadActual  15: 94509 op, 999458404.00 ns, 10.5753 us/op

// AfterActualRun
WorkloadResult   1: 94509 op, 999620972.00 ns, 10.5770 us/op
WorkloadResult   2: 94509 op, 1019313990.00 ns, 10.7854 us/op
WorkloadResult   3: 94509 op, 1002307460.00 ns, 10.6054 us/op
WorkloadResult   4: 94509 op, 1024811755.00 ns, 10.8435 us/op
WorkloadResult   5: 94509 op, 1020372900.00 ns, 10.7966 us/op
WorkloadResult   6: 94509 op, 1004333582.00 ns, 10.6269 us/op
WorkloadResult   7: 94509 op, 1025811798.00 ns, 10.8541 us/op
WorkloadResult   8: 94509 op, 1002341689.00 ns, 10.6058 us/op
WorkloadResult   9: 94509 op, 1003528326.00 ns, 10.6183 us/op
WorkloadResult  10: 94509 op, 1003263539.00 ns, 10.6155 us/op
WorkloadResult  11: 94509 op, 1002326716.00 ns, 10.6056 us/op
WorkloadResult  12: 94509 op, 1020092517.00 ns, 10.7936 us/op
WorkloadResult  13: 94509 op, 1000407612.00 ns, 10.5853 us/op
WorkloadResult  14: 94509 op, 1008914151.00 ns, 10.6753 us/op
WorkloadResult  15: 94509 op, 999458404.00 ns, 10.5753 us/op

// AfterAll
// Benchmark Process 1031441 has exited with code 0.

Mean = 10.678 μs, StdErr = 0.027 μs (0.25%), N = 15, StdDev = 0.104 μs
Min = 10.575 μs, Q1 = 10.606 μs, Median = 10.618 μs, Q3 = 10.789 μs, Max = 10.854 μs
IQR = 0.184 μs, LowerFence = 10.330 μs, UpperFence = 11.065 μs
ConfidenceInterval = [10.566 μs; 10.789 μs] (CI 99.9%), Margin = 0.112 μs (1.05% of Mean)
Skewness = 0.59, Kurtosis = 1.49, MValue = 2

// ** Remained 5 (50.0 %) benchmark(s) to run. Estimated finish 2026-05-26 19:10 (0h 3m from now) **
// **************************
// Benchmark: SmokeBenchByte.STJRefGen_Ser: Energy(OutlierMode=DontRemove, Affinity=00000100, IterationTime=1s)
// *** Execute ***
// Launch: 1 / 1
// Execute: dotnet JsonBench-Energy-1.dll --anonymousPipes 127 128 --benchmarkName JsonBench.Benchmarks.SmokeBenchByte.STJRefGen_Ser --job Energy --benchmarkId 5 in /home/test/json-energy-bench/JsonBench/bin/Release/net10.0/JsonBench-Energy-1/bin/Release/net10.0
// BeforeAnythingElse

// Benchmark Process Environment Information:
// BenchmarkDotNet v0.15.5-develop (2026-05-26)
// Runtime=.NET 10.0.8 (10.0.8, 10.0.826.23019), X64 RyuJIT x86-64-v3
// GC=Concurrent Workstation
// HardwareIntrinsics=AVX2+BMI1+BMI2+F16C+FMA+LZCNT+MOVBE,AVX,SSE3+SSSE3+SSE4.1+SSE4.2+POPCNT,X86Base+SSE+SSE2,AES+PCLMUL VectorSize=256
// Job: Energy(OutlierMode=DontRemove, Affinity=100, IterationTime=1s)

OverheadJitting  1: 1 op, 237387.00 ns, 237.3870 us/op
WorkloadJitting  1: 1 op, 3744338.00 ns, 3.7443 ms/op

OverheadJitting  2: 16 op, 624380.00 ns, 39.0238 us/op
WorkloadJitting  2: 16 op, 980969.00 ns, 61.3106 us/op

WorkloadPilot    1: 16 op, 288594.00 ns, 18.0371 us/op
WorkloadPilot    2: 55456 op, 834648131.00 ns, 15.0506 us/op
WorkloadPilot    3: 66448 op, 1038226088.00 ns, 15.6246 us/op
WorkloadPilot    4: 64016 op, 1564734981.00 ns, 24.4429 us/op
WorkloadPilot    5: 40912 op, 739968967.00 ns, 18.0868 us/op
WorkloadPilot    6: 55296 op, 275717420.00 ns, 4.9862 us/op
WorkloadPilot    7: 200560 op, 957344318.00 ns, 4.7734 us/op
WorkloadPilot    8: 209504 op, 990773256.00 ns, 4.7291 us/op
WorkloadPilot    9: 211456 op, 999121842.00 ns, 4.7250 us/op
WorkloadPilot   10: 211648 op, 997654764.00 ns, 4.7137 us/op
WorkloadPilot   11: 212160 op, 1006451849.00 ns, 4.7438 us/op

OverheadWarmup   1: 212160 op, 879786.00 ns, 4.1468 ns/op
OverheadWarmup   2: 212160 op, 877308.00 ns, 4.1351 ns/op
OverheadWarmup   3: 212160 op, 881101.00 ns, 4.1530 ns/op
OverheadWarmup   4: 212160 op, 873729.00 ns, 4.1183 ns/op
OverheadWarmup   5: 212160 op, 873214.00 ns, 4.1158 ns/op
OverheadWarmup   6: 212160 op, 874510.00 ns, 4.1219 ns/op
OverheadWarmup   7: 212160 op, 875935.00 ns, 4.1287 ns/op
OverheadWarmup   8: 212160 op, 874829.00 ns, 4.1234 ns/op

OverheadActual   1: 212160 op, 875628.00 ns, 4.1272 ns/op
OverheadActual   2: 212160 op, 874545.00 ns, 4.1221 ns/op
OverheadActual   3: 212160 op, 874002.00 ns, 4.1195 ns/op
OverheadActual   4: 212160 op, 875302.00 ns, 4.1257 ns/op
OverheadActual   5: 212160 op, 881853.00 ns, 4.1565 ns/op
OverheadActual   6: 212160 op, 870214.00 ns, 4.1017 ns/op
OverheadActual   7: 212160 op, 869815.00 ns, 4.0998 ns/op
OverheadActual   8: 212160 op, 871727.00 ns, 4.1088 ns/op
OverheadActual   9: 212160 op, 879907.00 ns, 4.1474 ns/op
OverheadActual  10: 212160 op, 877701.00 ns, 4.1370 ns/op
OverheadActual  11: 212160 op, 873970.00 ns, 4.1194 ns/op
OverheadActual  12: 212160 op, 867840.00 ns, 4.0905 ns/op
OverheadActual  13: 212160 op, 870378.00 ns, 4.1025 ns/op
OverheadActual  14: 212160 op, 882563.00 ns, 4.1599 ns/op
OverheadActual  15: 212160 op, 875340.00 ns, 4.1258 ns/op

WorkloadWarmup   1: 212160 op, 1003914563.00 ns, 4.7319 us/op
WorkloadWarmup   2: 212160 op, 1068396325.00 ns, 5.0358 us/op
WorkloadWarmup   3: 212160 op, 1027698178.00 ns, 4.8440 us/op
WorkloadWarmup   4: 212160 op, 999668857.00 ns, 4.7119 us/op
WorkloadWarmup   5: 212160 op, 999424084.00 ns, 4.7107 us/op
WorkloadWarmup   6: 212160 op, 999497323.00 ns, 4.7111 us/op
WorkloadWarmup   7: 212160 op, 1018098098.00 ns, 4.7987 us/op
WorkloadWarmup   8: 212160 op, 999645051.00 ns, 4.7118 us/op

// BeforeActualRun
WorkloadActual   1: 212160 op, 1001538781.00 ns, 4.7207 us/op
WorkloadActual   2: 212160 op, 1003341836.00 ns, 4.7292 us/op
WorkloadActual   3: 212160 op, 1003029117.00 ns, 4.7277 us/op
WorkloadActual   4: 212160 op, 1014279626.00 ns, 4.7807 us/op
WorkloadActual   5: 212160 op, 1014631433.00 ns, 4.7824 us/op
WorkloadActual   6: 212160 op, 1003953563.00 ns, 4.7321 us/op
WorkloadActual   7: 212160 op, 1003593219.00 ns, 4.7304 us/op
WorkloadActual   8: 212160 op, 1004105646.00 ns, 4.7328 us/op
WorkloadActual   9: 212160 op, 1043843299.00 ns, 4.9201 us/op
WorkloadActual  10: 212160 op, 1020346559.00 ns, 4.8093 us/op
WorkloadActual  11: 212160 op, 1003100754.00 ns, 4.7280 us/op
WorkloadActual  12: 212160 op, 1003198600.00 ns, 4.7285 us/op
WorkloadActual  13: 212160 op, 1003553656.00 ns, 4.7302 us/op
WorkloadActual  14: 212160 op, 1007485772.00 ns, 4.7487 us/op
WorkloadActual  15: 212160 op, 1019440781.00 ns, 4.8051 us/op

// AfterActualRun
WorkloadResult   1: 212160 op, 1000664236.00 ns, 4.7166 us/op
WorkloadResult   2: 212160 op, 1002467291.00 ns, 4.7251 us/op
WorkloadResult   3: 212160 op, 1002154572.00 ns, 4.7236 us/op
WorkloadResult   4: 212160 op, 1013405081.00 ns, 4.7766 us/op
WorkloadResult   5: 212160 op, 1013756888.00 ns, 4.7783 us/op
WorkloadResult   6: 212160 op, 1003079018.00 ns, 4.7279 us/op
WorkloadResult   7: 212160 op, 1002718674.00 ns, 4.7262 us/op
WorkloadResult   8: 212160 op, 1003231101.00 ns, 4.7287 us/op
WorkloadResult   9: 212160 op, 1042968754.00 ns, 4.9160 us/op
WorkloadResult  10: 212160 op, 1019472014.00 ns, 4.8052 us/op
WorkloadResult  11: 212160 op, 1002226209.00 ns, 4.7239 us/op
WorkloadResult  12: 212160 op, 1002324055.00 ns, 4.7244 us/op
WorkloadResult  13: 212160 op, 1002679111.00 ns, 4.7261 us/op
WorkloadResult  14: 212160 op, 1006611227.00 ns, 4.7446 us/op
WorkloadResult  15: 212160 op, 1018566236.00 ns, 4.8009 us/op

// AfterAll
// Benchmark Process 1031822 has exited with code 0.

Mean = 4.756 μs, StdErr = 0.014 μs (0.29%), N = 15, StdDev = 0.053 μs
Min = 4.717 μs, Q1 = 4.725 μs, Median = 4.728 μs, Q3 = 4.777 μs, Max = 4.916 μs
IQR = 0.053 μs, LowerFence = 4.646 μs, UpperFence = 4.857 μs
ConfidenceInterval = [4.699 μs; 4.813 μs] (CI 99.9%), Margin = 0.057 μs (1.20% of Mean)
Skewness = 1.75, Kurtosis = 5.48, MValue = 2

// ** Remained 4 (40.0 %) benchmark(s) to run. Estimated finish 2026-05-26 19:10 (0h 3m from now) **
// **************************
// Benchmark: SmokeBenchByte.STJSrcGen_Ser: Energy(OutlierMode=DontRemove, Affinity=00000100, IterationTime=1s)
// *** Execute ***
// Launch: 1 / 1
// Execute: dotnet JsonBench-Energy-1.dll --anonymousPipes 127 128 --benchmarkName JsonBench.Benchmarks.SmokeBenchByte.STJSrcGen_Ser --job Energy --benchmarkId 6 in /home/test/json-energy-bench/JsonBench/bin/Release/net10.0/JsonBench-Energy-1/bin/Release/net10.0
// BeforeAnythingElse

// Benchmark Process Environment Information:
// BenchmarkDotNet v0.15.5-develop (2026-05-26)
// Runtime=.NET 10.0.8 (10.0.8, 10.0.826.23019), X64 RyuJIT x86-64-v3
// GC=Concurrent Workstation
// HardwareIntrinsics=AVX2+BMI1+BMI2+F16C+FMA+LZCNT+MOVBE,AVX,SSE3+SSSE3+SSE4.1+SSE4.2+POPCNT,X86Base+SSE+SSE2,AES+PCLMUL VectorSize=256
// Job: Energy(OutlierMode=DontRemove, Affinity=100, IterationTime=1s)

OverheadJitting  1: 1 op, 236301.00 ns, 236.3010 us/op
WorkloadJitting  1: 1 op, 11816738.00 ns, 11.8167 ms/op

OverheadJitting  2: 16 op, 630310.00 ns, 39.3944 us/op
WorkloadJitting  2: 16 op, 904412.00 ns, 56.5258 us/op

WorkloadPilot    1: 16 op, 219710.00 ns, 13.7319 us/op
WorkloadPilot    2: 72832 op, 786642406.00 ns, 10.8008 us/op
WorkloadPilot    3: 92592 op, 1003931277.00 ns, 10.8425 us/op
WorkloadPilot    4: 92240 op, 1309445146.00 ns, 14.1961 us/op
WorkloadPilot    5: 70448 op, 261708965.00 ns, 3.7149 us/op
WorkloadPilot    6: 269200 op, 1001360792.00 ns, 3.7198 us/op

OverheadWarmup   1: 269200 op, 1211424.00 ns, 4.5001 ns/op
OverheadWarmup   2: 269200 op, 1206964.00 ns, 4.4835 ns/op
OverheadWarmup   3: 269200 op, 1214846.00 ns, 4.5128 ns/op
OverheadWarmup   4: 269200 op, 1220596.00 ns, 4.5342 ns/op
OverheadWarmup   5: 269200 op, 1221484.00 ns, 4.5375 ns/op
OverheadWarmup   6: 269200 op, 1225851.00 ns, 4.5537 ns/op
OverheadWarmup   7: 269200 op, 1217880.00 ns, 4.5241 ns/op
OverheadWarmup   8: 269200 op, 1218195.00 ns, 4.5252 ns/op
OverheadWarmup   9: 269200 op, 1222606.00 ns, 4.5416 ns/op
OverheadWarmup  10: 269200 op, 1216656.00 ns, 4.5195 ns/op

OverheadActual   1: 269200 op, 1220991.00 ns, 4.5356 ns/op
OverheadActual   2: 269200 op, 1225120.00 ns, 4.5510 ns/op
OverheadActual   3: 269200 op, 1221579.00 ns, 4.5378 ns/op
OverheadActual   4: 269200 op, 1218544.00 ns, 4.5265 ns/op
OverheadActual   5: 269200 op, 1221077.00 ns, 4.5359 ns/op
OverheadActual   6: 269200 op, 1213515.00 ns, 4.5079 ns/op
OverheadActual   7: 269200 op, 1216782.00 ns, 4.5200 ns/op
OverheadActual   8: 269200 op, 1210371.00 ns, 4.4962 ns/op
OverheadActual   9: 269200 op, 1214753.00 ns, 4.5125 ns/op
OverheadActual  10: 269200 op, 1213373.00 ns, 4.5073 ns/op
OverheadActual  11: 269200 op, 1214624.00 ns, 4.5120 ns/op
OverheadActual  12: 269200 op, 1216879.00 ns, 4.5204 ns/op
OverheadActual  13: 269200 op, 1218936.00 ns, 4.5280 ns/op
OverheadActual  14: 269200 op, 1220059.00 ns, 4.5322 ns/op
OverheadActual  15: 269200 op, 1216482.00 ns, 4.5189 ns/op

WorkloadWarmup   1: 269200 op, 982449576.00 ns, 3.6495 us/op
WorkloadWarmup   2: 269200 op, 990858902.00 ns, 3.6808 us/op
WorkloadWarmup   3: 269200 op, 1018305703.00 ns, 3.7827 us/op
WorkloadWarmup   4: 269200 op, 966496265.00 ns, 3.5903 us/op
WorkloadWarmup   5: 269200 op, 968475375.00 ns, 3.5976 us/op
WorkloadWarmup   6: 269200 op, 967603948.00 ns, 3.5944 us/op

// BeforeActualRun
WorkloadActual   1: 269200 op, 986232182.00 ns, 3.6636 us/op
WorkloadActual   2: 269200 op, 982074838.00 ns, 3.6481 us/op
WorkloadActual   3: 269200 op, 970046831.00 ns, 3.6034 us/op
WorkloadActual   4: 269200 op, 982221034.00 ns, 3.6487 us/op
WorkloadActual   5: 269200 op, 970575003.00 ns, 3.6054 us/op
WorkloadActual   6: 269200 op, 971749293.00 ns, 3.6098 us/op
WorkloadActual   7: 269200 op, 989939132.00 ns, 3.6773 us/op
WorkloadActual   8: 269200 op, 971256357.00 ns, 3.6079 us/op
WorkloadActual   9: 269200 op, 970783165.00 ns, 3.6062 us/op
WorkloadActual  10: 269200 op, 970095720.00 ns, 3.6036 us/op
WorkloadActual  11: 269200 op, 978729058.00 ns, 3.6357 us/op
WorkloadActual  12: 269200 op, 1030317305.00 ns, 3.8273 us/op
WorkloadActual  13: 269200 op, 970712312.00 ns, 3.6059 us/op
WorkloadActual  14: 269200 op, 970069151.00 ns, 3.6035 us/op
WorkloadActual  15: 269200 op, 969994786.00 ns, 3.6032 us/op

// AfterActualRun
WorkloadResult   1: 269200 op, 985015303.00 ns, 3.6590 us/op
WorkloadResult   2: 269200 op, 980857959.00 ns, 3.6436 us/op
WorkloadResult   3: 269200 op, 968829952.00 ns, 3.5989 us/op
WorkloadResult   4: 269200 op, 981004155.00 ns, 3.6441 us/op
WorkloadResult   5: 269200 op, 969358124.00 ns, 3.6009 us/op
WorkloadResult   6: 269200 op, 970532414.00 ns, 3.6052 us/op
WorkloadResult   7: 269200 op, 988722253.00 ns, 3.6728 us/op
WorkloadResult   8: 269200 op, 970039478.00 ns, 3.6034 us/op
WorkloadResult   9: 269200 op, 969566286.00 ns, 3.6017 us/op
WorkloadResult  10: 269200 op, 968878841.00 ns, 3.5991 us/op
WorkloadResult  11: 269200 op, 977512179.00 ns, 3.6312 us/op
WorkloadResult  12: 269200 op, 1029100426.00 ns, 3.8228 us/op
WorkloadResult  13: 269200 op, 969495433.00 ns, 3.6014 us/op
WorkloadResult  14: 269200 op, 968852272.00 ns, 3.5990 us/op
WorkloadResult  15: 269200 op, 968777907.00 ns, 3.5987 us/op

// AfterAll
// Benchmark Process 1032202 has exited with code 0.

Mean = 3.632 μs, StdErr = 0.015 μs (0.42%), N = 15, StdDev = 0.058 μs
Min = 3.599 μs, Q1 = 3.600 μs, Median = 3.603 μs, Q3 = 3.644 μs, Max = 3.823 μs
IQR = 0.044 μs, LowerFence = 3.534 μs, UpperFence = 3.710 μs
ConfidenceInterval = [3.570 μs; 3.695 μs] (CI 99.9%), Margin = 0.062 μs (1.72% of Mean)
Skewness = 2.25, Kurtosis = 7.62, MValue = 2

// ** Remained 3 (30.0 %) benchmark(s) to run. Estimated finish 2026-05-26 19:10 (0h 2m from now) **
// **************************
// Benchmark: SmokeBenchByte.Newtonsoft_Ser: Energy(OutlierMode=DontRemove, Affinity=00000100, IterationTime=1s)
// *** Execute ***
// Launch: 1 / 1
// Execute: dotnet JsonBench-Energy-1.dll --anonymousPipes 127 128 --benchmarkName JsonBench.Benchmarks.SmokeBenchByte.Newtonsoft_Ser --job Energy --benchmarkId 7 in /home/test/json-energy-bench/JsonBench/bin/Release/net10.0/JsonBench-Energy-1/bin/Release/net10.0
// BeforeAnythingElse

// Benchmark Process Environment Information:
// BenchmarkDotNet v0.15.5-develop (2026-05-26)
// Runtime=.NET 10.0.8 (10.0.8, 10.0.826.23019), X64 RyuJIT x86-64-v3
// GC=Concurrent Workstation
// HardwareIntrinsics=AVX2+BMI1+BMI2+F16C+FMA+LZCNT+MOVBE,AVX,SSE3+SSSE3+SSE4.1+SSE4.2+POPCNT,X86Base+SSE+SSE2,AES+PCLMUL VectorSize=256
// Job: Energy(OutlierMode=DontRemove, Affinity=100, IterationTime=1s)

OverheadJitting  1: 1 op, 234533.00 ns, 234.5330 us/op
WorkloadJitting  1: 1 op, 59649195.00 ns, 59.6492 ms/op

OverheadJitting  2: 16 op, 644112.00 ns, 40.2570 us/op
WorkloadJitting  2: 16 op, 1829600.00 ns, 114.3500 us/op

WorkloadPilot    1: 16 op, 1034032.00 ns, 64.6270 us/op
WorkloadPilot    2: 15488 op, 846783003.00 ns, 54.6735 us/op
WorkloadPilot    3: 18304 op, 1087707250.00 ns, 59.4246 us/op
WorkloadPilot    4: 16832 op, 1610317550.00 ns, 95.6700 us/op
WorkloadPilot    5: 10464 op, 565683840.00 ns, 54.0600 us/op
WorkloadPilot    6: 18512 op, 243768694.00 ns, 13.1681 us/op
WorkloadPilot    7: 75952 op, 924264404.00 ns, 12.1691 us/op
WorkloadPilot    8: 82176 op, 986747311.00 ns, 12.0077 us/op
WorkloadPilot    9: 83280 op, 995582313.00 ns, 11.9546 us/op
WorkloadPilot   10: 83664 op, 999763620.00 ns, 11.9497 us/op
WorkloadPilot   11: 83696 op, 1006231214.00 ns, 12.0225 us/op

OverheadWarmup   1: 83696 op, 346786.00 ns, 4.1434 ns/op
OverheadWarmup   2: 83696 op, 344344.00 ns, 4.1142 ns/op
OverheadWarmup   3: 83696 op, 347890.00 ns, 4.1566 ns/op
OverheadWarmup   4: 83696 op, 344454.00 ns, 4.1155 ns/op
OverheadWarmup   5: 83696 op, 348615.00 ns, 4.1653 ns/op
OverheadWarmup   6: 83696 op, 345503.00 ns, 4.1281 ns/op

OverheadActual   1: 83696 op, 346242.00 ns, 4.1369 ns/op
OverheadActual   2: 83696 op, 343939.00 ns, 4.1094 ns/op
OverheadActual   3: 83696 op, 342471.00 ns, 4.0918 ns/op
OverheadActual   4: 83696 op, 347473.00 ns, 4.1516 ns/op
OverheadActual   5: 83696 op, 344645.00 ns, 4.1178 ns/op
OverheadActual   6: 83696 op, 343716.00 ns, 4.1067 ns/op
OverheadActual   7: 83696 op, 345809.00 ns, 4.1317 ns/op
OverheadActual   8: 83696 op, 346149.00 ns, 4.1358 ns/op
OverheadActual   9: 83696 op, 346350.00 ns, 4.1382 ns/op
OverheadActual  10: 83696 op, 344609.00 ns, 4.1174 ns/op
OverheadActual  11: 83696 op, 348194.00 ns, 4.1602 ns/op
OverheadActual  12: 83696 op, 342805.00 ns, 4.0958 ns/op
OverheadActual  13: 83696 op, 347709.00 ns, 4.1544 ns/op
OverheadActual  14: 83696 op, 344144.00 ns, 4.1118 ns/op
OverheadActual  15: 83696 op, 348006.00 ns, 4.1580 ns/op

WorkloadWarmup   1: 83696 op, 1003850106.00 ns, 11.9940 us/op
WorkloadWarmup   2: 83696 op, 1081580825.00 ns, 12.9227 us/op
WorkloadWarmup   3: 83696 op, 1031165294.00 ns, 12.3204 us/op
WorkloadWarmup   4: 83696 op, 1000663141.00 ns, 11.9559 us/op
WorkloadWarmup   5: 83696 op, 1001073989.00 ns, 11.9608 us/op
WorkloadWarmup   6: 83696 op, 1000599060.00 ns, 11.9552 us/op

// BeforeActualRun
WorkloadActual   1: 83696 op, 1030106017.00 ns, 12.3077 us/op
WorkloadActual   2: 83696 op, 1009729493.00 ns, 12.0643 us/op
WorkloadActual   3: 83696 op, 1005254721.00 ns, 12.0108 us/op
WorkloadActual   4: 83696 op, 1007011552.00 ns, 12.0318 us/op
WorkloadActual   5: 83696 op, 1005794542.00 ns, 12.0172 us/op
WorkloadActual   6: 83696 op, 1014795941.00 ns, 12.1248 us/op
WorkloadActual   7: 83696 op, 1034789843.00 ns, 12.3637 us/op
WorkloadActual   8: 83696 op, 1006571514.00 ns, 12.0265 us/op
WorkloadActual   9: 83696 op, 1005700824.00 ns, 12.0161 us/op
WorkloadActual  10: 83696 op, 1005380725.00 ns, 12.0123 us/op
WorkloadActual  11: 83696 op, 1045696632.00 ns, 12.4940 us/op
WorkloadActual  12: 83696 op, 1034347402.00 ns, 12.3584 us/op
WorkloadActual  13: 83696 op, 1005662437.00 ns, 12.0157 us/op
WorkloadActual  14: 83696 op, 1007303128.00 ns, 12.0353 us/op
WorkloadActual  15: 83696 op, 1005184364.00 ns, 12.0099 us/op

// AfterActualRun
WorkloadResult   1: 83696 op, 1029760208.00 ns, 12.3036 us/op
WorkloadResult   2: 83696 op, 1009383684.00 ns, 12.0601 us/op
WorkloadResult   3: 83696 op, 1004908912.00 ns, 12.0067 us/op
WorkloadResult   4: 83696 op, 1006665743.00 ns, 12.0276 us/op
WorkloadResult   5: 83696 op, 1005448733.00 ns, 12.0131 us/op
WorkloadResult   6: 83696 op, 1014450132.00 ns, 12.1207 us/op
WorkloadResult   7: 83696 op, 1034444034.00 ns, 12.3595 us/op
WorkloadResult   8: 83696 op, 1006225705.00 ns, 12.0224 us/op
WorkloadResult   9: 83696 op, 1005355015.00 ns, 12.0120 us/op
WorkloadResult  10: 83696 op, 1005034916.00 ns, 12.0082 us/op
WorkloadResult  11: 83696 op, 1045350823.00 ns, 12.4899 us/op
WorkloadResult  12: 83696 op, 1034001593.00 ns, 12.3543 us/op
WorkloadResult  13: 83696 op, 1005316628.00 ns, 12.0115 us/op
WorkloadResult  14: 83696 op, 1006957319.00 ns, 12.0311 us/op
WorkloadResult  15: 83696 op, 1004838555.00 ns, 12.0058 us/op

// AfterAll
// Benchmark Process 1032581 has exited with code 0.

Mean = 12.122 μs, StdErr = 0.043 μs (0.35%), N = 15, StdDev = 0.166 μs
Min = 12.006 μs, Q1 = 12.012 μs, Median = 12.028 μs, Q3 = 12.212 μs, Max = 12.490 μs
IQR = 0.200 μs, LowerFence = 11.711 μs, UpperFence = 12.513 μs
ConfidenceInterval = [11.944 μs; 12.299 μs] (CI 99.9%), Margin = 0.177 μs (1.46% of Mean)
Skewness = 1.03, Kurtosis = 2.35, MValue = 2

// ** Remained 2 (20.0 %) benchmark(s) to run. Estimated finish 2026-05-26 19:10 (0h 1m from now) **
// **************************
// Benchmark: SmokeBenchByte.SpanJson_Ser: Energy(OutlierMode=DontRemove, Affinity=00000100, IterationTime=1s)
// *** Execute ***
// Launch: 1 / 1
// Execute: dotnet JsonBench-Energy-1.dll --anonymousPipes 127 128 --benchmarkName JsonBench.Benchmarks.SmokeBenchByte.SpanJson_Ser --job Energy --benchmarkId 8 in /home/test/json-energy-bench/JsonBench/bin/Release/net10.0/JsonBench-Energy-1/bin/Release/net10.0
// BeforeAnythingElse

// Benchmark Process Environment Information:
// BenchmarkDotNet v0.15.5-develop (2026-05-26)
// Runtime=.NET 10.0.8 (10.0.8, 10.0.826.23019), X64 RyuJIT x86-64-v3
// GC=Concurrent Workstation
// HardwareIntrinsics=AVX2+BMI1+BMI2+F16C+FMA+LZCNT+MOVBE,AVX,SSE3+SSSE3+SSE4.1+SSE4.2+POPCNT,X86Base+SSE+SSE2,AES+PCLMUL VectorSize=256
// Job: Energy(OutlierMode=DontRemove, Affinity=100, IterationTime=1s)

OverheadJitting  1: 1 op, 236572.00 ns, 236.5720 us/op
WorkloadJitting  1: 1 op, 77948217.00 ns, 77.9482 ms/op

WorkloadPilot    1: 4 op, 202147.00 ns, 50.5368 us/op
WorkloadPilot    2: 19788 op, 564733948.00 ns, 28.5392 us/op
WorkloadPilot    3: 35040 op, 993235065.00 ns, 28.3457 us/op
WorkloadPilot    4: 35279 op, 459037506.00 ns, 13.0116 us/op
WorkloadPilot    5: 76854 op, 547111171.00 ns, 7.1188 us/op
WorkloadPilot    6: 140472 op, 996120156.00 ns, 7.0912 us/op
WorkloadPilot    7: 141019 op, 1006247619.00 ns, 7.1355 us/op
WorkloadPilot    8: 140143 op, 968328316.00 ns, 6.9096 us/op
WorkloadPilot    9: 144727 op, 1007446917.00 ns, 6.9610 us/op
WorkloadPilot   10: 143657 op, 996782533.00 ns, 6.9386 us/op
WorkloadPilot   11: 144121 op, 999502412.00 ns, 6.9352 us/op
WorkloadPilot   12: 144193 op, 1012219498.00 ns, 7.0199 us/op

WorkloadWarmup   1: 144193 op, 1001054042.00 ns, 6.9425 us/op
WorkloadWarmup   2: 144193 op, 1006555672.00 ns, 6.9806 us/op
WorkloadWarmup   3: 144193 op, 998743798.00 ns, 6.9264 us/op
WorkloadWarmup   4: 144193 op, 1005226801.00 ns, 6.9714 us/op
WorkloadWarmup   5: 144193 op, 1002913420.00 ns, 6.9554 us/op
WorkloadWarmup   6: 144193 op, 995561157.00 ns, 6.9044 us/op

// BeforeActualRun
WorkloadActual   1: 144193 op, 1024145281.00 ns, 7.1026 us/op
WorkloadActual   2: 144193 op, 1002845508.00 ns, 6.9549 us/op
WorkloadActual   3: 144193 op, 1009962135.00 ns, 7.0042 us/op
WorkloadActual   4: 144193 op, 1037308127.00 ns, 7.1939 us/op
WorkloadActual   5: 144193 op, 1010824488.00 ns, 7.0102 us/op
WorkloadActual   6: 144193 op, 1023896184.00 ns, 7.1009 us/op
WorkloadActual   7: 144193 op, 1010580718.00 ns, 7.0085 us/op
WorkloadActual   8: 144193 op, 1014865456.00 ns, 7.0382 us/op
WorkloadActual   9: 144193 op, 1007806281.00 ns, 6.9893 us/op
WorkloadActual  10: 144193 op, 1004579621.00 ns, 6.9669 us/op
WorkloadActual  11: 144193 op, 989217940.00 ns, 6.8604 us/op
WorkloadActual  12: 144193 op, 1010365638.00 ns, 7.0070 us/op
WorkloadActual  13: 144193 op, 996673206.00 ns, 6.9121 us/op
WorkloadActual  14: 144193 op, 998010497.00 ns, 6.9214 us/op
WorkloadActual  15: 144193 op, 1008146727.00 ns, 6.9916 us/op

// AfterActualRun
WorkloadResult   1: 144193 op, 1024145281.00 ns, 7.1026 us/op
WorkloadResult   2: 144193 op, 1002845508.00 ns, 6.9549 us/op
WorkloadResult   3: 144193 op, 1009962135.00 ns, 7.0042 us/op
WorkloadResult   4: 144193 op, 1037308127.00 ns, 7.1939 us/op
WorkloadResult   5: 144193 op, 1010824488.00 ns, 7.0102 us/op
WorkloadResult   6: 144193 op, 1023896184.00 ns, 7.1009 us/op
WorkloadResult   7: 144193 op, 1010580718.00 ns, 7.0085 us/op
WorkloadResult   8: 144193 op, 1014865456.00 ns, 7.0382 us/op
WorkloadResult   9: 144193 op, 1007806281.00 ns, 6.9893 us/op
WorkloadResult  10: 144193 op, 1004579621.00 ns, 6.9669 us/op
WorkloadResult  11: 144193 op, 989217940.00 ns, 6.8604 us/op
WorkloadResult  12: 144193 op, 1010365638.00 ns, 7.0070 us/op
WorkloadResult  13: 144193 op, 996673206.00 ns, 6.9121 us/op
WorkloadResult  14: 144193 op, 998010497.00 ns, 6.9214 us/op
WorkloadResult  15: 144193 op, 1008146727.00 ns, 6.9916 us/op

// AfterAll
// Benchmark Process 1032938 has exited with code 0.

Mean = 7.004 μs, StdErr = 0.021 μs (0.31%), N = 15, StdDev = 0.083 μs
Min = 6.860 μs, Q1 = 6.961 μs, Median = 7.004 μs, Q3 = 7.024 μs, Max = 7.194 μs
IQR = 0.063 μs, LowerFence = 6.866 μs, UpperFence = 7.119 μs
ConfidenceInterval = [6.915 μs; 7.093 μs] (CI 99.9%), Margin = 0.089 μs (1.27% of Mean)
Skewness = 0.49, Kurtosis = 2.85, MValue = 2

// ** Remained 1 (10.0 %) benchmark(s) to run. Estimated finish 2026-05-26 19:10 (0h 0m from now) **
// **************************
// Benchmark: SmokeBenchByte.Utf8Json_Ser: Energy(OutlierMode=DontRemove, Affinity=00000100, IterationTime=1s)
// *** Execute ***
// Launch: 1 / 1
// Execute: dotnet JsonBench-Energy-1.dll --anonymousPipes 127 128 --benchmarkName JsonBench.Benchmarks.SmokeBenchByte.Utf8Json_Ser --job Energy --benchmarkId 9 in /home/test/json-energy-bench/JsonBench/bin/Release/net10.0/JsonBench-Energy-1/bin/Release/net10.0
// BeforeAnythingElse

// Benchmark Process Environment Information:
// BenchmarkDotNet v0.15.5-develop (2026-05-26)
// Runtime=.NET 10.0.8 (10.0.8, 10.0.826.23019), X64 RyuJIT x86-64-v3
// GC=Concurrent Workstation
// HardwareIntrinsics=AVX2+BMI1+BMI2+F16C+FMA+LZCNT+MOVBE,AVX,SSE3+SSSE3+SSE4.1+SSE4.2+POPCNT,X86Base+SSE+SSE2,AES+PCLMUL VectorSize=256
// Job: Energy(OutlierMode=DontRemove, Affinity=100, IterationTime=1s)

OverheadJitting  1: 1 op, 237764.00 ns, 237.7640 us/op
WorkloadJitting  1: 1 op, 85318256.00 ns, 85.3183 ms/op

WorkloadPilot    1: 4 op, 165412.00 ns, 41.3530 us/op
WorkloadPilot    2: 24182 op, 825200392.00 ns, 34.1246 us/op
WorkloadPilot    3: 29304 op, 1001210882.00 ns, 34.1664 us/op
WorkloadPilot    4: 29269 op, 221154236.00 ns, 7.5559 us/op
WorkloadPilot    5: 132347 op, 893354646.00 ns, 6.7501 us/op
WorkloadPilot    6: 148146 op, 1007924960.00 ns, 6.8036 us/op
WorkloadPilot    7: 146981 op, 995662902.00 ns, 6.7741 us/op
WorkloadPilot    8: 147621 op, 1000418038.00 ns, 6.7769 us/op

WorkloadWarmup   1: 147621 op, 982572041.00 ns, 6.6560 us/op
WorkloadWarmup   2: 147621 op, 983225936.00 ns, 6.6605 us/op
WorkloadWarmup   3: 147621 op, 1003138166.00 ns, 6.7954 us/op
WorkloadWarmup   4: 147621 op, 981348388.00 ns, 6.6478 us/op
WorkloadWarmup   5: 147621 op, 988283588.00 ns, 6.6947 us/op
WorkloadWarmup   6: 147621 op, 1002727347.00 ns, 6.7926 us/op
WorkloadWarmup   7: 147621 op, 987839804.00 ns, 6.6917 us/op

// BeforeActualRun
WorkloadActual   1: 147621 op, 991346364.00 ns, 6.7155 us/op
WorkloadActual   2: 147621 op, 993593457.00 ns, 6.7307 us/op
WorkloadActual   3: 147621 op, 986923702.00 ns, 6.6855 us/op
WorkloadActual   4: 147621 op, 1038795126.00 ns, 7.0369 us/op
WorkloadActual   5: 147621 op, 987537823.00 ns, 6.6897 us/op
WorkloadActual   6: 147621 op, 982155461.00 ns, 6.6532 us/op
WorkloadActual   7: 147621 op, 986525028.00 ns, 6.6828 us/op
WorkloadActual   8: 147621 op, 990524287.00 ns, 6.7099 us/op
WorkloadActual   9: 147621 op, 1000793202.00 ns, 6.7795 us/op
WorkloadActual  10: 147621 op, 995449854.00 ns, 6.7433 us/op
WorkloadActual  11: 147621 op, 994399064.00 ns, 6.7362 us/op
WorkloadActual  12: 147621 op, 984710317.00 ns, 6.6705 us/op
WorkloadActual  13: 147621 op, 982774086.00 ns, 6.6574 us/op
WorkloadActual  14: 147621 op, 1002668758.00 ns, 6.7922 us/op
WorkloadActual  15: 147621 op, 995346893.00 ns, 6.7426 us/op

// AfterActualRun
WorkloadResult   1: 147621 op, 991346364.00 ns, 6.7155 us/op
WorkloadResult   2: 147621 op, 993593457.00 ns, 6.7307 us/op
WorkloadResult   3: 147621 op, 986923702.00 ns, 6.6855 us/op
WorkloadResult   4: 147621 op, 1038795126.00 ns, 7.0369 us/op
WorkloadResult   5: 147621 op, 987537823.00 ns, 6.6897 us/op
WorkloadResult   6: 147621 op, 982155461.00 ns, 6.6532 us/op
WorkloadResult   7: 147621 op, 986525028.00 ns, 6.6828 us/op
WorkloadResult   8: 147621 op, 990524287.00 ns, 6.7099 us/op
WorkloadResult   9: 147621 op, 1000793202.00 ns, 6.7795 us/op
WorkloadResult  10: 147621 op, 995449854.00 ns, 6.7433 us/op
WorkloadResult  11: 147621 op, 994399064.00 ns, 6.7362 us/op
WorkloadResult  12: 147621 op, 984710317.00 ns, 6.6705 us/op
WorkloadResult  13: 147621 op, 982774086.00 ns, 6.6574 us/op
WorkloadResult  14: 147621 op, 1002668758.00 ns, 6.7922 us/op
WorkloadResult  15: 147621 op, 995346893.00 ns, 6.7426 us/op

// AfterAll
// Benchmark Process 1033319 has exited with code 0.

Mean = 6.735 μs, StdErr = 0.024 μs (0.36%), N = 15, StdDev = 0.093 μs
Min = 6.653 μs, Q1 = 6.684 μs, Median = 6.715 μs, Q3 = 6.743 μs, Max = 7.037 μs
IQR = 0.059 μs, LowerFence = 6.596 μs, UpperFence = 6.831 μs
ConfidenceInterval = [6.635 μs; 6.835 μs] (CI 99.9%), Margin = 0.100 μs (1.48% of Mean)
Skewness = 2.15, Kurtosis = 7.45, MValue = 2

// ** Remained 0 (0.0 %) benchmark(s) to run. Estimated finish 2026-05-26 19:10 (0h 0m from now) **
// ***** BenchmarkRunner: Finish  *****

// * Export *
  BenchmarkArtifacts/results/JsonBench.Benchmarks.SmokeBenchByte-report.csv
  BenchmarkArtifacts/results/JsonBench.Benchmarks.SmokeBenchByte-report-github.md
  BenchmarkArtifacts/results/JsonBench.Benchmarks.SmokeBenchByte-report.html
  BenchmarkArtifacts/results/JsonBench.Benchmarks.SmokeBenchByte-measurements.csv

// * Detailed results *
SmokeBenchByte.SpanJson_Deser: Energy(OutlierMode=DontRemove, Affinity=00000100, IterationTime=1s)
Runtime = .NET 10.0.8 (10.0.8, 10.0.826.23019), X64 RyuJIT x86-64-v3; GC = Concurrent Workstation
Mean = 7.387 μs, StdErr = 0.020 μs (0.27%), N = 15, StdDev = 0.076 μs
Min = 7.302 μs, Q1 = 7.332 μs, Median = 7.343 μs, Q3 = 7.455 μs, Max = 7.534 μs
IQR = 0.123 μs, LowerFence = 7.147 μs, UpperFence = 7.639 μs
ConfidenceInterval = [7.305 μs; 7.468 μs] (CI 99.9%), Margin = 0.082 μs (1.10% of Mean)
Skewness = 0.65, Kurtosis = 1.72, MValue = 2
-------------------- Histogram --------------------
[7.261 μs ; 7.549 μs) | @@@@@@@@@@@@@@@
---------------------------------------------------

SmokeBenchByte.STJSrcGen_Deser: Energy(OutlierMode=DontRemove, Affinity=00000100, IterationTime=1s)
Runtime = .NET 10.0.8 (10.0.8, 10.0.826.23019), X64 RyuJIT x86-64-v3; GC = Concurrent Workstation
Mean = 9.823 μs, StdErr = 0.029 μs (0.29%), N = 15, StdDev = 0.112 μs
Min = 9.741 μs, Q1 = 9.749 μs, Median = 9.763 μs, Q3 = 9.871 μs, Max = 10.121 μs
IQR = 0.122 μs, LowerFence = 9.567 μs, UpperFence = 10.053 μs
ConfidenceInterval = [9.703 μs; 9.942 μs] (CI 99.9%), Margin = 0.120 μs (1.22% of Mean)
Skewness = 1.36, Kurtosis = 3.72, MValue = 2
-------------------- Histogram --------------------
[9.682 μs ; 10.181 μs) | @@@@@@@@@@@@@@@
---------------------------------------------------

SmokeBenchByte.STJRefGen_Deser: Energy(OutlierMode=DontRemove, Affinity=00000100, IterationTime=1s)
Runtime = .NET 10.0.8 (10.0.8, 10.0.826.23019), X64 RyuJIT x86-64-v3; GC = Concurrent Workstation
Mean = 10.032 μs, StdErr = 0.031 μs (0.31%), N = 15, StdDev = 0.119 μs
Min = 9.953 μs, Q1 = 9.964 μs, Median = 9.981 μs, Q3 = 10.055 μs, Max = 10.373 μs
IQR = 0.091 μs, LowerFence = 9.828 μs, UpperFence = 10.191 μs
ConfidenceInterval = [9.905 μs; 10.158 μs] (CI 99.9%), Margin = 0.127 μs (1.26% of Mean)
Skewness = 1.66, Kurtosis = 4.85, MValue = 2
-------------------- Histogram --------------------
[9.890 μs ; 10.437 μs) | @@@@@@@@@@@@@@@
---------------------------------------------------

SmokeBenchByte.Utf8Json_Deser: Energy(OutlierMode=DontRemove, Affinity=00000100, IterationTime=1s)
Runtime = .NET 10.0.8 (10.0.8, 10.0.826.23019), X64 RyuJIT x86-64-v3; GC = Concurrent Workstation
Mean = 10.678 μs, StdErr = 0.027 μs (0.25%), N = 15, StdDev = 0.104 μs
Min = 10.575 μs, Q1 = 10.606 μs, Median = 10.618 μs, Q3 = 10.789 μs, Max = 10.854 μs
IQR = 0.184 μs, LowerFence = 10.330 μs, UpperFence = 11.065 μs
ConfidenceInterval = [10.566 μs; 10.789 μs] (CI 99.9%), Margin = 0.112 μs (1.05% of Mean)
Skewness = 0.59, Kurtosis = 1.49, MValue = 2
-------------------- Histogram --------------------
[10.520 μs ; 10.910 μs) | @@@@@@@@@@@@@@@
---------------------------------------------------

SmokeBenchByte.Newtonsoft_Deser: Energy(OutlierMode=DontRemove, Affinity=00000100, IterationTime=1s)
Runtime = .NET 10.0.8 (10.0.8, 10.0.826.23019), X64 RyuJIT x86-64-v3; GC = Concurrent Workstation
Mean = 18.624 μs, StdErr = 0.053 μs (0.29%), N = 15, StdDev = 0.206 μs
Min = 18.429 μs, Q1 = 18.507 μs, Median = 18.524 μs, Q3 = 18.747 μs, Max = 18.985 μs
IQR = 0.240 μs, LowerFence = 18.147 μs, UpperFence = 19.106 μs
ConfidenceInterval = [18.404 μs; 18.845 μs] (CI 99.9%), Margin = 0.220 μs (1.18% of Mean)
Skewness = 0.88, Kurtosis = 1.87, MValue = 2
-------------------- Histogram --------------------
[18.319 μs ; 18.697 μs) | @@@@@@@@@@@
[18.697 μs ; 19.094 μs) | @@@@
---------------------------------------------------

SmokeBenchByte.STJSrcGen_Ser: Energy(OutlierMode=DontRemove, Affinity=00000100, IterationTime=1s)
Runtime = .NET 10.0.8 (10.0.8, 10.0.826.23019), X64 RyuJIT x86-64-v3; GC = Concurrent Workstation
Mean = 3.632 μs, StdErr = 0.015 μs (0.42%), N = 15, StdDev = 0.058 μs
Min = 3.599 μs, Q1 = 3.600 μs, Median = 3.603 μs, Q3 = 3.644 μs, Max = 3.823 μs
IQR = 0.044 μs, LowerFence = 3.534 μs, UpperFence = 3.710 μs
ConfidenceInterval = [3.570 μs; 3.695 μs] (CI 99.9%), Margin = 0.062 μs (1.72% of Mean)
Skewness = 2.25, Kurtosis = 7.62, MValue = 2
-------------------- Histogram --------------------
[3.593 μs ; 3.710 μs) | @@@@@@@@@@@@@@
[3.710 μs ; 3.854 μs) | @
---------------------------------------------------

SmokeBenchByte.STJRefGen_Ser: Energy(OutlierMode=DontRemove, Affinity=00000100, IterationTime=1s)
Runtime = .NET 10.0.8 (10.0.8, 10.0.826.23019), X64 RyuJIT x86-64-v3; GC = Concurrent Workstation
Mean = 4.756 μs, StdErr = 0.014 μs (0.29%), N = 15, StdDev = 0.053 μs
Min = 4.717 μs, Q1 = 4.725 μs, Median = 4.728 μs, Q3 = 4.777 μs, Max = 4.916 μs
IQR = 0.053 μs, LowerFence = 4.646 μs, UpperFence = 4.857 μs
ConfidenceInterval = [4.699 μs; 4.813 μs] (CI 99.9%), Margin = 0.057 μs (1.20% of Mean)
Skewness = 1.75, Kurtosis = 5.48, MValue = 2
-------------------- Histogram --------------------
[4.703 μs ; 4.944 μs) | @@@@@@@@@@@@@@@
---------------------------------------------------

SmokeBenchByte.Utf8Json_Ser: Energy(OutlierMode=DontRemove, Affinity=00000100, IterationTime=1s)
Runtime = .NET 10.0.8 (10.0.8, 10.0.826.23019), X64 RyuJIT x86-64-v3; GC = Concurrent Workstation
Mean = 6.735 μs, StdErr = 0.024 μs (0.36%), N = 15, StdDev = 0.093 μs
Min = 6.653 μs, Q1 = 6.684 μs, Median = 6.715 μs, Q3 = 6.743 μs, Max = 7.037 μs
IQR = 0.059 μs, LowerFence = 6.596 μs, UpperFence = 6.831 μs
ConfidenceInterval = [6.635 μs; 6.835 μs] (CI 99.9%), Margin = 0.100 μs (1.48% of Mean)
Skewness = 2.15, Kurtosis = 7.45, MValue = 2
-------------------- Histogram --------------------
[6.631 μs ; 6.854 μs) | @@@@@@@@@@@@@@
[6.854 μs ; 7.087 μs) | @
---------------------------------------------------

SmokeBenchByte.SpanJson_Ser: Energy(OutlierMode=DontRemove, Affinity=00000100, IterationTime=1s)
Runtime = .NET 10.0.8 (10.0.8, 10.0.826.23019), X64 RyuJIT x86-64-v3; GC = Concurrent Workstation
Mean = 7.004 μs, StdErr = 0.021 μs (0.31%), N = 15, StdDev = 0.083 μs
Min = 6.860 μs, Q1 = 6.961 μs, Median = 7.004 μs, Q3 = 7.024 μs, Max = 7.194 μs
IQR = 0.063 μs, LowerFence = 6.866 μs, UpperFence = 7.119 μs
ConfidenceInterval = [6.915 μs; 7.093 μs] (CI 99.9%), Margin = 0.089 μs (1.27% of Mean)
Skewness = 0.49, Kurtosis = 2.85, MValue = 2
-------------------- Histogram --------------------
[6.816 μs ; 7.067 μs) | @@@@@@@@@@@@
[7.067 μs ; 7.238 μs) | @@@
---------------------------------------------------

SmokeBenchByte.Newtonsoft_Ser: Energy(OutlierMode=DontRemove, Affinity=00000100, IterationTime=1s)
Runtime = .NET 10.0.8 (10.0.8, 10.0.826.23019), X64 RyuJIT x86-64-v3; GC = Concurrent Workstation
Mean = 12.122 μs, StdErr = 0.043 μs (0.35%), N = 15, StdDev = 0.166 μs
Min = 12.006 μs, Q1 = 12.012 μs, Median = 12.028 μs, Q3 = 12.212 μs, Max = 12.490 μs
IQR = 0.200 μs, LowerFence = 11.711 μs, UpperFence = 12.513 μs
ConfidenceInterval = [11.944 μs; 12.299 μs] (CI 99.9%), Margin = 0.177 μs (1.46% of Mean)
Skewness = 1.03, Kurtosis = 2.35, MValue = 2
-------------------- Histogram --------------------
[11.943 μs ; 12.208 μs) | @@@@@@@@@@@
[12.208 μs ; 12.578 μs) | @@@@
---------------------------------------------------

// * Summary *

BenchmarkDotNet v0.15.5-develop (2026-05-26), Linux Ubuntu 24.04.4 LTS (Noble Numbat)
Intel Core i9-9900K CPU 3.60GHz (Coffee Lake), 1 CPU, 8 logical and 8 physical cores
.NET SDK 10.0.108
  [Host] : .NET 10.0.8 (10.0.8, 10.0.826.23019), X64 RyuJIT x86-64-v3
  Energy : .NET 10.0.8 (10.0.8, 10.0.826.23019), X64 RyuJIT x86-64-v3

Job=Energy  OutlierMode=DontRemove  Affinity=00000100  
IterationTime=1s  

| Method           | Mean      | Error     | StdDev    | Operations | Iterations | Metrion CPU Energy (uJ/op) | Metrion CPU Energy (uJ/iter) |
|----------------- |----------:|----------:|----------:|-----------:|-----------:|---------------------------:|-----------------------------:|
| SpanJson_Deser   |  7.387 μs | 0.0815 μs | 0.0762 μs |    136,957 |      15.00 |                      53.29 |                   7298741.43 |
| STJSrcGen_Deser  |  9.823 μs | 0.1197 μs | 0.1119 μs |    102,560 |      15.00 |                     126.23 |                  12946087.30 |
| STJRefGen_Deser  | 10.032 μs | 0.1267 μs | 0.1186 μs |    100,384 |      15.00 |                     133.63 |                  13413987.26 |
| Utf8Json_Deser   | 10.678 μs | 0.1116 μs | 0.1044 μs |     94,509 |      15.00 |                     105.77 |                   9996647.34 |
| Newtonsoft_Deser | 18.624 μs | 0.2202 μs | 0.2059 μs |     54,272 |      15.00 |                     152.63 |                   8283312.49 |
|                  |           |           |           |            |            |                            |                              |
| STJSrcGen_Ser    |  3.632 μs | 0.0625 μs | 0.0584 μs |    269,200 |      15.00 |                      25.48 |                   6859173.97 |
| STJRefGen_Ser    |  4.756 μs | 0.0571 μs | 0.0534 μs |    212,160 |      15.00 |                      39.45 |                   8368780.78 |
| Utf8Json_Ser     |  6.735 μs | 0.0996 μs | 0.0932 μs |    147,621 |      15.00 |                      92.12 |                  13599071.51 |
| SpanJson_Ser     |  7.004 μs | 0.0887 μs | 0.0830 μs |    144,193 |      15.00 |                      82.70 |                  11925340.68 |
| Newtonsoft_Ser   | 12.122 μs | 0.1774 μs | 0.1659 μs |     83,696 |      15.00 |                     136.94 |                  11460967.19 |

// * Hints *
Outliers
  SmokeBenchByte.STJSrcGen_Deser: Energy -> 1 outlier  was  detected (10.13 μs)
  SmokeBenchByte.STJRefGen_Deser: Energy -> 1 outlier  was  detected (10.38 μs)
  SmokeBenchByte.STJSrcGen_Ser: Energy   -> 1 outlier  was  detected (3.83 μs)
  SmokeBenchByte.STJRefGen_Ser: Energy   -> 1 outlier  was  detected (4.92 μs)
  SmokeBenchByte.Utf8Json_Ser: Energy    -> 1 outlier  was  detected (7.04 μs)
  SmokeBenchByte.SpanJson_Ser: Energy    -> 2 outliers were detected (6.86 μs, 7.19 μs)

// * Legends *
  Mean                         : Arithmetic mean of all measurements
  Error                        : Half of 99.9% confidence interval
  StdDev                       : Standard deviation of all measurements
  Operations                   : Actual invocations per measured iteration (from measurements)
  Iterations                   : Number of target iterations
  Metrion CPU Energy (uJ/op)   : Average CPU core energy consumed per benchmark operation (uJ), captured with Metrion.
  Metrion CPU Energy (uJ/iter) : Average CPU core energy consumed per benchmark iteration (uJ), captured with Metrion.
  1 μs                         : 1 Microsecond (0.000001 sec)

// * Diagnostic Output - MetrionEnergyProfiler *
Metrion measured the energy for a total of 10 benchmarks.
The measurements details of Actual Stage for each benchmark:
BenchmarkMethod - StartTimestamp - EndTimestamp - TotalEnergyFromSummary - TotalEnergyFromRawMeasurements
STJRefGen_Deser: 2026-05-26T19:03:06.441893 - 2026-05-26T19:03:21.581868 - 197.17648738268025 - 201.2098088275317
STJSrcGen_Deser: 2026-05-26T19:03:50.513829 - 2026-05-26T19:04:05.654398 - 188.81443022706932 - 194.19130946133458
Newtonsoft_Deser: 2026-05-26T19:04:33.862505 - 2026-05-26T19:04:49.053244 - 127.92449759216163 - 124.24968736805405
SpanJson_Deser: 2026-05-26T19:05:21.984399 - 2026-05-26T19:05:37.199389 - 111.24622349620235 - 109.4811214515208
Utf8Json_Deser: 2026-05-26T19:06:06.977812 - 2026-05-26T19:06:22.155445 - 150.49894678678908 - 149.9497100434865
STJRefGen_Ser: 2026-05-26T19:06:53.971513 - 2026-05-26T19:07:09.139301 - 132.53991699526526 - 125.5317117618331
STJSrcGen_Ser: 2026-05-26T19:07:33.167246 - 2026-05-26T19:07:47.870904 - 98.75520333007368 - 102.88760953617314
Newtonsoft_Ser: 2026-05-26T19:08:17.318270 - 2026-05-26T19:08:32.565983 - 167.8024428950181 - 171.91450778935598
SpanJson_Ser: 2026-05-26T19:09:02.206044 - 2026-05-26T19:09:17.386294 - 176.43993817639503 - 178.88011013664797
Utf8Json_Ser: 2026-05-26T19:09:46.614956 - 2026-05-26T19:10:01.559159 - 203.2653460370692 - 203.98607264328115


// ***** BenchmarkRunner: End *****
Run time: 00:07:26 (446.33 sec), executed benchmarks: 10

Global total time: 00:07:33 (453.49 sec), executed benchmarks: 10
// * Artifacts cleanup *
Artifacts cleanup is finished
