// Validating benchmarks:
// ***** BenchmarkRunner: Start   *****
// ***** Found 10 benchmark(s) in total *****
// ***** Building 1 exe(s) in Parallel: Start   *****
// start dotnet  restore --nodeReuse:false /p:UseSharedCompilation=false /p:Deterministic=true /p:Optimize=true /p:ArtifactsPath="/home/test/json-energy-bench/JsonBench/bin/Release/net10.0/JsonBench-Energy-1/" /p:OutDir="/home/test/json-energy-bench/JsonBench/bin/Release/net10.0/JsonBench-Energy-1/bin/Release/net10.0/" /p:OutputPath="/home/test/json-energy-bench/JsonBench/bin/Release/net10.0/JsonBench-Energy-1/bin/Release/net10.0/" /p:PublishDir="/home/test/json-energy-bench/JsonBench/bin/Release/net10.0/JsonBench-Energy-1/publish/" in /home/test/json-energy-bench/JsonBench/bin/Release/net10.0/JsonBench-Energy-1
// command took 1.62 sec and exited with 0
// start dotnet  build -c Release --no-restore --nodeReuse:false /p:UseSharedCompilation=false /p:Deterministic=true /p:Optimize=true /p:ArtifactsPath="/home/test/json-energy-bench/JsonBench/bin/Release/net10.0/JsonBench-Energy-1/" /p:OutDir="/home/test/json-energy-bench/JsonBench/bin/Release/net10.0/JsonBench-Energy-1/bin/Release/net10.0/" /p:OutputPath="/home/test/json-energy-bench/JsonBench/bin/Release/net10.0/JsonBench-Energy-1/bin/Release/net10.0/" /p:PublishDir="/home/test/json-energy-bench/JsonBench/bin/Release/net10.0/JsonBench-Energy-1/publish/" --output "/home/test/json-energy-bench/JsonBench/bin/Release/net10.0/JsonBench-Energy-1/bin/Release/net10.0/" in /home/test/json-energy-bench/JsonBench/bin/Release/net10.0/JsonBench-Energy-1
// command took 10.63 sec and exited with 0
// ***** Done, took 00:00:12 (12.33 sec)   *****
// Found 10 benchmarks:
//   SmokeBenchByte.STJRefGen_Deser: Energy(OutlierMode=DontRemove, Affinity=00000100, IterationTime=1s)
//   SmokeBenchByte.STJSrcGen_Deser: Energy(OutlierMode=DontRemove, Affinity=00000100, IterationTime=1s)
//   SmokeBenchByte.Newtonsoft_Deser: Energy(OutlierMode=DontRemove, Affinity=00000100, IterationTime=1s)
//   SmokeBenchByte.SpanJson_Deser: Energy(OutlierMode=DontRemove, Affinity=00000100, IterationTime=1s)
//   SmokeBenchByte.Utf8Json_Deser: Energy(OutlierMode=DontRemove, Affinity=00000100, IterationTime=1s)
//   SmokeBenchByte.STJRefGen_Ser: Energy(OutlierMode=DontRemove, Affinity=00000100, IterationTime=1s)
//   SmokeBenchByte.STJSrcGen_Ser: Energy(OutlierMode=DontRemove, Affinity=00000100, IterationTime=1s)
//   SmokeBenchByte.Newtonsoft_Ser: Energy(OutlierMode=DontRemove, Affinity=00000100, IterationTime=1s)
//   SmokeBenchByte.SpanJson_Ser: Energy(OutlierMode=DontRemove, Affinity=00000100, IterationTime=1s)
//   SmokeBenchByte.Utf8Json_Ser: Energy(OutlierMode=DontRemove, Affinity=00000100, IterationTime=1s)

// **************************
// Benchmark: SmokeBenchByte.STJRefGen_Deser: Energy(OutlierMode=DontRemove, Affinity=00000100, IterationTime=1s)
// *** Execute ***
// Launch: 1 / 1
// Execute: dotnet JsonBench-Energy-1.dll --anonymousPipes 119 120 --benchmarkName JsonBench.Benchmarks.SmokeBenchByte.STJRefGen_Deser --job Energy --benchmarkId 0 in /home/test/json-energy-bench/JsonBench/bin/Release/net10.0/JsonBench-Energy-1/bin/Release/net10.0
// BeforeAnythingElse

// Benchmark Process Environment Information:
// BenchmarkDotNet v0.15.5-develop (2026-05-17)
// Runtime=.NET 10.0.7 (10.0.7, 10.0.726.21808), X64 RyuJIT x86-64-v3
// GC=Concurrent Workstation
// HardwareIntrinsics=AVX2+BMI1+BMI2+F16C+FMA+LZCNT+MOVBE,AVX,SSE3+SSSE3+SSE4.1+SSE4.2+POPCNT,X86Base+SSE+SSE2,AES+PCLMUL VectorSize=256
// Job: Energy(OutlierMode=DontRemove, Affinity=100, IterationTime=1s)

OverheadJitting  1: 1 op, 239389.00 ns, 239.3890 us/op
WorkloadJitting  1: 1 op, 338163.00 ns, 338.1630 us/op

OverheadJitting  2: 16 op, 650214.00 ns, 40.6384 us/op
WorkloadJitting  2: 16 op, 1089770.00 ns, 68.1106 us/op

WorkloadPilot    1: 16 op, 392003.00 ns, 24.5002 us/op
WorkloadPilot    2: 40816 op, 935225843.00 ns, 22.9132 us/op
WorkloadPilot    3: 43648 op, 1071105755.00 ns, 24.5396 us/op
WorkloadPilot    4: 40752 op, 1255332977.00 ns, 30.8042 us/op
WorkloadPilot    5: 32464 op, 909008378.00 ns, 28.0005 us/op
WorkloadPilot    6: 35728 op, 375780984.00 ns, 10.5178 us/op
WorkloadPilot    7: 95088 op, 986533134.00 ns, 10.3749 us/op
WorkloadPilot    8: 96400 op, 989976962.00 ns, 10.2695 us/op
WorkloadPilot    9: 97376 op, 984092430.00 ns, 10.1061 us/op
WorkloadPilot   10: 98960 op, 999724523.00 ns, 10.1023 us/op
WorkloadPilot   11: 98992 op, 1003127660.00 ns, 10.1334 us/op

OverheadWarmup   1: 98992 op, 441805.00 ns, 4.4630 ns/op
OverheadWarmup   2: 98992 op, 441977.00 ns, 4.4648 ns/op
OverheadWarmup   3: 98992 op, 445345.00 ns, 4.4988 ns/op
OverheadWarmup   4: 98992 op, 441208.00 ns, 4.4570 ns/op
OverheadWarmup   5: 98992 op, 448505.00 ns, 4.5307 ns/op
OverheadWarmup   6: 98992 op, 442256.00 ns, 4.4676 ns/op

OverheadActual   1: 98992 op, 441061.00 ns, 4.4555 ns/op
OverheadActual   2: 98992 op, 441175.00 ns, 4.4567 ns/op
OverheadActual   3: 98992 op, 441359.00 ns, 4.4585 ns/op
OverheadActual   4: 98992 op, 445366.00 ns, 4.4990 ns/op
OverheadActual   5: 98992 op, 442061.00 ns, 4.4656 ns/op
OverheadActual   6: 98992 op, 446159.00 ns, 4.5070 ns/op
OverheadActual   7: 98992 op, 444867.00 ns, 4.4940 ns/op
OverheadActual   8: 98992 op, 442097.00 ns, 4.4660 ns/op
OverheadActual   9: 98992 op, 443096.00 ns, 4.4761 ns/op
OverheadActual  10: 98992 op, 439611.00 ns, 4.4409 ns/op
OverheadActual  11: 98992 op, 440775.00 ns, 4.4526 ns/op
OverheadActual  12: 98992 op, 448901.00 ns, 4.5347 ns/op
OverheadActual  13: 98992 op, 441947.00 ns, 4.4645 ns/op
OverheadActual  14: 98992 op, 444252.00 ns, 4.4878 ns/op
OverheadActual  15: 98992 op, 441111.00 ns, 4.4560 ns/op

WorkloadWarmup   1: 98992 op, 1004857902.00 ns, 10.1509 us/op
WorkloadWarmup   2: 98992 op, 1084255287.00 ns, 10.9530 us/op
WorkloadWarmup   3: 98992 op, 1009733639.00 ns, 10.2002 us/op
WorkloadWarmup   4: 98992 op, 999365037.00 ns, 10.0954 us/op
WorkloadWarmup   5: 98992 op, 1013720822.00 ns, 10.2404 us/op
WorkloadWarmup   6: 98992 op, 999478985.00 ns, 10.0966 us/op

// BeforeActualRun
WorkloadActual   1: 98992 op, 1021455346.00 ns, 10.3186 us/op
WorkloadActual   2: 98992 op, 1003215311.00 ns, 10.1343 us/op
WorkloadActual   3: 98992 op, 1003554943.00 ns, 10.1377 us/op
WorkloadActual   4: 98992 op, 1003761153.00 ns, 10.1398 us/op
WorkloadActual   5: 98992 op, 1003310777.00 ns, 10.1353 us/op
WorkloadActual   6: 98992 op, 1009141948.00 ns, 10.1942 us/op
WorkloadActual   7: 98992 op, 1017138592.00 ns, 10.2750 us/op
WorkloadActual   8: 98992 op, 1003102782.00 ns, 10.1332 us/op
WorkloadActual   9: 98992 op, 1003049084.00 ns, 10.1326 us/op
WorkloadActual  10: 98992 op, 1002743769.00 ns, 10.1295 us/op
WorkloadActual  11: 98992 op, 1039880110.00 ns, 10.5047 us/op
WorkloadActual  12: 98992 op, 1020223645.00 ns, 10.3061 us/op
WorkloadActual  13: 98992 op, 1003385654.00 ns, 10.1360 us/op
WorkloadActual  14: 98992 op, 1002986589.00 ns, 10.1320 us/op
WorkloadActual  15: 98992 op, 1003098156.00 ns, 10.1331 us/op

// AfterActualRun
WorkloadResult   1: 98992 op, 1021013285.00 ns, 10.3141 us/op
WorkloadResult   2: 98992 op, 1002773250.00 ns, 10.1298 us/op
WorkloadResult   3: 98992 op, 1003112882.00 ns, 10.1333 us/op
WorkloadResult   4: 98992 op, 1003319092.00 ns, 10.1354 us/op
WorkloadResult   5: 98992 op, 1002868716.00 ns, 10.1308 us/op
WorkloadResult   6: 98992 op, 1008699887.00 ns, 10.1897 us/op
WorkloadResult   7: 98992 op, 1016696531.00 ns, 10.2705 us/op
WorkloadResult   8: 98992 op, 1002660721.00 ns, 10.1287 us/op
WorkloadResult   9: 98992 op, 1002607023.00 ns, 10.1282 us/op
WorkloadResult  10: 98992 op, 1002301708.00 ns, 10.1251 us/op
WorkloadResult  11: 98992 op, 1039438049.00 ns, 10.5002 us/op
WorkloadResult  12: 98992 op, 1019781584.00 ns, 10.3017 us/op
WorkloadResult  13: 98992 op, 1002943593.00 ns, 10.1316 us/op
WorkloadResult  14: 98992 op, 1002544528.00 ns, 10.1275 us/op
WorkloadResult  15: 98992 op, 1002656095.00 ns, 10.1287 us/op

// AfterAll
// Benchmark Process 977471 has exited with code 0.

Mean = 10.192 μs, StdErr = 0.028 μs (0.28%), N = 15, StdDev = 0.109 μs
Min = 10.125 μs, Q1 = 10.129 μs, Median = 10.132 μs, Q3 = 10.230 μs, Max = 10.500 μs
IQR = 0.101 μs, LowerFence = 9.977 μs, UpperFence = 10.382 μs
ConfidenceInterval = [10.075 μs; 10.308 μs] (CI 99.9%), Margin = 0.117 μs (1.14% of Mean)
Skewness = 1.57, Kurtosis = 4.52, MValue = 2

// ** Remained 9 (90.0 %) benchmark(s) to run. Estimated finish 2026-05-17 13:29 (0h 7m from now) **
// **************************
// Benchmark: SmokeBenchByte.STJSrcGen_Deser: Energy(OutlierMode=DontRemove, Affinity=00000100, IterationTime=1s)
// *** Execute ***
// Launch: 1 / 1
// Execute: dotnet JsonBench-Energy-1.dll --anonymousPipes 121 122 --benchmarkName JsonBench.Benchmarks.SmokeBenchByte.STJSrcGen_Deser --job Energy --benchmarkId 1 in /home/test/json-energy-bench/JsonBench/bin/Release/net10.0/JsonBench-Energy-1/bin/Release/net10.0
// BeforeAnythingElse

// Benchmark Process Environment Information:
// BenchmarkDotNet v0.15.5-develop (2026-05-17)
// Runtime=.NET 10.0.7 (10.0.7, 10.0.726.21808), X64 RyuJIT x86-64-v3
// GC=Concurrent Workstation
// HardwareIntrinsics=AVX2+BMI1+BMI2+F16C+FMA+LZCNT+MOVBE,AVX,SSE3+SSSE3+SSE4.1+SSE4.2+POPCNT,X86Base+SSE+SSE2,AES+PCLMUL VectorSize=256
// Job: Energy(OutlierMode=DontRemove, Affinity=100, IterationTime=1s)

OverheadJitting  1: 1 op, 241066.00 ns, 241.0660 us/op
WorkloadJitting  1: 1 op, 11149386.00 ns, 11.1494 ms/op

OverheadJitting  2: 16 op, 634715.00 ns, 39.6697 us/op
WorkloadJitting  2: 16 op, 1102167.00 ns, 68.8854 us/op

WorkloadPilot    1: 16 op, 453792.00 ns, 28.3620 us/op
WorkloadPilot    2: 35264 op, 804666811.00 ns, 22.8184 us/op
WorkloadPilot    3: 43824 op, 1006899488.00 ns, 22.9760 us/op
WorkloadPilot    4: 43536 op, 1092698495.00 ns, 25.0987 us/op
WorkloadPilot    5: 39856 op, 976953517.00 ns, 24.5121 us/op
WorkloadPilot    6: 40800 op, 564625586.00 ns, 13.8389 us/op
WorkloadPilot    7: 72272 op, 736208159.00 ns, 10.1866 us/op
WorkloadPilot    8: 98176 op, 995845846.00 ns, 10.1435 us/op
WorkloadPilot    9: 98592 op, 979326360.00 ns, 9.9331 us/op
WorkloadPilot   10: 100688 op, 999527387.00 ns, 9.9270 us/op
WorkloadPilot   11: 100736 op, 998515131.00 ns, 9.9122 us/op
WorkloadPilot   12: 100896 op, 1003693952.00 ns, 9.9478 us/op

OverheadWarmup   1: 100896 op, 443719.00 ns, 4.3978 ns/op
OverheadWarmup   2: 100896 op, 443093.00 ns, 4.3916 ns/op
OverheadWarmup   3: 100896 op, 447410.00 ns, 4.4344 ns/op
OverheadWarmup   4: 100896 op, 443179.00 ns, 4.3924 ns/op
OverheadWarmup   5: 100896 op, 447237.00 ns, 4.4327 ns/op
OverheadWarmup   6: 100896 op, 443167.00 ns, 4.3923 ns/op

OverheadActual   1: 100896 op, 443049.00 ns, 4.3911 ns/op
OverheadActual   2: 100896 op, 446489.00 ns, 4.4252 ns/op
OverheadActual   3: 100896 op, 447072.00 ns, 4.4310 ns/op
OverheadActual   4: 100896 op, 443015.00 ns, 4.3908 ns/op
OverheadActual   5: 100896 op, 449950.00 ns, 4.4595 ns/op
OverheadActual   6: 100896 op, 443026.00 ns, 4.3909 ns/op
OverheadActual   7: 100896 op, 446381.00 ns, 4.4242 ns/op
OverheadActual   8: 100896 op, 442919.00 ns, 4.3899 ns/op
OverheadActual   9: 100896 op, 446455.00 ns, 4.4249 ns/op
OverheadActual  10: 100896 op, 442822.00 ns, 4.3889 ns/op
OverheadActual  11: 100896 op, 447123.00 ns, 4.4315 ns/op
OverheadActual  12: 100896 op, 442808.00 ns, 4.3888 ns/op
OverheadActual  13: 100896 op, 442905.00 ns, 4.3897 ns/op
OverheadActual  14: 100896 op, 442822.00 ns, 4.3889 ns/op
OverheadActual  15: 100896 op, 461780.00 ns, 4.5768 ns/op

WorkloadWarmup   1: 100896 op, 1004560311.00 ns, 9.9564 us/op
WorkloadWarmup   2: 100896 op, 1101275770.00 ns, 10.9150 us/op
WorkloadWarmup   3: 100896 op, 1001586295.00 ns, 9.9269 us/op
WorkloadWarmup   4: 100896 op, 999123796.00 ns, 9.9025 us/op
WorkloadWarmup   5: 100896 op, 999542888.00 ns, 9.9067 us/op
WorkloadWarmup   6: 100896 op, 999355454.00 ns, 9.9048 us/op

// BeforeActualRun
WorkloadActual   1: 100896 op, 1021681096.00 ns, 10.1261 us/op
WorkloadActual   2: 100896 op, 1002976156.00 ns, 9.9407 us/op
WorkloadActual   3: 100896 op, 1002549795.00 ns, 9.9365 us/op
WorkloadActual   4: 100896 op, 1002305890.00 ns, 9.9340 us/op
WorkloadActual   5: 100896 op, 1002997950.00 ns, 9.9409 us/op
WorkloadActual   6: 100896 op, 1025362186.00 ns, 10.1626 us/op
WorkloadActual   7: 100896 op, 1003624413.00 ns, 9.9471 us/op
WorkloadActual   8: 100896 op, 1002181319.00 ns, 9.9328 us/op
WorkloadActual   9: 100896 op, 1002792686.00 ns, 9.9389 us/op
WorkloadActual  10: 100896 op, 1002212392.00 ns, 9.9331 us/op
WorkloadActual  11: 100896 op, 1059896103.00 ns, 10.5048 us/op
WorkloadActual  12: 100896 op, 1003240338.00 ns, 9.9433 us/op
WorkloadActual  13: 100896 op, 1002743655.00 ns, 9.9384 us/op
WorkloadActual  14: 100896 op, 1002775756.00 ns, 9.9387 us/op
WorkloadActual  15: 100896 op, 1003392805.00 ns, 9.9448 us/op

// AfterActualRun
WorkloadResult   1: 100896 op, 1021238047.00 ns, 10.1217 us/op
WorkloadResult   2: 100896 op, 1002533107.00 ns, 9.9363 us/op
WorkloadResult   3: 100896 op, 1002106746.00 ns, 9.9321 us/op
WorkloadResult   4: 100896 op, 1001862841.00 ns, 9.9297 us/op
WorkloadResult   5: 100896 op, 1002554901.00 ns, 9.9365 us/op
WorkloadResult   6: 100896 op, 1024919137.00 ns, 10.1582 us/op
WorkloadResult   7: 100896 op, 1003181364.00 ns, 9.9427 us/op
WorkloadResult   8: 100896 op, 1001738270.00 ns, 9.9284 us/op
WorkloadResult   9: 100896 op, 1002349637.00 ns, 9.9345 us/op
WorkloadResult  10: 100896 op, 1001769343.00 ns, 9.9287 us/op
WorkloadResult  11: 100896 op, 1059453054.00 ns, 10.5004 us/op
WorkloadResult  12: 100896 op, 1002797289.00 ns, 9.9389 us/op
WorkloadResult  13: 100896 op, 1002300606.00 ns, 9.9340 us/op
WorkloadResult  14: 100896 op, 1002332707.00 ns, 9.9343 us/op
WorkloadResult  15: 100896 op, 1002949756.00 ns, 9.9404 us/op

// AfterAll
// Benchmark Process 977889 has exited with code 0.

Mean = 10.000 μs, StdErr = 0.040 μs (0.40%), N = 15, StdDev = 0.156 μs
Min = 9.928 μs, Q1 = 9.933 μs, Median = 9.936 μs, Q3 = 9.942 μs, Max = 10.500 μs
IQR = 0.009 μs, LowerFence = 9.920 μs, UpperFence = 9.954 μs
ConfidenceInterval = [9.833 μs; 10.167 μs] (CI 99.9%), Margin = 0.167 μs (1.67% of Mean)
Skewness = 2.24, Kurtosis = 7.15, MValue = 2

// ** Remained 8 (80.0 %) benchmark(s) to run. Estimated finish 2026-05-17 13:28 (0h 6m from now) **
// **************************
// Benchmark: SmokeBenchByte.Newtonsoft_Deser: Energy(OutlierMode=DontRemove, Affinity=00000100, IterationTime=1s)
// *** Execute ***
// Launch: 1 / 1
// Execute: dotnet JsonBench-Energy-1.dll --anonymousPipes 121 122 --benchmarkName JsonBench.Benchmarks.SmokeBenchByte.Newtonsoft_Deser --job Energy --benchmarkId 2 in /home/test/json-energy-bench/JsonBench/bin/Release/net10.0/JsonBench-Energy-1/bin/Release/net10.0
// BeforeAnythingElse

// Benchmark Process Environment Information:
// BenchmarkDotNet v0.15.5-develop (2026-05-17)
// Runtime=.NET 10.0.7 (10.0.7, 10.0.726.21808), X64 RyuJIT x86-64-v3
// GC=Concurrent Workstation
// HardwareIntrinsics=AVX2+BMI1+BMI2+F16C+FMA+LZCNT+MOVBE,AVX,SSE3+SSSE3+SSE4.1+SSE4.2+POPCNT,X86Base+SSE+SSE2,AES+PCLMUL VectorSize=256
// Job: Energy(OutlierMode=DontRemove, Affinity=100, IterationTime=1s)

OverheadJitting  1: 1 op, 240101.00 ns, 240.1010 us/op
WorkloadJitting  1: 1 op, 62206984.00 ns, 62.2070 ms/op

OverheadJitting  2: 16 op, 651059.00 ns, 40.6912 us/op
WorkloadJitting  2: 16 op, 2486603.00 ns, 155.4127 us/op

WorkloadPilot    1: 16 op, 1712523.00 ns, 107.0327 us/op
WorkloadPilot    2: 9344 op, 852152876.00 ns, 91.1979 us/op
WorkloadPilot    3: 10976 op, 1053118959.00 ns, 95.9474 us/op
WorkloadPilot    4: 10432 op, 1093165931.00 ns, 104.7897 us/op
WorkloadPilot    5: 9552 op, 979606565.00 ns, 102.5551 us/op
WorkloadPilot    6: 9760 op, 264382871.00 ns, 27.0884 us/op
WorkloadPilot    7: 36928 op, 764742512.00 ns, 20.7090 us/op
WorkloadPilot    8: 48288 op, 981396137.00 ns, 20.3238 us/op
WorkloadPilot    9: 49216 op, 986069820.00 ns, 20.0356 us/op
WorkloadPilot   10: 49920 op, 991536653.00 ns, 19.8625 us/op
WorkloadPilot   11: 50352 op, 1004192288.00 ns, 19.9434 us/op

OverheadWarmup   1: 50352 op, 208890.00 ns, 4.1486 ns/op
OverheadWarmup   2: 50352 op, 207477.00 ns, 4.1205 ns/op
OverheadWarmup   3: 50352 op, 207677.00 ns, 4.1245 ns/op
OverheadWarmup   4: 50352 op, 208169.00 ns, 4.1343 ns/op
OverheadWarmup   5: 50352 op, 206193.00 ns, 4.0950 ns/op
OverheadWarmup   6: 50352 op, 209023.00 ns, 4.1512 ns/op
OverheadWarmup   7: 50352 op, 206741.00 ns, 4.1059 ns/op

OverheadActual   1: 50352 op, 207888.00 ns, 4.1287 ns/op
OverheadActual   2: 50352 op, 207433.00 ns, 4.1197 ns/op
OverheadActual   3: 50352 op, 205886.00 ns, 4.0889 ns/op
OverheadActual   4: 50352 op, 215588.00 ns, 4.2816 ns/op
OverheadActual   5: 50352 op, 208014.00 ns, 4.1312 ns/op
OverheadActual   6: 50352 op, 207441.00 ns, 4.1198 ns/op
OverheadActual   7: 50352 op, 211746.00 ns, 4.2053 ns/op
OverheadActual   8: 50352 op, 207888.00 ns, 4.1287 ns/op
OverheadActual   9: 50352 op, 208013.00 ns, 4.1312 ns/op
OverheadActual  10: 50352 op, 211278.00 ns, 4.1960 ns/op
OverheadActual  11: 50352 op, 208409.00 ns, 4.1390 ns/op
OverheadActual  12: 50352 op, 208763.00 ns, 4.1461 ns/op
OverheadActual  13: 50352 op, 210686.00 ns, 4.1843 ns/op
OverheadActual  14: 50352 op, 207584.00 ns, 4.1227 ns/op
OverheadActual  15: 50352 op, 208423.00 ns, 4.1393 ns/op

WorkloadWarmup   1: 50352 op, 1004286876.00 ns, 19.9453 us/op
WorkloadWarmup   2: 50352 op, 1049730252.00 ns, 20.8478 us/op
WorkloadWarmup   3: 50352 op, 1050560946.00 ns, 20.8643 us/op
WorkloadWarmup   4: 50352 op, 1001885513.00 ns, 19.8976 us/op
WorkloadWarmup   5: 50352 op, 999957258.00 ns, 19.8593 us/op
WorkloadWarmup   6: 50352 op, 1000662790.00 ns, 19.8733 us/op
WorkloadWarmup   7: 50352 op, 999782457.00 ns, 19.8559 us/op

// BeforeActualRun
WorkloadActual   1: 50352 op, 1024093063.00 ns, 20.3387 us/op
WorkloadActual   2: 50352 op, 1003995587.00 ns, 19.9395 us/op
WorkloadActual   3: 50352 op, 1004037178.00 ns, 19.9404 us/op
WorkloadActual   4: 50352 op, 1004307837.00 ns, 19.9457 us/op
WorkloadActual   5: 50352 op, 1004505483.00 ns, 19.9497 us/op
WorkloadActual   6: 50352 op, 1029196919.00 ns, 20.4400 us/op
WorkloadActual   7: 50352 op, 1004536219.00 ns, 19.9503 us/op
WorkloadActual   8: 50352 op, 1004246996.00 ns, 19.9445 us/op
WorkloadActual   9: 50352 op, 1004570667.00 ns, 19.9510 us/op
WorkloadActual  10: 50352 op, 1041724194.00 ns, 20.6888 us/op
WorkloadActual  11: 50352 op, 1022214428.00 ns, 20.3014 us/op
WorkloadActual  12: 50352 op, 1004026572.00 ns, 19.9402 us/op
WorkloadActual  13: 50352 op, 1004072736.00 ns, 19.9411 us/op
WorkloadActual  14: 50352 op, 1004132946.00 ns, 19.9423 us/op
WorkloadActual  15: 50352 op, 1004522700.00 ns, 19.9500 us/op

// AfterActualRun
WorkloadResult   1: 50352 op, 1023885049.00 ns, 20.3345 us/op
WorkloadResult   2: 50352 op, 1003787573.00 ns, 19.9354 us/op
WorkloadResult   3: 50352 op, 1003829164.00 ns, 19.9362 us/op
WorkloadResult   4: 50352 op, 1004099823.00 ns, 19.9416 us/op
WorkloadResult   5: 50352 op, 1004297469.00 ns, 19.9455 us/op
WorkloadResult   6: 50352 op, 1028988905.00 ns, 20.4359 us/op
WorkloadResult   7: 50352 op, 1004328205.00 ns, 19.9461 us/op
WorkloadResult   8: 50352 op, 1004038982.00 ns, 19.9404 us/op
WorkloadResult   9: 50352 op, 1004362653.00 ns, 19.9468 us/op
WorkloadResult  10: 50352 op, 1041516180.00 ns, 20.6847 us/op
WorkloadResult  11: 50352 op, 1022006414.00 ns, 20.2972 us/op
WorkloadResult  12: 50352 op, 1003818558.00 ns, 19.9360 us/op
WorkloadResult  13: 50352 op, 1003864722.00 ns, 19.9369 us/op
WorkloadResult  14: 50352 op, 1003924932.00 ns, 19.9381 us/op
WorkloadResult  15: 50352 op, 1004314686.00 ns, 19.9459 us/op

// AfterAll
// Benchmark Process 978293 has exited with code 0.

Mean = 20.073 μs, StdErr = 0.062 μs (0.31%), N = 15, StdDev = 0.242 μs
Min = 19.935 μs, Q1 = 19.938 μs, Median = 19.946 μs, Q3 = 20.122 μs, Max = 20.685 μs
IQR = 0.184 μs, LowerFence = 19.661 μs, UpperFence = 20.399 μs
ConfidenceInterval = [19.815 μs; 20.332 μs] (CI 99.9%), Margin = 0.258 μs (1.29% of Mean)
Skewness = 1.32, Kurtosis = 3.28, MValue = 2

// ** Remained 7 (70.0 %) benchmark(s) to run. Estimated finish 2026-05-17 13:28 (0h 5m from now) **
// **************************
// Benchmark: SmokeBenchByte.SpanJson_Deser: Energy(OutlierMode=DontRemove, Affinity=00000100, IterationTime=1s)
// *** Execute ***
// Launch: 1 / 1
// Execute: dotnet JsonBench-Energy-1.dll --anonymousPipes 121 122 --benchmarkName JsonBench.Benchmarks.SmokeBenchByte.SpanJson_Deser --job Energy --benchmarkId 3 in /home/test/json-energy-bench/JsonBench/bin/Release/net10.0/JsonBench-Energy-1/bin/Release/net10.0
// BeforeAnythingElse

// Benchmark Process Environment Information:
// BenchmarkDotNet v0.15.5-develop (2026-05-17)
// Runtime=.NET 10.0.7 (10.0.7, 10.0.726.21808), X64 RyuJIT x86-64-v3
// GC=Concurrent Workstation
// HardwareIntrinsics=AVX2+BMI1+BMI2+F16C+FMA+LZCNT+MOVBE,AVX,SSE3+SSSE3+SSE4.1+SSE4.2+POPCNT,X86Base+SSE+SSE2,AES+PCLMUL VectorSize=256
// Job: Energy(OutlierMode=DontRemove, Affinity=100, IterationTime=1s)

OverheadJitting  1: 1 op, 239040.00 ns, 239.0400 us/op
WorkloadJitting  1: 1 op, 77014312.00 ns, 77.0143 ms/op

WorkloadPilot    1: 4 op, 112492.00 ns, 28.1230 us/op
WorkloadPilot    2: 35558 op, 665107572.00 ns, 18.7049 us/op
WorkloadPilot    3: 53462 op, 1005234305.00 ns, 18.8028 us/op
WorkloadPilot    4: 53184 op, 1246043647.00 ns, 23.4289 us/op
WorkloadPilot    5: 42682 op, 962189843.00 ns, 22.5432 us/op
WorkloadPilot    6: 44359 op, 340472513.00 ns, 7.6754 us/op
WorkloadPilot    7: 130287 op, 1002835991.00 ns, 7.6971 us/op

WorkloadWarmup   1: 130287 op, 987227850.00 ns, 7.5773 us/op
WorkloadWarmup   2: 130287 op, 965989511.00 ns, 7.4143 us/op
WorkloadWarmup   3: 130287 op, 971995729.00 ns, 7.4604 us/op
WorkloadWarmup   4: 130287 op, 965810918.00 ns, 7.4129 us/op
WorkloadWarmup   5: 130287 op, 968040079.00 ns, 7.4301 us/op
WorkloadWarmup   6: 130287 op, 965709050.00 ns, 7.4122 us/op

// BeforeActualRun
WorkloadActual   1: 130287 op, 989656653.00 ns, 7.5960 us/op
WorkloadActual   2: 130287 op, 965723689.00 ns, 7.4123 us/op
WorkloadActual   3: 130287 op, 965693807.00 ns, 7.4121 us/op
WorkloadActual   4: 130287 op, 970233969.00 ns, 7.4469 us/op
WorkloadActual   5: 130287 op, 965609848.00 ns, 7.4114 us/op
WorkloadActual   6: 130287 op, 1009764401.00 ns, 7.7503 us/op
WorkloadActual   7: 130287 op, 973790862.00 ns, 7.4742 us/op
WorkloadActual   8: 130287 op, 965229793.00 ns, 7.4085 us/op
WorkloadActual   9: 130287 op, 961631845.00 ns, 7.3809 us/op
WorkloadActual  10: 130287 op, 961765129.00 ns, 7.3819 us/op
WorkloadActual  11: 130287 op, 983423595.00 ns, 7.5481 us/op
WorkloadActual  12: 130287 op, 966315041.00 ns, 7.4168 us/op
WorkloadActual  13: 130287 op, 961759062.00 ns, 7.3818 us/op
WorkloadActual  14: 130287 op, 961548184.00 ns, 7.3802 us/op
WorkloadActual  15: 130287 op, 961719276.00 ns, 7.3815 us/op

// AfterActualRun
WorkloadResult   1: 130287 op, 989656653.00 ns, 7.5960 us/op
WorkloadResult   2: 130287 op, 965723689.00 ns, 7.4123 us/op
WorkloadResult   3: 130287 op, 965693807.00 ns, 7.4121 us/op
WorkloadResult   4: 130287 op, 970233969.00 ns, 7.4469 us/op
WorkloadResult   5: 130287 op, 965609848.00 ns, 7.4114 us/op
WorkloadResult   6: 130287 op, 1009764401.00 ns, 7.7503 us/op
WorkloadResult   7: 130287 op, 973790862.00 ns, 7.4742 us/op
WorkloadResult   8: 130287 op, 965229793.00 ns, 7.4085 us/op
WorkloadResult   9: 130287 op, 961631845.00 ns, 7.3809 us/op
WorkloadResult  10: 130287 op, 961765129.00 ns, 7.3819 us/op
WorkloadResult  11: 130287 op, 983423595.00 ns, 7.5481 us/op
WorkloadResult  12: 130287 op, 966315041.00 ns, 7.4168 us/op
WorkloadResult  13: 130287 op, 961759062.00 ns, 7.3818 us/op
WorkloadResult  14: 130287 op, 961548184.00 ns, 7.3802 us/op
WorkloadResult  15: 130287 op, 961719276.00 ns, 7.3815 us/op

// AfterAll
// Benchmark Process 978701 has exited with code 0.

Mean = 7.452 μs, StdErr = 0.027 μs (0.36%), N = 15, StdDev = 0.104 μs
Min = 7.380 μs, Q1 = 7.382 μs, Median = 7.412 μs, Q3 = 7.461 μs, Max = 7.750 μs
IQR = 0.079 μs, LowerFence = 7.264 μs, UpperFence = 7.579 μs
ConfidenceInterval = [7.341 μs; 7.564 μs] (CI 99.9%), Margin = 0.112 μs (1.50% of Mean)
Skewness = 1.66, Kurtosis = 4.81, MValue = 2

// ** Remained 6 (60.0 %) benchmark(s) to run. Estimated finish 2026-05-17 13:28 (0h 4m from now) **
// **************************
// Benchmark: SmokeBenchByte.Utf8Json_Deser: Energy(OutlierMode=DontRemove, Affinity=00000100, IterationTime=1s)
// *** Execute ***
// Launch: 1 / 1
// Execute: dotnet JsonBench-Energy-1.dll --anonymousPipes 121 122 --benchmarkName JsonBench.Benchmarks.SmokeBenchByte.Utf8Json_Deser --job Energy --benchmarkId 4 in /home/test/json-energy-bench/JsonBench/bin/Release/net10.0/JsonBench-Energy-1/bin/Release/net10.0
// BeforeAnythingElse

// Benchmark Process Environment Information:
// BenchmarkDotNet v0.15.5-develop (2026-05-17)
// Runtime=.NET 10.0.7 (10.0.7, 10.0.726.21808), X64 RyuJIT x86-64-v3
// GC=Concurrent Workstation
// HardwareIntrinsics=AVX2+BMI1+BMI2+F16C+FMA+LZCNT+MOVBE,AVX,SSE3+SSSE3+SSE4.1+SSE4.2+POPCNT,X86Base+SSE+SSE2,AES+PCLMUL VectorSize=256
// Job: Energy(OutlierMode=DontRemove, Affinity=100, IterationTime=1s)

OverheadJitting  1: 1 op, 238355.00 ns, 238.3550 us/op
WorkloadJitting  1: 1 op, 87610305.00 ns, 87.6103 ms/op

WorkloadPilot    1: 4 op, 286696.00 ns, 71.6740 us/op
WorkloadPilot    2: 13952 op, 684118012.00 ns, 49.0337 us/op
WorkloadPilot    3: 20394 op, 992524027.00 ns, 48.6675 us/op
WorkloadPilot    4: 20548 op, 1188129584.00 ns, 57.8222 us/op
WorkloadPilot    5: 17294 op, 986325837.00 ns, 57.0328 us/op
WorkloadPilot    6: 17534 op, 235368169.00 ns, 13.4235 us/op
WorkloadPilot    7: 74496 op, 862305683.00 ns, 11.5752 us/op
WorkloadPilot    8: 86392 op, 989349659.00 ns, 11.4519 us/op
WorkloadPilot    9: 87322 op, 984396228.00 ns, 11.2732 us/op
WorkloadPilot   10: 88706 op, 996103924.00 ns, 11.2293 us/op
WorkloadPilot   11: 89053 op, 1001580125.00 ns, 11.2470 us/op
WorkloadPilot   12: 88913 op, 1000581984.00 ns, 11.2535 us/op

WorkloadWarmup   1: 88913 op, 997044265.00 ns, 11.2137 us/op
WorkloadWarmup   2: 88913 op, 1021227880.00 ns, 11.4857 us/op
WorkloadWarmup   3: 88913 op, 1000502069.00 ns, 11.2526 us/op
WorkloadWarmup   4: 88913 op, 999444795.00 ns, 11.2407 us/op
WorkloadWarmup   5: 88913 op, 996695780.00 ns, 11.2098 us/op
WorkloadWarmup   6: 88913 op, 997502657.00 ns, 11.2189 us/op
WorkloadWarmup   7: 88913 op, 1021937890.00 ns, 11.4937 us/op
WorkloadWarmup   8: 88913 op, 1020683472.00 ns, 11.4796 us/op

// BeforeActualRun
WorkloadActual   1: 88913 op, 997562277.00 ns, 11.2195 us/op
WorkloadActual   2: 88913 op, 999025849.00 ns, 11.2360 us/op
WorkloadActual   3: 88913 op, 998805689.00 ns, 11.2335 us/op
WorkloadActual   4: 88913 op, 1025577755.00 ns, 11.5346 us/op
WorkloadActual   5: 88913 op, 998705250.00 ns, 11.2324 us/op
WorkloadActual   6: 88913 op, 996052562.00 ns, 11.2026 us/op
WorkloadActual   7: 88913 op, 996292320.00 ns, 11.2052 us/op
WorkloadActual   8: 88913 op, 996263250.00 ns, 11.2049 us/op
WorkloadActual   9: 88913 op, 1009851692.00 ns, 11.3578 us/op
WorkloadActual  10: 88913 op, 996579148.00 ns, 11.2085 us/op
WorkloadActual  11: 88913 op, 1003967811.00 ns, 11.2916 us/op
WorkloadActual  12: 88913 op, 996135425.00 ns, 11.2035 us/op
WorkloadActual  13: 88913 op, 995889841.00 ns, 11.2007 us/op
WorkloadActual  14: 88913 op, 1052586312.00 ns, 11.8384 us/op
WorkloadActual  15: 88913 op, 1010784207.00 ns, 11.3682 us/op

// AfterActualRun
WorkloadResult   1: 88913 op, 997562277.00 ns, 11.2195 us/op
WorkloadResult   2: 88913 op, 999025849.00 ns, 11.2360 us/op
WorkloadResult   3: 88913 op, 998805689.00 ns, 11.2335 us/op
WorkloadResult   4: 88913 op, 1025577755.00 ns, 11.5346 us/op
WorkloadResult   5: 88913 op, 998705250.00 ns, 11.2324 us/op
WorkloadResult   6: 88913 op, 996052562.00 ns, 11.2026 us/op
WorkloadResult   7: 88913 op, 996292320.00 ns, 11.2052 us/op
WorkloadResult   8: 88913 op, 996263250.00 ns, 11.2049 us/op
WorkloadResult   9: 88913 op, 1009851692.00 ns, 11.3578 us/op
WorkloadResult  10: 88913 op, 996579148.00 ns, 11.2085 us/op
WorkloadResult  11: 88913 op, 1003967811.00 ns, 11.2916 us/op
WorkloadResult  12: 88913 op, 996135425.00 ns, 11.2035 us/op
WorkloadResult  13: 88913 op, 995889841.00 ns, 11.2007 us/op
WorkloadResult  14: 88913 op, 1052586312.00 ns, 11.8384 us/op
WorkloadResult  15: 88913 op, 1010784207.00 ns, 11.3682 us/op

// AfterAll
// Benchmark Process 979103 has exited with code 0.

Mean = 11.302 μs, StdErr = 0.045 μs (0.40%), N = 15, StdDev = 0.175 μs
Min = 11.201 μs, Q1 = 11.205 μs, Median = 11.232 μs, Q3 = 11.325 μs, Max = 11.838 μs
IQR = 0.120 μs, LowerFence = 11.026 μs, UpperFence = 11.504 μs
ConfidenceInterval = [11.116 μs; 11.489 μs] (CI 99.9%), Margin = 0.187 μs (1.65% of Mean)
Skewness = 1.99, Kurtosis = 6.15, MValue = 2

// ** Remained 5 (50.0 %) benchmark(s) to run. Estimated finish 2026-05-17 13:28 (0h 3m from now) **
// **************************
// Benchmark: SmokeBenchByte.STJRefGen_Ser: Energy(OutlierMode=DontRemove, Affinity=00000100, IterationTime=1s)
// *** Execute ***
// Launch: 1 / 1
// Execute: dotnet JsonBench-Energy-1.dll --anonymousPipes 121 122 --benchmarkName JsonBench.Benchmarks.SmokeBenchByte.STJRefGen_Ser --job Energy --benchmarkId 5 in /home/test/json-energy-bench/JsonBench/bin/Release/net10.0/JsonBench-Energy-1/bin/Release/net10.0
// BeforeAnythingElse

// Benchmark Process Environment Information:
// BenchmarkDotNet v0.15.5-develop (2026-05-17)
// Runtime=.NET 10.0.7 (10.0.7, 10.0.726.21808), X64 RyuJIT x86-64-v3
// GC=Concurrent Workstation
// HardwareIntrinsics=AVX2+BMI1+BMI2+F16C+FMA+LZCNT+MOVBE,AVX,SSE3+SSSE3+SSE4.1+SSE4.2+POPCNT,X86Base+SSE+SSE2,AES+PCLMUL VectorSize=256
// Job: Energy(OutlierMode=DontRemove, Affinity=100, IterationTime=1s)

OverheadJitting  1: 1 op, 236838.00 ns, 236.8380 us/op
WorkloadJitting  1: 1 op, 3936920.00 ns, 3.9369 ms/op

OverheadJitting  2: 16 op, 633012.00 ns, 39.5633 us/op
WorkloadJitting  2: 16 op, 990091.00 ns, 61.8807 us/op

WorkloadPilot    1: 16 op, 296073.00 ns, 18.5046 us/op
WorkloadPilot    2: 54048 op, 830451128.00 ns, 15.3651 us/op
WorkloadPilot    3: 65088 op, 1026375167.00 ns, 15.7690 us/op
WorkloadPilot    4: 63424 op, 1617295167.00 ns, 25.4997 us/op
WorkloadPilot    5: 39216 op, 661998510.00 ns, 16.8808 us/op
WorkloadPilot    6: 59248 op, 297052672.00 ns, 5.0137 us/op
WorkloadPilot    7: 199456 op, 984239725.00 ns, 4.9346 us/op
WorkloadPilot    8: 202656 op, 991062645.00 ns, 4.8904 us/op
WorkloadPilot    9: 204496 op, 981213208.00 ns, 4.7982 us/op
WorkloadPilot   10: 208416 op, 999999124.00 ns, 4.7981 us/op

OverheadWarmup   1: 208416 op, 918283.00 ns, 4.4060 ns/op
OverheadWarmup   2: 208416 op, 920953.00 ns, 4.4188 ns/op
OverheadWarmup   3: 208416 op, 917104.00 ns, 4.4004 ns/op
OverheadWarmup   4: 208416 op, 918394.00 ns, 4.4065 ns/op
OverheadWarmup   5: 208416 op, 917117.00 ns, 4.4004 ns/op

OverheadActual   1: 208416 op, 918009.00 ns, 4.4047 ns/op
OverheadActual   2: 208416 op, 918110.00 ns, 4.4052 ns/op
OverheadActual   3: 208416 op, 918303.00 ns, 4.4061 ns/op
OverheadActual   4: 208416 op, 917382.00 ns, 4.4017 ns/op
OverheadActual   5: 208416 op, 918243.00 ns, 4.4058 ns/op
OverheadActual   6: 208416 op, 917513.00 ns, 4.4023 ns/op
OverheadActual   7: 208416 op, 917806.00 ns, 4.4037 ns/op
OverheadActual   8: 208416 op, 918089.00 ns, 4.4051 ns/op
OverheadActual   9: 208416 op, 918161.00 ns, 4.4054 ns/op
OverheadActual  10: 208416 op, 920548.00 ns, 4.4169 ns/op
OverheadActual  11: 208416 op, 916657.00 ns, 4.3982 ns/op
OverheadActual  12: 208416 op, 916486.00 ns, 4.3974 ns/op
OverheadActual  13: 208416 op, 920958.00 ns, 4.4188 ns/op
OverheadActual  14: 208416 op, 918130.00 ns, 4.4053 ns/op
OverheadActual  15: 208416 op, 921122.00 ns, 4.4196 ns/op

WorkloadWarmup   1: 208416 op, 1003937468.00 ns, 4.8170 us/op
WorkloadWarmup   2: 208416 op, 1052308617.00 ns, 5.0491 us/op
WorkloadWarmup   3: 208416 op, 1035980344.00 ns, 4.9707 us/op
WorkloadWarmup   4: 208416 op, 1008575744.00 ns, 4.8392 us/op
WorkloadWarmup   5: 208416 op, 999550595.00 ns, 4.7959 us/op
WorkloadWarmup   6: 208416 op, 999769913.00 ns, 4.7970 us/op
WorkloadWarmup   7: 208416 op, 1000030718.00 ns, 4.7982 us/op
WorkloadWarmup   8: 208416 op, 1004656880.00 ns, 4.8204 us/op
WorkloadWarmup   9: 208416 op, 1011702107.00 ns, 4.8542 us/op
WorkloadWarmup  10: 208416 op, 1003833941.00 ns, 4.8165 us/op

// BeforeActualRun
WorkloadActual   1: 208416 op, 1001584437.00 ns, 4.8057 us/op
WorkloadActual   2: 208416 op, 1003373138.00 ns, 4.8143 us/op
WorkloadActual   3: 208416 op, 1005207738.00 ns, 4.8231 us/op
WorkloadActual   4: 208416 op, 1022542643.00 ns, 4.9063 us/op
WorkloadActual   5: 208416 op, 999951731.00 ns, 4.7979 us/op
WorkloadActual   6: 208416 op, 999759114.00 ns, 4.7969 us/op
WorkloadActual   7: 208416 op, 1036442357.00 ns, 4.9730 us/op
WorkloadActual   8: 208416 op, 1000033205.00 ns, 4.7983 us/op
WorkloadActual   9: 208416 op, 1017886798.00 ns, 4.8839 us/op
WorkloadActual  10: 208416 op, 999891165.00 ns, 4.7976 us/op
WorkloadActual  11: 208416 op, 999811608.00 ns, 4.7972 us/op
WorkloadActual  12: 208416 op, 999693051.00 ns, 4.7966 us/op
WorkloadActual  13: 208416 op, 1001918104.00 ns, 4.8073 us/op
WorkloadActual  14: 208416 op, 1021131646.00 ns, 4.8995 us/op
WorkloadActual  15: 208416 op, 998859477.00 ns, 4.7926 us/op

// AfterActualRun
WorkloadResult   1: 208416 op, 1000666327.00 ns, 4.8013 us/op
WorkloadResult   2: 208416 op, 1002455028.00 ns, 4.8099 us/op
WorkloadResult   3: 208416 op, 1004289628.00 ns, 4.8187 us/op
WorkloadResult   4: 208416 op, 1021624533.00 ns, 4.9019 us/op
WorkloadResult   5: 208416 op, 999033621.00 ns, 4.7935 us/op
WorkloadResult   6: 208416 op, 998841004.00 ns, 4.7925 us/op
WorkloadResult   7: 208416 op, 1035524247.00 ns, 4.9685 us/op
WorkloadResult   8: 208416 op, 999115095.00 ns, 4.7939 us/op
WorkloadResult   9: 208416 op, 1016968688.00 ns, 4.8795 us/op
WorkloadResult  10: 208416 op, 998973055.00 ns, 4.7932 us/op
WorkloadResult  11: 208416 op, 998893498.00 ns, 4.7928 us/op
WorkloadResult  12: 208416 op, 998774941.00 ns, 4.7922 us/op
WorkloadResult  13: 208416 op, 1000999994.00 ns, 4.8029 us/op
WorkloadResult  14: 208416 op, 1020213536.00 ns, 4.8951 us/op
WorkloadResult  15: 208416 op, 997941367.00 ns, 4.7882 us/op

// AfterAll
// Benchmark Process 979507 has exited with code 0.

Mean = 4.828 μs, StdErr = 0.014 μs (0.30%), N = 15, StdDev = 0.055 μs
Min = 4.788 μs, Q1 = 4.793 μs, Median = 4.801 μs, Q3 = 4.849 μs, Max = 4.969 μs
IQR = 0.056 μs, LowerFence = 4.709 μs, UpperFence = 4.933 μs
ConfidenceInterval = [4.769 μs; 4.888 μs] (CI 99.9%), Margin = 0.059 μs (1.23% of Mean)
Skewness = 1.26, Kurtosis = 3.22, MValue = 2

// ** Remained 4 (40.0 %) benchmark(s) to run. Estimated finish 2026-05-17 13:28 (0h 2m from now) **
// **************************
// Benchmark: SmokeBenchByte.STJSrcGen_Ser: Energy(OutlierMode=DontRemove, Affinity=00000100, IterationTime=1s)
// *** Execute ***
// Launch: 1 / 1
// Execute: dotnet JsonBench-Energy-1.dll --anonymousPipes 121 122 --benchmarkName JsonBench.Benchmarks.SmokeBenchByte.STJSrcGen_Ser --job Energy --benchmarkId 6 in /home/test/json-energy-bench/JsonBench/bin/Release/net10.0/JsonBench-Energy-1/bin/Release/net10.0
// BeforeAnythingElse

// Benchmark Process Environment Information:
// BenchmarkDotNet v0.15.5-develop (2026-05-17)
// Runtime=.NET 10.0.7 (10.0.7, 10.0.726.21808), X64 RyuJIT x86-64-v3
// GC=Concurrent Workstation
// HardwareIntrinsics=AVX2+BMI1+BMI2+F16C+FMA+LZCNT+MOVBE,AVX,SSE3+SSSE3+SSE4.1+SSE4.2+POPCNT,X86Base+SSE+SSE2,AES+PCLMUL VectorSize=256
// Job: Energy(OutlierMode=DontRemove, Affinity=100, IterationTime=1s)

OverheadJitting  1: 1 op, 234647.00 ns, 234.6470 us/op
WorkloadJitting  1: 1 op, 11816850.00 ns, 11.8169 ms/op

OverheadJitting  2: 16 op, 629920.00 ns, 39.3700 us/op
WorkloadJitting  2: 16 op, 919651.00 ns, 57.4782 us/op

WorkloadPilot    1: 16 op, 222601.00 ns, 13.9126 us/op
WorkloadPilot    2: 71888 op, 791847815.00 ns, 11.0150 us/op
WorkloadPilot    3: 90800 op, 1009708100.00 ns, 11.1201 us/op
WorkloadPilot    4: 89936 op, 1266692765.00 ns, 14.0844 us/op
WorkloadPilot    5: 71008 op, 265897309.00 ns, 3.7446 us/op
WorkloadPilot    6: 267056 op, 994732473.00 ns, 3.7248 us/op
WorkloadPilot    7: 268480 op, 1007932456.00 ns, 3.7542 us/op

OverheadWarmup   1: 268480 op, 1119900.00 ns, 4.1713 ns/op
OverheadWarmup   2: 268480 op, 1119775.00 ns, 4.1708 ns/op
OverheadWarmup   3: 268480 op, 1118327.00 ns, 4.1654 ns/op
OverheadWarmup   4: 268480 op, 1117992.00 ns, 4.1642 ns/op
OverheadWarmup   5: 268480 op, 1125159.00 ns, 4.1908 ns/op
OverheadWarmup   6: 268480 op, 1114851.00 ns, 4.1525 ns/op
OverheadWarmup   7: 268480 op, 1121350.00 ns, 4.1767 ns/op
OverheadWarmup   8: 268480 op, 1114637.00 ns, 4.1517 ns/op

OverheadActual   1: 268480 op, 1120680.00 ns, 4.1742 ns/op
OverheadActual   2: 268480 op, 1116020.00 ns, 4.1568 ns/op
OverheadActual   3: 268480 op, 1119066.00 ns, 4.1682 ns/op
OverheadActual   4: 268480 op, 1124687.00 ns, 4.1891 ns/op
OverheadActual   5: 268480 op, 1115347.00 ns, 4.1543 ns/op
OverheadActual   6: 268480 op, 1117323.00 ns, 4.1617 ns/op
OverheadActual   7: 268480 op, 1117547.00 ns, 4.1625 ns/op
OverheadActual   8: 268480 op, 1117812.00 ns, 4.1635 ns/op
OverheadActual   9: 268480 op, 1116703.00 ns, 4.1594 ns/op
OverheadActual  10: 268480 op, 1114774.00 ns, 4.1522 ns/op
OverheadActual  11: 268480 op, 1116322.00 ns, 4.1579 ns/op
OverheadActual  12: 268480 op, 1125605.00 ns, 4.1925 ns/op
OverheadActual  13: 268480 op, 1118961.00 ns, 4.1678 ns/op
OverheadActual  14: 268480 op, 1114456.00 ns, 4.1510 ns/op
OverheadActual  15: 268480 op, 1116416.00 ns, 4.1583 ns/op

WorkloadWarmup   1: 268480 op, 997356112.00 ns, 3.7148 us/op
WorkloadWarmup   2: 268480 op, 1015548474.00 ns, 3.7826 us/op
WorkloadWarmup   3: 268480 op, 984498283.00 ns, 3.6669 us/op
WorkloadWarmup   4: 268480 op, 988170164.00 ns, 3.6806 us/op
WorkloadWarmup   5: 268480 op, 973260226.00 ns, 3.6251 us/op
WorkloadWarmup   6: 268480 op, 980785917.00 ns, 3.6531 us/op

// BeforeActualRun
WorkloadActual   1: 268480 op, 991697390.00 ns, 3.6937 us/op
WorkloadActual   2: 268480 op, 979878015.00 ns, 3.6497 us/op
WorkloadActual   3: 268480 op, 976855139.00 ns, 3.6385 us/op
WorkloadActual   4: 268480 op, 984617342.00 ns, 3.6674 us/op
WorkloadActual   5: 268480 op, 977191431.00 ns, 3.6397 us/op
WorkloadActual   6: 268480 op, 998804768.00 ns, 3.7202 us/op
WorkloadActual   7: 268480 op, 973107607.00 ns, 3.6245 us/op
WorkloadActual   8: 268480 op, 973419106.00 ns, 3.6257 us/op
WorkloadActual   9: 268480 op, 973438486.00 ns, 3.6257 us/op
WorkloadActual  10: 268480 op, 973262720.00 ns, 3.6251 us/op
WorkloadActual  11: 268480 op, 1031153427.00 ns, 3.8407 us/op
WorkloadActual  12: 268480 op, 973554346.00 ns, 3.6262 us/op
WorkloadActual  13: 268480 op, 975870161.00 ns, 3.6348 us/op
WorkloadActual  14: 268480 op, 973412947.00 ns, 3.6256 us/op
WorkloadActual  15: 268480 op, 973397331.00 ns, 3.6256 us/op

// AfterActualRun
WorkloadResult   1: 268480 op, 990580067.00 ns, 3.6896 us/op
WorkloadResult   2: 268480 op, 978760692.00 ns, 3.6456 us/op
WorkloadResult   3: 268480 op, 975737816.00 ns, 3.6343 us/op
WorkloadResult   4: 268480 op, 983500019.00 ns, 3.6632 us/op
WorkloadResult   5: 268480 op, 976074108.00 ns, 3.6356 us/op
WorkloadResult   6: 268480 op, 997687445.00 ns, 3.7161 us/op
WorkloadResult   7: 268480 op, 971990284.00 ns, 3.6203 us/op
WorkloadResult   8: 268480 op, 972301783.00 ns, 3.6215 us/op
WorkloadResult   9: 268480 op, 972321163.00 ns, 3.6216 us/op
WorkloadResult  10: 268480 op, 972145397.00 ns, 3.6209 us/op
WorkloadResult  11: 268480 op, 1030036104.00 ns, 3.8365 us/op
WorkloadResult  12: 268480 op, 972437023.00 ns, 3.6220 us/op
WorkloadResult  13: 268480 op, 974752838.00 ns, 3.6306 us/op
WorkloadResult  14: 268480 op, 972295624.00 ns, 3.6215 us/op
WorkloadResult  15: 268480 op, 972280008.00 ns, 3.6214 us/op

// AfterAll
// Benchmark Process 979916 has exited with code 0.

Mean = 3.653 μs, StdErr = 0.015 μs (0.41%), N = 15, StdDev = 0.058 μs
Min = 3.620 μs, Q1 = 3.621 μs, Median = 3.631 μs, Q3 = 3.654 μs, Max = 3.837 μs
IQR = 0.033 μs, LowerFence = 3.572 μs, UpperFence = 3.704 μs
ConfidenceInterval = [3.591 μs; 3.716 μs] (CI 99.9%), Margin = 0.062 μs (1.70% of Mean)
Skewness = 2.1, Kurtosis = 6.71, MValue = 2

// ** Remained 3 (30.0 %) benchmark(s) to run. Estimated finish 2026-05-17 13:28 (0h 2m from now) **
// **************************
// Benchmark: SmokeBenchByte.Newtonsoft_Ser: Energy(OutlierMode=DontRemove, Affinity=00000100, IterationTime=1s)
// *** Execute ***
// Launch: 1 / 1
// Execute: dotnet JsonBench-Energy-1.dll --anonymousPipes 121 122 --benchmarkName JsonBench.Benchmarks.SmokeBenchByte.Newtonsoft_Ser --job Energy --benchmarkId 7 in /home/test/json-energy-bench/JsonBench/bin/Release/net10.0/JsonBench-Energy-1/bin/Release/net10.0
// BeforeAnythingElse

// Benchmark Process Environment Information:
// BenchmarkDotNet v0.15.5-develop (2026-05-17)
// Runtime=.NET 10.0.7 (10.0.7, 10.0.726.21808), X64 RyuJIT x86-64-v3
// GC=Concurrent Workstation
// HardwareIntrinsics=AVX2+BMI1+BMI2+F16C+FMA+LZCNT+MOVBE,AVX,SSE3+SSSE3+SSE4.1+SSE4.2+POPCNT,X86Base+SSE+SSE2,AES+PCLMUL VectorSize=256
// Job: Energy(OutlierMode=DontRemove, Affinity=100, IterationTime=1s)

OverheadJitting  1: 1 op, 233783.00 ns, 233.7830 us/op
WorkloadJitting  1: 1 op, 59253186.00 ns, 59.2532 ms/op

OverheadJitting  2: 16 op, 634801.00 ns, 39.6751 us/op
WorkloadJitting  2: 16 op, 1827754.00 ns, 114.2346 us/op

WorkloadPilot    1: 16 op, 1032247.00 ns, 64.5154 us/op
WorkloadPilot    2: 15504 op, 849776848.00 ns, 54.8102 us/op
WorkloadPilot    3: 18256 op, 1094639467.00 ns, 59.9605 us/op
WorkloadPilot    4: 16688 op, 1588919936.00 ns, 95.2133 us/op
WorkloadPilot    5: 10512 op, 525216242.00 ns, 49.9635 us/op
WorkloadPilot    6: 20016 op, 250834266.00 ns, 12.5317 us/op
WorkloadPilot    7: 79808 op, 991833360.00 ns, 12.4277 us/op
WorkloadPilot    8: 80480 op, 983883982.00 ns, 12.2252 us/op
WorkloadPilot    9: 81808 op, 966395114.00 ns, 11.8130 us/op
WorkloadPilot   10: 84656 op, 1000365678.00 ns, 11.8168 us/op

OverheadWarmup   1: 84656 op, 357499.00 ns, 4.2230 ns/op
OverheadWarmup   2: 84656 op, 353702.00 ns, 4.1781 ns/op
OverheadWarmup   3: 84656 op, 355374.00 ns, 4.1979 ns/op
OverheadWarmup   4: 84656 op, 355654.00 ns, 4.2012 ns/op
OverheadWarmup   5: 84656 op, 350720.00 ns, 4.1429 ns/op
OverheadWarmup   6: 84656 op, 358404.00 ns, 4.2337 ns/op
OverheadWarmup   7: 84656 op, 351176.00 ns, 4.1483 ns/op

OverheadActual   1: 84656 op, 352726.00 ns, 4.1666 ns/op
OverheadActual   2: 84656 op, 350077.00 ns, 4.1353 ns/op
OverheadActual   3: 84656 op, 354385.00 ns, 4.1862 ns/op
OverheadActual   4: 84656 op, 360557.00 ns, 4.2591 ns/op
OverheadActual   5: 84656 op, 353107.00 ns, 4.1711 ns/op
OverheadActual   6: 84656 op, 353675.00 ns, 4.1778 ns/op
OverheadActual   7: 84656 op, 355869.00 ns, 4.2037 ns/op
OverheadActual   8: 84656 op, 350555.00 ns, 4.1409 ns/op
OverheadActual   9: 84656 op, 356579.00 ns, 4.2121 ns/op
OverheadActual  10: 84656 op, 349723.00 ns, 4.1311 ns/op
OverheadActual  11: 84656 op, 350733.00 ns, 4.1430 ns/op
OverheadActual  12: 84656 op, 350271.00 ns, 4.1376 ns/op
OverheadActual  13: 84656 op, 351302.00 ns, 4.1498 ns/op
OverheadActual  14: 84656 op, 350653.00 ns, 4.1421 ns/op
OverheadActual  15: 84656 op, 356335.00 ns, 4.2092 ns/op

WorkloadWarmup   1: 84656 op, 1006387380.00 ns, 11.8880 us/op
WorkloadWarmup   2: 84656 op, 1054650165.00 ns, 12.4581 us/op
WorkloadWarmup   3: 84656 op, 1045937455.00 ns, 12.3551 us/op
WorkloadWarmup   4: 84656 op, 1018037135.00 ns, 12.0256 us/op
WorkloadWarmup   5: 84656 op, 1004311875.00 ns, 11.8634 us/op
WorkloadWarmup   6: 84656 op, 1003835038.00 ns, 11.8578 us/op
WorkloadWarmup   7: 84656 op, 1003096868.00 ns, 11.8491 us/op
WorkloadWarmup   8: 84656 op, 1012243505.00 ns, 11.9571 us/op
WorkloadWarmup   9: 84656 op, 1021870624.00 ns, 12.0709 us/op
WorkloadWarmup  10: 84656 op, 1003784548.00 ns, 11.8572 us/op

// BeforeActualRun
WorkloadActual   1: 84656 op, 1008124520.00 ns, 11.9085 us/op
WorkloadActual   2: 84656 op, 1008201292.00 ns, 11.9094 us/op
WorkloadActual   3: 84656 op, 1012559789.00 ns, 11.9609 us/op
WorkloadActual   4: 84656 op, 1042537459.00 ns, 12.3150 us/op
WorkloadActual   5: 84656 op, 1008526726.00 ns, 11.9132 us/op
WorkloadActual   6: 84656 op, 1009103635.00 ns, 11.9200 us/op
WorkloadActual   7: 84656 op, 1044585362.00 ns, 12.3392 us/op
WorkloadActual   8: 84656 op, 1008208802.00 ns, 11.9095 us/op
WorkloadActual   9: 84656 op, 1035450807.00 ns, 12.2313 us/op
WorkloadActual  10: 84656 op, 1008522655.00 ns, 11.9132 us/op
WorkloadActual  11: 84656 op, 1008627316.00 ns, 11.9144 us/op
WorkloadActual  12: 84656 op, 1008609470.00 ns, 11.9142 us/op
WorkloadActual  13: 84656 op, 1012238581.00 ns, 11.9571 us/op
WorkloadActual  14: 84656 op, 1033058323.00 ns, 12.2030 us/op
WorkloadActual  15: 84656 op, 1003802257.00 ns, 11.8574 us/op

// AfterActualRun
WorkloadResult   1: 84656 op, 1007771794.00 ns, 11.9043 us/op
WorkloadResult   2: 84656 op, 1007848566.00 ns, 11.9052 us/op
WorkloadResult   3: 84656 op, 1012207063.00 ns, 11.9567 us/op
WorkloadResult   4: 84656 op, 1042184733.00 ns, 12.3108 us/op
WorkloadResult   5: 84656 op, 1008174000.00 ns, 11.9091 us/op
WorkloadResult   6: 84656 op, 1008750909.00 ns, 11.9159 us/op
WorkloadResult   7: 84656 op, 1044232636.00 ns, 12.3350 us/op
WorkloadResult   8: 84656 op, 1007856076.00 ns, 11.9053 us/op
WorkloadResult   9: 84656 op, 1035098081.00 ns, 12.2271 us/op
WorkloadResult  10: 84656 op, 1008169929.00 ns, 11.9090 us/op
WorkloadResult  11: 84656 op, 1008274590.00 ns, 11.9103 us/op
WorkloadResult  12: 84656 op, 1008256744.00 ns, 11.9100 us/op
WorkloadResult  13: 84656 op, 1011885855.00 ns, 11.9529 us/op
WorkloadResult  14: 84656 op, 1032705597.00 ns, 12.1988 us/op
WorkloadResult  15: 84656 op, 1003449531.00 ns, 11.8533 us/op

// AfterAll
// Benchmark Process 980320 has exited with code 0.

Mean = 12.007 μs, StdErr = 0.043 μs (0.36%), N = 15, StdDev = 0.167 μs
Min = 11.853 μs, Q1 = 11.907 μs, Median = 11.910 μs, Q3 = 12.078 μs, Max = 12.335 μs
IQR = 0.171 μs, LowerFence = 11.651 μs, UpperFence = 12.334 μs
ConfidenceInterval = [11.828 μs; 12.186 μs] (CI 99.9%), Margin = 0.179 μs (1.49% of Mean)
Skewness = 0.99, Kurtosis = 2.14, MValue = 2

// ** Remained 2 (20.0 %) benchmark(s) to run. Estimated finish 2026-05-17 13:28 (0h 1m from now) **
// **************************
// Benchmark: SmokeBenchByte.SpanJson_Ser: Energy(OutlierMode=DontRemove, Affinity=00000100, IterationTime=1s)
// *** Execute ***
// Launch: 1 / 1
// Execute: dotnet JsonBench-Energy-1.dll --anonymousPipes 121 122 --benchmarkName JsonBench.Benchmarks.SmokeBenchByte.SpanJson_Ser --job Energy --benchmarkId 8 in /home/test/json-energy-bench/JsonBench/bin/Release/net10.0/JsonBench-Energy-1/bin/Release/net10.0
// BeforeAnythingElse

// Benchmark Process Environment Information:
// BenchmarkDotNet v0.15.5-develop (2026-05-17)
// Runtime=.NET 10.0.7 (10.0.7, 10.0.726.21808), X64 RyuJIT x86-64-v3
// GC=Concurrent Workstation
// HardwareIntrinsics=AVX2+BMI1+BMI2+F16C+FMA+LZCNT+MOVBE,AVX,SSE3+SSSE3+SSE4.1+SSE4.2+POPCNT,X86Base+SSE+SSE2,AES+PCLMUL VectorSize=256
// Job: Energy(OutlierMode=DontRemove, Affinity=100, IterationTime=1s)

OverheadJitting  1: 1 op, 236938.00 ns, 236.9380 us/op
WorkloadJitting  1: 1 op, 77876768.00 ns, 77.8768 ms/op

WorkloadPilot    1: 4 op, 213010.00 ns, 53.2525 us/op
WorkloadPilot    2: 18778 op, 528456255.00 ns, 28.1423 us/op
WorkloadPilot    3: 35534 op, 997488308.00 ns, 28.0714 us/op
WorkloadPilot    4: 35623 op, 464305286.00 ns, 13.0339 us/op
WorkloadPilot    5: 76723 op, 484808844.00 ns, 6.3190 us/op
WorkloadPilot    6: 158254 op, 993389709.00 ns, 6.2772 us/op
WorkloadPilot    7: 159307 op, 998509326.00 ns, 6.2678 us/op
WorkloadPilot    8: 159545 op, 976754615.00 ns, 6.1221 us/op
WorkloadPilot    9: 163342 op, 1013063840.00 ns, 6.2021 us/op
WorkloadPilot   10: 161236 op, 982071257.00 ns, 6.0909 us/op
WorkloadPilot   11: 164180 op, 1015023514.00 ns, 6.1824 us/op
WorkloadPilot   12: 161750 op, 1006913297.00 ns, 6.2251 us/op

WorkloadWarmup   1: 161750 op, 999960380.00 ns, 6.1821 us/op
WorkloadWarmup   2: 161750 op, 1003819937.00 ns, 6.2060 us/op
WorkloadWarmup   3: 161750 op, 994011584.00 ns, 6.1454 us/op
WorkloadWarmup   4: 161750 op, 992472688.00 ns, 6.1358 us/op
WorkloadWarmup   5: 161750 op, 981450261.00 ns, 6.0677 us/op
WorkloadWarmup   6: 161750 op, 986073432.00 ns, 6.0963 us/op
WorkloadWarmup   7: 161750 op, 998506192.00 ns, 6.1731 us/op
WorkloadWarmup   8: 161750 op, 1040701701.00 ns, 6.4340 us/op
WorkloadWarmup   9: 161750 op, 978891170.00 ns, 6.0519 us/op

// BeforeActualRun
WorkloadActual   1: 161750 op, 978713217.00 ns, 6.0508 us/op
WorkloadActual   2: 161750 op, 982449879.00 ns, 6.0739 us/op
WorkloadActual   3: 161750 op, 1010138927.00 ns, 6.2451 us/op
WorkloadActual   4: 161750 op, 1009815405.00 ns, 6.2431 us/op
WorkloadActual   5: 161750 op, 1003191332.00 ns, 6.2021 us/op
WorkloadActual   6: 161750 op, 987394488.00 ns, 6.1044 us/op
WorkloadActual   7: 161750 op, 990480945.00 ns, 6.1235 us/op
WorkloadActual   8: 161750 op, 983589930.00 ns, 6.0809 us/op
WorkloadActual   9: 161750 op, 994307357.00 ns, 6.1472 us/op
WorkloadActual  10: 161750 op, 999639148.00 ns, 6.1801 us/op
WorkloadActual  11: 161750 op, 977400385.00 ns, 6.0427 us/op
WorkloadActual  12: 161750 op, 980810365.00 ns, 6.0637 us/op
WorkloadActual  13: 161750 op, 997029354.00 ns, 6.1640 us/op
WorkloadActual  14: 161750 op, 1038813749.00 ns, 6.4223 us/op
WorkloadActual  15: 161750 op, 975121139.00 ns, 6.0286 us/op

// AfterActualRun
WorkloadResult   1: 161750 op, 978713217.00 ns, 6.0508 us/op
WorkloadResult   2: 161750 op, 982449879.00 ns, 6.0739 us/op
WorkloadResult   3: 161750 op, 1010138927.00 ns, 6.2451 us/op
WorkloadResult   4: 161750 op, 1009815405.00 ns, 6.2431 us/op
WorkloadResult   5: 161750 op, 1003191332.00 ns, 6.2021 us/op
WorkloadResult   6: 161750 op, 987394488.00 ns, 6.1044 us/op
WorkloadResult   7: 161750 op, 990480945.00 ns, 6.1235 us/op
WorkloadResult   8: 161750 op, 983589930.00 ns, 6.0809 us/op
WorkloadResult   9: 161750 op, 994307357.00 ns, 6.1472 us/op
WorkloadResult  10: 161750 op, 999639148.00 ns, 6.1801 us/op
WorkloadResult  11: 161750 op, 977400385.00 ns, 6.0427 us/op
WorkloadResult  12: 161750 op, 980810365.00 ns, 6.0637 us/op
WorkloadResult  13: 161750 op, 997029354.00 ns, 6.1640 us/op
WorkloadResult  14: 161750 op, 1038813749.00 ns, 6.4223 us/op
WorkloadResult  15: 161750 op, 975121139.00 ns, 6.0286 us/op

// AfterAll
// Benchmark Process 980731 has exited with code 0.

Mean = 6.145 μs, StdErr = 0.027 μs (0.44%), N = 15, StdDev = 0.104 μs
Min = 6.029 μs, Q1 = 6.069 μs, Median = 6.124 μs, Q3 = 6.191 μs, Max = 6.422 μs
IQR = 0.122 μs, LowerFence = 5.885 μs, UpperFence = 6.375 μs
ConfidenceInterval = [6.033 μs; 6.256 μs] (CI 99.9%), Margin = 0.111 μs (1.81% of Mean)
Skewness = 1.11, Kurtosis = 3.72, MValue = 2

// ** Remained 1 (10.0 %) benchmark(s) to run. Estimated finish 2026-05-17 13:28 (0h 0m from now) **
// **************************
// Benchmark: SmokeBenchByte.Utf8Json_Ser: Energy(OutlierMode=DontRemove, Affinity=00000100, IterationTime=1s)
// *** Execute ***
// Launch: 1 / 1
// Execute: dotnet JsonBench-Energy-1.dll --anonymousPipes 121 122 --benchmarkName JsonBench.Benchmarks.SmokeBenchByte.Utf8Json_Ser --job Energy --benchmarkId 9 in /home/test/json-energy-bench/JsonBench/bin/Release/net10.0/JsonBench-Energy-1/bin/Release/net10.0
// BeforeAnythingElse

// Benchmark Process Environment Information:
// BenchmarkDotNet v0.15.5-develop (2026-05-17)
// Runtime=.NET 10.0.7 (10.0.7, 10.0.726.21808), X64 RyuJIT x86-64-v3
// GC=Concurrent Workstation
// HardwareIntrinsics=AVX2+BMI1+BMI2+F16C+FMA+LZCNT+MOVBE,AVX,SSE3+SSSE3+SSE4.1+SSE4.2+POPCNT,X86Base+SSE+SSE2,AES+PCLMUL VectorSize=256
// Job: Energy(OutlierMode=DontRemove, Affinity=100, IterationTime=1s)

OverheadJitting  1: 1 op, 236927.00 ns, 236.9270 us/op
WorkloadJitting  1: 1 op, 85358288.00 ns, 85.3583 ms/op

WorkloadPilot    1: 4 op, 166112.00 ns, 41.5280 us/op
WorkloadPilot    2: 24080 op, 826120187.00 ns, 34.3073 us/op
WorkloadPilot    3: 29148 op, 1004229360.00 ns, 34.4528 us/op
WorkloadPilot    4: 29025 op, 209072346.00 ns, 7.2032 us/op
WorkloadPilot    5: 138828 op, 942714974.00 ns, 6.7905 us/op
WorkloadPilot    6: 147264 op, 989799389.00 ns, 6.7213 us/op
WorkloadPilot    7: 148782 op, 1015200384.00 ns, 6.8234 us/op
WorkloadPilot    8: 146554 op, 991079384.00 ns, 6.7626 us/op
WorkloadPilot    9: 147873 op, 982479802.00 ns, 6.6441 us/op
WorkloadPilot   10: 150510 op, 1001606057.00 ns, 6.6547 us/op

WorkloadWarmup   1: 150510 op, 1009685388.00 ns, 6.7084 us/op
WorkloadWarmup   2: 150510 op, 1008415889.00 ns, 6.7000 us/op
WorkloadWarmup   3: 150510 op, 1008747823.00 ns, 6.7022 us/op
WorkloadWarmup   4: 150510 op, 1016001562.00 ns, 6.7504 us/op
WorkloadWarmup   5: 150510 op, 1012292446.00 ns, 6.7257 us/op
WorkloadWarmup   6: 150510 op, 1003777341.00 ns, 6.6692 us/op
WorkloadWarmup   7: 150510 op, 1005769449.00 ns, 6.6824 us/op
WorkloadWarmup   8: 150510 op, 1033609435.00 ns, 6.8674 us/op
WorkloadWarmup   9: 150510 op, 1014477391.00 ns, 6.7403 us/op

// BeforeActualRun
WorkloadActual   1: 150510 op, 1018851235.00 ns, 6.7693 us/op
WorkloadActual   2: 150510 op, 1007484162.00 ns, 6.6938 us/op
WorkloadActual   3: 150510 op, 998606544.00 ns, 6.6348 us/op
WorkloadActual   4: 150510 op, 1020431237.00 ns, 6.7798 us/op
WorkloadActual   5: 150510 op, 1023379797.00 ns, 6.7994 us/op
WorkloadActual   6: 150510 op, 1003443801.00 ns, 6.6670 us/op
WorkloadActual   7: 150510 op, 1005739475.00 ns, 6.6822 us/op
WorkloadActual   8: 150510 op, 1007713662.00 ns, 6.6953 us/op
WorkloadActual   9: 150510 op, 998018298.00 ns, 6.6309 us/op
WorkloadActual  10: 150510 op, 1019321139.00 ns, 6.7724 us/op
WorkloadActual  11: 150510 op, 1003524934.00 ns, 6.6675 us/op
WorkloadActual  12: 150510 op, 998107739.00 ns, 6.6315 us/op
WorkloadActual  13: 150510 op, 1010038917.00 ns, 6.7108 us/op
WorkloadActual  14: 150510 op, 1075496131.00 ns, 7.1457 us/op
WorkloadActual  15: 150510 op, 1015510509.00 ns, 6.7471 us/op
WorkloadActual  16: 150510 op, 1005001953.00 ns, 6.6773 us/op

// AfterActualRun
WorkloadResult   1: 150510 op, 1018851235.00 ns, 6.7693 us/op
WorkloadResult   2: 150510 op, 1007484162.00 ns, 6.6938 us/op
WorkloadResult   3: 150510 op, 998606544.00 ns, 6.6348 us/op
WorkloadResult   4: 150510 op, 1020431237.00 ns, 6.7798 us/op
WorkloadResult   5: 150510 op, 1023379797.00 ns, 6.7994 us/op
WorkloadResult   6: 150510 op, 1003443801.00 ns, 6.6670 us/op
WorkloadResult   7: 150510 op, 1005739475.00 ns, 6.6822 us/op
WorkloadResult   8: 150510 op, 1007713662.00 ns, 6.6953 us/op
WorkloadResult   9: 150510 op, 998018298.00 ns, 6.6309 us/op
WorkloadResult  10: 150510 op, 1019321139.00 ns, 6.7724 us/op
WorkloadResult  11: 150510 op, 1003524934.00 ns, 6.6675 us/op
WorkloadResult  12: 150510 op, 998107739.00 ns, 6.6315 us/op
WorkloadResult  13: 150510 op, 1010038917.00 ns, 6.7108 us/op
WorkloadResult  14: 150510 op, 1075496131.00 ns, 7.1457 us/op
WorkloadResult  15: 150510 op, 1015510509.00 ns, 6.7471 us/op
WorkloadResult  16: 150510 op, 1005001953.00 ns, 6.6773 us/op

// AfterAll
// Benchmark Process 981138 has exited with code 0.

Mean = 6.732 μs, StdErr = 0.031 μs (0.46%), N = 16, StdDev = 0.123 μs
Min = 6.631 μs, Q1 = 6.667 μs, Median = 6.695 μs, Q3 = 6.770 μs, Max = 7.146 μs
IQR = 0.103 μs, LowerFence = 6.513 μs, UpperFence = 6.924 μs
ConfidenceInterval = [6.606 μs; 6.857 μs] (CI 99.9%), Margin = 0.126 μs (1.87% of Mean)
Skewness = 2.26, Kurtosis = 8.05, MValue = 2

// ** Remained 0 (0.0 %) benchmark(s) to run. Estimated finish 2026-05-17 13:28 (0h 0m from now) **
// ***** BenchmarkRunner: Finish  *****

// * Export *
  BenchmarkArtifacts/results/JsonBench.Benchmarks.SmokeBenchByte-report.csv
  BenchmarkArtifacts/results/JsonBench.Benchmarks.SmokeBenchByte-report-github.md
  BenchmarkArtifacts/results/JsonBench.Benchmarks.SmokeBenchByte-report.html
  BenchmarkArtifacts/results/JsonBench.Benchmarks.SmokeBenchByte-measurements.csv

// * Detailed results *
SmokeBenchByte.SpanJson_Deser: Energy(OutlierMode=DontRemove, Affinity=00000100, IterationTime=1s)
Runtime = .NET 10.0.7 (10.0.7, 10.0.726.21808), X64 RyuJIT x86-64-v3; GC = Concurrent Workstation
Mean = 7.452 μs, StdErr = 0.027 μs (0.36%), N = 15, StdDev = 0.104 μs
Min = 7.380 μs, Q1 = 7.382 μs, Median = 7.412 μs, Q3 = 7.461 μs, Max = 7.750 μs
IQR = 0.079 μs, LowerFence = 7.264 μs, UpperFence = 7.579 μs
ConfidenceInterval = [7.341 μs; 7.564 μs] (CI 99.9%), Margin = 0.112 μs (1.50% of Mean)
Skewness = 1.66, Kurtosis = 4.81, MValue = 2
-------------------- Histogram --------------------
[7.353 μs ; 7.648 μs) | @@@@@@@@@@@@@@
[7.648 μs ; 7.806 μs) | @
---------------------------------------------------

SmokeBenchByte.STJSrcGen_Deser: Energy(OutlierMode=DontRemove, Affinity=00000100, IterationTime=1s)
Runtime = .NET 10.0.7 (10.0.7, 10.0.726.21808), X64 RyuJIT x86-64-v3; GC = Concurrent Workstation
Mean = 10.000 μs, StdErr = 0.040 μs (0.40%), N = 15, StdDev = 0.156 μs
Min = 9.928 μs, Q1 = 9.933 μs, Median = 9.936 μs, Q3 = 9.942 μs, Max = 10.500 μs
IQR = 0.009 μs, LowerFence = 9.920 μs, UpperFence = 9.954 μs
ConfidenceInterval = [9.833 μs; 10.167 μs] (CI 99.9%), Margin = 0.167 μs (1.67% of Mean)
Skewness = 2.24, Kurtosis = 7.15, MValue = 2
-------------------- Histogram --------------------
[ 9.845 μs ; 10.241 μs) | @@@@@@@@@@@@@@
[10.241 μs ; 10.584 μs) | @
---------------------------------------------------

SmokeBenchByte.STJRefGen_Deser: Energy(OutlierMode=DontRemove, Affinity=00000100, IterationTime=1s)
Runtime = .NET 10.0.7 (10.0.7, 10.0.726.21808), X64 RyuJIT x86-64-v3; GC = Concurrent Workstation
Mean = 10.192 μs, StdErr = 0.028 μs (0.28%), N = 15, StdDev = 0.109 μs
Min = 10.125 μs, Q1 = 10.129 μs, Median = 10.132 μs, Q3 = 10.230 μs, Max = 10.500 μs
IQR = 0.101 μs, LowerFence = 9.977 μs, UpperFence = 10.382 μs
ConfidenceInterval = [10.075 μs; 10.308 μs] (CI 99.9%), Margin = 0.117 μs (1.14% of Mean)
Skewness = 1.57, Kurtosis = 4.52, MValue = 2
-------------------- Histogram --------------------
[10.067 μs ; 10.558 μs) | @@@@@@@@@@@@@@@
---------------------------------------------------

SmokeBenchByte.Utf8Json_Deser: Energy(OutlierMode=DontRemove, Affinity=00000100, IterationTime=1s)
Runtime = .NET 10.0.7 (10.0.7, 10.0.726.21808), X64 RyuJIT x86-64-v3; GC = Concurrent Workstation
Mean = 11.302 μs, StdErr = 0.045 μs (0.40%), N = 15, StdDev = 0.175 μs
Min = 11.201 μs, Q1 = 11.205 μs, Median = 11.232 μs, Q3 = 11.325 μs, Max = 11.838 μs
IQR = 0.120 μs, LowerFence = 11.026 μs, UpperFence = 11.504 μs
ConfidenceInterval = [11.116 μs; 11.489 μs] (CI 99.9%), Margin = 0.187 μs (1.65% of Mean)
Skewness = 1.99, Kurtosis = 6.15, MValue = 2
-------------------- Histogram --------------------
[11.172 μs ; 11.419 μs) | @@@@@@@@@@@@@
[11.419 μs ; 11.931 μs) | @@
---------------------------------------------------

SmokeBenchByte.Newtonsoft_Deser: Energy(OutlierMode=DontRemove, Affinity=00000100, IterationTime=1s)
Runtime = .NET 10.0.7 (10.0.7, 10.0.726.21808), X64 RyuJIT x86-64-v3; GC = Concurrent Workstation
Mean = 20.073 μs, StdErr = 0.062 μs (0.31%), N = 15, StdDev = 0.242 μs
Min = 19.935 μs, Q1 = 19.938 μs, Median = 19.946 μs, Q3 = 20.122 μs, Max = 20.685 μs
IQR = 0.184 μs, LowerFence = 19.661 μs, UpperFence = 20.399 μs
ConfidenceInterval = [19.815 μs; 20.332 μs] (CI 99.9%), Margin = 0.258 μs (1.29% of Mean)
Skewness = 1.32, Kurtosis = 3.28, MValue = 2
-------------------- Histogram --------------------
[19.807 μs ; 20.813 μs) | @@@@@@@@@@@@@@@
---------------------------------------------------

SmokeBenchByte.STJSrcGen_Ser: Energy(OutlierMode=DontRemove, Affinity=00000100, IterationTime=1s)
Runtime = .NET 10.0.7 (10.0.7, 10.0.726.21808), X64 RyuJIT x86-64-v3; GC = Concurrent Workstation
Mean = 3.653 μs, StdErr = 0.015 μs (0.41%), N = 15, StdDev = 0.058 μs
Min = 3.620 μs, Q1 = 3.621 μs, Median = 3.631 μs, Q3 = 3.654 μs, Max = 3.837 μs
IQR = 0.033 μs, LowerFence = 3.572 μs, UpperFence = 3.704 μs
ConfidenceInterval = [3.591 μs; 3.716 μs] (CI 99.9%), Margin = 0.062 μs (1.70% of Mean)
Skewness = 2.1, Kurtosis = 6.71, MValue = 2
-------------------- Histogram --------------------
[3.605 μs ; 3.740 μs) | @@@@@@@@@@@@@@
[3.740 μs ; 3.867 μs) | @
---------------------------------------------------

SmokeBenchByte.STJRefGen_Ser: Energy(OutlierMode=DontRemove, Affinity=00000100, IterationTime=1s)
Runtime = .NET 10.0.7 (10.0.7, 10.0.726.21808), X64 RyuJIT x86-64-v3; GC = Concurrent Workstation
Mean = 4.828 μs, StdErr = 0.014 μs (0.30%), N = 15, StdDev = 0.055 μs
Min = 4.788 μs, Q1 = 4.793 μs, Median = 4.801 μs, Q3 = 4.849 μs, Max = 4.969 μs
IQR = 0.056 μs, LowerFence = 4.709 μs, UpperFence = 4.933 μs
ConfidenceInterval = [4.769 μs; 4.888 μs] (CI 99.9%), Margin = 0.059 μs (1.23% of Mean)
Skewness = 1.26, Kurtosis = 3.22, MValue = 2
-------------------- Histogram --------------------
[4.759 μs ; 4.998 μs) | @@@@@@@@@@@@@@@
---------------------------------------------------

SmokeBenchByte.SpanJson_Ser: Energy(OutlierMode=DontRemove, Affinity=00000100, IterationTime=1s)
Runtime = .NET 10.0.7 (10.0.7, 10.0.726.21808), X64 RyuJIT x86-64-v3; GC = Concurrent Workstation
Mean = 6.145 μs, StdErr = 0.027 μs (0.44%), N = 15, StdDev = 0.104 μs
Min = 6.029 μs, Q1 = 6.069 μs, Median = 6.124 μs, Q3 = 6.191 μs, Max = 6.422 μs
IQR = 0.122 μs, LowerFence = 5.885 μs, UpperFence = 6.375 μs
ConfidenceInterval = [6.033 μs; 6.256 μs] (CI 99.9%), Margin = 0.111 μs (1.81% of Mean)
Skewness = 1.11, Kurtosis = 3.72, MValue = 2
-------------------- Histogram --------------------
[6.015 μs ; 6.258 μs) | @@@@@@@@@@@@@@
[6.258 μs ; 6.478 μs) | @
---------------------------------------------------

SmokeBenchByte.Utf8Json_Ser: Energy(OutlierMode=DontRemove, Affinity=00000100, IterationTime=1s)
Runtime = .NET 10.0.7 (10.0.7, 10.0.726.21808), X64 RyuJIT x86-64-v3; GC = Concurrent Workstation
Mean = 6.732 μs, StdErr = 0.031 μs (0.46%), N = 16, StdDev = 0.123 μs
Min = 6.631 μs, Q1 = 6.667 μs, Median = 6.695 μs, Q3 = 6.770 μs, Max = 7.146 μs
IQR = 0.103 μs, LowerFence = 6.513 μs, UpperFence = 6.924 μs
ConfidenceInterval = [6.606 μs; 6.857 μs] (CI 99.9%), Margin = 0.126 μs (1.87% of Mean)
Skewness = 2.26, Kurtosis = 8.05, MValue = 2
-------------------- Histogram --------------------
[6.567 μs ; 6.791 μs) | @@@@@@@@@@@@@@
[6.791 μs ; 6.996 μs) | @
[6.996 μs ; 7.210 μs) | @
---------------------------------------------------

SmokeBenchByte.Newtonsoft_Ser: Energy(OutlierMode=DontRemove, Affinity=00000100, IterationTime=1s)
Runtime = .NET 10.0.7 (10.0.7, 10.0.726.21808), X64 RyuJIT x86-64-v3; GC = Concurrent Workstation
Mean = 12.007 μs, StdErr = 0.043 μs (0.36%), N = 15, StdDev = 0.167 μs
Min = 11.853 μs, Q1 = 11.907 μs, Median = 11.910 μs, Q3 = 12.078 μs, Max = 12.335 μs
IQR = 0.171 μs, LowerFence = 11.651 μs, UpperFence = 12.334 μs
ConfidenceInterval = [11.828 μs; 12.186 μs] (CI 99.9%), Margin = 0.179 μs (1.49% of Mean)
Skewness = 0.99, Kurtosis = 2.14, MValue = 2
-------------------- Histogram --------------------
[11.786 μs ; 12.390 μs) | @@@@@@@@@@@@@@@
---------------------------------------------------

// * Summary *

BenchmarkDotNet v0.15.5-develop (2026-05-17), Linux Ubuntu 24.04.4 LTS (Noble Numbat)
Intel Core i9-9900K CPU 3.60GHz (Coffee Lake), 1 CPU, 8 logical and 8 physical cores
.NET SDK 10.0.107
  [Host] : .NET 10.0.7 (10.0.7, 10.0.726.21808), X64 RyuJIT x86-64-v3
  Energy : .NET 10.0.7 (10.0.7, 10.0.726.21808), X64 RyuJIT x86-64-v3

Job=Energy  OutlierMode=DontRemove  Affinity=00000100  
IterationTime=1s  

| Method           | Mean      | Error     | StdDev    | Operations | Iterations | Metrion CPU Energy (uJ/op) | Metrion CPU Energy (uJ/iter) |
|----------------- |----------:|----------:|----------:|-----------:|-----------:|---------------------------:|-----------------------------:|
| SpanJson_Deser   |  7.452 μs | 0.1116 μs | 0.1043 μs |    130,287 |      15.00 |                     124.42 |                  16209883.86 |
| STJSrcGen_Deser  | 10.000 μs | 0.1670 μs | 0.1562 μs |    100,896 |      15.00 |                      99.04 |                   9992491.64 |
| STJRefGen_Deser  | 10.192 μs | 0.1167 μs | 0.1091 μs |     98,992 |      15.00 |                     138.65 |                  13724897.53 |
| Utf8Json_Deser   | 11.302 μs | 0.1868 μs | 0.1747 μs |     88,913 |      15.00 |                     124.72 |                  11088911.22 |
| Newtonsoft_Deser | 20.073 μs | 0.2582 μs | 0.2416 μs |     50,352 |      15.00 |                     283.47 |                  14273369.73 |
|                  |           |           |           |            |            |                            |                              |
| STJSrcGen_Ser    |  3.653 μs | 0.0622 μs | 0.0582 μs |    268,480 |      15.00 |                      40.91 |                  10982355.42 |
| STJRefGen_Ser    |  4.828 μs | 0.0593 μs | 0.0555 μs |    208,416 |      15.00 |                      56.73 |                  11823863.81 |
| SpanJson_Ser     |  6.145 μs | 0.1115 μs | 0.1043 μs |    161,750 |      15.00 |                      96.69 |                  15639653.17 |
| Utf8Json_Ser     |  6.732 μs | 0.1256 μs | 0.1233 μs |    150,510 |      16.00 |                      80.18 |                  12067676.17 |
| Newtonsoft_Ser   | 12.007 μs | 0.1788 μs | 0.1673 μs |     84,656 |      15.00 |                     127.92 |                  10829296.99 |

// * Hints *
Outliers
  SmokeBenchByte.SpanJson_Deser: Energy   -> 2 outliers were detected (7.60 μs, 7.75 μs)
  SmokeBenchByte.STJSrcGen_Deser: Energy  -> 3 outliers were detected (10.13 μs..10.50 μs)
  SmokeBenchByte.STJRefGen_Deser: Energy  -> 1 outlier  was  detected (10.50 μs)
  SmokeBenchByte.Utf8Json_Deser: Energy   -> 2 outliers were detected (11.53 μs, 11.84 μs)
  SmokeBenchByte.Newtonsoft_Deser: Energy -> 2 outliers were detected (20.44 μs, 20.69 μs)
  SmokeBenchByte.STJSrcGen_Ser: Energy    -> 2 outliers were detected (3.72 μs, 3.84 μs)
  SmokeBenchByte.STJRefGen_Ser: Energy    -> 1 outlier  was  detected (4.97 μs)
  SmokeBenchByte.SpanJson_Ser: Energy     -> 1 outlier  was  detected (6.42 μs)
  SmokeBenchByte.Utf8Json_Ser: Energy     -> 1 outlier  was  detected (7.15 μs)
  SmokeBenchByte.Newtonsoft_Ser: Energy   -> 1 outlier  was  detected (12.34 μs)

// * Legends *
  Mean                         : Arithmetic mean of all measurements
  Error                        : Half of 99.9% confidence interval
  StdDev                       : Standard deviation of all measurements
  Operations                   : Actual invocations per measured iteration (from measurements)
  Iterations                   : Number of target iterations
  Metrion CPU Energy (uJ/op)   : Average CPU core energy consumed per benchmark operation (uJ), captured with Metrion.
  Metrion CPU Energy (uJ/iter) : Average CPU core energy consumed per benchmark iteration (uJ), captured with Metrion.
  1 μs                         : 1 Microsecond (0.000001 sec)

// * Diagnostic Output - MetrionEnergyProfiler *
Metrion measured the energy for a total of 10 benchmarks.
The database files for each benchmark were stored in the Artifacts folder. e.g: 
/home/test/json-energy-bench/BenchmarkArtifacts/metrion/JsonBench.Benchmarks.SmokeBenchByte.STJRefGen_Deser-20260517-132146.pid977471.db
The measurements details of Actual Stage for each benchmark:
BenchmarkMethod - StartTimestamp - EndTimestamp - TotalEnergyFromSummary - TotalEnergyFromRawMeasurements
STJRefGen_Deser: 2026-05-17T13:21:17.175560 - 2026-05-17T13:21:32.356935 - 201.41247037025457 - 205.87346294789603
STJSrcGen_Deser: 2026-05-17T13:22:05.723624 - 2026-05-17T13:22:20.899258 - 141.77485848836338 - 149.8873745640954
Newtonsoft_Deser: 2026-05-17T13:22:49.296396 - 2026-05-17T13:23:04.491459 - 207.33771144067674 - 214.10054590794812
SpanJson_Deser: 2026-05-17T13:23:27.875418 - 2026-05-17T13:23:42.482855 - 244.31802846519628 - 243.14825787979947
Utf8Json_Deser: 2026-05-17T13:24:12.580065 - 2026-05-17T13:24:27.712732 - 165.23415042827625 - 166.33366827437754
STJRefGen_Ser: 2026-05-17T13:25:00.451866 - 2026-05-17T13:25:15.589993 - 170.8341806976219 - 177.35795717850246
STJSrcGen_Ser: 2026-05-17T13:25:41.012577 - 2026-05-17T13:25:55.774579 - 149.50065254501797 - 164.7353313018489
Newtonsoft_Ser: 2026-05-17T13:26:26.499126 - 2026-05-17T13:26:41.781217 - 165.09391513674302 - 162.43945483783924
SpanJson_Ser: 2026-05-17T13:27:12.328736 - 2026-05-17T13:27:27.277487 - 224.2870608225503 - 234.59479750261735
Utf8Json_Ser: 2026-05-17T13:27:58.524363 - 2026-05-17T13:28:14.776149 - 183.88729010207166 - 193.08281872064904


// ***** BenchmarkRunner: End *****
Run time: 00:07:25 (445.14 sec), executed benchmarks: 10

Global total time: 00:07:37 (457.64 sec), executed benchmarks: 10
// * Artifacts cleanup *
Artifacts cleanup is finished
